1 iterations :: err = 1
MLMG: Initial rhs               = 370514793.3
MLMG: Initial residual (resid0) = 7655178356
MLMG: Final Iter. 3 resid, resid/resid0 = 0.005479083396, 7.157355638e-13
MLMG: Timers: Solve = 0.061789297 Iter = 0.061617445 Bottom = 0.061320942
2 iterations :: err = 9.280444461e-11
Steady state check : (phi(t) - phi(t-1)).norm0() = 1.076124257e-07
Advanced step 5513 in 0.138545291 seconds
 
MLMG: Initial rhs               = 370514793.8
MLMG: Initial residual (resid0) = 7655178355
MLMG: Final Iter. 3 resid, resid/resid0 = 0.001058757305, 1.383060271e-13
MLMG: Timers: Solve = 0.065814414 Iter = 0.065641709 Bottom = 0.06534598
1 iterations :: err = 1
MLMG: Initial rhs               = 370514793.8
MLMG: Initial residual (resid0) = 7655178355
MLMG: Final Iter. 3 resid, resid/resid0 = 0.001187966313, 1.551846682e-13
MLMG: Timers: Solve = 0.064713756 Iter = 0.064538168 Bottom = 0.064240094
2 iterations :: err = 1.000388866e-10
Steady state check : (phi(t) - phi(t-1)).norm0() = 1.018292067e-07
Advanced step 5514 in 0.145972413 seconds
 
MLMG: Initial rhs               = 370514794.4
MLMG: Initial residual (resid0) = 7655178355
MLMG: Final Iter. 3 resid, resid/resid0 = 0.00243537128, 3.181338392e-13
MLMG: Timers: Solve = 0.062353196 Iter = 0.062179532 Bottom = 0.06188263
1 iterations :: err = 1
MLMG: Initial rhs               = 370514794.4
MLMG: Initial residual (resid0) = 7655178355
MLMG: Final Iter. 3 resid, resid/resid0 = 0.00178023138, 2.325525673e-13
MLMG: Timers: Solve = 0.065446001 Iter = 0.065271255 Bottom = 0.064975283
2 iterations :: err = 5.425955819e-11
Steady state check : (phi(t) - phi(t-1)).norm0() = 9.625315205e-08
Advanced step 5515 in 0.143233137 seconds
 
step = 5515, Phi_Bc_hi = -4, num_Vapp = 46, sign = -1
MLMG: Initial rhs               = 370514794.6
MLMG: Initial residual (resid0) = 6805578355
MLMG: Final Iter. 3 resid, resid/resid0 = 0.002990426496, 4.394081355e-13
MLMG: Timers: Solve = 0.062190319 Iter = 0.062003764 Bottom = 0.061704838
1 iterations :: err = 1
MLMG: Initial rhs               = 370514794.6
MLMG: Initial residual (resid0) = 6805578355
MLMG: Final Iter. 3 resid, resid/resid0 = 0.001916408539, 2.815937807e-13
MLMG: Timers: Solve = 0.062371014 Iter = 0.062193764 Bottom = 0.061897673
2 iterations :: err = 9.593806149e-05
MLMG: Initial rhs               = 370514794.6
MLMG: Initial residual (resid0) = 6805578355
MLMG: Final Iter. 3 resid, resid/resid0 = 0.003562079743, 5.234058822e-13
MLMG: Timers: Solve = 0.065872402 Iter = 0.065702142 Bottom = 0.06540522
3 iterations :: err = 3.320972977e-07
voltage_sweep == 1 && num_Vapp == num_Vapp_max!
High-water FAB megabyte spread across MPI nodes: [171 ... 171]
Current     FAB megabyte spread across MPI nodes: [136 ... 136]
Total run time 1003.858916 seconds


TinyProfiler total time across processes [min...avg...max]: 1004 ... 1004 ... 1004

----------------------------------------------------------------------------------------------
Name                                           NCalls  Excl. Min  Excl. Avg  Excl. Max   Max %
----------------------------------------------------------------------------------------------
amrex::Dot()                                  9906964      270.8      270.8      270.8  26.98%
MLABecLaplacian::Fapply()                     4999138        223        223        223  22.22%
MLABecLaplacian::normalize()                  4987724      160.1      160.1      160.1  15.95%
FabArray::norminf()                           5055824      115.4      115.4      115.4  11.49%
FillBoundary_nowait()                         5043695      40.78      40.78      40.78   4.06%
ComputePhi_Rho()                                 5561      39.32      39.32      39.32   3.92%
FabArray::Saxpy_Saxpy()                       2487512      32.52      32.52      32.52   3.24%
FabArray::Saypy_Saxpy()                       2465970      30.29      30.29      30.29   3.02%
FabArray::Saxpy_Xpay()                        2453270      27.94      27.94      27.94   2.78%
Calculate_Landau()                               5515       20.8       20.8       20.8   2.07%
Calculate_Grad()                                 5515      10.95      10.95      10.95   1.09%
ComputeEfromPhi()                               11030      9.761      9.761      9.761   0.97%
MLCellLinOp::applyBC()                        4999138      7.897      7.897      7.897   0.79%
FabArray::setVal()                             210614      2.492      2.492      2.492   0.25%
amrex::Copy()                                  188850      2.043      2.043      2.043   0.20%
MLCGSolver::bicgstab                            34242      2.024      2.024      2.024   0.20%
MLCGSolver::ParallelAllReduce                12428718      1.137      1.137      1.137   0.11%
main()                                              1     0.8239     0.8239     0.8239   0.08%
MLCellLinOp::apply()                          4999138     0.6508     0.6508     0.6508   0.06%
FabArray::FillBoundary()                      5043695     0.5633     0.5633     0.5633   0.06%
MLMG::solve()                                   11414    0.07099    0.07099    0.07099   0.01%
MLMG::actualBottomSolve()                       34242    0.01234    0.01234    0.01234   0.00%
MLCellLinOp::solutionResidual()                 45656   0.006624   0.006624   0.006624   0.00%
MLMG::oneIter()                                 34242     0.0059     0.0059     0.0059   0.00%
MLMG::computeResidual()                         34242   0.004143   0.004143   0.004143   0.00%
MLMG::mgVcycle_bottom                           34242   0.003458   0.003458   0.003458   0.00%
MLMG::mgVcycle()                                34242   0.003347   0.003347   0.003347   0.00%
Other                                        10401524      4.499      4.499      4.499   0.45%
----------------------------------------------------------------------------------------------

----------------------------------------------------------------------------------------------
Name                                           NCalls  Incl. Min  Incl. Avg  Incl. Max   Max %
----------------------------------------------------------------------------------------------
main()                                              1       1004       1004       1004 100.00%
ComputePhi_Rho()                                 5561      958.8      958.8      958.8  95.52%
MLMG::solve()                                   11414      916.7      916.7      916.7  91.31%
MLMG::oneIter()                                 34242      911.6      911.6      911.6  90.81%
MLMG::mgVcycle()                                34242      911.3      911.3      911.3  90.78%
MLMG::mgVcycle_bottom                           34242      911.3      911.3      911.3  90.78%
MLMG::actualBottomSolve()                       34242      911.3      911.3      911.3  90.78%
MLCGSolver::bicgstab                            34242      910.9      910.9      910.9  90.74%
MLCellLinOp::apply()                          4999138      273.1      273.1      273.1  27.20%
amrex::Dot()                                  9906964      270.8      270.8      270.8  26.98%
MLABecLaplacian::Fapply()                     4999138        223        223        223  22.22%
MLABecLaplacian::normalize()                  4987724      160.1      160.1      160.1  15.95%
MLCGSolver::ParallelAllReduce                12428718      137.3      137.3      137.3  13.68%
FabArray::norminf()                           5055824      115.4      115.4      115.4  11.49%
MLCellLinOp::applyBC()                        4999138      49.39      49.39      49.39   4.92%
FabArray::FillBoundary()                      5043695      41.91      41.91      41.91   4.18%
FillBoundary_nowait()                         5043695      41.04      41.04      41.04   4.09%
FabArray::Saxpy_Saxpy()                       2487512      32.52      32.52      32.52   3.24%
FabArray::Saypy_Saxpy()                       2465970      30.29      30.29      30.29   3.02%
FabArray::Saxpy_Xpay()                        2453270      27.94      27.94      27.94   2.78%
Calculate_Landau()                               5515       20.8       20.8       20.8   2.07%
Calculate_Grad()                                 5515      10.95      10.95      10.95   1.09%
ComputeEfromPhi()                               11030      9.761      9.761      9.761   0.97%
MLCellLinOp::solutionResidual()                 45656      3.102      3.102      3.102   0.31%
FabArray::setVal()                             210614      2.492      2.492      2.492   0.25%
MLMG::computeResidual()                         34242        2.2        2.2        2.2   0.22%
amrex::Copy()                                  188850      2.043      2.043      2.043   0.20%
Other                                        10401524      8.712      8.712      8.712   0.87%
----------------------------------------------------------------------------------------------

Device Memory Usage:
------------------------------------------------------------------------
Name                                          Nalloc    AvgMem    MaxMem
------------------------------------------------------------------------
The_Arena::Initialize()                            1    12   B    14 GiB
main()                                          1360   118 MiB   122 MiB
WritePlotfile()                                  752    17 KiB    33 MiB
ResizeRandomSeed                                   2    13 MiB    13 MiB
MLCGSolver::bicgstab                         2739360  9617 KiB    10 MiB
MLMG::prepareForSolve()                           64  8135 KiB  8136 KiB
MLABecLaplacian::define()                         64  7823 KiB  7824 KiB
ComputePhi_Rho()                             1283040   154 KiB  7552 KiB
MultiFab::OverlapMask()                       199002  1853   B  1889 KiB
BndryData::define()                              192  1735 KiB  1736 KiB
MLCellLinOp::defineAuxData()                     192   815 KiB   816 KiB
FillBoundary_nowait()                          79907   176 KiB   180 KiB
VisMF::Write(FabArray)                         13536    21   B   144 KiB
FabArray::setVal()                            114176    74 KiB    74 KiB
MultiFab::max()                                 5563  2057   B    74 KiB
MultiFab::norm1                                11706    17   B    72 KiB
FabArray::norminf()                          5055824  8395   B    72 KiB
amrex::Dot()                                 9906964    19 KiB    72 KiB
amrex::Copy()                                  57424    29 KiB    29 KiB
MLCellLinOp::applyBC()                       5010559    25 KiB    26 KiB
MLCellLinOp::prepareForSolve()                     1     0   B    15 KiB
FabArray::LinComb()                            11415  2048   B  4096   B
MLABecLaplacian::Fapply()                      68484  3681   B  4096   B
FabArray::setVal(val, thecmd, scomp, ncomp)        8     0   B  3328   B
MultiFab::Divide()                             11706     0   B  2048   B
MLCellLinOp::defineBC()                            1  1791   B  1792   B
------------------------------------------------------------------------

Managed Memory Usage:
---------------------------------------------------------
Name                             Nalloc  AvgMem    MaxMem
---------------------------------------------------------
The_Managed_Arena::Initialize()       1   0   B  8192 KiB
main()                                1   0   B    31 KiB
---------------------------------------------------------

Pinned Memory Usage:
------------------------------------------------------------------------
Name                                          Nalloc    AvgMem    MaxMem
------------------------------------------------------------------------
The_Pinned_Arena::Initialize()                     1     0   B  8192 KiB
VisMF::Write(FabArray)                         14288   686   B  2124 KiB
FillBoundary_nowait()                          79907   176 KiB   180 KiB
FabArray::setVal()                            114176    74 KiB    74 KiB
amrex::Copy()                                  57424    29 KiB    29 KiB
MLCellLinOp::applyBC()                         11421    25 KiB    25 KiB
MLCellLinOp::prepareForSolve()                     1     0   B    15 KiB
FabArray::LinComb()                            11415  2048   B  4096   B
MLABecLaplacian::Fapply()                      68484  3681   B  4096   B
FabArray::setVal(val, thecmd, scomp, ncomp)        8     0   B  3328   B
MultiFab::max()                                 5563  2048   B  2304   B
MultiFab::Divide()                             11706     0   B  2048   B
MLCellLinOp::setLevelBC()                         47     0   B  1792   B
MultiFab::OverlapMask()                        11706     0   B  1792   B
amrex::Dot()                                 9906964    68   B   256   B
Unprofiled                                        15     0   B   256   B
MultiFab::norm1                                11706     0   B   256   B
FabArray::norminf()                          5055824    29   B   256   B
------------------------------------------------------------------------

Total GPU global memory (MB) spread across MPI: [20019 ... 20019]
Free  GPU global memory (MB) spread across MPI: [4648 ... 4648]
[The         Arena] max space (MB) allocated spread across MPI: [15014 ... 15014]
[The         Arena] max space (MB) used      spread across MPI: [183 ... 183]
[The Managed Arena] max space (MB) allocated spread across MPI: [8 ... 8]
[The Managed Arena] max space (MB) used      spread across MPI: [0 ... 0]
[The  Pinned Arena] max space (MB) allocated spread across MPI: [8 ... 8]
[The  Pinned Arena] max space (MB) used      spread across MPI: [2 ... 2]
AMReX (26.05-39-gbe2cc437644f) finalized
EXIT_CODE=0
Sat Jun 27 18:13:02 CST 2026
