MLMG: Initial rhs               = 279535774
MLMG: Initial residual (resid0) = 8175803674
MLMG: Final Iter. 3 resid, resid/resid0 = 0.002645276858, 3.235494592e-13
MLMG: Timers: Solve = 0.04824001 Iter = 0.048064323 Bottom = 0.047768892
2 iterations :: err = 3.333504858e-10
Steady state check : (phi(t) - phi(t-1)).norm0() = 1.97450287e-07
Advanced step 15087 in 0.112070459 seconds
 
MLMG: Initial rhs               = 279535774
MLMG: Initial residual (resid0) = 8175803670
MLMG: Final Iter. 3 resid, resid/resid0 = 0.001282772282, 1.568986162e-13
MLMG: Timers: Solve = 0.046427998 Iter = 0.046254053 Bottom = 0.045957681
1 iterations :: err = 1
MLMG: Initial rhs               = 279535795.5
MLMG: Initial residual (resid0) = 8175803670
MLMG: Final Iter. 3 resid, resid/resid0 = 0.00047479888, 5.807366458e-14
MLMG: Timers: Solve = 0.047715581 Iter = 0.047540324 Bottom = 0.047243782
2 iterations :: err = 5.449882358e-11
Steady state check : (phi(t) - phi(t-1)).norm0() = 1.296081133e-07
Advanced step 15088 in 0.109514312 seconds
 
MLMG: Initial rhs               = 279535795.5
MLMG: Initial residual (resid0) = 8175803667
MLMG: Final Iter. 3 resid, resid/resid0 = 0.0003970243245, 4.856089268e-14
MLMG: Timers: Solve = 0.050302164 Iter = 0.050126467 Bottom = 0.049830425
1 iterations :: err = 1
MLMG: Initial rhs               = 279535809.6
MLMG: Initial residual (resid0) = 8175803667
MLMG: Final Iter. 3 resid, resid/resid0 = 0.0004930456125, 6.030546141e-14
MLMG: Timers: Solve = 0.047548587 Iter = 0.04737356 Bottom = 0.047075745
2 iterations :: err = 8.289531332e-12
Steady state check : (phi(t) - phi(t-1)).norm0() = 8.495276147e-08
Advanced step 15089 in 0.113344591 seconds
 
step = 15089, Phi_Bc_hi = -4, num_Vapp = 46, sign = -1
MLMG: Initial rhs               = 279535809.6
MLMG: Initial residual (resid0) = 7265536629
MLMG: Final Iter. 3 resid, resid/resid0 = 0.001399022809, 1.92556019e-13
MLMG: Timers: Solve = 0.049095254 Iter = 0.048912285 Bottom = 0.048612359
1 iterations :: err = 1
MLMG: Initial rhs               = 268121160.2
MLMG: Initial residual (resid0) = 7265536629
MLMG: Final Iter. 3 resid, resid/resid0 = 0.001355797052, 1.866065952e-13
MLMG: Timers: Solve = 0.049765637 Iter = 0.049588517 Bottom = 0.049291775
2 iterations :: err = 3.502128646e-05
MLMG: Initial rhs               = 267985087.1
MLMG: Initial residual (resid0) = 7265536629
MLMG: Final Iter. 3 resid, resid/resid0 = 0.002296824936, 3.161259868e-13
MLMG: Timers: Solve = 0.04959051 Iter = 0.049416594 Bottom = 0.049121925
3 iterations :: err = 1.847377577e-08
voltage_sweep == 1 && num_Vapp == num_Vapp_max!
High-water FAB megabyte spread across MPI nodes: [171 ... 171]
Current     FAB megabyte spread across MPI nodes: [136 ... 136]
Total run time 2375.533343 seconds


TinyProfiler total time across processes [min...avg...max]: 2376 ... 2376 ... 2376

----------------------------------------------------------------------------------------------
Name                                           NCalls  Excl. Min  Excl. Avg  Excl. Max   Max %
----------------------------------------------------------------------------------------------
amrex::Dot()                                 23045098      631.8      631.8      631.8  26.60%
MLABecLaplacian::Fapply()                    11644129      520.7      520.7      520.7  21.92%
MLABecLaplacian::normalize()                 11613733      374.4      374.4      374.4  15.76%
FabArray::norminf()                          11795887      269.9      269.9      269.9  11.36%
ComputePhi_Rho()                                15135      104.2      104.2      104.2   4.39%
FillBoundary_nowait()                        11765112      96.07      96.07      96.07   4.04%
FabArray::Saxpy_Saxpy()                       5790339      76.01      76.01      76.01   3.20%
FabArray::Saypy_Saxpy()                       5732210      70.25      70.25      70.25   2.96%
FabArray::Saxpy_Xpay()                        5699155      64.77      64.77      64.77   2.73%
Calculate_Landau()                              15089      57.16      57.16      57.16   2.41%
Calculate_Grad()                                15089       29.8       29.8       29.8   1.25%
ComputeEfromPhi()                               30178      26.88      26.88      26.88   1.13%
MLCellLinOp::applyBC()                       11644129      18.46      18.46      18.46   0.78%
FabArray::setVal()                             562018       6.69       6.69       6.69   0.28%
amrex::Copy()                                  502124      5.472      5.472      5.472   0.23%
MLCGSolver::bicgstab                            91184      4.845      4.845      4.845   0.20%
MLCGSolver::ParallelAllReduce                28926621      2.239      2.239      2.239   0.09%
main()                                              1      1.985      1.985      1.985   0.08%
MLCellLinOp::apply()                         11644129      1.352      1.352      1.352   0.06%
FabArray::FillBoundary()                     11765112      1.323      1.323      1.323   0.06%
MLMG::solve()                                   30396     0.2097     0.2097     0.2097   0.01%
MLMG::actualBottomSolve()                       91184     0.0328     0.0328     0.0328   0.00%
MLCellLinOp::solutionResidual()                121580    0.01547    0.01547    0.01547   0.00%
MLMG::oneIter()                                 91184    0.01443    0.01443    0.01443   0.00%
MLMG::computeResidual()                         91184    0.00948    0.00948    0.00948   0.00%
MLMG::mgVcycle_bottom                           91184   0.009349   0.009349   0.009349   0.00%
MLMG::mgVcycle()                                91184   0.008014   0.008014   0.008014   0.00%
Other                                        24366264      10.85      10.85      10.85   0.46%
----------------------------------------------------------------------------------------------

----------------------------------------------------------------------------------------------
Name                                           NCalls  Incl. Min  Incl. Avg  Incl. Max   Max %
----------------------------------------------------------------------------------------------
main()                                              1       2376       2376       2376 100.00%
ComputePhi_Rho()                                15135       2253       2253       2253  94.86%
MLMG::solve()                                   30396       2142       2142       2142  90.15%
MLMG::oneIter()                                 91184       2128       2128       2128  89.58%
MLMG::mgVcycle()                                91184       2127       2127       2127  89.54%
MLMG::mgVcycle_bottom                           91184       2127       2127       2127  89.54%
MLMG::actualBottomSolve()                       91184       2127       2127       2127  89.54%
MLCGSolver::bicgstab                            91184       2126       2126       2126  89.50%
MLCellLinOp::apply()                         11644129        638        638        638  26.86%
amrex::Dot()                                 23045098      631.8      631.8      631.8  26.60%
MLABecLaplacian::Fapply()                    11644129      520.7      520.7      520.7  21.92%
MLABecLaplacian::normalize()                 11613733      374.4      374.4      374.4  15.76%
MLCGSolver::ParallelAllReduce                28926621      320.3      320.3      320.3  13.48%
FabArray::norminf()                          11795887      269.9      269.9      269.9  11.36%
MLCellLinOp::applyBC()                       11644129      115.9      115.9      115.9   4.88%
FabArray::FillBoundary()                     11765112       98.6       98.6       98.6   4.15%
FillBoundary_nowait()                        11765112      96.75      96.75      96.75   4.07%
FabArray::Saxpy_Saxpy()                       5790339      76.01      76.01      76.01   3.20%
FabArray::Saypy_Saxpy()                       5732210      70.25      70.25      70.25   2.96%
FabArray::Saxpy_Xpay()                        5699155      64.77      64.77      64.77   2.73%
Calculate_Landau()                              15089      57.16      57.16      57.16   2.41%
Calculate_Grad()                                15089       29.8       29.8       29.8   1.25%
ComputeEfromPhi()                               30178      26.88      26.88      26.88   1.13%
MLCellLinOp::solutionResidual()                121580      8.324      8.324      8.324   0.35%
FabArray::setVal()                             562018       6.69       6.69       6.69   0.28%
MLMG::computeResidual()                         91184      5.873      5.873      5.873   0.25%
amrex::Copy()                                  502124      5.472      5.472      5.472   0.23%
Other                                        24366264      20.41      20.41      20.41   0.86%
----------------------------------------------------------------------------------------------

Device Memory Usage:
-------------------------------------------------------------------------
Name                                           Nalloc    AvgMem    MaxMem
-------------------------------------------------------------------------
The_Arena::Initialize()                             1    11   B    14 GiB
main()                                           1360   118 MiB   122 MiB
WritePlotfile()                                   752  7640   B    33 MiB
ResizeRandomSeed                                    2    13 MiB    13 MiB
MLCGSolver::bicgstab                          7294720  9485 KiB    10 MiB
MLMG::prepareForSolve()                            64  8135 KiB  8136 KiB
MLABecLaplacian::define()                          64  7823 KiB  7824 KiB
ComputePhi_Rho()                              3406368   173 KiB  7552 KiB
MultiFab::OverlapMask()                        518874  2059   B  1889 KiB
BndryData::define()                               192  1735 KiB  1736 KiB
MLCellLinOp::defineAuxData()                      192   815 KiB   816 KiB
FillBoundary_nowait()                          212773   176 KiB   180 KiB
VisMF::Write(FabArray)                          13536     9   B   144 KiB
FabArray::setVal()                             303988    74 KiB    74 KiB
MultiFab::max()                                 15137  2058   B    74 KiB
MultiFab::norm1                                 30522    19   B    72 KiB
FabArray::norminf()                          11795887  8310   B    72 KiB
amrex::Dot()                                 23045098    19 KiB    72 KiB
amrex::Copy()                                  152164    29 KiB    29 KiB
MLCellLinOp::applyBC()                       11674532    25 KiB    26 KiB
MLCellLinOp::prepareForSolve()                      1     0   B    15 KiB
FabArray::LinComb()                             30397  2048   B  4096   B
MLABecLaplacian::Fapply()                      182368  3626   B  4096   B
FabArray::setVal(val, thecmd, scomp, ncomp)         8     0   B  3328   B
MultiFab::Divide()                              30522     1   B  2048   B
MLCellLinOp::defineBC()                             1  1791   B  1792   B
-------------------------------------------------------------------------

Managed Memory Usage:
---------------------------------------------------------
Name                             Nalloc  AvgMem    MaxMem
---------------------------------------------------------
The_Managed_Arena::Initialize()       1   0   B  8192 KiB
main()                                1   0   B    31 KiB
---------------------------------------------------------

Pinned Memory Usage:
-------------------------------------------------------------------------
Name                                           Nalloc    AvgMem    MaxMem
-------------------------------------------------------------------------
The_Pinned_Arena::Initialize()                      1     0   B  8192 KiB
VisMF::Write(FabArray)                          14288   289   B  2124 KiB
FillBoundary_nowait()                          212773   176 KiB   180 KiB
FabArray::setVal()                             303988    74 KiB    74 KiB
amrex::Copy()                                  152164    29 KiB    29 KiB
MLCellLinOp::applyBC()                          30403    25 KiB    25 KiB
MLCellLinOp::prepareForSolve()                      1     0   B    15 KiB
FabArray::LinComb()                             30397  2048   B  4096   B
MLABecLaplacian::Fapply()                      182368  3626   B  4096   B
FabArray::setVal(val, thecmd, scomp, ncomp)         8     0   B  3328   B
MultiFab::max()                                 15137  2048   B  2304   B
MultiFab::Divide()                              30522     1   B  2048   B
MLCellLinOp::setLevelBC()                          47     0   B  1792   B
MultiFab::OverlapMask()                         30522     0   B  1792   B
amrex::Dot()                                 23045098    67   B   256   B
Unprofiled                                         15     0   B   256   B
MultiFab::norm1                                 30522     0   B   256   B
FabArray::norminf()                          11795887    28   B   256   B
-------------------------------------------------------------------------

Total GPU global memory (MB) spread across MPI: [20019 ... 20019]
Free  GPU global memory (MB) spread across MPI: [4636 ... 4636]
[The         Arena] max space (MB) allocated spread across MPI: [15014 ... 15014]
[The         Arena] max space (MB) used      spread across MPI: [183 ... 183]
[The Managed Arena] max space (MB) allocated spread across MPI: [8 ... 8]
[The Managed Arena] max space (MB) used      spread across MPI: [0 ... 0]
[The  Pinned Arena] max space (MB) allocated spread across MPI: [8 ... 8]
[The  Pinned Arena] max space (MB) used      spread across MPI: [2 ... 2]
AMReX (26.05-39-gbe2cc437644f) finalized

EXIT_CODE=0
Fri Jul 17 00:50:31 CST 2026
