MLMG: Initial rhs               = 325518446
MLMG: Initial residual (resid0) = 9458008992
MLMG: Final Iter. 3 resid, resid/resid0 = 0.0004307088579, 4.5539062e-14
MLMG: Timers: Solve = 0.108783437 Iter = 0.108585172 Bottom = 0.108241029
2 iterations :: err = 9.644553709e-11
Steady state check : (phi(t) - phi(t-1)).norm0() = 2.449864094e-07
Advanced step 9236 in 0.239440301 seconds
 
MLMG: Initial rhs               = 325518445.9
MLMG: Initial residual (resid0) = 9458008986
MLMG: Final Iter. 3 resid, resid/resid0 = 0.001916278154, 2.026090435e-13
MLMG: Timers: Solve = 0.087704123 Iter = 0.087492502 Bottom = 0.087149227
1 iterations :: err = 1
MLMG: Initial rhs               = 325518476.3
MLMG: Initial residual (resid0) = 9458008986
MLMG: Final Iter. 3 resid, resid/resid0 = 0.001065800549, 1.126876227e-13
MLMG: Timers: Solve = 0.094138346 Iter = 0.093937688 Bottom = 0.093591567
2 iterations :: err = 3.781964659e-11
Steady state check : (phi(t) - phi(t-1)).norm0() = 1.458031922e-07
Advanced step 9237 in 0.224744827 seconds
 
MLMG: Initial rhs               = 325518476.4
MLMG: Initial residual (resid0) = 9458008982
MLMG: Final Iter. 3 resid, resid/resid0 = 0.0002531935479, 2.677027992e-14
MLMG: Timers: Solve = 0.104339019 Iter = 0.104128175 Bottom = 0.103784258
1 iterations :: err = 1
MLMG: Initial rhs               = 325518494.5
MLMG: Initial residual (resid0) = 9458008982
MLMG: Final Iter. 3 resid, resid/resid0 = 0.002941020397, 3.109555513e-13
MLMG: Timers: Solve = 0.113098199 Iter = 0.102265271 Bottom = 0.101922661
2 iterations :: err = 2.318506139e-10
Steady state check : (phi(t) - phi(t-1)).norm0() = 8.66731842e-08
Advanced step 9238 in 0.233353005 seconds
 
step = 9238, Phi_Bc_hi = -4, num_Vapp = 46, sign = -1
MLMG: Initial rhs               = 325518494.5
MLMG: Initial residual (resid0) = 8405158286
MLMG: Final Iter. 3 resid, resid/resid0 = 0.0003084130877, 3.669331108e-14
MLMG: Timers: Solve = 0.107675899 Iter = 0.107451353 Bottom = 0.107101112
1 iterations :: err = 1
MLMG: Initial rhs               = 310593511.8
MLMG: Initial residual (resid0) = 8405158286
MLMG: Final Iter. 3 resid, resid/resid0 = 0.002897080655, 3.446788932e-13
MLMG: Timers: Solve = 0.092945414 Iter = 0.092743983 Bottom = 0.092397438
2 iterations :: err = 5.308517546e-05
MLMG: Initial rhs               = 310407547.4
MLMG: Initial residual (resid0) = 8405158286
MLMG: Final Iter. 3 resid, resid/resid0 = 0.001379419621, 1.641158411e-13
MLMG: Timers: Solve = 0.094982133 Iter = 0.094778891 Bottom = 0.094434925
3 iterations :: err = 3.195233354e-08
voltage_sweep == 1 && num_Vapp == num_Vapp_max!
High-water FAB megabyte spread across MPI nodes: [171 ... 171]
Current     FAB megabyte spread across MPI nodes: [136 ... 136]
Total run time 3183.313593 seconds


TinyProfiler total time across processes [min...avg...max]: 3183 ... 3183 ... 3183

----------------------------------------------------------------------------------------------
Name                                           NCalls  Excl. Min  Excl. Avg  Excl. Max   Max %
----------------------------------------------------------------------------------------------
amrex::Dot()                                 14759912      845.1      845.1      845.1  26.55%
MLABecLaplacian::Fapply()                     7454736      634.4      634.4      634.4  19.93%
MLABecLaplacian::normalize()                  7436040      468.2      468.2      468.2  14.71%
FabArray::norminf()                           7547992      387.2      387.2      387.2  12.16%
ComputePhi_Rho()                                 9284      158.3      158.3      158.3   4.97%
FillBoundary_nowait()                         7528913        138        138        138   4.34%
FabArray::Saxpy_Saxpy()                       3708082      99.57      99.57      99.57   3.13%
FabArray::Saypy_Saxpy()                       3671874       97.2       97.2       97.2   3.05%
FabArray::Saxpy_Xpay()                        3651998      90.69      90.69      90.69   2.85%
Calculate_Landau()                               9238      63.78      63.78      63.78   2.00%
main()                                              1      44.62      44.62      44.62   1.40%
Calculate_Grad()                                 9238      32.79      32.79      32.79   1.03%
ComputeEfromPhi()                               18476      31.19      31.19      31.19   0.98%
MLCellLinOp::applyBC()                        7454736      30.48      30.48      30.48   0.96%
MLCGSolver::bicgstab                            56084      14.44      14.44      14.44   0.45%
FabArray::setVal()                             345565      8.577      8.577      8.577   0.27%
amrex::Copy()                                  309073      6.797      6.797      6.797   0.21%
MLCGSolver::ParallelAllReduce                18524078      5.128      5.128      5.128   0.16%
MLCellLinOp::apply()                          7454736      3.829      3.829      3.829   0.12%
FabArray::FillBoundary()                      7528913      3.352      3.352      3.352   0.11%
MLMG::solve()                                   18696     0.7334     0.7334     0.7334   0.02%
MLMG::actualBottomSolve()                       56084     0.1703     0.1703     0.1703   0.01%
MLCellLinOp::solutionResidual()                 74780    0.05212    0.05212    0.05212   0.00%
MLMG::oneIter()                                 56084    0.05178    0.05178    0.05178   0.00%
MLMG::mgVcycle_bottom                           56084    0.05083    0.05083    0.05083   0.00%
MLMG::computeResidual()                         56084    0.03674    0.03674    0.03674   0.00%
MLMG::mgVcycle()                                56084    0.03296    0.03296    0.03296   0.00%
Other                                        15572117      18.62      18.62      18.62   0.58%
----------------------------------------------------------------------------------------------

----------------------------------------------------------------------------------------------
Name                                           NCalls  Incl. Min  Incl. Avg  Incl. Max   Max %
----------------------------------------------------------------------------------------------
main()                                              1       3183       3183       3183 100.00%
ComputePhi_Rho()                                 9284       3001       3001       3001  94.26%
MLMG::solve()                                   18696       2832       2832       2832  88.95%
MLMG::oneIter()                                 56084       2815       2815       2815  88.42%
MLMG::mgVcycle()                                56084       2813       2813       2813  88.38%
MLMG::mgVcycle_bottom                           56084       2813       2813       2813  88.38%
MLMG::actualBottomSolve()                       56084       2813       2813       2813  88.38%
MLCGSolver::bicgstab                            56084       2812       2812       2812  88.34%
amrex::Dot()                                 14759912      845.1      845.1      845.1  26.55%
MLCellLinOp::apply()                          7454736      811.7      811.7      811.7  25.50%
MLABecLaplacian::Fapply()                     7454736      634.4      634.4      634.4  19.93%
MLABecLaplacian::normalize()                  7436040      468.2      468.2      468.2  14.71%
MLCGSolver::ParallelAllReduce                18524078      438.4      438.4      438.4  13.77%
FabArray::norminf()                           7547992      387.2      387.2      387.2  12.16%
MLCellLinOp::applyBC()                        7454736      173.5      173.5      173.5   5.45%
FabArray::FillBoundary()                      7528913      144.6      144.6      144.6   4.54%
FillBoundary_nowait()                         7528913      139.9      139.9      139.9   4.39%
FabArray::Saxpy_Saxpy()                       3708082      99.57      99.57      99.57   3.13%
FabArray::Saypy_Saxpy()                       3671874       97.2       97.2       97.2   3.05%
FabArray::Saxpy_Xpay()                        3651998      90.69      90.69      90.69   2.85%
Calculate_Landau()                               9238      63.78      63.78      63.78   2.00%
Calculate_Grad()                                 9238      32.79      32.79      32.79   1.03%
ComputeEfromPhi()                               18476      31.19      31.19      31.19   0.98%
MLCellLinOp::solutionResidual()                 74780      10.54      10.54      10.54   0.33%
FabArray::setVal()                             345565      8.577      8.577      8.577   0.27%
MLMG::computeResidual()                         56084      8.153      8.153      8.153   0.26%
amrex::Copy()                                  309073      6.797      6.797      6.797   0.21%
Other                                        15572117      31.08      31.08      31.08   0.98%
----------------------------------------------------------------------------------------------

Device Memory Usage:
-------------------------------------------------------------------------
Name                                           Nalloc    AvgMem    MaxMem
-------------------------------------------------------------------------
The_Arena::Initialize()                             1     6   B    16 GiB
main()                                           1360   118 MiB   122 MiB
WritePlotfile()                                   752    17 KiB    33 MiB
ResizeRandomSeed                                    2    16 MiB    16 MiB
MLCGSolver::bicgstab                          4486720  9358 KiB    10 MiB
MLMG::prepareForSolve()                            64  8135 KiB  8136 KiB
MLABecLaplacian::define()                          64  7823 KiB  7824 KiB
ComputePhi_Rho()                              2096000   194 KiB  7552 KiB
MultiFab::OverlapMask()                        320008  2499   B  1889 KiB
BndryData::define()                               192  1735 KiB  1736 KiB
MLCellLinOp::defineAuxData()                      192   815 KiB   816 KiB
FillBoundary_nowait()                          130873   176 KiB   180 KiB
VisMF::Write(FabArray)                          13536    23   B   174 KiB
MultiFab::max()                                  9286  2055   B    89 KiB
MultiFab::norm1                                 18824    28   B    87 KiB
FabArray::norminf()                           7547992    10 KiB    87 KiB
amrex::Dot()                                 14759912    22 KiB    87 KiB
FabArray::setVal()                             186988    74 KiB    74 KiB
amrex::Copy()                                   93666    29 KiB    29 KiB
MLCellLinOp::applyBC()                        7473439    25 KiB    26 KiB
MLCellLinOp::prepareForSolve()                      1     0   B    15 KiB
FabArray::LinComb()                             18697  2048   B  4096   B
MLABecLaplacian::Fapply()                      112168  3579   B  4096   B
FabArray::setVal(val, thecmd, scomp, ncomp)         8     0   B  3328   B
MultiFab::Divide()                              18824     1   B  2048   B
MLCellLinOp::defineBC()                             1  1791   B  1792   B
-------------------------------------------------------------------------

Managed Memory Usage:
---------------------------------------------------------
Name                             Nalloc  AvgMem    MaxMem
---------------------------------------------------------
The_Managed_Arena::Initialize()       1   0   B  8192 KiB
main()                                1   0   B    31 KiB
---------------------------------------------------------

Pinned Memory Usage:
-------------------------------------------------------------------------
Name                                           Nalloc    AvgMem    MaxMem
-------------------------------------------------------------------------
The_Pinned_Arena::Initialize()                      1     0   B  8192 KiB
VisMF::Write(FabArray)                          14288   632   B  2124 KiB
FillBoundary_nowait()                          130873   176 KiB   180 KiB
FabArray::setVal()                             186988    74 KiB    74 KiB
amrex::Copy()                                   93666    29 KiB    29 KiB
MLCellLinOp::applyBC()                          18703    25 KiB    25 KiB
MLCellLinOp::prepareForSolve()                      1     0   B    15 KiB
FabArray::LinComb()                             18697  2048   B  4096   B
MLABecLaplacian::Fapply()                      112168  3579   B  4096   B
FabArray::setVal(val, thecmd, scomp, ncomp)         8     0   B  3328   B
MultiFab::max()                                  9286  2047   B  2304   B
MultiFab::Divide()                              18824     1   B  2048   B
MLCellLinOp::setLevelBC()                          47     0   B  1792   B
MultiFab::OverlapMask()                         18824     0   B  1792   B
amrex::Dot()                                 14759912    67   B   256   B
Unprofiled                                         15     0   B   256   B
MultiFab::norm1                                 18824     0   B   256   B
FabArray::norminf()                           7547992    30   B   256   B
-------------------------------------------------------------------------

Total GPU global memory (MB) spread across MPI: [22491 ... 22491]
Free  GPU global memory (MB) spread across MPI: [5299 ... 5299]
[The         Arena] max space (MB) allocated spread across MPI: [16868 ... 16868]
[The         Arena] max space (MB) used      spread across MPI: [186 ... 186]
[The Managed Arena] max space (MB) allocated spread across MPI: [8 ... 8]
[The Managed Arena] max space (MB) used      spread across MPI: [0 ... 0]
[The  Pinned Arena] max space (MB) allocated spread across MPI: [8 ... 8]
[The  Pinned Arena] max space (MB) used      spread across MPI: [2 ... 2]
AMReX (26.05-39-gbe2cc437644f) finalized

EXIT_CODE=0
Mon Jul 27 13:38:39 UTC 2026
