MLMG: Final Iter. 3 resid, resid/resid0 = 0.001630711893, 1.845964759e-13
MLMG: Timers: Solve = 0.112437886 Iter = 0.112240134 Bottom = 0.111891881
2 iterations :: err = 3.940974944e-11
Steady state check : (phi(t) - phi(t-1)).norm0() = 1.006941618e-07
Advanced step 52989 in 0.283154197 seconds
 
MLMG: Initial rhs               = 647660209
MLMG: Initial residual (resid0) = 8833927544
MLMG: Final Iter. 3 resid, resid/resid0 = 0.001485204044, 1.681249973e-13
MLMG: Timers: Solve = 0.128816647 Iter = 0.128603906 Bottom = 0.128254815
1 iterations :: err = 1
MLMG: Initial rhs               = 647660209
MLMG: Initial residual (resid0) = 8833927544
MLMG: Final Iter. 3 resid, resid/resid0 = 0.003008916974, 3.406091978e-13
MLMG: Timers: Solve = 0.137971733 Iter = 0.137773743 Bottom = 0.137426779
2 iterations :: err = 4.700441508e-11
Steady state check : (phi(t) - phi(t-1)).norm0() = 1.003072424e-07
Advanced step 52990 in 0.282395885 seconds
 
MLMG: Initial rhs               = 647660209
MLMG: Initial residual (resid0) = 8833927543
MLMG: Final Iter. 3 resid, resid/resid0 = 0.001235366711, 1.398434281e-13
MLMG: Timers: Solve = 0.111428373 Iter = 0.11121486 Bottom = 0.110866224
1 iterations :: err = 1
MLMG: Initial rhs               = 647660209
MLMG: Initial residual (resid0) = 8833927543
MLMG: Final Iter. 3 resid, resid/resid0 = 0.002043187618, 2.312887001e-13
MLMG: Timers: Solve = 0.124576211 Iter = 0.124374937 Bottom = 0.124030374
2 iterations :: err = 1.254833903e-10
Steady state check : (phi(t) - phi(t-1)).norm0() = 9.99407909e-08
Advanced step 52991 in 0.279091333 seconds
 
step = 52991, Phi_Bc_hi = -4, num_Vapp = 46, sign = -1
MLMG: Initial rhs               = 647660209.3
MLMG: Initial residual (resid0) = 7856255608
MLMG: Final Iter. 3 resid, resid/resid0 = 0.004245072603, 5.403429846e-13
MLMG: Timers: Solve = 0.132180293 Iter = 0.131960188 Bottom = 0.131604863
1 iterations :: err = 1
MLMG: Initial rhs               = 647660209.3
MLMG: Initial residual (resid0) = 7856255608
MLMG: Final Iter. 3 resid, resid/resid0 = 0.003518104553, 4.478093291e-13
MLMG: Timers: Solve = 0.132338451 Iter = 0.132135681 Bottom = 0.13178461
2 iterations :: err = 2.933707768e-05
MLMG: Initial rhs               = 647660209.3
MLMG: Initial residual (resid0) = 7856255608
MLMG: Final Iter. 3 resid, resid/resid0 = 0.003638386726, 4.631196982e-13
MLMG: Timers: Solve = 0.131184226 Iter = 0.130980072 Bottom = 0.130634979
3 iterations :: err = 1.124316676e-08
voltage_sweep == 1 && num_Vapp == num_Vapp_max!
High-water FAB megabyte spread across MPI nodes: [171 ... 171]
Current     FAB megabyte spread across MPI nodes: [136 ... 136]
Total run time 16402.60935 seconds


TinyProfiler total time across processes [min...avg...max]: 1.64e+04 ... 1.64e+04 ... 1.64e+04

----------------------------------------------------------------------------------------------
Name                                           NCalls  Excl. Min  Excl. Avg  Excl. Max   Max %
----------------------------------------------------------------------------------------------
amrex::Dot()                                 75220802       4334       4334       4334  26.42%
MLABecLaplacian::Fapply()                    38035425       3342       3342       3342  20.37%
MLABecLaplacian::normalize()                 37929169       2440       2440       2440  14.87%
FabArray::norminf()                          38566431       2013       2013       2013  12.27%
FillBoundary_nowait()                        38459680      747.7      747.7      747.7   4.56%
ComputePhi_Rho()                                53037      720.3      720.3      720.3   4.39%
FabArray::Saxpy_Saxpy()                      18898933      501.9      501.9      501.9   3.06%
FabArray::Saypy_Saxpy()                      18711468      501.8      501.8      501.8   3.06%
FabArray::Saxpy_Xpay()                       18580165      465.3      465.3      465.3   2.84%
Calculate_Landau()                              52991      365.1      365.1      365.1   2.23%
ComputeEfromPhi()                              105982      192.9      192.9      192.9   1.18%
Calculate_Grad()                                52991      192.4      192.4      192.4   1.17%
MLCellLinOp::applyBC()                       38035425      167.7      167.7      167.7   1.02%
MLCGSolver::bicgstab                           318768      83.34      83.34      83.34   0.51%
main()                                              1      67.88      67.88      67.88   0.41%
FabArray::setVal()                            1965356      54.13      54.13      54.13   0.33%
amrex::Copy()                                 1753798       43.9       43.9       43.9   0.27%
MLCGSolver::ParallelAllReduce                94438503      27.02      27.02      27.02   0.16%
MLCellLinOp::apply()                         38035425      20.88      20.88      20.88   0.13%
FabArray::FillBoundary()                     38459680      17.84      17.84      17.84   0.11%
CalculateTDGL_RHS()                             52991      17.54      17.54      17.54   0.11%
MLMG::solve()                                  106256      4.828      4.828      4.828   0.03%
MLMG::actualBottomSolve()                      318768      1.072      1.072      1.072   0.01%
MLMG::oneIter()                                318768     0.3234     0.3234     0.3234   0.00%
MLCellLinOp::solutionResidual()                425024     0.2779     0.2779     0.2779   0.00%
MLMG::computeResidual()                        318768     0.2635     0.2635     0.2635   0.00%
MLMG::mgVcycle()                               318768     0.1764     0.1764     0.1764   0.00%
MLMG::mgVcycle_bottom                          318768     0.1734     0.1734     0.1734   0.00%
Other                                        79788603      79.96      79.96      79.96   0.49%
----------------------------------------------------------------------------------------------

----------------------------------------------------------------------------------------------
Name                                           NCalls  Incl. Min  Incl. Avg  Incl. Max   Max %
----------------------------------------------------------------------------------------------
main()                                              1   1.64e+04   1.64e+04   1.64e+04 100.00%
ComputePhi_Rho()                                53037  1.553e+04  1.553e+04  1.553e+04  94.67%
MLMG::solve()                                  106256  1.474e+04  1.474e+04  1.474e+04  89.88%
MLMG::oneIter()                                318768  1.464e+04  1.464e+04  1.464e+04  89.22%
MLMG::mgVcycle()                               318768  1.463e+04  1.463e+04  1.463e+04  89.18%
MLMG::mgVcycle_bottom                          318768  1.463e+04  1.463e+04  1.463e+04  89.18%
MLMG::actualBottomSolve()                      318768  1.463e+04  1.463e+04  1.463e+04  89.18%
MLCGSolver::bicgstab                           318768  1.462e+04  1.462e+04  1.462e+04  89.13%
amrex::Dot()                                 75220802       4334       4334       4334  26.42%
MLCellLinOp::apply()                         38035425       4299       4299       4299  26.21%
MLABecLaplacian::Fapply()                    38035425       3342       3342       3342  20.37%
MLABecLaplacian::normalize()                 37929169       2440       2440       2440  14.87%
MLCGSolver::ParallelAllReduce                94438503       2236       2236       2236  13.63%
FabArray::norminf()                          38566431       2013       2013       2013  12.27%
MLCellLinOp::applyBC()                       38035425      936.1      936.1      936.1   5.71%
FabArray::FillBoundary()                     38459680      778.3      778.3      778.3   4.75%
FillBoundary_nowait()                        38459680      754.7      754.7      754.7   4.60%
FabArray::Saxpy_Saxpy()                      18898933      501.9      501.9      501.9   3.06%
FabArray::Saypy_Saxpy()                      18711468      501.8      501.8      501.8   3.06%
FabArray::Saxpy_Xpay()                       18580165      465.3      465.3      465.3   2.84%
Calculate_Landau()                              52991      365.1      365.1      365.1   2.23%
ComputeEfromPhi()                              105982      192.9      192.9      192.9   1.18%
Calculate_Grad()                                52991      192.4      192.4      192.4   1.17%
MLCellLinOp::solutionResidual()                425024         65         65         65   0.40%
FabArray::setVal()                            1965356      54.13      54.13      54.13   0.33%
MLMG::computeResidual()                        318768      46.18      46.18      46.18   0.28%
amrex::Copy()                                 1753798       43.9       43.9       43.9   0.27%
CalculateTDGL_RHS()                             52991      21.96      21.96      21.96   0.13%
Other                                        79788603      144.2      144.2      144.2   0.88%
----------------------------------------------------------------------------------------------

Device Memory Usage:
-------------------------------------------------------------------------
Name                                           Nalloc    AvgMem    MaxMem
-------------------------------------------------------------------------
The_Arena::Initialize()                             1     1   B    16 GiB
main()                                           1360   118 MiB   122 MiB
WritePlotfile()                                   752  3535   B    33 MiB
ResizeRandomSeed                                    2    16 MiB    16 MiB
MLCGSolver::bicgstab                         25501440  9439 KiB    10 MiB
MLMG::prepareForSolve()                            64  8135 KiB  8136 KiB
MLABecLaplacian::define()                          64  7823 KiB  7824 KiB
ComputePhi_Rho()                             11903584   170 KiB  7552 KiB
MultiFab::OverlapMask()                       1809446  2536   B  1889 KiB
BndryData::define()                               192  1735 KiB  1736 KiB
MLCellLinOp::defineAuxData()                      192   815 KiB   816 KiB
FillBoundary_nowait()                          743801   176 KiB   180 KiB
VisMF::Write(FabArray)                          13536     3   B   174 KiB
MultiFab::max()                                 53039  2062   B    89 KiB
MultiFab::norm1                                106438    25   B    87 KiB
FabArray::norminf()                          38566431    10 KiB    87 KiB
amrex::Dot()                                 75220802    22 KiB    87 KiB
FabArray::setVal()                            1062596    74 KiB    74 KiB
amrex::Copy()                                  531524    29 KiB    29 KiB
MLCellLinOp::applyBC()                       38141688    25 KiB    26 KiB
MLCellLinOp::prepareForSolve()                      1     0   B    15 KiB
FabArray::LinComb()                            106257  2048   B  4096   B
MLABecLaplacian::Fapply()                      637536  3603   B  4096   B
FabArray::setVal(val, thecmd, scomp, ncomp)         8     0   B  3328   B
MultiFab::Divide()                             106438     1   B  2048   B
MLCellLinOp::defineBC()                             1  1791   B  1792   B
-------------------------------------------------------------------------

Managed Memory Usage:
---------------------------------------------------------
Name                             Nalloc  AvgMem    MaxMem
---------------------------------------------------------
The_Managed_Arena::Initialize()       1   0   B  8192 KiB
main()                                1   0   B    31 KiB
---------------------------------------------------------

Pinned Memory Usage:
-------------------------------------------------------------------------
Name                                           Nalloc    AvgMem    MaxMem
-------------------------------------------------------------------------
The_Pinned_Arena::Initialize()                      1     0   B  8192 KiB
VisMF::Write(FabArray)                          14288   142   B  2124 KiB
FillBoundary_nowait()                          743801   176 KiB   180 KiB
FabArray::setVal()                            1062596    74 KiB    74 KiB
amrex::Copy()                                  531524    29 KiB    29 KiB
MLCellLinOp::applyBC()                         106263    25 KiB    25 KiB
MLCellLinOp::prepareForSolve()                      1     0   B    15 KiB
FabArray::LinComb()                            106257  2048   B  4096   B
MLABecLaplacian::Fapply()                      637536  3603   B  4096   B
FabArray::setVal(val, thecmd, scomp, ncomp)         8     0   B  3328   B
MultiFab::max()                                 53039  2048   B  2304   B
MultiFab::Divide()                             106438     1   B  2048   B
MLCellLinOp::setLevelBC()                          47     0   B  1792   B
MultiFab::OverlapMask()                        106438     0   B  1792   B
amrex::Dot()                                 75220802    66   B   256   B
Unprofiled                                         15     0   B   256   B
MultiFab::norm1                                106438     0   B   256   B
FabArray::norminf()                          38566431    31   B   256   B
-------------------------------------------------------------------------

Total GPU global memory (MB) spread across MPI: [22491 ... 22491]
Free  GPU global memory (MB) spread across MPI: [5299 ... 5299]
[The         Arena] max space (MB) allocated spread across MPI: [16868 ... 16868]
[The         Arena] max space (MB) used      spread across MPI: [186 ... 186]
[The Managed Arena] max space (MB) allocated spread across MPI: [8 ... 8]
[The Managed Arena] max space (MB) used      spread across MPI: [0 ... 0]
[The  Pinned Arena] max space (MB) allocated spread across MPI: [8 ... 8]
[The  Pinned Arena] max space (MB) used      spread across MPI: [2 ... 2]
AMReX (26.05-39-gbe2cc437644f) finalized

EXIT_CODE=0
Thu Jul 23 23:58:05 UTC 2026
