MLMG: Final Iter. 3 resid, resid/resid0 = 0.0002141080871, 2.797630536e-14
MLMG: Timers: Solve = 0.143068988 Iter = 0.142864934 Bottom = 0.142511059
2 iterations :: err = 1.49573213e-10
Steady state check : (phi(t) - phi(t-1)).norm0() = 1.003447863e-07
Advanced step 58241 in 0.294164777 seconds
 
MLMG: Initial rhs               = 349610465.9
MLMG: Initial residual (resid0) = 7653193814
MLMG: Final Iter. 3 resid, resid/resid0 = 0.001865698066, 2.437803237e-13
MLMG: Timers: Solve = 0.126930037 Iter = 0.126706199 Bottom = 0.126353761
1 iterations :: err = 1
MLMG: Initial rhs               = 349610470.5
MLMG: Initial residual (resid0) = 7653193814
MLMG: Final Iter. 3 resid, resid/resid0 = 0.002741247511, 3.581834692e-13
MLMG: Timers: Solve = 0.13440211 Iter = 0.134198671 Bottom = 0.133847489
2 iterations :: err = 2.347086793e-11
Steady state check : (phi(t) - phi(t-1)).norm0() = 1.000936273e-07
Advanced step 58242 in 0.285503557 seconds
 
MLMG: Initial rhs               = 349610470.3
MLMG: Initial residual (resid0) = 7653193815
MLMG: Final Iter. 3 resid, resid/resid0 = 0.001705223694, 2.228120358e-13
MLMG: Timers: Solve = 0.116998734 Iter = 0.116778575 Bottom = 0.116424583
1 iterations :: err = 1
MLMG: Initial rhs               = 349610475.2
MLMG: Initial residual (resid0) = 7653193815
MLMG: Final Iter. 3 resid, resid/resid0 = 0.005519501865, 7.212024154e-13
MLMG: Timers: Solve = 0.143141673 Iter = 0.142937666 Bottom = 0.142581768
2 iterations :: err = 2.483064138e-10
Steady state check : (phi(t) - phi(t-1)).norm0() = 9.985394095e-08
Advanced step 58243 in 0.306371193 seconds
 
step = 58243, Phi_Bc_hi = -4, num_Vapp = 46, sign = -1
MLMG: Initial rhs               = 349610475.1
MLMG: Initial residual (resid0) = 6803593815
MLMG: Final Iter. 3 resid, resid/resid0 = 0.003083588473, 4.532293604e-13
MLMG: Timers: Solve = 0.120957473 Iter = 0.12071852 Bottom = 0.120354548
1 iterations :: err = 1
MLMG: Initial rhs               = 340785633
MLMG: Initial residual (resid0) = 6803593815
MLMG: Final Iter. 3 resid, resid/resid0 = 0.001134420229, 1.667383827e-13
MLMG: Timers: Solve = 0.109468252 Iter = 0.109258778 Bottom = 0.108902625
2 iterations :: err = 2.270107104e-05
MLMG: Initial rhs               = 340785633
MLMG: Initial residual (resid0) = 6803593815
MLMG: Final Iter. 3 resid, resid/resid0 = 0.0005101981867, 7.498951298e-14
MLMG: Timers: Solve = 0.135900318 Iter = 0.135688052 Bottom = 0.1353343
3 iterations :: err = 6.045361534e-09
voltage_sweep == 1 && num_Vapp == num_Vapp_max!
High-water FAB megabyte spread across MPI nodes: [171 ... 171]
Current     FAB megabyte spread across MPI nodes: [136 ... 136]
Total run time 18048.16283 seconds


TinyProfiler total time across processes [min...avg...max]: 1.805e+04 ... 1.805e+04 ... 1.805e+04

-----------------------------------------------------------------------------------------------
Name                                            NCalls  Excl. Min  Excl. Avg  Excl. Max   Max %
-----------------------------------------------------------------------------------------------
amrex::Dot()                                  80240760       4704       4704       4704  26.06%
MLABecLaplacian::Fapply()                     40587548       3602       3602       3602  19.96%
MLABecLaplacian::normalize()                  40470756       2624       2624       2624  14.54%
FabArray::norminf()                           41171202       2245       2245       2245  12.44%
ComputePhi_Rho()                                 58289      863.5      863.5      863.5   4.78%
FillBoundary_nowait()                         41053851      861.1      861.1      861.1   4.77%
FabArray::Saxpy_Saxpy()                       20176105      570.3      570.3      570.3   3.16%
FabArray::Saypy_Saxpy()                       19944275      559.1      559.1      559.1   3.10%
FabArray::Saxpy_Xpay()                        19825729      523.9      523.9      523.9   2.90%
Calculate_Landau()                               58243      399.1      399.1      399.1   2.21%
ComputeEfromPhi()                               116486      232.5      232.5      232.5   1.29%
Calculate_Grad()                                 58243        212        212        212   1.17%
MLCellLinOp::applyBC()                        40587548      200.6      200.6      200.6   1.11%
MLCGSolver::bicgstab                            350376      99.88      99.88      99.88   0.55%
FabArray::setVal()                             2160224      63.21      63.21      63.21   0.35%
amrex::Copy()                                  1927626      52.35      52.35      52.35   0.29%
CalculateTDGL_RHS()                              58243      30.77      30.77      30.77   0.17%
MLCGSolver::ParallelAllReduce                100767241      29.26      29.26      29.26   0.16%
main()                                               1      29.08      29.08      29.08   0.16%
MLCellLinOp::apply()                          40587548      24.55      24.55      24.55   0.14%
FabArray::FillBoundary()                      41053851       20.5       20.5       20.5   0.11%
MLMG::solve()                                   116792      5.476      5.476      5.476   0.03%
MLMG::actualBottomSolve()                       350376      1.221      1.221      1.221   0.01%
MLMG::oneIter()                                 350376     0.4701     0.4701     0.4701   0.00%
MLCellLinOp::solutionResidual()                 467168      0.312      0.312      0.312   0.00%
MLMG::computeResidual()                         350376     0.2485     0.2485     0.2485   0.00%
MLMG::mgVcycle_bottom                           350376     0.2078     0.2078     0.2078   0.00%
MLMG::mgVcycle()                                350376     0.1683     0.1683     0.1683   0.00%
Other                                         85261449      92.69      92.69      92.69   0.51%
-----------------------------------------------------------------------------------------------

-----------------------------------------------------------------------------------------------
Name                                            NCalls  Incl. Min  Incl. Avg  Incl. Max   Max %
-----------------------------------------------------------------------------------------------
main()                                               1  1.805e+04  1.805e+04  1.805e+04 100.00%
ComputePhi_Rho()                                 58289   1.71e+04   1.71e+04   1.71e+04  94.76%
MLMG::solve()                                   116792  1.616e+04  1.616e+04  1.616e+04  89.56%
MLMG::oneIter()                                 350376  1.604e+04  1.604e+04  1.604e+04  88.89%
MLMG::mgVcycle()                                350376  1.603e+04  1.603e+04  1.603e+04  88.84%
MLMG::mgVcycle_bottom                           350376  1.603e+04  1.603e+04  1.603e+04  88.84%
MLMG::actualBottomSolve()                       350376  1.603e+04  1.603e+04  1.603e+04  88.83%
MLCGSolver::bicgstab                            350376  1.602e+04  1.602e+04  1.602e+04  88.78%
MLCellLinOp::apply()                          40587548       4713       4713       4713  26.11%
amrex::Dot()                                  80240760       4704       4704       4704  26.06%
MLABecLaplacian::Fapply()                     40587548       3602       3602       3602  19.96%
MLABecLaplacian::normalize()                  40470756       2624       2624       2624  14.54%
MLCGSolver::ParallelAllReduce                100767241       2403       2403       2403  13.32%
FabArray::norminf()                           41171202       2245       2245       2245  12.44%
MLCellLinOp::applyBC()                        40587548       1086       1086       1086   6.02%
FabArray::FillBoundary()                      41053851      896.8      896.8      896.8   4.97%
FillBoundary_nowait()                         41053851        869        869        869   4.81%
FabArray::Saxpy_Saxpy()                       20176105      570.3      570.3      570.3   3.16%
FabArray::Saypy_Saxpy()                       19944275      559.1      559.1      559.1   3.10%
FabArray::Saxpy_Xpay()                        19825729      523.9      523.9      523.9   2.90%
Calculate_Landau()                               58243      399.1      399.1      399.1   2.21%
ComputeEfromPhi()                               116486      232.5      232.5      232.5   1.29%
Calculate_Grad()                                 58243        212        212        212   1.17%
MLCellLinOp::solutionResidual()                 467168      72.61      72.61      72.61   0.40%
FabArray::setVal()                             2160224      63.21      63.21      63.21   0.35%
amrex::Copy()                                  1927626      52.35      52.35      52.35   0.29%
MLMG::computeResidual()                         350376      51.61      51.61      51.61   0.29%
CalculateTDGL_RHS()                              58243         35         35         35   0.19%
Other                                         85261449      164.7      164.7      164.7   0.91%
-----------------------------------------------------------------------------------------------

Device Memory Usage:
-------------------------------------------------------------------------
Name                                           Nalloc    AvgMem    MaxMem
-------------------------------------------------------------------------
The_Arena::Initialize()                             1     1   B    16 GiB
main()                                           1360   118 MiB   122 MiB
WritePlotfile()                                   752  4132   B    33 MiB
ResizeRandomSeed                                    2    16 MiB    16 MiB
MLCGSolver::bicgstab                         28030080  9401 KiB    10 MiB
MLMG::prepareForSolve()                            64  8135 KiB  8136 KiB
MLABecLaplacian::define()                          64  7823 KiB  7824 KiB
ComputePhi_Rho()                             13084128   182 KiB  7552 KiB
MultiFab::OverlapMask()                       1989102  2707   B  1889 KiB
BndryData::define()                               192  1735 KiB  1736 KiB
MLCellLinOp::defineAuxData()                      192   815 KiB   816 KiB
FillBoundary_nowait()                          817553   176 KiB   180 KiB
VisMF::Write(FabArray)                          13536     3   B   174 KiB
MultiFab::max()                                 58291  2063   B    89 KiB
MultiFab::norm1                                117006    28   B    87 KiB
FabArray::norminf()                          41171202    10 KiB    87 KiB
amrex::Dot()                                 80240760    22 KiB    87 KiB
FabArray::setVal()                            1167956    74 KiB    74 KiB
amrex::Copy()                                  584236    29 KiB    29 KiB
MLCellLinOp::applyBC()                       40704347    25 KiB    26 KiB
MLCellLinOp::prepareForSolve()                      1     0   B    15 KiB
FabArray::LinComb()                            116793  2048   B  4096   B
MLABecLaplacian::Fapply()                      700752  3586   B  4096   B
FabArray::setVal(val, thecmd, scomp, ncomp)         8     0   B  3328   B
MultiFab::Divide()                             117006     1   B  2048   B
MLCellLinOp::defineBC()                             1  1791   B  1792   B
-------------------------------------------------------------------------

Managed Memory Usage:
---------------------------------------------------------
Name                             Nalloc  AvgMem    MaxMem
---------------------------------------------------------
The_Managed_Arena::Initialize()       1   0   B  8192 KiB
main()                                1   0   B    31 KiB
---------------------------------------------------------

Pinned Memory Usage:
-------------------------------------------------------------------------
Name                                           Nalloc    AvgMem    MaxMem
-------------------------------------------------------------------------
The_Pinned_Arena::Initialize()                      1     0   B  8192 KiB
VisMF::Write(FabArray)                          14288   177   B  2124 KiB
FillBoundary_nowait()                          817553   176 KiB   180 KiB
FabArray::setVal()                            1167956    74 KiB    74 KiB
amrex::Copy()                                  584236    29 KiB    29 KiB
MLCellLinOp::applyBC()                         116799    25 KiB    25 KiB
MLCellLinOp::prepareForSolve()                      1     0   B    15 KiB
FabArray::LinComb()                            116793  2048   B  4096   B
MLABecLaplacian::Fapply()                      700752  3586   B  4096   B
FabArray::setVal(val, thecmd, scomp, ncomp)         8     0   B  3328   B
MultiFab::max()                                 58291  2048   B  2304   B
MultiFab::Divide()                             117006     1   B  2048   B
MLCellLinOp::setLevelBC()                          47     0   B  1792   B
MultiFab::OverlapMask()                        117006     0   B  1792   B
amrex::Dot()                                 80240760    65   B   256   B
Unprofiled                                         15     0   B   256   B
MultiFab::norm1                                117006     0   B   256   B
FabArray::norminf()                          41171202    31   B   256   B
-------------------------------------------------------------------------

Total GPU global memory (MB) spread across MPI: [22491 ... 22491]
Free  GPU global memory (MB) spread across MPI: [5299 ... 5299]
[The         Arena] max space (MB) allocated spread across MPI: [16868 ... 16868]
[The         Arena] max space (MB) used      spread across MPI: [186 ... 186]
[The Managed Arena] max space (MB) allocated spread across MPI: [8 ... 8]
[The Managed Arena] max space (MB) used      spread across MPI: [0 ... 0]
[The  Pinned Arena] max space (MB) allocated spread across MPI: [8 ... 8]
[The  Pinned Arena] max space (MB) used      spread across MPI: [2 ... 2]
AMReX (26.05-39-gbe2cc437644f) finalized

EXIT_CODE=0
Fri Jul 17 15:16:16 UTC 2026
