1 iterations :: err = 1
MLMG: Initial rhs               = 663398124.7
MLMG: Initial residual (resid0) = 9509874380
MLMG: Final Iter. 3 resid, resid/resid0 = 0.001773998195, 1.86542758e-13
MLMG: Timers: Solve = 0.054305121 Iter = 0.054128913 Bottom = 0.053834033
2 iterations :: err = 1.990846558e-10
Steady state check : (phi(t) - phi(t-1)).norm0() = 1.02084532e-07
Advanced step 28547 in 0.118218787 seconds
 
MLMG: Initial rhs               = 663398124.2
MLMG: Initial residual (resid0) = 9509874381
MLMG: Final Iter. 3 resid, resid/resid0 = 0.004714936018, 4.957937223e-13
MLMG: Timers: Solve = 0.046623285 Iter = 0.046450341 Bottom = 0.0461538
1 iterations :: err = 1
MLMG: Initial rhs               = 663398124.2
MLMG: Initial residual (resid0) = 9509874381
MLMG: Final Iter. 3 resid, resid/resid0 = 0.003344543844, 3.516916954e-13
MLMG: Timers: Solve = 0.04956995 Iter = 0.049394302 Bottom = 0.049097539
2 iterations :: err = 4.069125804e-10
Steady state check : (phi(t) - phi(t-1)).norm0() = 1.008619452e-07
Advanced step 28548 in 0.111693054 seconds
 
MLMG: Initial rhs               = 663398124.2
MLMG: Initial residual (resid0) = 9509874381
MLMG: Final Iter. 3 resid, resid/resid0 = 0.003326287651, 3.497719862e-13
MLMG: Timers: Solve = 0.054320455 Iter = 0.054146529 Bottom = 0.053848294
1 iterations :: err = 1
MLMG: Initial rhs               = 663398124.2
MLMG: Initial residual (resid0) = 9509874381
MLMG: Final Iter. 3 resid, resid/resid0 = 0.0050329566, 5.292348141e-13
MLMG: Timers: Solve = 0.055570381 Iter = 0.055394523 Bottom = 0.055098631
2 iterations :: err = 1.168279509e-10
Steady state check : (phi(t) - phi(t-1)).norm0() = 9.96623126e-08
Advanced step 28549 in 0.125551209 seconds
 
step = 28549, Phi_Bc_hi = -4, num_Vapp = 46, sign = -1
MLMG: Initial rhs               = 663398124.4
MLMG: Initial residual (resid0) = 8457023688
MLMG: Final Iter. 3 resid, resid/resid0 = 0.003201827365, 3.785997868e-13
MLMG: Timers: Solve = 0.056459136 Iter = 0.056265971 Bottom = 0.055964181
1 iterations :: err = 1
MLMG: Initial rhs               = 663398124.4
MLMG: Initial residual (resid0) = 8457023688
MLMG: Final Iter. 3 resid, resid/resid0 = 0.00267864592, 3.167362442e-13
MLMG: Timers: Solve = 0.056565208 Iter = 0.056385304 Bottom = 0.056089802
2 iterations :: err = 3.397497492e-05
MLMG: Initial rhs               = 663398124.4
MLMG: Initial residual (resid0) = 8457023688
MLMG: Final Iter. 3 resid, resid/resid0 = 0.001840025187, 2.175736115e-13
MLMG: Timers: Solve = 0.054145948 Iter = 0.053970842 Bottom = 0.053671284
3 iterations :: err = 1.426055424e-08
voltage_sweep == 1 && num_Vapp == num_Vapp_max!
High-water FAB megabyte spread across MPI nodes: [171 ... 171]
Current     FAB megabyte spread across MPI nodes: [136 ... 136]
Total run time 4422.604142 seconds


TinyProfiler total time across processes [min...avg...max]: 4423 ... 4423 ... 4423

----------------------------------------------------------------------------------------------
Name                                           NCalls  Excl. Min  Excl. Avg  Excl. Max   Max %
----------------------------------------------------------------------------------------------
amrex::Dot()                                 42770374       1172       1172       1172  26.51%
MLABecLaplacian::Fapply()                    21614595      966.7      966.7      966.7  21.86%
MLABecLaplacian::normalize()                 21557243      694.9      694.9      694.9  15.71%
FabArray::norminf()                          21901101      501.2      501.2      501.2  11.33%
ComputePhi_Rho()                                28595      204.3      204.3      204.3   4.62%
FillBoundary_nowait()                        21843294      178.4      178.4      178.4   4.03%
FabArray::Saxpy_Saxpy()                      10740696      140.9      140.9      140.9   3.19%
FabArray::Saypy_Saxpy()                      10644491      130.4      130.4      130.4   2.95%
FabArray::Saxpy_Xpay()                       10568640      120.1      120.1      120.1   2.71%
Calculate_Landau()                              28549      108.2      108.2      108.2   2.45%
Calculate_Grad()                                28549      54.69      54.69      54.69   1.24%
ComputeEfromPhi()                               57098       50.7       50.7       50.7   1.15%
MLCellLinOp::applyBC()                       21614595      34.18      34.18      34.18   0.77%
FabArray::setVal()                            1060662      12.62      12.62      12.62   0.29%
amrex::Copy()                                  946892      10.33      10.33      10.33   0.23%
MLCGSolver::bicgstab                           172056       9.03       9.03       9.03   0.20%
MLCGSolver::ParallelAllReduce                53683126      4.144      4.144      4.144   0.09%
main()                                              1      3.943      3.943      3.943   0.09%
MLCellLinOp::apply()                         21614595      2.573      2.573      2.573   0.06%
FabArray::FillBoundary()                     21843294      2.436      2.436      2.436   0.06%
MLMG::solve()                                   57352     0.3509     0.3509     0.3509   0.01%
MLMG::actualBottomSolve()                      172056    0.05982    0.05982    0.05982   0.00%
MLCellLinOp::solutionResidual()                229408    0.02945    0.02945    0.02945   0.00%
MLMG::oneIter()                                172056    0.02667    0.02667    0.02667   0.00%
MLMG::computeResidual()                        172056    0.01747    0.01747    0.01747   0.00%
MLMG::mgVcycle_bottom                          172056     0.0174     0.0174     0.0174   0.00%
MLMG::mgVcycle()                               172056    0.01483    0.01483    0.01483   0.00%
Other                                        45263952      19.96      19.96      19.96   0.45%
----------------------------------------------------------------------------------------------

----------------------------------------------------------------------------------------------
Name                                           NCalls  Incl. Min  Incl. Avg  Incl. Max   Max %
----------------------------------------------------------------------------------------------
main()                                              1       4423       4423       4423 100.00%
ComputePhi_Rho()                                28595       4194       4194       4194  94.82%
MLMG::solve()                                   57352       3975       3975       3975  89.87%
MLMG::oneIter()                                172056       3949       3949       3949  89.30%
MLMG::mgVcycle()                               172056       3948       3948       3948  89.26%
MLMG::mgVcycle_bottom                          172056       3948       3948       3948  89.26%
MLMG::actualBottomSolve()                      172056       3948       3948       3948  89.26%
MLCGSolver::bicgstab                           172056       3946       3946       3946  89.22%
MLCellLinOp::apply()                         21614595       1184       1184       1184  26.78%
amrex::Dot()                                 42770374       1172       1172       1172  26.51%
MLABecLaplacian::Fapply()                    21614595      966.7      966.7      966.7  21.86%
MLABecLaplacian::normalize()                 21557243      694.9      694.9      694.9  15.71%
MLCGSolver::ParallelAllReduce                53683126        594        594        594  13.43%
FabArray::norminf()                          21901101      501.2      501.2      501.2  11.33%
MLCellLinOp::applyBC()                       21614595      215.1      215.1      215.1   4.86%
FabArray::FillBoundary()                     21843294      183.1      183.1      183.1   4.14%
FillBoundary_nowait()                        21843294      179.7      179.7      179.7   4.06%
FabArray::Saxpy_Saxpy()                      10740696      140.9      140.9      140.9   3.19%
FabArray::Saypy_Saxpy()                      10644491      130.4      130.4      130.4   2.95%
FabArray::Saxpy_Xpay()                       10568640      120.1      120.1      120.1   2.71%
Calculate_Landau()                              28549      108.2      108.2      108.2   2.45%
Calculate_Grad()                                28549      54.69      54.69      54.69   1.24%
ComputeEfromPhi()                               57098       50.7       50.7       50.7   1.15%
MLCellLinOp::solutionResidual()                229408       15.7       15.7       15.7   0.36%
FabArray::setVal()                            1060662      12.62      12.62      12.62   0.29%
MLMG::computeResidual()                        172056      11.08      11.08      11.08   0.25%
amrex::Copy()                                  946892      10.33      10.33      10.33   0.23%
Other                                        45263952      37.13      37.13      37.13   0.84%
----------------------------------------------------------------------------------------------

Device Memory Usage:
-------------------------------------------------------------------------
Name                                           Nalloc    AvgMem    MaxMem
-------------------------------------------------------------------------
The_Arena::Initialize()                             1     4   B    14 GiB
main()                                           1360   118 MiB   122 MiB
WritePlotfile()                                   752  4224   B    33 MiB
ResizeRandomSeed                                    2    13 MiB    13 MiB
MLCGSolver::bicgstab                         13764480  9455 KiB    10 MiB
MLMG::prepareForSolve()                            64  8135 KiB  8136 KiB
MLABecLaplacian::define()                          64  7823 KiB  7824 KiB
ComputePhi_Rho()                              6426016   187 KiB  7552 KiB
MultiFab::OverlapMask()                        977738  2080   B  1889 KiB
BndryData::define()                               192  1735 KiB  1736 KiB
MLCellLinOp::defineAuxData()                      192   815 KiB   816 KiB
FillBoundary_nowait()                          401473   176 KiB   180 KiB
VisMF::Write(FabArray)                          13536     4   B   144 KiB
FabArray::setVal()                             573556    74 KiB    74 KiB
MultiFab::max()                                 28597  2059   B    74 KiB
MultiFab::norm1                                 57514    19   B    72 KiB
FabArray::norminf()                          21901101  8285   B    72 KiB
amrex::Dot()                                 42770374    18 KiB    72 KiB
amrex::Copy()                                  286984    29 KiB    29 KiB
MLCellLinOp::applyBC()                       21671954    25 KiB    26 KiB
MLCellLinOp::prepareForSolve()                      1     0   B    15 KiB
FabArray::LinComb()                             57353  2048   B  4096   B
MLABecLaplacian::Fapply()                      344112  3614   B  4096   B
FabArray::setVal(val, thecmd, scomp, ncomp)         8     0   B  3328   B
MultiFab::Divide()                              57514     1   B  2048   B
MLCellLinOp::defineBC()                             1  1791   B  1792   B
-------------------------------------------------------------------------

Managed Memory Usage:
---------------------------------------------------------
Name                             Nalloc  AvgMem    MaxMem
---------------------------------------------------------
The_Managed_Arena::Initialize()       1   0   B  8192 KiB
main()                                1   0   B    31 KiB
---------------------------------------------------------

Pinned Memory Usage:
-------------------------------------------------------------------------
Name                                           Nalloc    AvgMem    MaxMem
-------------------------------------------------------------------------
The_Pinned_Arena::Initialize()                      1     0   B  8192 KiB
VisMF::Write(FabArray)                          14288   159   B  2124 KiB
FillBoundary_nowait()                          401473   176 KiB   180 KiB
FabArray::setVal()                             573556    74 KiB    74 KiB
amrex::Copy()                                  286984    29 KiB    29 KiB
MLCellLinOp::applyBC()                          57359    25 KiB    25 KiB
MLCellLinOp::prepareForSolve()                      1     0   B    15 KiB
FabArray::LinComb()                             57353  2048   B  4096   B
MLABecLaplacian::Fapply()                      344112  3614   B  4096   B
FabArray::setVal(val, thecmd, scomp, ncomp)         8     0   B  3328   B
MultiFab::max()                                 28597  2048   B  2304   B
MultiFab::Divide()                              57514     1   B  2048   B
MLCellLinOp::setLevelBC()                          47     0   B  1792   B
MultiFab::OverlapMask()                         57514     0   B  1792   B
amrex::Dot()                                 42770374    67   B   256   B
Unprofiled                                         15     0   B   256   B
MultiFab::norm1                                 57514     0   B   256   B
FabArray::norminf()                          21901101    28   B   256   B
-------------------------------------------------------------------------

Total GPU global memory (MB) spread across MPI: [20019 ... 20019]
Free  GPU global memory (MB) spread across MPI: [4636 ... 4636]
[The         Arena] max space (MB) allocated spread across MPI: [15014 ... 15014]
[The         Arena] max space (MB) used      spread across MPI: [183 ... 183]
[The Managed Arena] max space (MB) allocated spread across MPI: [8 ... 8]
[The Managed Arena] max space (MB) used      spread across MPI: [0 ... 0]
[The  Pinned Arena] max space (MB) allocated spread across MPI: [8 ... 8]
[The  Pinned Arena] max space (MB) used      spread across MPI: [2 ... 2]
AMReX (26.05-39-gbe2cc437644f) finalized
EXIT_CODE=0
Thu Jul 16 13:47:00 CST 2026
