MLMG: Final Iter. 3 resid, resid/resid0 = 0.001909054783, 2.502197356e-13
MLMG: Timers: Solve = 0.108019504 Iter = 0.10781135 Bottom = 0.107462658
2 iterations :: err = 1.280468242e-10
Steady state check : (phi(t) - phi(t-1)).norm0() = 2.314573292e-07
Advanced step 19951 in 0.261597288 seconds
 
MLMG: Initial rhs               = 273381707.3
MLMG: Initial residual (resid0) = 7629513226
MLMG: Final Iter. 3 resid, resid/resid0 = 0.000649608497, 8.514416028e-14
MLMG: Timers: Solve = 0.093263713 Iter = 0.093049313 Bottom = 0.092698861
1 iterations :: err = 1
MLMG: Initial rhs               = 273381730.7
MLMG: Initial residual (resid0) = 7629513226
MLMG: Final Iter. 3 resid, resid/resid0 = 0.0002898963409, 3.799670205e-14
MLMG: Timers: Solve = 0.095631892 Iter = 0.095422606 Bottom = 0.095070279
2 iterations :: err = 1.690900035e-11
Steady state check : (phi(t) - phi(t-1)).norm0() = 1.151464692e-07
Advanced step 19952 in 0.233936759 seconds
 
MLMG: Initial rhs               = 273381730.6
MLMG: Initial residual (resid0) = 7629513224
MLMG: Final Iter. 3 resid, resid/resid0 = 0.002920987638, 3.828537355e-13
MLMG: Timers: Solve = 0.112551005 Iter = 0.112334747 Bottom = 0.111986621
1 iterations :: err = 1
MLMG: Initial rhs               = 273381742.3
MLMG: Initial residual (resid0) = 7629513224
MLMG: Final Iter. 3 resid, resid/resid0 = 0.0005485225688, 7.189483164e-14
MLMG: Timers: Solve = 0.105583779 Iter = 0.105377732 Bottom = 0.105029706
2 iterations :: err = 2.570984734e-11
Steady state check : (phi(t) - phi(t-1)).norm0() = 5.728426075e-08
Advanced step 19953 in 0.244285348 seconds
 
step = 19953, Phi_Bc_hi = -4, num_Vapp = 46, sign = -1
MLMG: Initial rhs               = 273381742.3
MLMG: Initial residual (resid0) = 6779913223
MLMG: Final Iter. 3 resid, resid/resid0 = 0.002456651952, 3.623426837e-13
MLMG: Timers: Solve = 0.091351782 Iter = 0.091122932 Bottom = 0.090774215
1 iterations :: err = 1
MLMG: Initial rhs               = 260999002.1
MLMG: Initial residual (resid0) = 6779913223
MLMG: Final Iter. 3 resid, resid/resid0 = 0.0004030002714, 5.944032882e-14
MLMG: Timers: Solve = 0.126027783 Iter = 0.125819773 Bottom = 0.125465927
2 iterations :: err = 4.73965374e-05
MLMG: Initial rhs               = 260832374.5
MLMG: Initial residual (resid0) = 6779913223
MLMG: Final Iter. 3 resid, resid/resid0 = 0.002020028423, 2.979431087e-13
MLMG: Timers: Solve = 0.106108263 Iter = 0.105902231 Bottom = 0.105550304
3 iterations :: err = 3.039168041e-08
voltage_sweep == 1 && num_Vapp == num_Vapp_max!
High-water FAB megabyte spread across MPI nodes: [171 ... 171]
Current     FAB megabyte spread across MPI nodes: [136 ... 136]
Total run time 6751.515738 seconds


TinyProfiler total time across processes [min...avg...max]: 6752 ... 6752 ... 6752

----------------------------------------------------------------------------------------------
Name                                           NCalls  Excl. Min  Excl. Avg  Excl. Max   Max %
----------------------------------------------------------------------------------------------
amrex::Dot()                                 31011432       1762       1762       1762  26.10%
MLABecLaplacian::Fapply()                    15666551       1377       1377       1377  20.40%
MLABecLaplacian::normalize()                 15626342      968.6      968.6      968.6  14.35%
FabArray::norminf()                          15867292      850.7      850.7      850.7  12.60%
FillBoundary_nowait()                        15826531      323.8      323.8      323.8   4.80%
ComputePhi_Rho()                                19999        306        306        306   4.53%
FabArray::Saxpy_Saxpy()                       7792726      223.7      223.7      223.7   3.31%
FabArray::Saypy_Saxpy()                       7712990      209.8      209.8      209.8   3.11%
FabArray::Saxpy_Xpay()                        7672100      197.3      197.3      197.3   2.92%
Calculate_Landau()                              19953      139.1      139.1      139.1   2.06%
ComputeEfromPhi()                               39906      77.16      77.16      77.16   1.14%
Calculate_Grad()                                19953       71.6       71.6       71.6   1.06%
MLCellLinOp::applyBC()                       15666551      70.94      70.94      70.94   1.05%
MLCGSolver::bicgstab                           120626      32.95      32.95      32.95   0.49%
main()                                              1      28.28      28.28      28.28   0.42%
FabArray::setVal()                             743440      21.54      21.54      21.54   0.32%
amrex::Copy()                                  664005      17.56      17.56      17.56   0.26%
MLCGSolver::ParallelAllReduce                38924784      10.91      10.91      10.91   0.16%
CalculateTDGL_RHS()                             19953      10.15      10.15      10.15   0.15%
MLCellLinOp::apply()                         15666551      8.219      8.219      8.219   0.12%
FabArray::FillBoundary()                     15826531      8.086      8.086      8.086   0.12%
MLMG::solve()                                   40209      1.929      1.929      1.929   0.03%
MLMG::actualBottomSolve()                      120626     0.3991     0.3991     0.3991   0.01%
MLCellLinOp::solutionResidual()                160835     0.1344     0.1344     0.1344   0.00%
MLMG::oneIter()                                120626     0.1294     0.1294     0.1294   0.00%
MLMG::computeResidual()                        120626    0.09394    0.09394    0.09394   0.00%
MLMG::mgVcycle()                               120626    0.07536    0.07536    0.07536   0.00%
MLMG::mgVcycle_bottom                          120626    0.05272    0.05272    0.05272   0.00%
Other                                        32739061      33.17      33.17      33.17   0.49%
----------------------------------------------------------------------------------------------

----------------------------------------------------------------------------------------------
Name                                           NCalls  Incl. Min  Incl. Avg  Incl. Max   Max %
----------------------------------------------------------------------------------------------
main()                                              1       6752       6752       6752 100.00%
ComputePhi_Rho()                                19999       6410       6410       6410  94.95%
MLMG::solve()                                   40209       6079       6079       6079  90.04%
MLMG::oneIter()                                120626       6039       6039       6039  89.45%
MLMG::mgVcycle()                               120626       6036       6036       6036  89.40%
MLMG::mgVcycle_bottom                          120626       6036       6036       6036  89.40%
MLMG::actualBottomSolve()                      120626       6036       6036       6036  89.40%
MLCGSolver::bicgstab                           120626       6032       6032       6032  89.35%
MLCellLinOp::apply()                         15666551       1790       1790       1790  26.52%
amrex::Dot()                                 31011432       1762       1762       1762  26.10%
MLABecLaplacian::Fapply()                    15666551       1377       1377       1377  20.40%
MLABecLaplacian::normalize()                 15626342      968.6      968.6      968.6  14.35%
MLCGSolver::ParallelAllReduce                38924784      902.4      902.4      902.4  13.37%
FabArray::norminf()                          15867292      850.7      850.7      850.7  12.60%
MLCellLinOp::applyBC()                       15666551      404.9      404.9      404.9   6.00%
FabArray::FillBoundary()                     15826531      337.8      337.8      337.8   5.00%
FillBoundary_nowait()                        15826531      327.2      327.2      327.2   4.85%
FabArray::Saxpy_Saxpy()                       7792726      223.7      223.7      223.7   3.31%
FabArray::Saypy_Saxpy()                       7712990      209.8      209.8      209.8   3.11%
FabArray::Saxpy_Xpay()                        7672100      197.3      197.3      197.3   2.92%
Calculate_Landau()                              19953      139.1      139.1      139.1   2.06%
ComputeEfromPhi()                               39906      77.16      77.16      77.16   1.14%
Calculate_Grad()                                19953       71.6       71.6       71.6   1.06%
MLCellLinOp::solutionResidual()                160835      24.05      24.05      24.05   0.36%
FabArray::setVal()                             743440      21.54      21.54      21.54   0.32%
MLMG::computeResidual()                        120626      17.87      17.87      17.87   0.26%
amrex::Copy()                                  664005      17.56      17.56      17.56   0.26%
CalculateTDGL_RHS()                             19953      11.77      11.77      11.77   0.17%
Other                                        32739061      57.94      57.94      57.94   0.86%
----------------------------------------------------------------------------------------------

Device Memory Usage:
-------------------------------------------------------------------------
Name                                           Nalloc    AvgMem    MaxMem
-------------------------------------------------------------------------
The_Arena::Initialize()                             1     2   B    16 GiB
main()                                           1360   118 MiB   122 MiB
WritePlotfile()                                   752  8577   B    33 MiB
ResizeRandomSeed                                    2    16 MiB    16 MiB
MLCGSolver::bicgstab                          9650080  9462 KiB    10 MiB
MLMG::prepareForSolve()                            64  8135 KiB  8136 KiB
MLABecLaplacian::define()                          64  7823 KiB  7824 KiB
ComputePhi_Rho()                              4506784   170 KiB  7552 KiB
MultiFab::OverlapMask()                        687140  2533   B  1889 KiB
BndryData::define()                               192  1735 KiB  1736 KiB
MLCellLinOp::defineAuxData()                      192   815 KiB   816 KiB
FillBoundary_nowait()                          281470   176 KiB   180 KiB
VisMF::Write(FabArray)                          13536     7   B   174 KiB
MultiFab::max()                                 20001  2060   B    89 KiB
MultiFab::norm1                                 40420    27   B    87 KiB
FabArray::norminf()                          15867292    10 KiB    87 KiB
amrex::Dot()                                 31011432    22 KiB    87 KiB
FabArray::setVal()                             402124    74 KiB    74 KiB
amrex::Copy()                                  201317    29 KiB    29 KiB
MLCellLinOp::applyBC()                       15706767    25 KiB    26 KiB
MLCellLinOp::prepareForSolve()                      1     0   B    15 KiB
FabArray::LinComb()                             40210  2048   B  4096   B
MLABecLaplacian::Fapply()                      241252  3614   B  4096   B
FabArray::setVal(val, thecmd, scomp, ncomp)         8     0   B  3328   B
MultiFab::Divide()                              40420     1   B  2048   B
MLCellLinOp::defineBC()                             1  1791   B  1792   B
-------------------------------------------------------------------------

Managed Memory Usage:
---------------------------------------------------------
Name                             Nalloc  AvgMem    MaxMem
---------------------------------------------------------
The_Managed_Arena::Initialize()       1   0   B  8192 KiB
main()                                1   0   B    31 KiB
---------------------------------------------------------

Pinned Memory Usage:
-------------------------------------------------------------------------
Name                                           Nalloc    AvgMem    MaxMem
-------------------------------------------------------------------------
The_Pinned_Arena::Initialize()                      1     0   B  8192 KiB
VisMF::Write(FabArray)                          14288   366   B  2124 KiB
FillBoundary_nowait()                          281470   176 KiB   180 KiB
FabArray::setVal()                             402124    74 KiB    74 KiB
amrex::Copy()                                  201317    29 KiB    29 KiB
MLCellLinOp::applyBC()                          40216    25 KiB    25 KiB
MLCellLinOp::prepareForSolve()                      1     0   B    15 KiB
FabArray::LinComb()                             40210  2048   B  4096   B
MLABecLaplacian::Fapply()                      241252  3614   B  4096   B
FabArray::setVal(val, thecmd, scomp, ncomp)         8     0   B  3328   B
MultiFab::max()                                 20001  2048   B  2304   B
MultiFab::Divide()                              40420     1   B  2048   B
MLCellLinOp::setLevelBC()                          47     0   B  1792   B
MultiFab::OverlapMask()                         40420     0   B  1792   B
amrex::Dot()                                 31011432    66   B   256   B
Unprofiled                                         15     0   B   256   B
MultiFab::norm1                                 40420     0   B   256   B
FabArray::norminf()                          15867292    31   B   256   B
-------------------------------------------------------------------------

Total GPU global memory (MB) spread across MPI: [22491 ... 22491]
Free  GPU global memory (MB) spread across MPI: [5299 ... 5299]
[The         Arena] max space (MB) allocated spread across MPI: [16868 ... 16868]
[The         Arena] max space (MB) used      spread across MPI: [186 ... 186]
[The Managed Arena] max space (MB) allocated spread across MPI: [8 ... 8]
[The Managed Arena] max space (MB) used      spread across MPI: [0 ... 0]
[The  Pinned Arena] max space (MB) allocated spread across MPI: [8 ... 8]
[The  Pinned Arena] max space (MB) used      spread across MPI: [2 ... 2]
AMReX (26.05-39-gbe2cc437644f) finalized

EXIT_CODE=0
Mon Jul 13 08:36:01 UTC 2026
