MLMG: Initial rhs               = 632375449.5
MLMG: Initial residual (resid0) = 8238893997
MLMG: Final Iter. 3 resid, resid/resid0 = 0.006606370211, 8.01851585e-13
MLMG: Timers: Solve = 0.121553307 Iter = 0.121344994 Bottom = 0.120989649
2 iterations :: err = 8.012423434e-11
Steady state check : (phi(t) - phi(t-1)).norm0() = 1.021318722e-07
Advanced step 34111 in 0.28589205 seconds
 
MLMG: Initial rhs               = 632375449.7
MLMG: Initial residual (resid0) = 8238893997
MLMG: Final Iter. 3 resid, resid/resid0 = 0.005230277777, 6.348276575e-13
MLMG: Timers: Solve = 0.140239874 Iter = 0.140022668 Bottom = 0.139669361
1 iterations :: err = 1
MLMG: Initial rhs               = 632375449.7
MLMG: Initial residual (resid0) = 8238893997
MLMG: Final Iter. 3 resid, resid/resid0 = 0.002040654421, 2.476854808e-13
MLMG: Timers: Solve = 0.14703781 Iter = 0.146835525 Bottom = 0.146483159
2 iterations :: err = 4.763601496e-11
Steady state check : (phi(t) - phi(t-1)).norm0() = 1.001208218e-07
Advanced step 34112 in 0.315924635 seconds
 
MLMG: Initial rhs               = 632375449.6
MLMG: Initial residual (resid0) = 8238893997
MLMG: Final Iter. 3 resid, resid/resid0 = 0.001329928637, 1.614207729e-13
MLMG: Timers: Solve = 0.153896887 Iter = 0.153679046 Bottom = 0.153325806
1 iterations :: err = 1
MLMG: Initial rhs               = 632375449.6
MLMG: Initial residual (resid0) = 8238893997
MLMG: Final Iter. 3 resid, resid/resid0 = 0.006630569696, 8.047888101e-13
MLMG: Timers: Solve = 0.121761917 Iter = 0.121562619 Bottom = 0.121213812
2 iterations :: err = 2.500924796e-10
Steady state check : (phi(t) - phi(t-1)).norm0() = 9.807042515e-08
Advanced step 34113 in 0.292125456 seconds
 
step = 34113, Phi_Bc_hi = -4, num_Vapp = 46, sign = -1
MLMG: Initial rhs               = 632375449.8
MLMG: Initial residual (resid0) = 7328626961
MLMG: Final Iter. 3 resid, resid/resid0 = 0.002022326557, 2.759489011e-13
MLMG: Timers: Solve = 0.144908617 Iter = 0.144668332 Bottom = 0.144310994
1 iterations :: err = 1
MLMG: Initial rhs               = 632375449.8
MLMG: Initial residual (resid0) = 7328626961
MLMG: Final Iter. 3 resid, resid/resid0 = 0.00526958704, 7.190415159e-13
MLMG: Timers: Solve = 0.141344938 Iter = 0.141140975 Bottom = 0.140784313
2 iterations :: err = 3.537386137e-05
MLMG: Initial rhs               = 632375449.8
MLMG: Initial residual (resid0) = 7328626961
MLMG: Final Iter. 3 resid, resid/resid0 = 0.002414345741, 3.294403923e-13
MLMG: Timers: Solve = 0.115962159 Iter = 0.115752959 Bottom = 0.115398243
3 iterations :: err = 2.366716044e-08
voltage_sweep == 1 && num_Vapp == num_Vapp_max!
High-water FAB megabyte spread across MPI nodes: [171 ... 171]
Current     FAB megabyte spread across MPI nodes: [136 ... 136]
Total run time 11707.39631 seconds


TinyProfiler total time across processes [min...avg...max]: 1.171e+04 ... 1.171e+04 ... 1.171e+04

----------------------------------------------------------------------------------------------
Name                                           NCalls  Excl. Min  Excl. Avg  Excl. Max   Max %
----------------------------------------------------------------------------------------------
amrex::Dot()                                 52907310       3050       3050       3050  26.05%
MLABecLaplacian::Fapply()                    26727683       2313       2313       2313  19.76%
MLABecLaplacian::normalize()                 26659176       1703       1703       1703  14.54%
FabArray::norminf()                          27069937       1455       1455       1455  12.43%
ComputePhi_Rho()                                34159      596.8      596.8      596.8   5.10%
FillBoundary_nowait()                        27000921      543.9      543.9      543.9   4.65%
FabArray::Saxpy_Saxpy()                      13285878        382        382        382   3.26%
FabArray::Saypy_Saxpy()                      13167777      355.7      355.7      355.7   3.04%
FabArray::Saxpy_Xpay()                       13080357      353.8      353.8      353.8   3.02%
Calculate_Landau()                              34113      237.2      237.2      237.2   2.03%
ComputeEfromPhi()                               68226      133.2      133.2      133.2   1.14%
MLCellLinOp::applyBC()                       26727683        125        125        125   1.07%
Calculate_Grad()                                34113      122.5      122.5      122.5   1.05%
main()                                              1      89.53      89.53      89.53   0.76%
MLCGSolver::bicgstab                           205521       59.2       59.2       59.2   0.51%
FabArray::setVal()                            1266989      33.09      33.09      33.09   0.28%
amrex::Copy()                                 1130936      27.75      27.75      27.75   0.24%
MLCGSolver::ParallelAllReduce                66398709       21.5       21.5       21.5   0.18%
MLCellLinOp::apply()                         26727683      14.44      14.44      14.44   0.12%
FabArray::FillBoundary()                     27000921      12.33      12.33      12.33   0.11%
MLMG::solve()                                   68507      3.318      3.318      3.318   0.03%
MLMG::actualBottomSolve()                      205521     0.5591     0.5591     0.5591   0.00%
MLMG::oneIter()                                205521     0.2418     0.2418     0.2418   0.00%
MLMG::computeResidual()                        205521      0.168      0.168      0.168   0.00%
MLCellLinOp::solutionResidual()                274028     0.1552     0.1552     0.1552   0.00%
MLMG::mgVcycle()                               205521     0.1447     0.1447     0.1447   0.00%
MLMG::mgVcycle_bottom                          205521    0.06511    0.06511    0.06511   0.00%
Other                                        55885982      73.77      73.77      73.77   0.63%
----------------------------------------------------------------------------------------------

----------------------------------------------------------------------------------------------
Name                                           NCalls  Incl. Min  Incl. Avg  Incl. Max   Max %
----------------------------------------------------------------------------------------------
main()                                              1  1.171e+04  1.171e+04  1.171e+04 100.00%
ComputePhi_Rho()                                34159  1.108e+04  1.108e+04  1.108e+04  94.65%
MLMG::solve()                                   68507  1.044e+04  1.044e+04  1.044e+04  89.20%
MLMG::oneIter()                                205521  1.038e+04  1.038e+04  1.038e+04  88.64%
MLMG::mgVcycle()                               205521  1.037e+04  1.037e+04  1.037e+04  88.60%
MLMG::mgVcycle_bottom                          205521  1.037e+04  1.037e+04  1.037e+04  88.60%
MLMG::actualBottomSolve()                      205521  1.037e+04  1.037e+04  1.037e+04  88.60%
MLCGSolver::bicgstab                           205521  1.037e+04  1.037e+04  1.037e+04  88.56%
amrex::Dot()                                 52907310       3050       3050       3050  26.05%
MLCellLinOp::apply()                         26727683       3014       3014       3014  25.74%
MLABecLaplacian::Fapply()                    26727683       2313       2313       2313  19.76%
MLABecLaplacian::normalize()                 26659176       1703       1703       1703  14.54%
MLCGSolver::ParallelAllReduce                66398709       1572       1572       1572  13.43%
FabArray::norminf()                          27069937       1455       1455       1455  12.43%
MLCellLinOp::applyBC()                       26727683        686        686        686   5.86%
FabArray::FillBoundary()                     27000921      567.3      567.3      567.3   4.85%
FillBoundary_nowait()                        27000921        550        550        550   4.70%
FabArray::Saxpy_Saxpy()                      13285878        382        382        382   3.26%
FabArray::Saypy_Saxpy()                      13167777      355.7      355.7      355.7   3.04%
FabArray::Saxpy_Xpay()                       13080357      353.8      353.8      353.8   3.02%
Calculate_Landau()                              34113      237.2      237.2      237.2   2.03%
ComputeEfromPhi()                               68226      133.2      133.2      133.2   1.14%
Calculate_Grad()                                34113      122.5      122.5      122.5   1.05%
MLCellLinOp::solutionResidual()                274028      38.84      38.84      38.84   0.33%
FabArray::setVal()                            1266989      33.09      33.09      33.09   0.28%
MLMG::computeResidual()                        205521      29.68      29.68      29.68   0.25%
amrex::Copy()                                 1130936      27.75      27.75      27.75   0.24%
Other                                        55885982        114        114        114   0.97%
----------------------------------------------------------------------------------------------

Device Memory Usage:
-------------------------------------------------------------------------
Name                                           Nalloc    AvgMem    MaxMem
-------------------------------------------------------------------------
The_Arena::Initialize()                             1     2   B    16 GiB
main()                                           1360   118 MiB   122 MiB
WritePlotfile()                                   752  5155   B    33 MiB
ResizeRandomSeed                                    2    16 MiB    16 MiB
MLCGSolver::bicgstab                         16441680  9380 KiB    10 MiB
MLMG::prepareForSolve()                            64  8135 KiB  8136 KiB
MLABecLaplacian::define()                          64  7823 KiB  7824 KiB
ComputePhi_Rho()                              7675808   191 KiB  7552 KiB
MultiFab::OverlapMask()                       1167832  2454   B  1889 KiB
BndryData::define()                               192  1735 KiB  1736 KiB
MLCellLinOp::defineAuxData()                      192   815 KiB   816 KiB
FillBoundary_nowait()                          479558   176 KiB   180 KiB
VisMF::Write(FabArray)                          13536     6   B   174 KiB
MultiFab::max()                                 34161  2059   B    89 KiB
MultiFab::norm1                                 68696    25   B    87 KiB
FabArray::norminf()                          27069937    10 KiB    87 KiB
amrex::Dot()                                 52907310    22 KiB    87 KiB
FabArray::setVal()                             685106    74 KiB    74 KiB
amrex::Copy()                                  342786    29 KiB    29 KiB
MLCellLinOp::applyBC()                       26796197    25 KiB    26 KiB
MLCellLinOp::prepareForSolve()                      1     0   B    15 KiB
FabArray::LinComb()                             68508  2048   B  4096   B
MLABecLaplacian::Fapply()                      411042  3586   B  4096   B
FabArray::setVal(val, thecmd, scomp, ncomp)         8     0   B  3328   B
MultiFab::Divide()                              68696     1   B  2048   B
MLCellLinOp::defineBC()                             1  1791   B  1792   B
-------------------------------------------------------------------------

Managed Memory Usage:
---------------------------------------------------------
Name                             Nalloc  AvgMem    MaxMem
---------------------------------------------------------
The_Managed_Arena::Initialize()       1   0   B  8192 KiB
main()                                1   0   B    31 KiB
---------------------------------------------------------

Pinned Memory Usage:
-------------------------------------------------------------------------
Name                                           Nalloc    AvgMem    MaxMem
-------------------------------------------------------------------------
The_Pinned_Arena::Initialize()                      1     0   B  8192 KiB
VisMF::Write(FabArray)                          14288   188   B  2124 KiB
FillBoundary_nowait()                          479558   176 KiB   180 KiB
FabArray::setVal()                             685106    74 KiB    74 KiB
amrex::Copy()                                  342786    29 KiB    29 KiB
MLCellLinOp::applyBC()                          68514    25 KiB    25 KiB
MLCellLinOp::prepareForSolve()                      1     0   B    15 KiB
FabArray::LinComb()                             68508  2048   B  4096   B
MLABecLaplacian::Fapply()                      411042  3586   B  4096   B
FabArray::setVal(val, thecmd, scomp, ncomp)         8     0   B  3328   B
MultiFab::max()                                 34161  2048   B  2304   B
MultiFab::Divide()                              68696     1   B  2048   B
MLCellLinOp::setLevelBC()                          47     0   B  1792   B
MultiFab::OverlapMask()                         68696     0   B  1792   B
amrex::Dot()                                 52907310    65   B   256   B
Unprofiled                                         15     0   B   256   B
MultiFab::norm1                                 68696     0   B   256   B
FabArray::norminf()                          27069937    31   B   256   B
-------------------------------------------------------------------------

Total GPU global memory (MB) spread across MPI: [22491 ... 22491]
Free  GPU global memory (MB) spread across MPI: [5299 ... 5299]
[The         Arena] max space (MB) allocated spread across MPI: [16868 ... 16868]
[The         Arena] max space (MB) used      spread across MPI: [186 ... 186]
[The Managed Arena] max space (MB) allocated spread across MPI: [8 ... 8]
[The Managed Arena] max space (MB) used      spread across MPI: [0 ... 0]
[The  Pinned Arena] max space (MB) allocated spread across MPI: [8 ... 8]
[The  Pinned Arena] max space (MB) used      spread across MPI: [2 ... 2]
AMReX (26.05-39-gbe2cc437644f) finalized

EXIT_CODE=0
Mon Jul 20 03:03:05 UTC 2026
