1 iterations :: err = 1
MLMG: Initial rhs               = 593047450.6
MLMG: Initial residual (resid0) = 8233530253
MLMG: Final Iter. 3 resid, resid/resid0 = 0.003404974937, 4.13549818e-13
MLMG: Timers: Solve = 0.134203611 Iter = 0.134000672 Bottom = 0.133648471
2 iterations :: err = 4.349860095e-11
Steady state check : (phi(t) - phi(t-1)).norm0() = 1.003240776e-07
Advanced step 43551 in 0.304419318 seconds
 
MLMG: Initial rhs               = 593047451.1
MLMG: Initial residual (resid0) = 8233530253
MLMG: Final Iter. 3 resid, resid/resid0 = 0.001785948873, 2.169116791e-13
MLMG: Timers: Solve = 0.111829829 Iter = 0.1116108 Bottom = 0.11125561
1 iterations :: err = 1
MLMG: Initial rhs               = 593047451.1
MLMG: Initial residual (resid0) = 8233530253
MLMG: Final Iter. 3 resid, resid/resid0 = 0.003397808795, 4.126794571e-13
MLMG: Timers: Solve = 0.115229276 Iter = 0.11502037 Bottom = 0.114663523
2 iterations :: err = 1.057262801e-10
Steady state check : (phi(t) - phi(t-1)).norm0() = 1.000869905e-07
Advanced step 43552 in 0.279238349 seconds
 
MLMG: Initial rhs               = 593047450.7
MLMG: Initial residual (resid0) = 8233530254
MLMG: Final Iter. 3 resid, resid/resid0 = 0.0007656551898, 9.299233332e-14
MLMG: Timers: Solve = 0.1297229 Iter = 0.129509281 Bottom = 0.129155914
1 iterations :: err = 1
MLMG: Initial rhs               = 593047450.7
MLMG: Initial residual (resid0) = 8233530254
MLMG: Final Iter. 3 resid, resid/resid0 = 0.00489282608, 5.94256161e-13
MLMG: Timers: Solve = 0.135055412 Iter = 0.134853138 Bottom = 0.134497838
2 iterations :: err = 1.231148713e-11
Steady state check : (phi(t) - phi(t-1)).norm0() = 9.982466834e-08
Advanced step 43553 in 0.294969835 seconds
 
step = 43553, Phi_Bc_hi = -4, num_Vapp = 46, sign = -1
MLMG: Initial rhs               = 593047451.3
MLMG: Initial residual (resid0) = 7323263218
MLMG: Final Iter. 3 resid, resid/resid0 = 0.005354305729, 7.311365944e-13
MLMG: Timers: Solve = 0.122216257 Iter = 0.121979794 Bottom = 0.12161878
1 iterations :: err = 1
MLMG: Initial rhs               = 593047451.3
MLMG: Initial residual (resid0) = 7323263218
MLMG: Final Iter. 3 resid, resid/resid0 = 0.004282206297, 5.847401861e-13
MLMG: Timers: Solve = 0.134147664 Iter = 0.133945535 Bottom = 0.133594127
2 iterations :: err = 3.495364171e-05
MLMG: Initial rhs               = 593047451.3
MLMG: Initial residual (resid0) = 7323263218
MLMG: Final Iter. 3 resid, resid/resid0 = 0.001476681552, 2.016425612e-13
MLMG: Timers: Solve = 0.130253679 Iter = 0.130047986 Bottom = 0.129691081
3 iterations :: err = 2.209274168e-08
voltage_sweep == 1 && num_Vapp == num_Vapp_max!
High-water FAB megabyte spread across MPI nodes: [171 ... 171]
Current     FAB megabyte spread across MPI nodes: [136 ... 136]
Total run time 14766.61967 seconds


TinyProfiler total time across processes [min...avg...max]: 1.477e+04 ... 1.477e+04 ... 1.477e+04

----------------------------------------------------------------------------------------------
Name                                           NCalls  Excl. Min  Excl. Avg  Excl. Max   Max %
----------------------------------------------------------------------------------------------
amrex::Dot()                                 66518504       3876       3876       3876  26.25%
MLABecLaplacian::Fapply()                    33608784       2940       2940       2940  19.91%
MLABecLaplacian::normalize()                 33521401       2165       2165       2165  14.66%
FabArray::norminf()                          34045422       1804       1804       1804  12.21%
ComputePhi_Rho()                                43599      769.9      769.9      769.9   5.21%
FillBoundary_nowait()                        33957538        686        686        686   4.65%
FabArray::Saxpy_Saxpy()                      16704934        471        471        471   3.19%
FabArray::Saypy_Saxpy()                      16554318        443        443        443   3.00%
FabArray::Saxpy_Xpay()                       16442785        438        438        438   2.97%
Calculate_Landau()                              43553      303.3      303.3      303.3   2.05%
ComputeEfromPhi()                               87106      171.8      171.8      171.8   1.16%
Calculate_Grad()                                43553      155.1      155.1      155.1   1.05%
MLCellLinOp::applyBC()                       33608784      154.9      154.9      154.9   1.05%
main()                                              1      85.01      85.01      85.01   0.58%
MLCGSolver::bicgstab                           262149      71.96      71.96      71.96   0.49%
FabArray::setVal()                            1616201       43.1       43.1       43.1   0.29%
amrex::Copy()                                 1442392      35.93      35.93      35.93   0.24%
MLCGSolver::ParallelAllReduce                83485587      23.21      23.21      23.21   0.16%
MLCellLinOp::apply()                         33608784      18.01      18.01      18.01   0.12%
FabArray::FillBoundary()                     33957538      14.19      14.19      14.19   0.10%
MLMG::solve()                                   87383      4.089      4.089      4.089   0.03%
MLMG::actualBottomSolve()                      262149     0.8102     0.8102     0.8102   0.01%
MLMG::oneIter()                                262149     0.2774     0.2774     0.2774   0.00%
MLMG::computeResidual()                        262149     0.2126     0.2126     0.2126   0.00%
MLMG::mgVcycle()                               262149     0.1689     0.1689     0.1689   0.00%
MLCellLinOp::solutionResidual()                349532     0.1684     0.1684     0.1684   0.00%
MLMG::mgVcycle_bottom                          262149     0.1318     0.1318     0.1318   0.00%
Other                                        70318304      92.22      92.22      92.22   0.62%
----------------------------------------------------------------------------------------------

----------------------------------------------------------------------------------------------
Name                                           NCalls  Incl. Min  Incl. Avg  Incl. Max   Max %
----------------------------------------------------------------------------------------------
main()                                              1  1.477e+04  1.477e+04  1.477e+04 100.00%
ComputePhi_Rho()                                43599    1.4e+04    1.4e+04    1.4e+04  94.79%
MLMG::solve()                                   87383  1.317e+04  1.317e+04  1.317e+04  89.20%
MLMG::oneIter()                                262149  1.309e+04  1.309e+04  1.309e+04  88.62%
MLMG::mgVcycle()                               262149  1.308e+04  1.308e+04  1.308e+04  88.57%
MLMG::mgVcycle_bottom                          262149  1.308e+04  1.308e+04  1.308e+04  88.57%
MLMG::actualBottomSolve()                      262149  1.308e+04  1.308e+04  1.308e+04  88.57%
MLCGSolver::bicgstab                           262149  1.307e+04  1.307e+04  1.307e+04  88.53%
amrex::Dot()                                 66518504       3876       3876       3876  26.25%
MLCellLinOp::apply()                         33608784       3816       3816       3816  25.85%
MLABecLaplacian::Fapply()                    33608784       2940       2940       2940  19.91%
MLABecLaplacian::normalize()                 33521401       2165       2165       2165  14.66%
MLCGSolver::ParallelAllReduce                83485587       2009       2009       2009  13.60%
FabArray::norminf()                          34045422       1804       1804       1804  12.21%
MLCellLinOp::applyBC()                       33608784      858.4      858.4      858.4   5.81%
FabArray::FillBoundary()                     33957538        712        712        712   4.82%
FillBoundary_nowait()                        33957538      692.4      692.4      692.4   4.69%
FabArray::Saxpy_Saxpy()                      16704934        471        471        471   3.19%
FabArray::Saypy_Saxpy()                      16554318        443        443        443   3.00%
FabArray::Saxpy_Xpay()                       16442785        438        438        438   2.97%
Calculate_Landau()                              43553      303.3      303.3      303.3   2.05%
ComputeEfromPhi()                               87106      171.8      171.8      171.8   1.16%
Calculate_Grad()                                43553      155.1      155.1      155.1   1.05%
MLCellLinOp::solutionResidual()                349532      52.26      52.26      52.26   0.35%
FabArray::setVal()                            1616201       43.1       43.1       43.1   0.29%
MLMG::computeResidual()                        262149      39.47      39.47      39.47   0.27%
amrex::Copy()                                 1442392      35.93      35.93      35.93   0.24%
Other                                        70318304      145.5      145.5      145.5   0.99%
----------------------------------------------------------------------------------------------

Device Memory Usage:
-------------------------------------------------------------------------
Name                                           Nalloc    AvgMem    MaxMem
-------------------------------------------------------------------------
The_Arena::Initialize()                             1     1   B    16 GiB
main()                                           1360   118 MiB   122 MiB
WritePlotfile()                                   752  4986   B    33 MiB
ResizeRandomSeed                                    2    16 MiB    16 MiB
MLCGSolver::bicgstab                         20971920  9377 KiB    10 MiB
MLMG::prepareForSolve()                            64  8135 KiB  8136 KiB
MLABecLaplacian::define()                          64  7823 KiB  7824 KiB
ComputePhi_Rho()                              9789856   194 KiB  7552 KiB
MultiFab::OverlapMask()                       1488656  2441   B  1889 KiB
BndryData::define()                               192  1735 KiB  1736 KiB
MLCellLinOp::defineAuxData()                      192   815 KiB   816 KiB
FillBoundary_nowait()                          611690   176 KiB   180 KiB
VisMF::Write(FabArray)                          13536     4   B   174 KiB
MultiFab::max()                                 43601  2062   B    89 KiB
MultiFab::norm1                                 87568    25   B    87 KiB
FabArray::norminf()                          34045422    10 KiB    87 KiB
amrex::Dot()                                 66518504    22 KiB    87 KiB
FabArray::setVal()                             873866    74 KiB    74 KiB
amrex::Copy()                                  437162    29 KiB    29 KiB
MLCellLinOp::applyBC()                       33696174    25 KiB    26 KiB
MLCellLinOp::prepareForSolve()                      1     0   B    15 KiB
FabArray::LinComb()                             87384  2048   B  4096   B
MLABecLaplacian::Fapply()                      524298  3584   B  4096   B
FabArray::setVal(val, thecmd, scomp, ncomp)         8     0   B  3328   B
MultiFab::Divide()                              87568     1   B  2048   B
MLCellLinOp::defineBC()                             1  1791   B  1792   B
-------------------------------------------------------------------------

Managed Memory Usage:
---------------------------------------------------------
Name                             Nalloc  AvgMem    MaxMem
---------------------------------------------------------
The_Managed_Arena::Initialize()       1   0   B  8192 KiB
main()                                1   0   B    31 KiB
---------------------------------------------------------

Pinned Memory Usage:
-------------------------------------------------------------------------
Name                                           Nalloc    AvgMem    MaxMem
-------------------------------------------------------------------------
The_Pinned_Arena::Initialize()                      1     0   B  8192 KiB
VisMF::Write(FabArray)                          14288   213   B  2124 KiB
FillBoundary_nowait()                          611690   176 KiB   180 KiB
FabArray::setVal()                             873866    74 KiB    74 KiB
amrex::Copy()                                  437162    29 KiB    29 KiB
MLCellLinOp::applyBC()                          87390    25 KiB    25 KiB
MLCellLinOp::prepareForSolve()                      1     0   B    15 KiB
FabArray::LinComb()                             87384  2048   B  4096   B
MLABecLaplacian::Fapply()                      524298  3584   B  4096   B
FabArray::setVal(val, thecmd, scomp, ncomp)         8     0   B  3328   B
MultiFab::max()                                 43601  2048   B  2304   B
MultiFab::Divide()                              87568     1   B  2048   B
MLCellLinOp::setLevelBC()                          47     0   B  1792   B
MultiFab::OverlapMask()                         87568     0   B  1792   B
amrex::Dot()                                 66518504    66   B   256   B
Unprofiled                                         15     0   B   256   B
MultiFab::norm1                                 87568     0   B   256   B
FabArray::norminf()                          34045422    30   B   256   B
-------------------------------------------------------------------------

Total GPU global memory (MB) spread across MPI: [22491 ... 22491]
Free  GPU global memory (MB) spread across MPI: [5299 ... 5299]
[The         Arena] max space (MB) allocated spread across MPI: [16868 ... 16868]
[The         Arena] max space (MB) used      spread across MPI: [186 ... 186]
[The Managed Arena] max space (MB) allocated spread across MPI: [8 ... 8]
[The Managed Arena] max space (MB) used      spread across MPI: [0 ... 0]
[The  Pinned Arena] max space (MB) allocated spread across MPI: [8 ... 8]
[The  Pinned Arena] max space (MB) used      spread across MPI: [2 ... 2]
AMReX (26.05-39-gbe2cc437644f) finalized
EXIT_CODE=0
Tue Jun 30 16:58:42 UTC 2026
