MLMG: Final Iter. 3 resid, resid/resid0 = 0.003231804541, 4.223342592e-13
MLMG: Timers: Solve = 0.129807709 Iter = 0.129610351 Bottom = 0.129258812
2 iterations :: err = 5.033073163e-11
Steady state check : (phi(t) - phi(t-1)).norm0() = 1.004878082e-07
Advanced step 57401 in 0.265221904 seconds
 
MLMG: Initial rhs               = 368843250.6
MLMG: Initial residual (resid0) = 7652243382
MLMG: Final Iter. 3 resid, resid/resid0 = 0.003993543796, 5.218788265e-13
MLMG: Timers: Solve = 0.136292046 Iter = 0.136082882 Bottom = 0.135734061
1 iterations :: err = 1
MLMG: Initial rhs               = 368843251.5
MLMG: Initial residual (resid0) = 7652243382
MLMG: Final Iter. 3 resid, resid/resid0 = 0.004844792187, 6.33120504e-13
MLMG: Timers: Solve = 0.139138345 Iter = 0.138940956 Bottom = 0.138589934
2 iterations :: err = 9.020231269e-11
Steady state check : (phi(t) - phi(t-1)).norm0() = 1.001439482e-07
Advanced step 57402 in 0.303274795 seconds
 
MLMG: Initial rhs               = 368843251.3
MLMG: Initial residual (resid0) = 7652243381
MLMG: Final Iter. 3 resid, resid/resid0 = 0.00282054162, 3.685901611e-13
MLMG: Timers: Solve = 0.122369386 Iter = 0.122157942 Bottom = 0.121807796
1 iterations :: err = 1
MLMG: Initial rhs               = 368843252.3
MLMG: Initial residual (resid0) = 7652243381
MLMG: Final Iter. 3 resid, resid/resid0 = 0.003452157835, 4.51130167e-13
MLMG: Timers: Solve = 0.136546884 Iter = 0.13635169 Bottom = 0.136002506
2 iterations :: err = 5.797408266e-11
Steady state check : (phi(t) - phi(t-1)).norm0() = 9.976063237e-08
Advanced step 57403 in 0.274779395 seconds
 
step = 57403, Phi_Bc_hi = -4, num_Vapp = 46, sign = -1
MLMG: Initial rhs               = 368843252.4
MLMG: Initial residual (resid0) = 6802643379
MLMG: Final Iter. 3 resid, resid/resid0 = 0.002798467875, 4.113794768e-13
MLMG: Timers: Solve = 0.141722331 Iter = 0.141495804 Bottom = 0.141138742
1 iterations :: err = 1
MLMG: Initial rhs               = 358868894.4
MLMG: Initial residual (resid0) = 6802643379
MLMG: Final Iter. 3 resid, resid/resid0 = 0.002458733739, 3.614379885e-13
MLMG: Timers: Solve = 0.147219279 Iter = 0.147020524 Bottom = 0.146665682
2 iterations :: err = 1.879236105e-05
MLMG: Initial rhs               = 358795643.3
MLMG: Initial residual (resid0) = 6802643379
MLMG: Final Iter. 3 resid, resid/resid0 = 0.003400139511, 4.998262177e-13
MLMG: Timers: Solve = 0.125423114 Iter = 0.12521969 Bottom = 0.12486696
3 iterations :: err = 4.23245087e-09
voltage_sweep == 1 && num_Vapp == num_Vapp_max!
High-water FAB megabyte spread across MPI nodes: [171 ... 171]
Current     FAB megabyte spread across MPI nodes: [136 ... 136]
Total run time 17563.05625 seconds


TinyProfiler total time across processes [min...avg...max]: 1.756e+04 ... 1.756e+04 ... 1.756e+04

-----------------------------------------------------------------------------------------------
Name                                            NCalls  Excl. Min  Excl. Avg  Excl. Max   Max %
-----------------------------------------------------------------------------------------------
amrex::Dot()                                  80140676       4655       4655       4655  26.51%
MLABecLaplacian::Fapply()                     40530680       3642       3642       3642  20.74%
MLABecLaplacian::normalize()                  40415594       2525       2525       2525  14.38%
FabArray::norminf()                           41105828       2172       2172       2172  12.36%
ComputePhi_Rho()                                 57449        812        812        812   4.62%
FillBoundary_nowait()                         40990237      788.1      788.1      788.1   4.49%
FabArray::Saypy_Saxpy()                       19933329      545.6      545.6      545.6   3.11%
FabArray::Saxpy_Saxpy()                       20137009      526.7      526.7      526.7   3.00%
FabArray::Saxpy_Xpay()                        19791753      505.5      505.5      505.5   2.88%
Calculate_Landau()                               57403      390.2      390.2      390.2   2.22%
Calculate_Grad()                                 57403      208.5      208.5      208.5   1.19%
ComputeEfromPhi()                               114806      207.9      207.9      207.9   1.18%
MLCellLinOp::applyBC()                        40530680      175.2      175.2      175.2   1.00%
MLCGSolver::bicgstab                            345256      92.27      92.27      92.27   0.53%
FabArray::setVal()                             2128696      58.73      58.73      58.73   0.33%
amrex::Copy()                                  1899484      48.76      48.76      48.76   0.28%
MLCGSolver::ParallelAllReduce                100622941      28.04      28.04      28.04   0.16%
main()                                               1       24.3       24.3       24.3   0.14%
MLCellLinOp::apply()                          40530680      20.61      20.61      20.61   0.12%
FabArray::FillBoundary()                      40990237      19.28      19.28      19.28   0.11%
MLMG::solve()                                   115086      5.475      5.475      5.475   0.03%
MLMG::actualBottomSolve()                       345256      1.203      1.203      1.203   0.01%
MLMG::oneIter()                                 345256     0.4703     0.4703     0.4703   0.00%
MLCellLinOp::solutionResidual()                 460342     0.2876     0.2876     0.2876   0.00%
MLMG::ResNormInf()                              460342     0.2751     0.2751     0.2751   0.00%
MLMG::computeResidual()                         345256     0.2533     0.2533     0.2533   0.00%
MLMG::mgVcycle_bottom                           345256     0.2277     0.2277     0.2277   0.00%
MLMG::mgVcycle()                                345256     0.1939     0.1939     0.1939   0.00%
Other                                         84685186      108.7      108.7      108.7   0.62%
-----------------------------------------------------------------------------------------------

-----------------------------------------------------------------------------------------------
Name                                            NCalls  Incl. Min  Incl. Avg  Incl. Max   Max %
-----------------------------------------------------------------------------------------------
main()                                               1  1.756e+04  1.756e+04  1.756e+04 100.00%
ComputePhi_Rho()                                 57449  1.667e+04  1.667e+04  1.667e+04  94.93%
MLMG::solve()                                   115086  1.579e+04  1.579e+04  1.579e+04  89.90%
MLMG::oneIter()                                 345256  1.567e+04  1.567e+04  1.567e+04  89.22%
MLMG::mgVcycle()                                345256  1.566e+04  1.566e+04  1.566e+04  89.17%
MLMG::mgVcycle_bottom                           345256  1.566e+04  1.566e+04  1.566e+04  89.17%
MLMG::actualBottomSolve()                       345256  1.566e+04  1.566e+04  1.566e+04  89.16%
MLCGSolver::bicgstab                            345256  1.565e+04  1.565e+04  1.565e+04  89.12%
amrex::Dot()                                  80140676       4655       4655       4655  26.51%
MLCellLinOp::apply()                          40530680       4650       4650       4650  26.47%
MLABecLaplacian::Fapply()                     40530680       3642       3642       3642  20.74%
MLABecLaplacian::normalize()                  40415594       2525       2525       2525  14.38%
MLCGSolver::ParallelAllReduce                100622941       2354       2354       2354  13.40%
FabArray::norminf()                           41105828       2172       2172       2172  12.36%
MLCellLinOp::applyBC()                        40530680      986.6      986.6      986.6   5.62%
FabArray::FillBoundary()                      40990237      822.2      822.2      822.2   4.68%
FillBoundary_nowait()                         40990237      796.2      796.2      796.2   4.53%
FabArray::Saypy_Saxpy()                       19933329      545.6      545.6      545.6   3.11%
FabArray::Saxpy_Saxpy()                       20137009      526.7      526.7      526.7   3.00%
FabArray::Saxpy_Xpay()                        19791753      505.5      505.5      505.5   2.88%
Calculate_Landau()                               57403      390.2      390.2      390.2   2.22%
Calculate_Grad()                                 57403      208.5      208.5      208.5   1.19%
ComputeEfromPhi()                               114806      207.9      207.9      207.9   1.18%
MLCellLinOp::solutionResidual()                 460342      71.83      71.83      71.83   0.41%
FabArray::setVal()                             2128696      58.73      58.73      58.73   0.33%
MLMG::computeResidual()                         345256      50.62      50.62      50.62   0.29%
amrex::Copy()                                  1899484      48.76      48.76      48.76   0.28%
MLMG::ResNormInf()                              460342      23.64      23.64      23.64   0.13%
Other                                         84685186      161.3      161.3      161.3   0.92%
-----------------------------------------------------------------------------------------------

Device Memory Usage:
-------------------------------------------------------------------------
Name                                           Nalloc    AvgMem    MaxMem
-------------------------------------------------------------------------
The_Arena::Initialize()                             1     1   B    16 GiB
main()                                           1360   118 MiB   122 MiB
WritePlotfile()                                   752  4089   B    33 MiB
ResizeRandomSeed                                    2    16 MiB    16 MiB
MLCGSolver::bicgstab                         27620480  9437 KiB    10 MiB
MLMG::prepareForSolve()                            64  8135 KiB  8136 KiB
MLABecLaplacian::define()                          64  7823 KiB  7824 KiB
ComputePhi_Rho()                             12892640   180 KiB  7552 KiB
MultiFab::OverlapMask()                       1959658  2678   B  1889 KiB
BndryData::define()                               192  1735 KiB  1736 KiB
MLCellLinOp::defineAuxData()                      192   815 KiB   816 KiB
FillBoundary_nowait()                          805607   176 KiB   180 KiB
VisMF::Write(FabArray)                          13536     3   B   174 KiB
MultiFab::max()                                 57451  2063   B    89 KiB
MultiFab::norm1                                115274    27   B    87 KiB
FabArray::norminf()                          41105828    10 KiB    87 KiB
amrex::Dot()                                 80140676    22 KiB    87 KiB
FabArray::setVal()                            1150892    74 KiB    74 KiB
amrex::Copy()                                  575678    29 KiB    29 KiB
MLCellLinOp::applyBC()                       40645773    25 KiB    26 KiB
MLCellLinOp::prepareForSolve()                      1     0   B    15 KiB
FabArray::LinComb()                            115087  2048   B  4096   B
MLABecLaplacian::Fapply()                      690512  3602   B  4096   B
FabArray::setVal(val, thecmd, scomp, ncomp)         8     0   B  3328   B
MultiFab::Divide()                             115274     1   B  2048   B
MLCellLinOp::defineBC()                             1  1791   B  1792   B
-------------------------------------------------------------------------

Managed Memory Usage:
---------------------------------------------------------
Name                             Nalloc  AvgMem    MaxMem
---------------------------------------------------------
The_Managed_Arena::Initialize()       1   0   B  8192 KiB
main()                                1   0   B    31 KiB
---------------------------------------------------------

Pinned Memory Usage:
-------------------------------------------------------------------------
Name                                           Nalloc    AvgMem    MaxMem
-------------------------------------------------------------------------
The_Pinned_Arena::Initialize()                      1     0   B  8192 KiB
VisMF::Write(FabArray)                          14288   169   B  2124 KiB
FillBoundary_nowait()                          805607   176 KiB   180 KiB
FabArray::setVal()                            1150892    74 KiB    74 KiB
amrex::Copy()                                  575678    29 KiB    29 KiB
MLCellLinOp::applyBC()                         115093    25 KiB    25 KiB
MLCellLinOp::prepareForSolve()                      1     0   B    15 KiB
FabArray::LinComb()                            115087  2048   B  4096   B
MLABecLaplacian::Fapply()                      690512  3602   B  4096   B
FabArray::setVal(val, thecmd, scomp, ncomp)         8     0   B  3328   B
MultiFab::max()                                 57451  2048   B  2304   B
MultiFab::Divide()                             115274     1   B  2048   B
MLCellLinOp::setLevelBC()                          47     0   B  1792   B
MultiFab::OverlapMask()                        115274     0   B  1792   B
amrex::Dot()                                 80140676    67   B   256   B
Unprofiled                                         15     0   B   256   B
MultiFab::norm1                                115274     0   B   256   B
FabArray::norminf()                          41105828    31   B   256   B
-------------------------------------------------------------------------

Total GPU global memory (MB) spread across MPI: [22491 ... 22491]
Free  GPU global memory (MB) spread across MPI: [5299 ... 5299]
[The         Arena] max space (MB) allocated spread across MPI: [16868 ... 16868]
[The         Arena] max space (MB) used      spread across MPI: [186 ... 186]
[The Managed Arena] max space (MB) allocated spread across MPI: [8 ... 8]
[The Managed Arena] max space (MB) used      spread across MPI: [0 ... 0]
[The  Pinned Arena] max space (MB) allocated spread across MPI: [8 ... 8]
[The  Pinned Arena] max space (MB) used      spread across MPI: [2 ... 2]
AMReX (26.05-39-gbe2cc437644f) finalized

EXIT_CODE=0
Sat Jul 18 02:17:02 UTC 2026
