MLMG: Initial rhs               = 288937360.2
MLMG: Initial residual (resid0) = 8778985600
MLMG: Final Iter. 3 resid, resid/resid0 = 0.0003332699416, 3.79622381e-14
MLMG: Timers: Solve = 0.082585172 Iter = 0.082383603 Bottom = 0.082035015
2 iterations :: err = 3.073233307e-10
Steady state check : (phi(t) - phi(t-1)).norm0() = 2.92778142e-07
Advanced step 21760 in 0.229250468 seconds
 
MLMG: Initial rhs               = 288937360.2
MLMG: Initial residual (resid0) = 8778985593
MLMG: Final Iter. 3 resid, resid/resid0 = 0.003214596771, 3.661695007e-13
MLMG: Timers: Solve = 0.097486077 Iter = 0.097270076 Bottom = 0.096922699
1 iterations :: err = 1
MLMG: Initial rhs               = 288937390.5
MLMG: Initial residual (resid0) = 8778985593
MLMG: Final Iter. 3 resid, resid/resid0 = 0.003746498842, 4.267576023e-13
MLMG: Timers: Solve = 0.081279448 Iter = 0.081078412 Bottom = 0.080734747
2 iterations :: err = 3.887262825e-11
Steady state check : (phi(t) - phi(t-1)).norm0() = 1.409044023e-07
Advanced step 21761 in 0.224234175 seconds
 
MLMG: Initial rhs               = 288937390.5
MLMG: Initial residual (resid0) = 8778985589
MLMG: Final Iter. 3 resid, resid/resid0 = 0.001269775554, 1.446380725e-13
MLMG: Timers: Solve = 0.105779696 Iter = 0.105566524 Bottom = 0.105216627
1 iterations :: err = 1
MLMG: Initial rhs               = 288937405.1
MLMG: Initial residual (resid0) = 8778985589
MLMG: Final Iter. 3 resid, resid/resid0 = 0.001250417126, 1.424329854e-13
MLMG: Timers: Solve = 0.099444356 Iter = 0.099240515 Bottom = 0.098892291
2 iterations :: err = 1.415001912e-11
Steady state check : (phi(t) - phi(t-1)).norm0() = 6.780022003e-08
Advanced step 21762 in 0.250401071 seconds
 
step = 21762, Phi_Bc_hi = -4, num_Vapp = 46, sign = -1
MLMG: Initial rhs               = 288937405.1
MLMG: Initial residual (resid0) = 7801313654
MLMG: Final Iter. 3 resid, resid/resid0 = 0.001142008939, 1.463867484e-13
MLMG: Timers: Solve = 0.091007539 Iter = 0.090780796 Bottom = 0.090437815
1 iterations :: err = 1
MLMG: Initial rhs               = 274485700.1
MLMG: Initial residual (resid0) = 7801313654
MLMG: Final Iter. 3 resid, resid/resid0 = 0.002554524268, 3.274479634e-13
MLMG: Timers: Solve = 0.091650611 Iter = 0.091444407 Bottom = 0.091092515
2 iterations :: err = 6.272398729e-05
MLMG: Initial rhs               = 274279349.3
MLMG: Initial residual (resid0) = 7801313654
MLMG: Final Iter. 3 resid, resid/resid0 = 0.00118895219, 1.524041005e-13
MLMG: Timers: Solve = 0.101583856 Iter = 0.101378155 Bottom = 0.101031304
3 iterations :: err = 4.912412123e-08
voltage_sweep == 1 && num_Vapp == num_Vapp_max!
High-water FAB megabyte spread across MPI nodes: [171 ... 171]
Current     FAB megabyte spread across MPI nodes: [136 ... 136]
Total run time 7730.614355 seconds


TinyProfiler total time across processes [min...avg...max]: 7731 ... 7731 ... 7731

----------------------------------------------------------------------------------------------
Name                                           NCalls  Excl. Min  Excl. Avg  Excl. Max   Max %
----------------------------------------------------------------------------------------------
amrex::Dot()                                 35897132       2050       2050       2050  26.51%
MLABecLaplacian::Fapply()                    18123451       1567       1567       1567  20.28%
MLABecLaplacian::normalize()                 18079729       1113       1113       1113  14.39%
FabArray::norminf()                          18341860      937.7      937.7      937.7  12.13%
ComputePhi_Rho()                                21808      365.9      365.9      365.9   4.73%
FillBoundary_nowait()                        18297798      346.3      346.3      346.3   4.48%
FabArray::Saypy_Saxpy()                       8933487      250.3      250.3      250.3   3.24%
FabArray::Saxpy_Saxpy()                       9015079      234.3      234.3      234.3   3.03%
FabArray::Saxpy_Xpay()                        8883916      225.8      225.8      225.8   2.92%
Calculate_Landau()                              21762      151.1      151.1      151.1   1.95%
main()                                              1      112.4      112.4      112.4   1.45%
Calculate_Grad()                                21762      80.72      80.72      80.72   1.04%
MLCellLinOp::applyBC()                       18123451      77.35      77.35      77.35   1.00%
ComputeEfromPhi()                               43524      72.15      72.15      72.15   0.93%
MLCGSolver::bicgstab                           131163      36.99      36.99      36.99   0.48%
FabArray::setVal()                             808582      19.21      19.21      19.21   0.25%
amrex::Copy()                                  722016      15.67      15.67      15.67   0.20%
MLCGSolver::ParallelAllReduce                45043374      12.32      12.32      12.32   0.16%
MLCellLinOp::apply()                         18123451      9.256      9.256      9.256   0.12%
FabArray::FillBoundary()                     18297798      8.646      8.646      8.646   0.11%
MLMG::solve()                                   43722      1.943      1.943      1.943   0.03%
MLMG::actualBottomSolve()                      131163     0.3787     0.3787     0.3787   0.00%
MLMG::oneIter()                                131163     0.1387     0.1387     0.1387   0.00%
MLMG::computeResidual()                        131163     0.1326     0.1326     0.1326   0.00%
MLCellLinOp::solutionResidual()                174885     0.1298     0.1298     0.1298   0.00%
MLMG::mgVcycle_bottom                          131163     0.1252     0.1252     0.1252   0.00%
MLMG::mgVcycle()                               131163    0.05169    0.05169    0.05169   0.00%
Other                                        37798095      42.07      42.07      42.07   0.54%
----------------------------------------------------------------------------------------------

----------------------------------------------------------------------------------------------
Name                                           NCalls  Incl. Min  Incl. Avg  Incl. Max   Max %
----------------------------------------------------------------------------------------------
main()                                              1       7731       7731       7731 100.00%
ComputePhi_Rho()                                21808       7292       7292       7292  94.32%
MLMG::solve()                                   43722       6902       6902       6902  89.28%
MLMG::oneIter()                                131163       6863       6863       6863  88.77%
MLMG::mgVcycle()                               131163       6860       6860       6860  88.73%
MLMG::mgVcycle_bottom                          131163       6860       6860       6860  88.73%
MLMG::actualBottomSolve()                      131163       6859       6859       6859  88.73%
MLCGSolver::bicgstab                           131163       6857       6857       6857  88.69%
amrex::Dot()                                 35897132       2050       2050       2050  26.51%
MLCellLinOp::apply()                         18123451       2013       2013       2013  26.05%
MLABecLaplacian::Fapply()                    18123451       1567       1567       1567  20.28%
MLABecLaplacian::normalize()                 18079729       1113       1113       1113  14.39%
MLCGSolver::ParallelAllReduce                45043374       1011       1011       1011  13.08%
FabArray::norminf()                          18341860      937.7      937.7      937.7  12.13%
MLCellLinOp::applyBC()                       18123451      436.8      436.8      436.8   5.65%
FabArray::FillBoundary()                     18297798      362.9      362.9      362.9   4.69%
FillBoundary_nowait()                        18297798      351.7      351.7      351.7   4.55%
FabArray::Saypy_Saxpy()                       8933487      250.3      250.3      250.3   3.24%
FabArray::Saxpy_Saxpy()                       9015079      234.3      234.3      234.3   3.03%
FabArray::Saxpy_Xpay()                        8883916      225.8      225.8      225.8   2.92%
Calculate_Landau()                              21762      151.1      151.1      151.1   1.95%
Calculate_Grad()                                21762      80.72      80.72      80.72   1.04%
ComputeEfromPhi()                               43524      72.15      72.15      72.15   0.93%
MLCellLinOp::solutionResidual()                174885      23.57      23.57      23.57   0.30%
FabArray::setVal()                             808582      19.21      19.21      19.21   0.25%
MLMG::computeResidual()                        131163      18.23      18.23      18.23   0.24%
amrex::Copy()                                  722016      15.67      15.67      15.67   0.20%
Other                                        37798095      67.07      67.07      67.07   0.87%
----------------------------------------------------------------------------------------------

Device Memory Usage:
-------------------------------------------------------------------------
Name                                           Nalloc    AvgMem    MaxMem
-------------------------------------------------------------------------
The_Arena::Initialize()                             1     3   B    16 GiB
main()                                           1360   118 MiB   122 MiB
WritePlotfile()                                   752  7176   B    33 MiB
ResizeRandomSeed                                    2    16 MiB    16 MiB
MLCGSolver::bicgstab                         10493040  9396 KiB    10 MiB
MLMG::prepareForSolve()                            64  8135 KiB  8136 KiB
MLABecLaplacian::define()                          64  7823 KiB  7824 KiB
ComputePhi_Rho()                              4898560   183 KiB  7552 KiB
MultiFab::OverlapMask()                        745076  2232   B  1889 KiB
BndryData::define()                               192  1735 KiB  1736 KiB
MLCellLinOp::defineAuxData()                      192   815 KiB   816 KiB
FillBoundary_nowait()                          306057   176 KiB   180 KiB
VisMF::Write(FabArray)                          13536    10   B   174 KiB
MultiFab::max()                                 21810  2056   B    89 KiB
MultiFab::norm1                                 43828    22   B    87 KiB
FabArray::norminf()                          18341860    10 KiB    87 KiB
amrex::Dot()                                 35897132    22 KiB    87 KiB
FabArray::setVal()                             437250    74 KiB    74 KiB
amrex::Copy()                                  218775    29 KiB    29 KiB
MLCellLinOp::applyBC()                       18167180    25 KiB    26 KiB
MLCellLinOp::prepareForSolve()                      1     0   B    15 KiB
FabArray::LinComb()                             43723  2048   B  4096   B
MLABecLaplacian::Fapply()                      262326  3596   B  4096   B
FabArray::setVal(val, thecmd, scomp, ncomp)         8     0   B  3328   B
MultiFab::Divide()                              43828     1   B  2048   B
MLCellLinOp::defineBC()                             1  1791   B  1792   B
-------------------------------------------------------------------------

Managed Memory Usage:
---------------------------------------------------------
Name                             Nalloc  AvgMem    MaxMem
---------------------------------------------------------
The_Managed_Arena::Initialize()       1   0   B  8192 KiB
main()                                1   0   B    31 KiB
---------------------------------------------------------

Pinned Memory Usage:
-------------------------------------------------------------------------
Name                                           Nalloc    AvgMem    MaxMem
-------------------------------------------------------------------------
The_Pinned_Arena::Initialize()                      1     0   B  8192 KiB
VisMF::Write(FabArray)                          14288   268   B  2124 KiB
FillBoundary_nowait()                          306057   176 KiB   180 KiB
FabArray::setVal()                             437250    74 KiB    74 KiB
amrex::Copy()                                  218775    29 KiB    29 KiB
MLCellLinOp::applyBC()                          43729    25 KiB    25 KiB
MLCellLinOp::prepareForSolve()                      1     0   B    15 KiB
FabArray::LinComb()                             43723  2048   B  4096   B
MLABecLaplacian::Fapply()                      262326  3596   B  4096   B
FabArray::setVal(val, thecmd, scomp, ncomp)         8     0   B  3328   B
MultiFab::max()                                 21810  2048   B  2304   B
MultiFab::Divide()                              43828     1   B  2048   B
MLCellLinOp::setLevelBC()                          47     0   B  1792   B
MultiFab::OverlapMask()                         43828     0   B  1792   B
amrex::Dot()                                 35897132    67   B   256   B
Unprofiled                                         15     0   B   256   B
MultiFab::norm1                                 43828     0   B   256   B
FabArray::norminf()                          18341860    30   B   256   B
-------------------------------------------------------------------------

Total GPU global memory (MB) spread across MPI: [22491 ... 22491]
Free  GPU global memory (MB) spread across MPI: [5299 ... 5299]
[The         Arena] max space (MB) allocated spread across MPI: [16868 ... 16868]
[The         Arena] max space (MB) used      spread across MPI: [186 ... 186]
[The Managed Arena] max space (MB) allocated spread across MPI: [8 ... 8]
[The Managed Arena] max space (MB) used      spread across MPI: [0 ... 0]
[The  Pinned Arena] max space (MB) allocated spread across MPI: [8 ... 8]
[The  Pinned Arena] max space (MB) used      spread across MPI: [2 ... 2]
AMReX (26.05-39-gbe2cc437644f) finalized

EXIT_CODE=0
Mon Jul 27 00:45:20 UTC 2026
