MLMG: Initial rhs               = 287414756.8
MLMG: Initial residual (resid0) = 8778584293
MLMG: Final Iter. 3 resid, resid/resid0 = 0.001897029018, 2.160973746e-13
MLMG: Timers: Solve = 0.048472864 Iter = 0.048296025 Bottom = 0.047999492
2 iterations :: err = 5.056711237e-11
Steady state check : (phi(t) - phi(t-1)).norm0() = 4.323805482e-07
Advanced step 8121 in 0.112879198 seconds
 
MLMG: Initial rhs               = 287414756.8
MLMG: Initial residual (resid0) = 8778584283
MLMG: Final Iter. 3 resid, resid/resid0 = 0.00352430745, 4.014664936e-13
MLMG: Timers: Solve = 0.049562895 Iter = 0.049388219 Bottom = 0.049089953
1 iterations :: err = 1
MLMG: Initial rhs               = 287414797.4
MLMG: Initial residual (resid0) = 8778584283
MLMG: Final Iter. 3 resid, resid/resid0 = 0.001367067685, 1.557275799e-13
MLMG: Timers: Solve = 0.049025416 Iter = 0.048849428 Bottom = 0.048552886
2 iterations :: err = 1.092507027e-10
Steady state check : (phi(t) - phi(t-1)).norm0() = 1.883238588e-07
Advanced step 8122 in 0.114178809 seconds
 
MLMG: Initial rhs               = 287414797.4
MLMG: Initial residual (resid0) = 8778584278
MLMG: Final Iter. 3 resid, resid/resid0 = 0.001560258083, 1.777345906e-13
MLMG: Timers: Solve = 0.046402057 Iter = 0.046227571 Bottom = 0.045930288
1 iterations :: err = 1
MLMG: Initial rhs               = 287414815.1
MLMG: Initial residual (resid0) = 8778584278
MLMG: Final Iter. 3 resid, resid/resid0 = 0.002015563762, 2.296000924e-13
MLMG: Timers: Solve = 0.048449908 Iter = 0.04827372 Bottom = 0.047976087
2 iterations :: err = 7.6955527e-11
Steady state check : (phi(t) - phi(t-1)).norm0() = 8.20000216e-08
Advanced step 8123 in 0.110463765 seconds
 
step = 8123, Phi_Bc_hi = -4, num_Vapp = 46, sign = -1
MLMG: Initial rhs               = 287414815
MLMG: Initial residual (resid0) = 7800912342
MLMG: Final Iter. 3 resid, resid/resid0 = 0.002961798145, 3.796733017e-13
MLMG: Timers: Solve = 0.048905213 Iter = 0.048721803 Bottom = 0.048422727
1 iterations :: err = 1
MLMG: Initial rhs               = 272908926.3
MLMG: Initial residual (resid0) = 7800912342
MLMG: Final Iter. 3 resid, resid/resid0 = 0.001720469743, 2.205472472e-13
MLMG: Timers: Solve = 0.050115368 Iter = 0.049938148 Bottom = 0.049639132
2 iterations :: err = 6.412605062e-05
MLMG: Initial rhs               = 272699508.3
MLMG: Initial residual (resid0) = 7800912342
MLMG: Final Iter. 3 resid, resid/resid0 = 0.0004036907806, 5.174917534e-14
MLMG: Timers: Solve = 0.046442749 Iter = 0.046269805 Bottom = 0.045974015
3 iterations :: err = 5.162891658e-08
voltage_sweep == 1 && num_Vapp == num_Vapp_max!
High-water FAB megabyte spread across MPI nodes: [171 ... 171]
Current     FAB megabyte spread across MPI nodes: [136 ... 136]
Total run time 1427.141751 seconds


TinyProfiler total time across processes [min...avg...max]: 1427 ... 1427 ... 1427

----------------------------------------------------------------------------------------------
Name                                           NCalls  Excl. Min  Excl. Avg  Excl. Max   Max %
----------------------------------------------------------------------------------------------
amrex::Dot()                                 13973236      383.5      383.5      383.5  26.87%
MLABecLaplacian::Fapply()                     7053051      315.4      315.4      315.4  22.10%
MLABecLaplacian::normalize()                  7036442        227        227        227  15.90%
FabArray::norminf()                           7135730      163.5      163.5      163.5  11.45%
ComputePhi_Rho()                                 8169      58.91      58.91      58.91   4.13%
FillBoundary_nowait()                         7118451      58.11      58.11      58.11   4.07%
FabArray::Saxpy_Saxpy()                       3509098      46.15      46.15      46.15   3.23%
FabArray::Saypy_Saxpy()                       3477520      42.67      42.67      42.67   2.99%
FabArray::Saxpy_Xpay()                        3459274      39.36      39.36      39.36   2.76%
Calculate_Landau()                               8123      30.79      30.79      30.79   2.16%
Calculate_Grad()                                 8123      15.92      15.92      15.92   1.12%
ComputeEfromPhi()                               16246      14.52      14.52      14.52   1.02%
MLCellLinOp::applyBC()                        7053051       11.2       11.2       11.2   0.78%
FabArray::setVal()                             306744      3.653      3.653      3.653   0.26%
amrex::Copy()                                  274569      3.005      3.005      3.005   0.21%
MLCGSolver::bicgstab                            49824      2.843      2.843      2.843   0.20%
MLCGSolver::ParallelAllReduce                17532158        1.5        1.5        1.5   0.11%
main()                                              1      1.145      1.145      1.145   0.08%
MLCellLinOp::apply()                          7053051     0.8567     0.8567     0.8567   0.06%
FabArray::FillBoundary()                      7118451     0.7838     0.7838     0.7838   0.05%
MLMG::solve()                                   16609      0.105      0.105      0.105   0.01%
MLMG::actualBottomSolve()                       49824     0.0178     0.0178     0.0178   0.00%
MLCellLinOp::solutionResidual()                 66433   0.008573   0.008573   0.008573   0.00%
MLMG::oneIter()                                 49824   0.008137   0.008137   0.008137   0.00%
MLMG::computeResidual()                         49824   0.005872   0.005872   0.005872   0.00%
MLMG::mgVcycle_bottom                           49824   0.005169   0.005169   0.005169   0.00%
MLMG::mgVcycle()                                49824   0.004372   0.004372   0.004372   0.00%
Other                                        14693876      6.282      6.282      6.282   0.44%
----------------------------------------------------------------------------------------------

----------------------------------------------------------------------------------------------
Name                                           NCalls  Incl. Min  Incl. Avg  Incl. Max   Max %
----------------------------------------------------------------------------------------------
main()                                              1       1427       1427       1427 100.00%
ComputePhi_Rho()                                 8169       1361       1361       1361  95.37%
MLMG::solve()                                   16609       1298       1298       1298  90.95%
MLMG::oneIter()                                 49824       1291       1291       1291  90.43%
MLMG::mgVcycle()                                49824       1290       1290       1290  90.40%
MLMG::mgVcycle_bottom                           49824       1290       1290       1290  90.40%
MLMG::actualBottomSolve()                       49824       1290       1290       1290  90.40%
MLCGSolver::bicgstab                            49824       1290       1290       1290  90.36%
MLCellLinOp::apply()                          7053051      386.5      386.5      386.5  27.08%
amrex::Dot()                                 13973236      383.5      383.5      383.5  26.87%
MLABecLaplacian::Fapply()                     7053051      315.4      315.4      315.4  22.10%
MLABecLaplacian::normalize()                  7036442        227        227        227  15.90%
MLCGSolver::ParallelAllReduce                17532158      194.4      194.4      194.4  13.62%
FabArray::norminf()                           7135730      163.5      163.5      163.5  11.45%
MLCellLinOp::applyBC()                        7053051      70.26      70.26      70.26   4.92%
FabArray::FillBoundary()                      7118451      59.67      59.67      59.67   4.18%
FillBoundary_nowait()                         7118451      58.54      58.54      58.54   4.10%
FabArray::Saxpy_Saxpy()                       3509098      46.15      46.15      46.15   3.23%
FabArray::Saypy_Saxpy()                       3477520      42.67      42.67      42.67   2.99%
FabArray::Saxpy_Xpay()                        3459274      39.36      39.36      39.36   2.76%
Calculate_Landau()                               8123      30.79      30.79      30.79   2.16%
Calculate_Grad()                                 8123      15.92      15.92      15.92   1.12%
ComputeEfromPhi()                               16246      14.52      14.52      14.52   1.02%
MLCellLinOp::solutionResidual()                 66433      4.553      4.553      4.553   0.32%
FabArray::setVal()                             306744      3.653      3.653      3.653   0.26%
MLMG::computeResidual()                         49824      3.212      3.212      3.212   0.23%
amrex::Copy()                                  274569      3.005      3.005      3.005   0.21%
Other                                        14693876      11.96      11.96      11.96   0.84%
----------------------------------------------------------------------------------------------

Device Memory Usage:
-------------------------------------------------------------------------
Name                                           Nalloc    AvgMem    MaxMem
-------------------------------------------------------------------------
The_Arena::Initialize()                             1     8   B    14 GiB
main()                                           1360   118 MiB   122 MiB
WritePlotfile()                                   752    12 KiB    33 MiB
ResizeRandomSeed                                    2    13 MiB    13 MiB
MLCGSolver::bicgstab                          3985920  9577 KiB    10 MiB
MLMG::prepareForSolve()                            64  8135 KiB  8136 KiB
MLABecLaplacian::define()                          64  7823 KiB  7824 KiB
ComputePhi_Rho()                              1864544   165 KiB  7552 KiB
MultiFab::OverlapMask()                        286960  1896   B  1889 KiB
BndryData::define()                               192  1735 KiB  1736 KiB
MLCellLinOp::defineAuxData()                      192   815 KiB   816 KiB
FillBoundary_nowait()                          116266   176 KiB   180 KiB
VisMF::Write(FabArray)                          13536    15   B   144 KiB
FabArray::setVal()                             166120    74 KiB    74 KiB
MultiFab::max()                                  8171  2057   B    74 KiB
MultiFab::norm1                                 16880    17   B    72 KiB
FabArray::norminf()                           7135730  8372   B    72 KiB
amrex::Dot()                                 13973236    19 KiB    72 KiB
amrex::Copy()                                   83375    29 KiB    29 KiB
MLCellLinOp::applyBC()                        7069667    25 KiB    26 KiB
MLCellLinOp::prepareForSolve()                      1     0   B    15 KiB
FabArray::LinComb()                             16610  2048   B  4096   B
MLABecLaplacian::Fapply()                       99648  3664   B  4096   B
FabArray::setVal(val, thecmd, scomp, ncomp)         8     0   B  3328   B
MultiFab::Divide()                              16880     0   B  2048   B
MLCellLinOp::defineBC()                             1  1791   B  1792   B
-------------------------------------------------------------------------

Managed Memory Usage:
---------------------------------------------------------
Name                             Nalloc  AvgMem    MaxMem
---------------------------------------------------------
The_Managed_Arena::Initialize()       1   0   B  8192 KiB
main()                                1   0   B    31 KiB
---------------------------------------------------------

Pinned Memory Usage:
-------------------------------------------------------------------------
Name                                           Nalloc    AvgMem    MaxMem
-------------------------------------------------------------------------
The_Pinned_Arena::Initialize()                      1     0   B  8192 KiB
VisMF::Write(FabArray)                          14288   475   B  2124 KiB
FillBoundary_nowait()                          116266   176 KiB   180 KiB
FabArray::setVal()                             166120    74 KiB    74 KiB
amrex::Copy()                                   83375    29 KiB    29 KiB
MLCellLinOp::applyBC()                          16616    25 KiB    25 KiB
MLCellLinOp::prepareForSolve()                      1     0   B    15 KiB
FabArray::LinComb()                             16610  2048   B  4096   B
MLABecLaplacian::Fapply()                       99648  3664   B  4096   B
FabArray::setVal(val, thecmd, scomp, ncomp)         8     0   B  3328   B
MultiFab::max()                                  8171  2048   B  2304   B
MultiFab::Divide()                              16880     0   B  2048   B
MLCellLinOp::setLevelBC()                          47     0   B  1792   B
MultiFab::OverlapMask()                         16880     0   B  1792   B
amrex::Dot()                                 13973236    68   B   256   B
Unprofiled                                         15     0   B   256   B
MultiFab::norm1                                 16880     0   B   256   B
FabArray::norminf()                           7135730    29   B   256   B
-------------------------------------------------------------------------

Total GPU global memory (MB) spread across MPI: [20019 ... 20019]
Free  GPU global memory (MB) spread across MPI: [4636 ... 4636]
[The         Arena] max space (MB) allocated spread across MPI: [15014 ... 15014]
[The         Arena] max space (MB) used      spread across MPI: [183 ... 183]
[The Managed Arena] max space (MB) allocated spread across MPI: [8 ... 8]
[The Managed Arena] max space (MB) used      spread across MPI: [0 ... 0]
[The  Pinned Arena] max space (MB) allocated spread across MPI: [8 ... 8]
[The  Pinned Arena] max space (MB) used      spread across MPI: [2 ... 2]
AMReX (26.05-39-gbe2cc437644f) finalized

EXIT_CODE=0
Sun Jul 19 00:04:52 CST 2026
