2 iterations :: err = 1.170904017e-10
Steady state check : (phi(t) - phi(t-1)).norm0() = 1.011078215e-07
Advanced step 39123 in 0.149796249 seconds
 
MLMG: Initial rhs               = 568769992.8
MLMG: Initial residual (resid0) = 9504947680
MLMG: Final Iter. 3 resid, resid/resid0 = 0.003739655018, 3.934429882e-13
MLMG: Timers: Solve = 0.070986491 Iter = 0.070718783 Bottom = 0.070301147
1 iterations :: err = 1
MLMG: Initial rhs               = 568769992.8
MLMG: Initial residual (resid0) = 9504947680
MLMG: Final Iter. 3 resid, resid/resid0 = 0.004488120072, 4.721877724e-13
MLMG: Timers: Solve = 0.070190848 Iter = 0.069933946 Bottom = 0.069522438
2 iterations :: err = 9.746552649e-11
Steady state check : (phi(t) - phi(t-1)).norm0() = 1.002646886e-07
Advanced step 39124 in 0.1578783 seconds
 
MLMG: Initial rhs               = 568769993.1
MLMG: Initial residual (resid0) = 9504947680
MLMG: Final Iter. 3 resid, resid/resid0 = 0.003059567884, 3.218921331e-13
MLMG: Timers: Solve = 0.068990216 Iter = 0.068732693 Bottom = 0.068322007
1 iterations :: err = 1
MLMG: Initial rhs               = 568769993.1
MLMG: Initial residual (resid0) = 9504947680
MLMG: Final Iter. 3 resid, resid/resid0 = 0.002472221851, 2.600984176e-13
MLMG: Timers: Solve = 0.067771066 Iter = 0.067511611 Bottom = 0.067087513
2 iterations :: err = 2.592008968e-11
Steady state check : (phi(t) - phi(t-1)).norm0() = 9.945463279e-08
Advanced step 39125 in 0.153361609 seconds
 
step = 39125, Phi_Bc_hi = -4, num_Vapp = 46, sign = -1
MLMG: Initial rhs               = 568769993.1
MLMG: Initial residual (resid0) = 8452096986
MLMG: Final Iter. 3 resid, resid/resid0 = 0.002358126007, 2.78998929e-13
MLMG: Timers: Solve = 0.074031388 Iter = 0.073761075 Bottom = 0.07333179
1 iterations :: err = 1
MLMG: Initial rhs               = 568769993.1
MLMG: Initial residual (resid0) = 8452096986
MLMG: Final Iter. 3 resid, resid/resid0 = 0.002276040449, 2.69287072e-13
MLMG: Timers: Solve = 0.076646016 Iter = 0.076369635 Bottom = 0.075961852
2 iterations :: err = 3.700497435e-05
MLMG: Initial rhs               = 568769993.1
MLMG: Initial residual (resid0) = 8452096986
MLMG: Final Iter. 3 resid, resid/resid0 = 0.003395855427, 4.017766753e-13
MLMG: Timers: Solve = 0.067085129 Iter = 0.066802959 Bottom = 0.06637156
3 iterations :: err = 1.511874686e-08
voltage_sweep == 1 && num_Vapp == num_Vapp_max!
High-water FAB megabyte spread across MPI nodes: [171 ... 171]
Current     FAB megabyte spread across MPI nodes: [136 ... 136]
Total run time 7067.242583 seconds


TinyProfiler total time across processes [min...avg...max]: 7067 ... 7067 ... 7067

----------------------------------------------------------------------------------------------
Name                                           NCalls  Excl. Min  Excl. Avg  Excl. Max   Max %
----------------------------------------------------------------------------------------------
amrex::Dot()                                 58310732       1835       1835       1835  25.97%
MLABecLaplacian::Fapply()                    29469430       1361       1361       1361  19.26%
MLABecLaplacian::normalize()                 29390914       1045       1045       1045  14.78%
FabArray::norminf()                          29861744      805.2      805.2      805.2  11.39%
ComputePhi_Rho()                                39171        356        356        356   5.04%
FillBoundary_nowait()                        29782749      344.4      344.4      344.4   4.87%
FabArray::Saxpy_Saxpy()                      14644222      240.3      240.3      240.3   3.40%
FabArray::Saypy_Saxpy()                      14511144      226.9      226.9      226.9   3.21%
FabArray::Saxpy_Xpay()                       14408674      211.2      211.2      211.2   2.99%
Calculate_Landau()                              39125      150.5      150.5      150.5   2.13%
ComputeEfromPhi()                               78250      105.8      105.8      105.8   1.50%
MLCellLinOp::applyBC()                       29469430        100        100        100   1.42%
Calculate_Grad()                                39125      75.45      75.45      75.45   1.07%
MLCGSolver::bicgstab                           235548      44.33      44.33      44.33   0.63%
FabArray::setVal()                            1452178      28.36      28.36      28.36   0.40%
CalculateTDGL_RHS()                             39125      24.03      24.03      24.03   0.34%
amrex::Copy()                                 1296092       22.2       22.2       22.2   0.31%
MLCGSolver::ParallelAllReduce                73190502      14.13      14.13      14.13   0.20%
main()                                              1      9.893      9.893      9.893   0.14%
MLCellLinOp::apply()                         29469430      8.248      8.248      8.248   0.12%
FabArray::FillBoundary()                     29782749      8.062      8.062      8.062   0.11%
MLMG::solve()                                   78516       5.74       5.74       5.74   0.08%
MLMG::actualBottomSolve()                      235548      1.082      1.082      1.082   0.02%
MLMG::oneIter()                                235548     0.4494     0.4494     0.4494   0.01%
MLMG::computeResidual()                        235548     0.3247     0.3247     0.3247   0.00%
MLCellLinOp::solutionResidual()                314064     0.3177     0.3177     0.3177   0.00%
MLMG::mgVcycle_bottom                          235548     0.2916     0.2916     0.2916   0.00%
MLMG::mgVcycle()                               235548      0.156      0.156      0.156   0.00%
MLMG::computeMLResidual()                       78516     0.0807     0.0807     0.0807   0.00%
Other                                        61607237      42.63      42.63      42.63   0.60%
----------------------------------------------------------------------------------------------

----------------------------------------------------------------------------------------------
Name                                           NCalls  Incl. Min  Incl. Avg  Incl. Max   Max %
----------------------------------------------------------------------------------------------
main()                                              1       7067       7067       7067 100.00%
ComputePhi_Rho()                                39171       6684       6684       6684  94.58%
MLMG::solve()                                   78516       6294       6294       6294  89.06%
MLMG::oneIter()                                235548       6242       6242       6242  88.32%
MLMG::mgVcycle()                               235548       6238       6238       6238  88.26%
MLMG::mgVcycle_bottom                          235548       6238       6238       6238  88.26%
MLMG::actualBottomSolve()                      235548       6237       6237       6237  88.26%
MLCGSolver::bicgstab                           235548       6233       6233       6233  88.19%
amrex::Dot()                                 58310732       1835       1835       1835  25.97%
MLCellLinOp::apply()                         29469430       1825       1825       1825  25.83%
MLABecLaplacian::Fapply()                    29469430       1361       1361       1361  19.26%
MLABecLaplacian::normalize()                 29390914       1045       1045       1045  14.78%
MLCGSolver::ParallelAllReduce                73190502      936.8      936.8      936.8  13.26%
FabArray::norminf()                          29861744      805.2      805.2      805.2  11.39%
MLCellLinOp::applyBC()                       29469430      455.6      455.6      455.6   6.45%
FabArray::FillBoundary()                     29782749      359.9      359.9      359.9   5.09%
FillBoundary_nowait()                        29782749      348.4      348.4      348.4   4.93%
FabArray::Saxpy_Saxpy()                      14644222      240.3      240.3      240.3   3.40%
FabArray::Saypy_Saxpy()                      14511144      226.9      226.9      226.9   3.21%
FabArray::Saxpy_Xpay()                       14408674      211.2      211.2      211.2   2.99%
Calculate_Landau()                              39125      150.5      150.5      150.5   2.13%
ComputeEfromPhi()                               78250      105.8      105.8      105.8   1.50%
Calculate_Grad()                                39125      75.45      75.45      75.45   1.07%
FabArray::setVal()                            1452178      28.36      28.36      28.36   0.40%
MLCellLinOp::solutionResidual()                314064      28.25      28.25      28.25   0.40%
CalculateTDGL_RHS()                             39125      25.89      25.89      25.89   0.37%
amrex::Copy()                                 1296092       22.2       22.2       22.2   0.31%
MLMG::computeResidual()                        235548      18.93      18.93      18.93   0.27%
MLMG::computeMLResidual()                       78516      9.723      9.723      9.723   0.14%
Other                                        61607237      62.69      62.69      62.69   0.89%
----------------------------------------------------------------------------------------------

Device Memory Usage:
-------------------------------------------------------------------------
Name                                           Nalloc    AvgMem    MaxMem
-------------------------------------------------------------------------
The_Arena::Initialize()                             1     3   B    14 GiB
main()                                           1360   118 MiB   122 MiB
WritePlotfile()                                   752  4570   B    33 MiB
ResizeRandomSeed                                    2    13 MiB    13 MiB
MLCGSolver::bicgstab                         18843840  9331 KiB    10 MiB
MLMG::prepareForSolve()                            64  8135 KiB  8136 KiB
MLABecLaplacian::define()                          64  7823 KiB  7824 KiB
ComputePhi_Rho()                              8796576   188 KiB  7552 KiB
MultiFab::OverlapMask()                       1337730  3165   B  1889 KiB
BndryData::define()                               192  1735 KiB  1736 KiB
MLCellLinOp::defineAuxData()                      192   815 KiB   816 KiB
FillBoundary_nowait()                          549621   176 KiB   180 KiB
VisMF::Write(FabArray)                          13536     4   B   144 KiB
FabArray::setVal()                             785196    74 KiB    74 KiB
MultiFab::max()                                 39173  2061   B    74 KiB
MultiFab::norm1                                 78690    21   B    72 KiB
FabArray::norminf()                          29861744  8240   B    72 KiB
amrex::Dot()                                 58310732    18 KiB    72 KiB
amrex::Copy()                                  392816    29 KiB    29 KiB
MLCellLinOp::applyBC()                       29547953    25 KiB    26 KiB
MLCellLinOp::prepareForSolve()                      1     0   B    15 KiB
FabArray::LinComb()                             78517  2048   B  4096   B
MLABecLaplacian::Fapply()                      471096  3558   B  4096   B
FabArray::setVal(val, thecmd, scomp, ncomp)         8     0   B  3328   B
MultiFab::Divide()                              78690     1   B  2048   B
MLCellLinOp::defineBC()                             1  1791   B  1792   B
-------------------------------------------------------------------------

Managed Memory Usage:
---------------------------------------------------------
Name                             Nalloc  AvgMem    MaxMem
---------------------------------------------------------
The_Managed_Arena::Initialize()       1   0   B  8192 KiB
main()                                1   0   B    31 KiB
---------------------------------------------------------

Pinned Memory Usage:
-------------------------------------------------------------------------
Name                                           Nalloc    AvgMem    MaxMem
-------------------------------------------------------------------------
The_Pinned_Arena::Initialize()                      1     0   B  8192 KiB
VisMF::Write(FabArray)                          14288   182   B  2124 KiB
FillBoundary_nowait()                          549621   176 KiB   180 KiB
FabArray::setVal()                             785196    74 KiB    74 KiB
amrex::Copy()                                  392816    29 KiB    29 KiB
MLCellLinOp::applyBC()                          78523    25 KiB    25 KiB
MLCellLinOp::prepareForSolve()                      1     0   B    15 KiB
FabArray::LinComb()                             78517  2048   B  4096   B
MLABecLaplacian::Fapply()                      471096  3558   B  4096   B
FabArray::setVal(val, thecmd, scomp, ncomp)         8     0   B  3328   B
MultiFab::max()                                 39173  2048   B  2304   B
MultiFab::Divide()                              78690     1   B  2048   B
MLCellLinOp::setLevelBC()                          47     0   B  1792   B
MultiFab::OverlapMask()                         78690     0   B  1792   B
amrex::Dot()                                 58310732    65   B   256   B
Unprofiled                                         15     0   B   256   B
MultiFab::norm1                                 78690     0   B   256   B
FabArray::norminf()                          29861744    28   B   256   B
-------------------------------------------------------------------------

Total GPU global memory (MB) spread across MPI: [20019 ... 20019]
Free  GPU global memory (MB) spread across MPI: [4742 ... 4742]
[The         Arena] max space (MB) allocated spread across MPI: [15014 ... 15014]
[The         Arena] max space (MB) used      spread across MPI: [183 ... 183]
[The Managed Arena] max space (MB) allocated spread across MPI: [8 ... 8]
[The Managed Arena] max space (MB) used      spread across MPI: [0 ... 0]
[The  Pinned Arena] max space (MB) allocated spread across MPI: [8 ... 8]
[The  Pinned Arena] max space (MB) used      spread across MPI: [2 ... 2]
AMReX (26.05-39-gbe2cc437644f) finalized

EXIT_CODE=0
Fri Jul 24 15:25:57 CST 2026
