1 iterations :: err = 1
MLMG: Initial rhs               = 414412728.4
MLMG: Initial residual (resid0) = 7661279573
MLMG: Final Iter. 3 resid, resid/resid0 = 0.002513143943, 3.280318802e-13
MLMG: Timers: Solve = 0.065402684 Iter = 0.06522928 Bottom = 0.064931938
2 iterations :: err = 5.511282507e-11
Steady state check : (phi(t) - phi(t-1)).norm0() = 1.141316284e-07
Advanced step 5006 in 0.148107075 seconds
 
MLMG: Initial rhs               = 414412727.6
MLMG: Initial residual (resid0) = 7661279573
MLMG: Final Iter. 3 resid, resid/resid0 = 0.003238494658, 4.227093695e-13
MLMG: Timers: Solve = 0.065595019 Iter = 0.0654196 Bottom = 0.065121467
1 iterations :: err = 1
MLMG: Initial rhs               = 414412727.6
MLMG: Initial residual (resid0) = 7661279573
MLMG: Final Iter. 3 resid, resid/resid0 = 0.001727077369, 2.254293624e-13
MLMG: Timers: Solve = 0.067029014 Iter = 0.066855169 Bottom = 0.066556563
2 iterations :: err = 9.887706571e-11
Steady state check : (phi(t) - phi(t-1)).norm0() = 1.05104762e-07
Advanced step 5007 in 0.147982816 seconds
 
MLMG: Initial rhs               = 414412727
MLMG: Initial residual (resid0) = 7661279573
MLMG: Final Iter. 3 resid, resid/resid0 = 0.003259150352, 4.25405485e-13
MLMG: Timers: Solve = 0.066846155 Iter = 0.066672471 Bottom = 0.066373536
1 iterations :: err = 1
MLMG: Initial rhs               = 414412727
MLMG: Initial residual (resid0) = 7661279573
MLMG: Final Iter. 3 resid, resid/resid0 = 0.003585268743, 4.679725768e-13
MLMG: Timers: Solve = 0.065020372 Iter = 0.064846637 Bottom = 0.064548634
2 iterations :: err = 1.047324459e-10
Steady state check : (phi(t) - phi(t-1)).norm0() = 9.680888665e-08
Advanced step 5008 in 0.147295508 seconds
 
step = 5008, Phi_Bc_hi = -4, num_Vapp = 46, sign = -1
MLMG: Initial rhs               = 414412726.5
MLMG: Initial residual (resid0) = 6811679572
MLMG: Final Iter. 3 resid, resid/resid0 = 0.001622890431, 2.382511411e-13
MLMG: Timers: Solve = 0.06765583 Iter = 0.067464748 Bottom = 0.067162748
1 iterations :: err = 1
MLMG: Initial rhs               = 414412726.5
MLMG: Initial residual (resid0) = 6811679572
MLMG: Final Iter. 3 resid, resid/resid0 = 0.003023660709, 4.438935621e-13
MLMG: Timers: Solve = 0.068326542 Iter = 0.068146968 Bottom = 0.067848473
2 iterations :: err = 0.0002169463836
MLMG: Initial rhs               = 414412726.5
MLMG: Initial residual (resid0) = 6811679572
MLMG: Final Iter. 3 resid, resid/resid0 = 0.002861975761, 4.201571331e-13
MLMG: Timers: Solve = 0.070878022 Iter = 0.070703876 Bottom = 0.070407133
3 iterations :: err = 5.503318423e-06
voltage_sweep == 1 && num_Vapp == num_Vapp_max!
High-water FAB megabyte spread across MPI nodes: [171 ... 171]
Current     FAB megabyte spread across MPI nodes: [136 ... 136]
Total run time 933.0403613 seconds


TinyProfiler total time across processes [min...avg...max]: 933 ... 933 ... 933

----------------------------------------------------------------------------------------------
Name                                           NCalls  Excl. Min  Excl. Avg  Excl. Max   Max %
----------------------------------------------------------------------------------------------
amrex::Dot()                                  9242694      252.2      252.2      252.2  27.03%
MLABecLaplacian::Fapply()                     4662851      207.7      207.7      207.7  22.26%
MLABecLaplacian::normalize()                  4652475      149.2      149.2      149.2  15.99%
FabArray::norminf()                           4714371      107.3      107.3      107.3  11.50%
FillBoundary_nowait()                         4703328      37.92      37.92      37.92   4.06%
ComputePhi_Rho()                                 5054      35.75      35.75      35.75   3.83%
FabArray::Saxpy_Saxpy()                       2319825      30.28      30.28      30.28   3.25%
FabArray::Saypy_Saxpy()                       2301522      28.26      28.26      28.26   3.03%
FabArray::Saxpy_Xpay()                        2288697      26.02      26.02      26.02   2.79%
Calculate_Landau()                               5008      18.89      18.89      18.89   2.03%
Calculate_Grad()                                 5008      9.947      9.947      9.947   1.07%
ComputeEfromPhi()                               10016      8.859      8.859      8.859   0.95%
MLCellLinOp::applyBC()                        4662851      7.477      7.477      7.477   0.80%
FabArray::setVal()                             191447      2.262      2.262      2.262   0.24%
MLCGSolver::bicgstab                            31128      1.962      1.962      1.962   0.21%
amrex::Copy()                                  171735      1.857      1.857      1.857   0.20%
MLCGSolver::ParallelAllReduce                11593647      1.043      1.043      1.043   0.11%
main()                                              1     0.7394     0.7394     0.7394   0.08%
MLCellLinOp::apply()                          4662851     0.6021     0.6021     0.6021   0.06%
FabArray::FillBoundary()                      4703328       0.52       0.52       0.52   0.06%
MLMG::solve()                                   10376    0.06651    0.06651    0.06651   0.01%
MLMG::actualBottomSolve()                       31128    0.01167    0.01167    0.01167   0.00%
MLCellLinOp::solutionResidual()                 41504   0.006296   0.006296   0.006296   0.00%
MLMG::oneIter()                                 31128   0.005052   0.005052   0.005052   0.00%
MLMG::computeResidual()                         31128   0.003774   0.003774   0.003774   0.00%
MLMG::mgVcycle_bottom                           31128   0.003547   0.003547   0.003547   0.00%
MLMG::mgVcycle()                                31128   0.003041   0.003041   0.003041   0.00%
Other                                         9692233      4.116      4.116      4.116   0.44%
----------------------------------------------------------------------------------------------

----------------------------------------------------------------------------------------------
Name                                           NCalls  Incl. Min  Incl. Avg  Incl. Max   Max %
----------------------------------------------------------------------------------------------
main()                                              1        933        933        933 100.00%
ComputePhi_Rho()                                 5054      892.2      892.2      892.2  95.62%
MLMG::solve()                                   10376      853.8      853.8      853.8  91.51%
MLMG::oneIter()                                 31128      849.2      849.2      849.2  91.02%
MLMG::mgVcycle()                                31128      848.9      848.9      848.9  90.98%
MLMG::mgVcycle_bottom                           31128      848.9      848.9      848.9  90.98%
MLMG::actualBottomSolve()                       31128      848.9      848.9      848.9  90.98%
MLCGSolver::bicgstab                            31128      848.6      848.6      848.6  90.95%
MLCellLinOp::apply()                          4662851      254.3      254.3      254.3  27.26%
amrex::Dot()                                  9242694      252.2      252.2      252.2  27.03%
MLABecLaplacian::Fapply()                     4662851      207.7      207.7      207.7  22.26%
MLABecLaplacian::normalize()                  4652475      149.2      149.2      149.2  15.99%
MLCGSolver::ParallelAllReduce                11593647      127.8      127.8      127.8  13.70%
FabArray::norminf()                           4714371      107.3      107.3      107.3  11.50%
MLCellLinOp::applyBC()                        4662851      46.06      46.06      46.06   4.94%
FabArray::FillBoundary()                      4703328      38.96      38.96      38.96   4.18%
FillBoundary_nowait()                         4703328      38.16      38.16      38.16   4.09%
FabArray::Saxpy_Saxpy()                       2319825      30.28      30.28      30.28   3.25%
FabArray::Saypy_Saxpy()                       2301522      28.26      28.26      28.26   3.03%
FabArray::Saxpy_Xpay()                        2288697      26.02      26.02      26.02   2.79%
Calculate_Landau()                               5008      18.89      18.89      18.89   2.03%
Calculate_Grad()                                 5008      9.947      9.947      9.947   1.07%
ComputeEfromPhi()                               10016      8.859      8.859      8.859   0.95%
MLCellLinOp::solutionResidual()                 41504      2.817      2.817      2.817   0.30%
FabArray::setVal()                             191447      2.262      2.262      2.262   0.24%
MLMG::computeResidual()                         31128      1.997      1.997      1.997   0.21%
amrex::Copy()                                  171735      1.857      1.857      1.857   0.20%
Other                                         9692233       7.98       7.98       7.98   0.86%
----------------------------------------------------------------------------------------------

Device Memory Usage:
------------------------------------------------------------------------
Name                                          Nalloc    AvgMem    MaxMem
------------------------------------------------------------------------
The_Arena::Initialize()                            1    16   B    14 GiB
main()                                          1360   118 MiB   122 MiB
WritePlotfile()                                  752    18 KiB    33 MiB
ResizeRandomSeed                                   2    13 MiB    13 MiB
MLCGSolver::bicgstab                         2490240  9640 KiB    10 MiB
MLMG::prepareForSolve()                           64  8135 KiB  8136 KiB
MLABecLaplacian::define()                         64  7823 KiB  7824 KiB
ComputePhi_Rho()                             1166400   151 KiB  7552 KiB
MultiFab::OverlapMask()                       180948  1815   B  1889 KiB
BndryData::define()                              192  1735 KiB  1736 KiB
MLCellLinOp::defineAuxData()                     192   815 KiB   816 KiB
FillBoundary_nowait()                          72641   177 KiB   180 KiB
VisMF::Write(FabArray)                         13536    22   B   144 KiB
FabArray::setVal()                            103796    74 KiB    74 KiB
MultiFab::max()                                 5056  2057   B    74 KiB
MultiFab::norm1                                10644    16   B    72 KiB
FabArray::norminf()                          4714371  8406   B    72 KiB
amrex::Dot()                                 9242694    19 KiB    72 KiB
amrex::Copy()                                  52210    29 KiB    29 KiB
MLCellLinOp::applyBC()                       4673234    25 KiB    26 KiB
MLCellLinOp::prepareForSolve()                     1     0   B    15 KiB
FabArray::LinComb()                            10377  2048   B  4096   B
MLABecLaplacian::Fapply()                      62256  3690   B  4096   B
FabArray::setVal(val, thecmd, scomp, ncomp)        8     0   B  3328   B
MultiFab::Divide()                             10644     0   B  2048   B
MLCellLinOp::defineBC()                            1  1791   B  1792   B
------------------------------------------------------------------------

Managed Memory Usage:
---------------------------------------------------------
Name                             Nalloc  AvgMem    MaxMem
---------------------------------------------------------
The_Managed_Arena::Initialize()       1   0   B  8192 KiB
main()                                1   0   B    31 KiB
---------------------------------------------------------

Pinned Memory Usage:
------------------------------------------------------------------------
Name                                          Nalloc    AvgMem    MaxMem
------------------------------------------------------------------------
The_Pinned_Arena::Initialize()                     1     0   B  8192 KiB
VisMF::Write(FabArray)                         14288   678   B  2124 KiB
FillBoundary_nowait()                          72641   177 KiB   180 KiB
FabArray::setVal()                            103796    74 KiB    74 KiB
amrex::Copy()                                  52210    29 KiB    29 KiB
MLCellLinOp::applyBC()                         10383    25 KiB    25 KiB
MLCellLinOp::prepareForSolve()                     1     0   B    15 KiB
FabArray::LinComb()                            10377  2048   B  4096   B
MLABecLaplacian::Fapply()                      62256  3690   B  4096   B
FabArray::setVal(val, thecmd, scomp, ncomp)        8     0   B  3328   B
MultiFab::max()                                 5056  2048   B  2304   B
MultiFab::Divide()                             10644     0   B  2048   B
MLCellLinOp::setLevelBC()                         47     0   B  1792   B
MultiFab::OverlapMask()                        10644     0   B  1792   B
amrex::Dot()                                 9242694    68   B   256   B
Unprofiled                                        15     0   B   256   B
MultiFab::norm1                                10644     0   B   256   B
FabArray::norminf()                          4714371    29   B   256   B
------------------------------------------------------------------------

Total GPU global memory (MB) spread across MPI: [20019 ... 20019]
Free  GPU global memory (MB) spread across MPI: [4648 ... 4648]
[The         Arena] max space (MB) allocated spread across MPI: [15014 ... 15014]
[The         Arena] max space (MB) used      spread across MPI: [183 ... 183]
[The Managed Arena] max space (MB) allocated spread across MPI: [8 ... 8]
[The Managed Arena] max space (MB) used      spread across MPI: [0 ... 0]
[The  Pinned Arena] max space (MB) allocated spread across MPI: [8 ... 8]
[The  Pinned Arena] max space (MB) used      spread across MPI: [2 ... 2]
AMReX (26.05-39-gbe2cc437644f) finalized
EXIT_CODE=0
Sat Jun 27 18:52:24 CST 2026
