1 iterations :: err = 1
MLMG: Initial rhs               = 531289584.7
MLMG: Initial residual (resid0) = 8230987381
MLMG: Final Iter. 3 resid, resid/resid0 = 0.001022591012, 1.242367367e-13
MLMG: Timers: Solve = 0.062635385 Iter = 0.062443316 Bottom = 0.062109951
2 iterations :: err = 1.670945523e-10
Steady state check : (phi(t) - phi(t-1)).norm0() = 1.013362317e-07
Advanced step 80588 in 0.138121699 seconds
 
MLMG: Initial rhs               = 531289583.9
MLMG: Initial residual (resid0) = 8230987382
MLMG: Final Iter. 3 resid, resid/resid0 = 0.001221132316, 1.48357938e-13
MLMG: Timers: Solve = 0.063547249 Iter = 0.063344837 Bottom = 0.063007824
1 iterations :: err = 1
MLMG: Initial rhs               = 531289583.9
MLMG: Initial residual (resid0) = 8230987382
MLMG: Final Iter. 3 resid, resid/resid0 = 0.0063239187, 7.683062076e-13
MLMG: Timers: Solve = 0.054698133 Iter = 0.054508217 Bottom = 0.054177817
2 iterations :: err = 1.377496059e-10
Steady state check : (phi(t) - phi(t-1)).norm0() = 1.005405946e-07
Advanced step 80589 in 0.133696055 seconds
 
MLMG: Initial rhs               = 531289583.2
MLMG: Initial residual (resid0) = 8230987382
MLMG: Final Iter. 3 resid, resid/resid0 = 0.003575955477, 4.344503655e-13
MLMG: Timers: Solve = 0.059140867 Iter = 0.058935038 Bottom = 0.058595801
1 iterations :: err = 1
MLMG: Initial rhs               = 531289583.2
MLMG: Initial residual (resid0) = 8230987382
MLMG: Final Iter. 3 resid, resid/resid0 = 0.000393208622, 4.777174399e-14
MLMG: Timers: Solve = 0.061179156 Iter = 0.060988247 Bottom = 0.060648539
2 iterations :: err = 1.917842945e-10
Steady state check : (phi(t) - phi(t-1)).norm0() = 9.975432431e-08
Advanced step 80590 in 0.135790348 seconds
 
step = 80590, Phi_Bc_hi = -4, num_Vapp = 46, sign = -1
MLMG: Initial rhs               = 531289582.3
MLMG: Initial residual (resid0) = 7320720346
MLMG: Final Iter. 3 resid, resid/resid0 = 0.002808038145, 3.835740217e-13
MLMG: Timers: Solve = 0.059413041 Iter = 0.059187208 Bottom = 0.058842126
1 iterations :: err = 1
MLMG: Initial rhs               = 531289582.3
MLMG: Initial residual (resid0) = 7320720346
MLMG: Final Iter. 3 resid, resid/resid0 = 0.003609567881, 4.93061845e-13
MLMG: Timers: Solve = 0.058998721 Iter = 0.058804265 Bottom = 0.058465319
2 iterations :: err = 2.967908778e-05
MLMG: Initial rhs               = 531289582.3
MLMG: Initial residual (resid0) = 7320720346
MLMG: Final Iter. 3 resid, resid/resid0 = 0.002700676647, 3.689085936e-13
MLMG: Timers: Solve = 0.060629786 Iter = 0.06043256 Bottom = 0.06009305
3 iterations :: err = 1.494778284e-08
voltage_sweep == 1 && num_Vapp == num_Vapp_max!
High-water FAB megabyte spread across MPI nodes: [171 ... 171]
Current     FAB megabyte spread across MPI nodes: [136 ... 136]
Total run time 14117.70297 seconds


TinyProfiler total time across processes [min...avg...max]: 1.412e+04 ... 1.412e+04 ... 1.412e+04

-----------------------------------------------------------------------------------------------
Name                                            NCalls  Excl. Min  Excl. Avg  Excl. Max   Max %
-----------------------------------------------------------------------------------------------
amrex::Dot()                                 119136462       3736       3736       3736  26.47%
MLABecLaplacian::Fapply()                     60213995       2917       2917       2917  20.66%
MLABecLaplacian::normalize()                  60052554       2090       2090       2090  14.80%
FabArray::norminf()                           61020939       1756       1756       1756  12.44%
FillBoundary_nowait()                         60859029      640.3      640.3      640.3   4.54%
ComputePhi_Rho()                                 80636      606.2      606.2      606.2   4.29%
FabArray::Saxpy_Saxpy()                       29935148      453.3      453.3      453.3   3.21%
FabArray::Saypy_Saxpy()                       29633083      429.7      429.7      429.7   3.04%
FabArray::Saxpy_Xpay()                        29450825      401.4      401.4      401.4   2.84%
Calculate_Landau()                               80590      311.7      311.7      311.7   2.21%
Calculate_Grad()                                 80590      162.3      162.3      162.3   1.15%
ComputeEfromPhi()                               161180      158.4      158.4      158.4   1.12%
MLCellLinOp::applyBC()                        60213995        149        149        149   1.06%
MLCGSolver::bicgstab                            484323      71.61      71.61      71.61   0.51%
FabArray::setVal()                             2986298       42.7       42.7       42.7   0.30%
amrex::Copy()                                  2664357      35.58      35.58      35.58   0.25%
MLCGSolver::ParallelAllReduce                149555933      24.04      24.04      24.04   0.17%
MLCellLinOp::apply()                          60213995      17.29      17.29      17.29   0.12%
main()                                               1      16.93      16.93      16.93   0.12%
FabArray::FillBoundary()                      60859029      15.44      15.44      15.44   0.11%
MLMG::solve()                                   161441        3.4        3.4        3.4   0.02%
MLMG::actualBottomSolve()                       484323     0.6426     0.6426     0.6426   0.00%
MLCellLinOp::solutionResidual()                 645764     0.2457     0.2457     0.2457   0.00%
MLMG::oneIter()                                 484323     0.2107     0.2107     0.2107   0.00%
MLMG::computeResidual()                         484323      0.152      0.152      0.152   0.00%
MLMG::mgVcycle()                                484323     0.1312     0.1312     0.1312   0.00%
MLMG::mgVcycle_bottom                           484323     0.1262     0.1262     0.1262   0.00%
Other                                        126157873       77.5       77.5       77.5   0.55%
-----------------------------------------------------------------------------------------------

-----------------------------------------------------------------------------------------------
Name                                            NCalls  Incl. Min  Incl. Avg  Incl. Max   Max %
-----------------------------------------------------------------------------------------------
main()                                               1  1.412e+04  1.412e+04  1.412e+04 100.00%
ComputePhi_Rho()                                 80636  1.343e+04  1.343e+04  1.343e+04  95.10%
MLMG::solve()                                   161441  1.277e+04  1.277e+04  1.277e+04  90.44%
MLMG::oneIter()                                 484323  1.268e+04  1.268e+04  1.268e+04  89.82%
MLMG::mgVcycle()                                484323  1.267e+04  1.267e+04  1.267e+04  89.77%
MLMG::mgVcycle_bottom                           484323  1.267e+04  1.267e+04  1.267e+04  89.77%
MLMG::actualBottomSolve()                       484323  1.267e+04  1.267e+04  1.267e+04  89.77%
MLCGSolver::bicgstab                            484323  1.267e+04  1.267e+04  1.267e+04  89.73%
MLCellLinOp::apply()                          60213995       3743       3743       3743  26.51%
amrex::Dot()                                 119136462       3736       3736       3736  26.47%
MLABecLaplacian::Fapply()                     60213995       2917       2917       2917  20.66%
MLABecLaplacian::normalize()                  60052554       2090       2090       2090  14.80%
MLCGSolver::ParallelAllReduce                149555933       1903       1903       1903  13.48%
FabArray::norminf()                           61020939       1756       1756       1756  12.44%
MLCellLinOp::applyBC()                        60213995      808.2      808.2      808.2   5.72%
FabArray::FillBoundary()                      60859029      667.3      667.3      667.3   4.73%
FillBoundary_nowait()                         60859029      646.6      646.6      646.6   4.58%
FabArray::Saxpy_Saxpy()                       29935148      453.3      453.3      453.3   3.21%
FabArray::Saypy_Saxpy()                       29633083      429.7      429.7      429.7   3.04%
FabArray::Saxpy_Xpay()                        29450825      401.4      401.4      401.4   2.84%
Calculate_Landau()                               80590      311.7      311.7      311.7   2.21%
Calculate_Grad()                                 80590      162.3      162.3      162.3   1.15%
ComputeEfromPhi()                               161180      158.4      158.4      158.4   1.12%
MLCellLinOp::solutionResidual()                 645764      52.82      52.82      52.82   0.37%
FabArray::setVal()                             2986298       42.7       42.7       42.7   0.30%
MLMG::computeResidual()                         484323      37.62      37.62      37.62   0.27%
amrex::Copy()                                  2664357      35.58      35.58      35.58   0.25%
Other                                        126157873      132.5      132.5      132.5   0.94%
-----------------------------------------------------------------------------------------------

Device Memory Usage:
--------------------------------------------------------------------------
Name                                            Nalloc    AvgMem    MaxMem
--------------------------------------------------------------------------
The_Arena::Initialize()                              1     2   B    16 GiB
main()                                            1360   118 MiB   122 MiB
WritePlotfile()                                    752  2229   B    33 MiB
ResizeRandomSeed                                     2    16 MiB    16 MiB
MLCGSolver::bicgstab                          38745840  9504 KiB    10 MiB
MLMG::prepareForSolve()                             64  8135 KiB  8136 KiB
MLABecLaplacian::define()                           64  7823 KiB  7824 KiB
ComputePhi_Rho()                              18084096   167 KiB  7552 KiB
MultiFab::OverlapMask()                        2747370  2380   B  1889 KiB
BndryData::define()                                192  1735 KiB  1736 KiB
MLCellLinOp::defineAuxData()                       192   815 KiB   816 KiB
FillBoundary_nowait()                          1130096   176 KiB   180 KiB
VisMF::Write(FabArray)                           13536     2   B   174 KiB
MultiFab::max()                                  80638  2063   B    89 KiB
MultiFab::norm1                                 161610    25   B    87 KiB
FabArray::norminf()                           61020939    10 KiB    87 KiB
amrex::Dot()                                 119136462    22 KiB    87 KiB
FabArray::setVal()                             1614446    74 KiB    74 KiB
amrex::Copy()                                   807436    29 KiB    29 KiB
MLCellLinOp::applyBC()                        60375443    25 KiB    26 KiB
MLCellLinOp::prepareForSolve()                       1     0   B    15 KiB
FabArray::LinComb()                             161442  2048   B  4096   B
MLABecLaplacian::Fapply()                       968646  3630   B  4096   B
FabArray::setVal(val, thecmd, scomp, ncomp)          8     0   B  3328   B
MultiFab::Divide()                              161610     1   B  2048   B
MLCellLinOp::defineBC()                              1  1791   B  1792   B
--------------------------------------------------------------------------

Managed Memory Usage:
---------------------------------------------------------
Name                             Nalloc  AvgMem    MaxMem
---------------------------------------------------------
The_Managed_Arena::Initialize()       1   0   B  8192 KiB
main()                                1   0   B    31 KiB
---------------------------------------------------------

Pinned Memory Usage:
--------------------------------------------------------------------------
Name                                            Nalloc    AvgMem    MaxMem
--------------------------------------------------------------------------
The_Pinned_Arena::Initialize()                       1     0   B  8192 KiB
VisMF::Write(FabArray)                           14288    89   B  2124 KiB
FillBoundary_nowait()                          1130096   176 KiB   180 KiB
FabArray::setVal()                             1614446    74 KiB    74 KiB
amrex::Copy()                                   807436    29 KiB    29 KiB
MLCellLinOp::applyBC()                          161448    25 KiB    25 KiB
MLCellLinOp::prepareForSolve()                       1     0   B    15 KiB
FabArray::LinComb()                             161442  2048   B  4096   B
MLABecLaplacian::Fapply()                       968646  3630   B  4096   B
FabArray::setVal(val, thecmd, scomp, ncomp)          8     0   B  3328   B
MultiFab::max()                                  80638  2048   B  2304   B
MultiFab::Divide()                              161610     1   B  2048   B
MLCellLinOp::setLevelBC()                           47     0   B  1792   B
MultiFab::OverlapMask()                         161610     0   B  1792   B
amrex::Dot()                                 119136462    66   B   256   B
Unprofiled                                          15     0   B   256   B
MultiFab::norm1                                 161610     0   B   256   B
FabArray::norminf()                           61020939    31   B   256   B
--------------------------------------------------------------------------

Total GPU global memory (MB) spread across MPI: [22491 ... 22491]
Free  GPU global memory (MB) spread across MPI: [5299 ... 5299]
[The         Arena] max space (MB) allocated spread across MPI: [16868 ... 16868]
[The         Arena] max space (MB) used      spread across MPI: [186 ... 186]
[The Managed Arena] max space (MB) allocated spread across MPI: [8 ... 8]
[The Managed Arena] max space (MB) used      spread across MPI: [0 ... 0]
[The  Pinned Arena] max space (MB) allocated spread across MPI: [8 ... 8]
[The  Pinned Arena] max space (MB) used      spread across MPI: [2 ... 2]
AMReX (26.05-39-gbe2cc437644f) finalized
EXIT_CODE=0
Mon Jun 29 18:02:05 UTC 2026
