MLMG: Initial rhs               = 688137480.3
MLMG: Initial residual (resid0) = 8840632960
MLMG: Final Iter. 3 resid, resid/resid0 = 0.002100995091, 2.376521116e-13
MLMG: Timers: Solve = 0.136390851 Iter = 0.136193428 Bottom = 0.135844237
2 iterations :: err = 2.238333006e-10
Steady state check : (phi(t) - phi(t-1)).norm0() = 1.003995821e-07
Advanced step 36822 in 0.282971879 seconds
 
MLMG: Initial rhs               = 688137480.3
MLMG: Initial residual (resid0) = 8840632961
MLMG: Final Iter. 3 resid, resid/resid0 = 0.0033718169, 3.813999421e-13
MLMG: Timers: Solve = 0.127480405 Iter = 0.127265564 Bottom = 0.126915252
1 iterations :: err = 1
MLMG: Initial rhs               = 688137480.3
MLMG: Initial residual (resid0) = 8840632961
MLMG: Final Iter. 3 resid, resid/resid0 = 0.003153349851, 3.566882445e-13
MLMG: Timers: Solve = 0.115587882 Iter = 0.115385171 Bottom = 0.115030417
2 iterations :: err = 3.590780397e-11
Steady state check : (phi(t) - phi(t-1)).norm0() = 1.001964195e-07
Advanced step 36823 in 0.273814813 seconds
 
MLMG: Initial rhs               = 688137480
MLMG: Initial residual (resid0) = 8840632963
MLMG: Final Iter. 3 resid, resid/resid0 = 0.002129060038, 2.40826652e-13
MLMG: Timers: Solve = 0.149393166 Iter = 0.149178084 Bottom = 0.148828112
1 iterations :: err = 1
MLMG: Initial rhs               = 688137480
MLMG: Initial residual (resid0) = 8840632963
MLMG: Final Iter. 3 resid, resid/resid0 = 0.001495893291, 1.692065825e-13
MLMG: Timers: Solve = 0.117562625 Iter = 0.117365635 Bottom = 0.117016806
2 iterations :: err = 7.069912261e-11
Steady state check : (phi(t) - phi(t-1)).norm0() = 9.999323683e-08
Advanced step 36824 in 0.298466683 seconds
 
step = 36824, Phi_Bc_hi = -4, num_Vapp = 46, sign = -1
MLMG: Initial rhs               = 688137480
MLMG: Initial residual (resid0) = 7862961030
MLMG: Final Iter. 3 resid, resid/resid0 = 0.003995375242, 5.081260389e-13
MLMG: Timers: Solve = 0.118627917 Iter = 0.118390509 Bottom = 0.118035984
1 iterations :: err = 1
MLMG: Initial rhs               = 688137480.1
MLMG: Initial residual (resid0) = 7862961030
MLMG: Final Iter. 3 resid, resid/resid0 = 0.003876328468, 4.929858425e-13
MLMG: Timers: Solve = 0.143542913 Iter = 0.143345912 Bottom = 0.142997264
2 iterations :: err = 3.441868192e-05
MLMG: Initial rhs               = 688137480.1
MLMG: Initial residual (resid0) = 7862961030
MLMG: Final Iter. 3 resid, resid/resid0 = 0.002465975695, 3.136192187e-13
MLMG: Timers: Solve = 0.119570593 Iter = 0.119369199 Bottom = 0.119017556
3 iterations :: err = 1.708110644e-08
voltage_sweep == 1 && num_Vapp == num_Vapp_max!
High-water FAB megabyte spread across MPI nodes: [171 ... 171]
Current     FAB megabyte spread across MPI nodes: [136 ... 136]
Total run time 11982.89211 seconds


TinyProfiler total time across processes [min...avg...max]: 1.198e+04 ... 1.198e+04 ... 1.198e+04

----------------------------------------------------------------------------------------------
Name                                           NCalls  Excl. Min  Excl. Avg  Excl. Max   Max %
----------------------------------------------------------------------------------------------
amrex::Dot()                                 54982418       3160       3160       3160  26.37%
MLABecLaplacian::Fapply()                    27787117       2461       2461       2461  20.54%
MLABecLaplacian::normalize()                 27713140       1769       1769       1769  14.77%
FabArray::norminf()                          28156673       1510       1510       1510  12.60%
FillBoundary_nowait()                        28082091        548        548        548   4.57%
ComputePhi_Rho()                                36870      493.9      493.9      493.9   4.12%
FabArray::Saxpy_Saxpy()                      13810632      377.1      377.1      377.1   3.15%
FabArray::Saypy_Saxpy()                      13680577      367.9      367.9      367.9   3.07%
FabArray::Saxpy_Xpay()                       13588701      343.5      343.5      343.5   2.87%
Calculate_Landau()                              36824      253.7      253.7      253.7   2.12%
Calculate_Grad()                                36824      134.3      134.3      134.3   1.12%
ComputeEfromPhi()                               73648      133.2      133.2      133.2   1.11%
MLCellLinOp::applyBC()                       27787117        127        127        127   1.06%
MLCGSolver::bicgstab                           221931       62.5       62.5       62.5   0.52%
main()                                              1       52.6       52.6       52.6   0.44%
FabArray::setVal()                            1368112      36.55      36.55      36.55   0.31%
amrex::Copy()                                 1221167      29.98      29.98      29.98   0.25%
MLCGSolver::ParallelAllReduce                69014981      19.81      19.81      19.81   0.17%
MLCellLinOp::apply()                         27787117      14.74      14.74      14.74   0.12%
FabArray::FillBoundary()                     28082091       12.2       12.2       12.2   0.10%
MLMG::solve()                                   73977      3.913      3.913      3.913   0.03%
MLMG::actualBottomSolve()                      221931     0.7995     0.7995     0.7995   0.01%
MLMG::oneIter()                                221931      0.302      0.302      0.302   0.00%
MLMG::computeResidual()                        221931     0.2049     0.2049     0.2049   0.00%
MLCellLinOp::solutionResidual()                295908     0.1878     0.1878     0.1878   0.00%
MLMG::mgVcycle_bottom                          221931     0.1414     0.1414     0.1414   0.00%
MLMG::mgVcycle()                               221931      0.131      0.131      0.131   0.00%
Other                                        58198771      69.99      69.99      69.99   0.58%
----------------------------------------------------------------------------------------------

----------------------------------------------------------------------------------------------
Name                                           NCalls  Incl. Min  Incl. Avg  Incl. Max   Max %
----------------------------------------------------------------------------------------------
main()                                              1  1.198e+04  1.198e+04  1.198e+04 100.00%
ComputePhi_Rho()                                36870  1.137e+04  1.137e+04  1.137e+04  94.88%
MLMG::solve()                                   73977  1.083e+04  1.083e+04  1.083e+04  90.38%
MLMG::oneIter()                                221931  1.075e+04  1.075e+04  1.075e+04  89.75%
MLMG::mgVcycle()                               221931  1.075e+04  1.075e+04  1.075e+04  89.71%
MLMG::mgVcycle_bottom                          221931  1.075e+04  1.075e+04  1.075e+04  89.70%
MLMG::actualBottomSolve()                      221931  1.075e+04  1.075e+04  1.075e+04  89.70%
MLCGSolver::bicgstab                           221931  1.074e+04  1.074e+04  1.074e+04  89.66%
MLCellLinOp::apply()                         27787117       3166       3166       3166  26.42%
amrex::Dot()                                 54982418       3160       3160       3160  26.37%
MLABecLaplacian::Fapply()                    27787117       2461       2461       2461  20.54%
MLABecLaplacian::normalize()                 27713140       1769       1769       1769  14.77%
MLCGSolver::ParallelAllReduce                69014981       1597       1597       1597  13.33%
FabArray::norminf()                          28156673       1510       1510       1510  12.60%
MLCellLinOp::applyBC()                       27787117        690        690        690   5.76%
FabArray::FillBoundary()                     28082091      569.8      569.8      569.8   4.76%
FillBoundary_nowait()                        28082091      553.1      553.1      553.1   4.62%
FabArray::Saxpy_Saxpy()                      13810632      377.1      377.1      377.1   3.15%
FabArray::Saypy_Saxpy()                      13680577      367.9      367.9      367.9   3.07%
FabArray::Saxpy_Xpay()                       13588701      343.5      343.5      343.5   2.87%
Calculate_Landau()                              36824      253.7      253.7      253.7   2.12%
Calculate_Grad()                                36824      134.3      134.3      134.3   1.12%
ComputeEfromPhi()                               73648      133.2      133.2      133.2   1.11%
MLCellLinOp::solutionResidual()                295908      44.99      44.99      44.99   0.38%
FabArray::setVal()                            1368112      36.55      36.55      36.55   0.31%
MLMG::computeResidual()                        221931      31.84      31.84      31.84   0.27%
amrex::Copy()                                 1221167      29.98      29.98      29.98   0.25%
Other                                        58198771      119.2      119.2      119.2   0.99%
----------------------------------------------------------------------------------------------

Device Memory Usage:
-------------------------------------------------------------------------
Name                                           Nalloc    AvgMem    MaxMem
-------------------------------------------------------------------------
The_Arena::Initialize()                             1     1   B    16 GiB
main()                                           1360   118 MiB   122 MiB
WritePlotfile()                                   752  4944   B    33 MiB
ResizeRandomSeed                                    2    16 MiB    16 MiB
MLCGSolver::bicgstab                         17754480  9496 KiB    10 MiB
MLMG::prepareForSolve()                            64  8135 KiB  8136 KiB
MLABecLaplacian::define()                          64  7823 KiB  7824 KiB
ComputePhi_Rho()                              8289216   160 KiB  7552 KiB
MultiFab::OverlapMask()                       1261638  2403   B  1889 KiB
BndryData::define()                               192  1735 KiB  1736 KiB
MLCellLinOp::defineAuxData()                      192   815 KiB   816 KiB
FillBoundary_nowait()                          517848   176 KiB   180 KiB
VisMF::Write(FabArray)                          13536     4   B   174 KiB
MultiFab::max()                                 36872  2061   B    89 KiB
MultiFab::norm1                                 74214    24   B    87 KiB
FabArray::norminf()                          28156673    10 KiB    87 KiB
amrex::Dot()                                 54982418    22 KiB    87 KiB
FabArray::setVal()                             739806    74 KiB    74 KiB
amrex::Copy()                                  370184    29 KiB    29 KiB
MLCellLinOp::applyBC()                       27861101    25 KiB    26 KiB
MLCellLinOp::prepareForSolve()                      1     0   B    15 KiB
FabArray::LinComb()                             73978  2048   B  4096   B
MLABecLaplacian::Fapply()                      443862  3627   B  4096   B
FabArray::setVal(val, thecmd, scomp, ncomp)         8     0   B  3328   B
MultiFab::Divide()                              74214     1   B  2048   B
MLCellLinOp::defineBC()                             1  1791   B  1792   B
-------------------------------------------------------------------------

Managed Memory Usage:
---------------------------------------------------------
Name                             Nalloc  AvgMem    MaxMem
---------------------------------------------------------
The_Managed_Arena::Initialize()       1   0   B  8192 KiB
main()                                1   0   B    31 KiB
---------------------------------------------------------

Pinned Memory Usage:
-------------------------------------------------------------------------
Name                                           Nalloc    AvgMem    MaxMem
-------------------------------------------------------------------------
The_Pinned_Arena::Initialize()                      1     0   B  8192 KiB
VisMF::Write(FabArray)                          14288   204   B  2124 KiB
FillBoundary_nowait()                          517848   176 KiB   180 KiB
FabArray::setVal()                             739806    74 KiB    74 KiB
amrex::Copy()                                  370184    29 KiB    29 KiB
MLCellLinOp::applyBC()                          73984    25 KiB    25 KiB
MLCellLinOp::prepareForSolve()                      1     0   B    15 KiB
FabArray::LinComb()                             73978  2048   B  4096   B
MLABecLaplacian::Fapply()                      443862  3627   B  4096   B
FabArray::setVal(val, thecmd, scomp, ncomp)         8     0   B  3328   B
MultiFab::max()                                 36872  2048   B  2304   B
MultiFab::Divide()                              74214     1   B  2048   B
MLCellLinOp::setLevelBC()                          47     0   B  1792   B
MultiFab::OverlapMask()                         74214     0   B  1792   B
amrex::Dot()                                 54982418    66   B   256   B
Unprofiled                                         15     0   B   256   B
MultiFab::norm1                                 74214     0   B   256   B
FabArray::norminf()                          28156673    31   B   256   B
-------------------------------------------------------------------------

Total GPU global memory (MB) spread across MPI: [22491 ... 22491]
Free  GPU global memory (MB) spread across MPI: [5299 ... 5299]
[The         Arena] max space (MB) allocated spread across MPI: [16868 ... 16868]
[The         Arena] max space (MB) used      spread across MPI: [186 ... 186]
[The Managed Arena] max space (MB) allocated spread across MPI: [8 ... 8]
[The Managed Arena] max space (MB) used      spread across MPI: [0 ... 0]
[The  Pinned Arena] max space (MB) allocated spread across MPI: [8 ... 8]
[The  Pinned Arena] max space (MB) used      spread across MPI: [2 ... 2]
AMReX (26.05-39-gbe2cc437644f) finalized

EXIT_CODE=0
Thu Jul 23 09:05:34 UTC 2026
