MLMG: Initial rhs               = 570182474.4
MLMG: Initial residual (resid0) = 8830865063
MLMG: Final Iter. 3 resid, resid/resid0 = 0.004633426666, 5.246854791e-13
MLMG: Timers: Solve = 0.087337006 Iter = 0.087131622 Bottom = 0.086788603
2 iterations :: err = 1.32380574e-10
Steady state check : (phi(t) - phi(t-1)).norm0() = 1.011173679e-07
Advanced step 69714 in 0.256761084 seconds
 
MLMG: Initial rhs               = 570182474.9
MLMG: Initial residual (resid0) = 8830865064
MLMG: Final Iter. 3 resid, resid/resid0 = 0.002276511954, 2.57790368e-13
MLMG: Timers: Solve = 0.116014801 Iter = 0.115797012 Bottom = 0.115450202
1 iterations :: err = 1
MLMG: Initial rhs               = 570182474.9
MLMG: Initial residual (resid0) = 8830865064
MLMG: Final Iter. 3 resid, resid/resid0 = 0.003315609361, 3.754569158e-13
MLMG: Timers: Solve = 0.11882781 Iter = 0.118627542 Bottom = 0.118278512
2 iterations :: err = 3.270916089e-10
Steady state check : (phi(t) - phi(t-1)).norm0() = 1.005144289e-07
Advanced step 69715 in 0.266026647 seconds
 
MLMG: Initial rhs               = 570182475.2
MLMG: Initial residual (resid0) = 8830865065
MLMG: Final Iter. 3 resid, resid/resid0 = 0.00294252682, 3.332093513e-13
MLMG: Timers: Solve = 0.097598488 Iter = 0.097384854 Bottom = 0.097041752
1 iterations :: err = 1
MLMG: Initial rhs               = 570182475.2
MLMG: Initial residual (resid0) = 8830865065
MLMG: Final Iter. 3 resid, resid/resid0 = 0.004616901278, 5.228141575e-13
MLMG: Timers: Solve = 0.096315127 Iter = 0.096108674 Bottom = 0.09575612799
2 iterations :: err = 2.023490789e-10
Steady state check : (phi(t) - phi(t-1)).norm0() = 9.996755743e-08
Advanced step 69716 in 0.253925264 seconds
 
step = 69716, Phi_Bc_hi = -4, num_Vapp = 46, sign = -1
MLMG: Initial rhs               = 570182475.8
MLMG: Initial residual (resid0) = 7853193131
MLMG: Final Iter. 3 resid, resid/resid0 = 0.002577294, 3.281842121e-13
MLMG: Timers: Solve = 0.104950239 Iter = 0.104723326 Bottom = 0.104369673
1 iterations :: err = 1
MLMG: Initial rhs               = 570182475.8
MLMG: Initial residual (resid0) = 7853193131
MLMG: Final Iter. 3 resid, resid/resid0 = 0.001473034583, 1.875714195e-13
MLMG: Timers: Solve = 0.121367606 Iter = 0.121162316 Bottom = 0.120815818
2 iterations :: err = 2.657064869e-05
MLMG: Initial rhs               = 570182475.8
MLMG: Initial residual (resid0) = 7853193131
MLMG: Final Iter. 3 resid, resid/resid0 = 0.003157167587, 4.020234234e-13
MLMG: Timers: Solve = 0.11454138 Iter = 0.114343807 Bottom = 0.113993162
3 iterations :: err = 8.655876674e-09
voltage_sweep == 1 && num_Vapp == num_Vapp_max!
High-water FAB megabyte spread across MPI nodes: [171 ... 171]
Current     FAB megabyte spread across MPI nodes: [136 ... 136]
Total run time 21955.40471 seconds


TinyProfiler total time across processes [min...avg...max]: 2.196e+04 ... 2.196e+04 ... 2.196e+04

-----------------------------------------------------------------------------------------------
Name                                            NCalls  Excl. Min  Excl. Avg  Excl. Max   Max %
-----------------------------------------------------------------------------------------------
amrex::Dot()                                 100669020       5755       5755       5755  26.21%
MLABecLaplacian::Fapply()                     50893269       4524       4524       4524  20.60%
MLABecLaplacian::normalize()                  50753579       3246       3246       3246  14.78%
FabArray::norminf()                           51591460       2714       2714       2714  12.36%
FillBoundary_nowait()                         51451308       1002       1002       1002   4.56%
ComputePhi_Rho()                                 69762      937.9      937.9      937.9   4.27%
FabArray::Saypy_Saxpy()                       25038566      694.5      694.5      694.5   3.16%
FabArray::Saxpy_Saxpy()                       25295944      672.3      672.3      672.3   3.06%
FabArray::Saxpy_Xpay()                        24876875      633.7      633.7      633.7   2.89%
Calculate_Landau()                               69716      480.1      480.1      480.1   2.19%
ComputeEfromPhi()                               139432      252.6      252.6      252.6   1.15%
Calculate_Grad()                                 69716      251.8      251.8      251.8   1.15%
MLCellLinOp::applyBC()                        50893269      225.4      225.4      225.4   1.03%
MLCGSolver::bicgstab                            419069      117.1      117.1      117.1   0.53%
main()                                               1      93.54      93.54      93.54   0.43%
FabArray::setVal()                             2583906      71.04      71.04      71.04   0.32%
amrex::Copy()                                  2305464      57.87      57.87      57.87   0.26%
MLCGSolver::ParallelAllReduce                126384033       36.8       36.8       36.8   0.17%
MLCellLinOp::apply()                          50893269      26.83      26.83      26.83   0.12%
FabArray::FillBoundary()                      51451308      23.62      23.62      23.62   0.11%
MLMG::solve()                                   139690      6.762      6.762      6.762   0.03%
MLMG::actualBottomSolve()                       419069      1.506      1.506      1.506   0.01%
MLMG::oneIter()                                 419069     0.5702     0.5702     0.5702   0.00%
MLMG::computeResidual()                         419069      0.454      0.454      0.454   0.00%
MLCellLinOp::solutionResidual()                 558759     0.4141     0.4141     0.4141   0.00%
MLMG::mgVcycle()                                419069     0.3358     0.3358     0.3358   0.00%
MLMG::mgVcycle_bottom                           419069     0.2553     0.2553     0.2553   0.00%
Other                                        106744273      129.7      129.7      129.7   0.59%
-----------------------------------------------------------------------------------------------

-----------------------------------------------------------------------------------------------
Name                                            NCalls  Incl. Min  Incl. Avg  Incl. Max   Max %
-----------------------------------------------------------------------------------------------
main()                                               1  2.196e+04  2.196e+04  2.196e+04 100.00%
ComputePhi_Rho()                                 69762  2.081e+04  2.081e+04  2.081e+04  94.76%
MLMG::solve()                                   139690  1.978e+04  1.978e+04  1.978e+04  90.11%
MLMG::oneIter()                                 419069  1.964e+04  1.964e+04  1.964e+04  89.45%
MLMG::mgVcycle()                                419069  1.963e+04  1.963e+04  1.963e+04  89.41%
MLMG::mgVcycle_bottom                           419069  1.963e+04  1.963e+04  1.963e+04  89.41%
MLMG::actualBottomSolve()                       419069  1.963e+04  1.963e+04  1.963e+04  89.40%
MLCGSolver::bicgstab                            419069  1.962e+04  1.962e+04  1.962e+04  89.36%
MLCellLinOp::apply()                          50893269       5807       5807       5807  26.45%
amrex::Dot()                                 100669020       5755       5755       5755  26.21%
MLABecLaplacian::Fapply()                     50893269       4524       4524       4524  20.60%
MLABecLaplacian::normalize()                  50753579       3246       3246       3246  14.78%
MLCGSolver::ParallelAllReduce                126384033       2925       2925       2925  13.32%
FabArray::norminf()                           51591460       2714       2714       2714  12.36%
MLCellLinOp::applyBC()                        50893269       1256       1256       1256   5.72%
FabArray::FillBoundary()                      51451308       1043       1043       1043   4.75%
FillBoundary_nowait()                         51451308       1012       1012       1012   4.61%
FabArray::Saypy_Saxpy()                       25038566      694.5      694.5      694.5   3.16%
FabArray::Saxpy_Saxpy()                       25295944      672.3      672.3      672.3   3.06%
FabArray::Saxpy_Xpay()                        24876875      633.7      633.7      633.7   2.89%
Calculate_Landau()                               69716      480.1      480.1      480.1   2.19%
ComputeEfromPhi()                               139432      252.6      252.6      252.6   1.15%
Calculate_Grad()                                 69716      251.8      251.8      251.8   1.15%
MLCellLinOp::solutionResidual()                 558759      85.28      85.28      85.28   0.39%
FabArray::setVal()                             2583906      71.04      71.04      71.04   0.32%
MLMG::computeResidual()                         419069      61.51      61.51      61.51   0.28%
amrex::Copy()                                  2305464      57.87      57.87      57.87   0.26%
Other                                        106744273      217.7      217.7      217.7   0.99%
-----------------------------------------------------------------------------------------------

Device Memory Usage:
--------------------------------------------------------------------------
Name                                            Nalloc    AvgMem    MaxMem
--------------------------------------------------------------------------
The_Arena::Initialize()                              1     0   B    16 GiB
main()                                            1360   118 MiB   122 MiB
WritePlotfile()                                    752  2779   B    33 MiB
ResizeRandomSeed                                     2    16 MiB    16 MiB
MLCGSolver::bicgstab                          33525520  9463 KiB    10 MiB
MLMG::prepareForSolve()                             64  8135 KiB  8136 KiB
MLABecLaplacian::define()                           64  7823 KiB  7824 KiB
ComputePhi_Rho()                              15647936   166 KiB  7552 KiB
MultiFab::OverlapMask()                        2377552  2452   B  1889 KiB
BndryData::define()                                192  1735 KiB  1736 KiB
MLCellLinOp::defineAuxData()                       192   815 KiB   816 KiB
FillBoundary_nowait()                           977837   176 KiB   180 KiB
VisMF::Write(FabArray)                           13536     2   B   174 KiB
MultiFab::max()                                  69764  2062   B    89 KiB
MultiFab::norm1                                 139856    25   B    87 KiB
FabArray::norminf()                           51591460    10 KiB    87 KiB
amrex::Dot()                                 100669020    22 KiB    87 KiB
FabArray::setVal()                             1396934    74 KiB    74 KiB
amrex::Copy()                                   698677    29 KiB    29 KiB
MLCellLinOp::applyBC()                        51032966    25 KiB    26 KiB
MLCellLinOp::prepareForSolve()                       1     0   B    15 KiB
FabArray::LinComb()                             139691  2048   B  4096   B
MLABecLaplacian::Fapply()                       838138  3613   B  4096   B
FabArray::setVal(val, thecmd, scomp, ncomp)          8     0   B  3328   B
MultiFab::Divide()                              139856     1   B  2048   B
MLCellLinOp::defineBC()                              1  1791   B  1792   B
--------------------------------------------------------------------------

Managed Memory Usage:
---------------------------------------------------------
Name                             Nalloc  AvgMem    MaxMem
---------------------------------------------------------
The_Managed_Arena::Initialize()       1   0   B  8192 KiB
main()                                1   0   B    31 KiB
---------------------------------------------------------

Pinned Memory Usage:
--------------------------------------------------------------------------
Name                                            Nalloc    AvgMem    MaxMem
--------------------------------------------------------------------------
The_Pinned_Arena::Initialize()                       1     0   B  8192 KiB
VisMF::Write(FabArray)                           14288   104   B  2124 KiB
FillBoundary_nowait()                           977837   176 KiB   180 KiB
FabArray::setVal()                             1396934    74 KiB    74 KiB
amrex::Copy()                                   698677    29 KiB    29 KiB
MLCellLinOp::applyBC()                          139697    25 KiB    25 KiB
MLCellLinOp::prepareForSolve()                       1     0   B    15 KiB
FabArray::LinComb()                             139691  2048   B  4096   B
MLABecLaplacian::Fapply()                       838138  3613   B  4096   B
FabArray::setVal(val, thecmd, scomp, ncomp)          8     0   B  3328   B
MultiFab::max()                                  69764  2048   B  2304   B
MultiFab::Divide()                              139856     1   B  2048   B
MLCellLinOp::setLevelBC()                           47     0   B  1792   B
MultiFab::OverlapMask()                         139856     0   B  1792   B
amrex::Dot()                                 100669020    66   B   256   B
Unprofiled                                          15     0   B   256   B
MultiFab::norm1                                 139856     0   B   256   B
FabArray::norminf()                           51591460    31   B   256   B
--------------------------------------------------------------------------

Total GPU global memory (MB) spread across MPI: [22491 ... 22491]
Free  GPU global memory (MB) spread across MPI: [5299 ... 5299]
[The         Arena] max space (MB) allocated spread across MPI: [16868 ... 16868]
[The         Arena] max space (MB) used      spread across MPI: [186 ... 186]
[The Managed Arena] max space (MB) allocated spread across MPI: [8 ... 8]
[The Managed Arena] max space (MB) used      spread across MPI: [0 ... 0]
[The  Pinned Arena] max space (MB) allocated spread across MPI: [8 ... 8]
[The  Pinned Arena] max space (MB) used      spread across MPI: [2 ... 2]
AMReX (26.05-39-gbe2cc437644f) finalized

EXIT_CODE=0
Fri Jul 24 06:04:06 UTC 2026
