MLMG: Initial rhs               = 272523036
MLMG: Initial residual (resid0) = 7629558461
MLMG: Final Iter. 3 resid, resid/resid0 = 0.001796611818, 2.354804445e-13
MLMG: Timers: Solve = 0.055272246 Iter = 0.055079527 Bottom = 0.054741047
2 iterations :: err = 1.396547156e-10
Steady state check : (phi(t) - phi(t-1)).norm0() = 3.093803112e-07
Advanced step 32085 in 0.123275127 seconds
 
MLMG: Initial rhs               = 272523036.1
MLMG: Initial residual (resid0) = 7629558454
MLMG: Final Iter. 3 resid, resid/resid0 = 0.002585703774, 3.389060835e-13
MLMG: Timers: Solve = 0.052633682 Iter = 0.052423306 Bottom = 0.052085799
1 iterations :: err = 1
MLMG: Initial rhs               = 272523069.7
MLMG: Initial residual (resid0) = 7629558454
MLMG: Final Iter. 3 resid, resid/resid0 = 8.174024697e-05, 1.071362746e-14
MLMG: Timers: Solve = 0.05358369 Iter = 0.053394913 Bottom = 0.053056946
2 iterations :: err = 1.065817475e-10
Steady state check : (phi(t) - phi(t-1)).norm0() = 1.649366809e-07
Advanced step 32086 in 0.122011545 seconds
 
MLMG: Initial rhs               = 272523069.6
MLMG: Initial residual (resid0) = 7629558451
MLMG: Final Iter. 3 resid, resid/resid0 = 0.002338042214, 3.06445285e-13
MLMG: Timers: Solve = 0.050315979 Iter = 0.050107319 Bottom = 0.049768393
1 iterations :: err = 1
MLMG: Initial rhs               = 272523087.6
MLMG: Initial residual (resid0) = 7629558451
MLMG: Final Iter. 3 resid, resid/resid0 = 0.001875963147, 2.458809588e-13
MLMG: Timers: Solve = 0.055746042 Iter = 0.055555154 Bottom = 0.055217852
2 iterations :: err = 2.217282995e-10
Steady state check : (phi(t) - phi(t-1)).norm0() = 8.792808381e-08
Advanced step 32087 in 0.121791316 seconds
 
step = 32087, Phi_Bc_hi = -4, num_Vapp = 46, sign = -1
MLMG: Initial rhs               = 272523087.6
MLMG: Initial residual (resid0) = 6779958449
MLMG: Final Iter. 3 resid, resid/resid0 = 0.0009166825978, 1.352047516e-13
MLMG: Timers: Solve = 0.053899352 Iter = 0.05366914 Bottom = 0.053324504
1 iterations :: err = 1
MLMG: Initial rhs               = 260114129.2
MLMG: Initial residual (resid0) = 6779958449
MLMG: Final Iter. 3 resid, resid/resid0 = 0.001847758453, 2.725324154e-13
MLMG: Timers: Solve = 0.052205789 Iter = 0.052007727 Bottom = 0.051672145
2 iterations :: err = 4.802350802e-05
MLMG: Initial rhs               = 259946039.5
MLMG: Initial residual (resid0) = 6779958449
MLMG: Final Iter. 3 resid, resid/resid0 = 0.0008808574341, 1.299207717e-13
MLMG: Timers: Solve = 0.054350803 Iter = 0.054154466 Bottom = 0.053816753
3 iterations :: err = 3.141048482e-08
voltage_sweep == 1 && num_Vapp == num_Vapp_max!
High-water FAB megabyte spread across MPI nodes: [171 ... 171]
Current     FAB megabyte spread across MPI nodes: [136 ... 136]
Total run time 6360.809417 seconds


TinyProfiler total time across processes [min...avg...max]: 6361 ... 6361 ... 6361

----------------------------------------------------------------------------------------------
Name                                           NCalls  Excl. Min  Excl. Avg  Excl. Max   Max %
----------------------------------------------------------------------------------------------
amrex::Dot()                                 59272620       1719       1719       1719  27.03%
MLABecLaplacian::Fapply()                    29893884       1336       1336       1336  21.00%
MLABecLaplacian::normalize()                 29829490      958.7      958.7      958.7  15.07%
FabArray::norminf()                          30215632        805        805        805  12.66%
FillBoundary_nowait()                        30150853      293.7      293.7      293.7   4.62%
ComputePhi_Rho()                                32133      229.1      229.1      229.1   3.60%
FabArray::Saxpy_Saxpy()                      14876292      209.2      209.2      209.2   3.29%
FabArray::Saypy_Saxpy()                      14760018        198        198        198   3.11%
FabArray::Saxpy_Xpay()                       14683112      184.8      184.8      184.8   2.90%
Calculate_Landau()                              32087      117.1      117.1      117.1   1.84%
MLCellLinOp::applyBC()                       29893884      65.32      65.32      65.32   1.03%
Calculate_Grad()                                32087      61.72      61.72      61.72   0.97%
ComputeEfromPhi()                               64174      60.27      60.27      60.27   0.95%
MLCGSolver::bicgstab                           193180       28.9       28.9       28.9   0.45%
FabArray::setVal()                            1190984      15.98      15.98      15.98   0.25%
amrex::Copy()                                 1063096      13.42      13.42      13.42   0.21%
MLCGSolver::ParallelAllReduce                74342092       10.9       10.9       10.9   0.17%
MLCellLinOp::apply()                         29893884       7.87       7.87       7.87   0.12%
FabArray::FillBoundary()                     30150853      6.928      6.928      6.928   0.11%
main()                                              1      6.069      6.069      6.069   0.10%
MLMG::solve()                                   64394      1.192      1.192      1.192   0.02%
MLMG::actualBottomSolve()                      193180     0.2032     0.2032     0.2032   0.00%
MLMG::oneIter()                                193180    0.07808    0.07808    0.07808   0.00%
MLCellLinOp::solutionResidual()                257574    0.07357    0.07357    0.07357   0.00%
MLMG::computeResidual()                        193180    0.04285    0.04285    0.04285   0.00%
MLMG::mgVcycle_bottom                          193180    0.04217    0.04217    0.04217   0.00%
MLMG::mgVcycle()                               193180    0.04079    0.04079    0.04079   0.00%
Other                                        62072700      30.78      30.78      30.78   0.48%
----------------------------------------------------------------------------------------------

----------------------------------------------------------------------------------------------
Name                                           NCalls  Incl. Min  Incl. Avg  Incl. Max   Max %
----------------------------------------------------------------------------------------------
main()                                              1       6361       6361       6361 100.00%
ComputePhi_Rho()                                32133       6099       6099       6099  95.88%
MLMG::solve()                                   64394       5850       5850       5850  91.97%
MLMG::oneIter()                                193180       5818       5818       5818  91.46%
MLMG::mgVcycle()                               193180       5815       5815       5815  91.42%
MLMG::mgVcycle_bottom                          193180       5815       5815       5815  91.42%
MLMG::actualBottomSolve()                      193180       5815       5815       5815  91.42%
MLCGSolver::bicgstab                           193180       5813       5813       5813  91.39%
amrex::Dot()                                 59272620       1719       1719       1719  27.03%
MLCellLinOp::apply()                         29893884       1712       1712       1712  26.91%
MLABecLaplacian::Fapply()                    29893884       1336       1336       1336  21.00%
MLABecLaplacian::normalize()                 29829490      958.7      958.7      958.7  15.07%
MLCGSolver::ParallelAllReduce                74342092      875.2      875.2      875.2  13.76%
FabArray::norminf()                          30215632        805        805        805  12.66%
MLCellLinOp::applyBC()                       29893884        368        368        368   5.79%
FabArray::FillBoundary()                     30150853      305.7      305.7      305.7   4.81%
FillBoundary_nowait()                        30150853      296.6      296.6      296.6   4.66%
FabArray::Saxpy_Saxpy()                      14876292      209.2      209.2      209.2   3.29%
FabArray::Saypy_Saxpy()                      14760018        198        198        198   3.11%
FabArray::Saxpy_Xpay()                       14683112      184.8      184.8      184.8   2.90%
Calculate_Landau()                              32087      117.1      117.1      117.1   1.84%
Calculate_Grad()                                32087      61.72      61.72      61.72   0.97%
ComputeEfromPhi()                               64174      60.27      60.27      60.27   0.95%
MLCellLinOp::solutionResidual()                257574      19.65      19.65      19.65   0.31%
FabArray::setVal()                            1190984      15.98      15.98      15.98   0.25%
MLMG::computeResidual()                        193180      13.95      13.95      13.95   0.22%
amrex::Copy()                                 1063096      13.42      13.42      13.42   0.21%
Other                                        62072700      52.86      52.86      52.86   0.83%
----------------------------------------------------------------------------------------------

Device Memory Usage:
-------------------------------------------------------------------------
Name                                           Nalloc    AvgMem    MaxMem
-------------------------------------------------------------------------
The_Arena::Initialize()                             1     3   B    16 GiB
main()                                           1360   118 MiB   122 MiB
WritePlotfile()                                   752  5747   B    33 MiB
ResizeRandomSeed                                    2    16 MiB    16 MiB
MLCGSolver::bicgstab                         15454400  9683 KiB    10 MiB
MLMG::prepareForSolve()                            64  8135 KiB  8136 KiB
MLABecLaplacian::define()                          64  7823 KiB  7824 KiB
ComputePhi_Rho()                              7214176   139 KiB  7552 KiB
MultiFab::OverlapMask()                       1096874  1960   B  1889 KiB
BndryData::define()                               192  1735 KiB  1736 KiB
MLCellLinOp::defineAuxData()                      192   815 KiB   816 KiB
FillBoundary_nowait()                          450763   177 KiB   180 KiB
VisMF::Write(FabArray)                          13536     4   B   174 KiB
MultiFab::max()                                 32135  2060   B    89 KiB
MultiFab::norm1                                 64522    20   B    87 KiB
FabArray::norminf()                          30215632    10 KiB    87 KiB
amrex::Dot()                                 59272620    23 KiB    87 KiB
FabArray::setVal()                             643972    74 KiB    74 KiB
amrex::Copy()                                  322158    29 KiB    29 KiB
MLCellLinOp::applyBC()                       29958285    25 KiB    26 KiB
MLCellLinOp::prepareForSolve()                      1     0   B    15 KiB
FabArray::LinComb()                             64395  2048   B  4096   B
MLABecLaplacian::Fapply()                      386360  3706   B  4096   B
FabArray::setVal(val, thecmd, scomp, ncomp)         8     0   B  3328   B
MultiFab::Divide()                              64522     0   B  2048   B
MLCellLinOp::defineBC()                             1  1791   B  1792   B
-------------------------------------------------------------------------

Managed Memory Usage:
---------------------------------------------------------
Name                             Nalloc  AvgMem    MaxMem
---------------------------------------------------------
The_Managed_Arena::Initialize()       1   0   B  8192 KiB
main()                                1   0   B    31 KiB
---------------------------------------------------------

Pinned Memory Usage:
-------------------------------------------------------------------------
Name                                           Nalloc    AvgMem    MaxMem
-------------------------------------------------------------------------
The_Pinned_Arena::Initialize()                      1     0   B  8192 KiB
VisMF::Write(FabArray)                          14288   246   B  2124 KiB
FillBoundary_nowait()                          450763   177 KiB   180 KiB
FabArray::setVal()                             643972    74 KiB    74 KiB
amrex::Copy()                                  322158    29 KiB    29 KiB
MLCellLinOp::applyBC()                          64401    25 KiB    25 KiB
MLCellLinOp::prepareForSolve()                      1     0   B    15 KiB
FabArray::LinComb()                             64395  2048   B  4096   B
MLABecLaplacian::Fapply()                      386360  3706   B  4096   B
FabArray::setVal(val, thecmd, scomp, ncomp)         8     0   B  3328   B
MultiFab::max()                                 32135  2048   B  2304   B
MultiFab::Divide()                              64522     0   B  2048   B
MLCellLinOp::setLevelBC()                          47     0   B  1792   B
MultiFab::OverlapMask()                         64522     0   B  1792   B
amrex::Dot()                                 59272620    68   B   256   B
Unprofiled                                         15     0   B   256   B
MultiFab::norm1                                 64522     0   B   256   B
FabArray::norminf()                          30215632    32   B   256   B
-------------------------------------------------------------------------

Total GPU global memory (MB) spread across MPI: [22491 ... 22491]
Free  GPU global memory (MB) spread across MPI: [5299 ... 5299]
[The         Arena] max space (MB) allocated spread across MPI: [16868 ... 16868]
[The         Arena] max space (MB) used      spread across MPI: [186 ... 186]
[The Managed Arena] max space (MB) allocated spread across MPI: [8 ... 8]
[The Managed Arena] max space (MB) used      spread across MPI: [0 ... 0]
[The  Pinned Arena] max space (MB) allocated spread across MPI: [8 ... 8]
[The  Pinned Arena] max space (MB) used      spread across MPI: [2 ... 2]
AMReX (26.05-39-gbe2cc437644f) finalized

EXIT_CODE=0
Mon Jul 13 10:20:30 UTC 2026
