MLMG: Initial rhs               = 277260379.9
MLMG: Initial residual (resid0) = 7630087645
MLMG: Final Iter. 3 resid, resid/resid0 = 0.0005444520502, 7.13559366e-14
MLMG: Timers: Solve = 0.104403251 Iter = 0.104195738 Bottom = 0.10384741
2 iterations :: err = 1.270358528e-11
Steady state check : (phi(t) - phi(t-1)).norm0() = 3.292413924e-07
Advanced step 16207 in 0.244037235 seconds
 
MLMG: Initial rhs               = 277260379.9
MLMG: Initial residual (resid0) = 7630087638
MLMG: Final Iter. 3 resid, resid/resid0 = 0.002766182963, 3.62536198e-13
MLMG: Timers: Solve = 0.098594069 Iter = 0.098382254 Bottom = 0.098026709
1 iterations :: err = 1
MLMG: Initial rhs               = 277260415.2
MLMG: Initial residual (resid0) = 7630087638
MLMG: Final Iter. 3 resid, resid/resid0 = 0.0008859252877, 1.161094511e-13
MLMG: Timers: Solve = 0.116278992 Iter = 0.11607851 Bottom = 0.115729638
2 iterations :: err = 2.059753182e-10
Steady state check : (phi(t) - phi(t-1)).norm0() = 1.755042908e-07
Advanced step 16208 in 0.239600733 seconds
 
MLMG: Initial rhs               = 277260415.2
MLMG: Initial residual (resid0) = 7630087635
MLMG: Final Iter. 3 resid, resid/resid0 = 0.002597990446, 3.404928711e-13
MLMG: Timers: Solve = 0.113711722 Iter = 0.113491268 Bottom = 0.113141525
1 iterations :: err = 1
MLMG: Initial rhs               = 277260434
MLMG: Initial residual (resid0) = 7630087635
MLMG: Final Iter. 3 resid, resid/resid0 = 0.0001199776746, 1.572428526e-14
MLMG: Timers: Solve = 0.113620639 Iter = 0.113422546 Bottom = 0.113076923
2 iterations :: err = 5.704375848e-12
Steady state check : (phi(t) - phi(t-1)).norm0() = 9.354854531e-08
Advanced step 16209 in 0.242877254 seconds
 
step = 16209, Phi_Bc_hi = -4, num_Vapp = 46, sign = -1
MLMG: Initial rhs               = 277260434.1
MLMG: Initial residual (resid0) = 6780487633
MLMG: Final Iter. 3 resid, resid/resid0 = 0.0003966104414, 5.84929083e-14
MLMG: Timers: Solve = 0.107140108 Iter = 0.106911691 Bottom = 0.1065602
1 iterations :: err = 1
MLMG: Initial rhs               = 264996146.6
MLMG: Initial residual (resid0) = 6780487633
MLMG: Final Iter. 3 resid, resid/resid0 = 0.002455804031, 3.621869346e-13
MLMG: Timers: Solve = 0.108703978 Iter = 0.108503602 Bottom = 0.10816112
2 iterations :: err = 4.467470045e-05
MLMG: Initial rhs               = 264835933.6
MLMG: Initial residual (resid0) = 6780487633
MLMG: Final Iter. 3 resid, resid/resid0 = 0.0005375760182, 7.928279606e-14
MLMG: Timers: Solve = 0.091955066 Iter = 0.091754671 Bottom = 0.09140726
3 iterations :: err = 2.672201092e-08
voltage_sweep == 1 && num_Vapp == num_Vapp_max!
High-water FAB megabyte spread across MPI nodes: [171 ... 171]
Current     FAB megabyte spread across MPI nodes: [136 ... 136]
Total run time 5500.161194 seconds


TinyProfiler total time across processes [min...avg...max]: 5500 ... 5500 ... 5500

----------------------------------------------------------------------------------------------
Name                                           NCalls  Excl. Min  Excl. Avg  Excl. Max   Max %
----------------------------------------------------------------------------------------------
amrex::Dot()                                 25613724       1464       1464       1464  26.63%
MLABecLaplacian::Fapply()                    12937758       1151       1151       1151  20.93%
MLABecLaplacian::normalize()                 12905033      798.9      798.9      798.9  14.52%
FabArray::norminf()                          13101072      683.5      683.5      683.5  12.43%
FillBoundary_nowait()                        13067790      248.4      248.4      248.4   4.52%
ComputePhi_Rho()                                16255        234        234        234   4.25%
FabArray::Saxpy_Saxpy()                       6433352      170.4      170.4      170.4   3.10%
FabArray::Saypy_Saxpy()                       6373510      169.7      169.7      169.7   3.09%
FabArray::Saxpy_Xpay()                        6335181      161.3      161.3      161.3   2.93%
Calculate_Landau()                              16209      110.3      110.3      110.3   2.00%
Calculate_Grad()                                16209      59.29      59.29      59.29   1.08%
ComputeEfromPhi()                               32418      58.07      58.07      58.07   1.06%
MLCellLinOp::applyBC()                       12937758      55.26      55.26      55.26   1.00%
MLCGSolver::bicgstab                            98171      27.67      27.67      27.67   0.50%
main()                                              1      23.08      23.08      23.08   0.42%
FabArray::setVal()                             604971       16.1       16.1       16.1   0.29%
amrex::Copy()                                  540508      12.92      12.92      12.92   0.23%
MLCGSolver::ParallelAllReduce                32145247      9.839      9.839      9.839   0.18%
MLCellLinOp::apply()                         12937758      7.075      7.075      7.075   0.13%
FabArray::FillBoundary()                     13067790      5.767      5.767      5.767   0.10%
MLMG::solve()                                   32725      1.515      1.515      1.515   0.03%
MLMG::actualBottomSolve()                       98171     0.3328     0.3328     0.3328   0.01%
MLMG::oneIter()                                 98171     0.1476     0.1476     0.1476   0.00%
MLMG::computeResidual()                         98171    0.07621    0.07621    0.07621   0.00%
MLMG::mgVcycle_bottom                           98171    0.06336    0.06336    0.06336   0.00%
MLMG::mgVcycle()                                98171    0.06247    0.06247    0.06247   0.00%
MLCellLinOp::solutionResidual()                130896    0.04934    0.04934    0.04934   0.00%
Other                                        27035712      30.83      30.83      30.83   0.56%
----------------------------------------------------------------------------------------------

----------------------------------------------------------------------------------------------
Name                                           NCalls  Incl. Min  Incl. Avg  Incl. Max   Max %
----------------------------------------------------------------------------------------------
main()                                              1       5500       5500       5500 100.00%
ComputePhi_Rho()                                16255       5233       5233       5233  95.14%
MLMG::solve()                                   32725       4979       4979       4979  90.52%
MLMG::oneIter()                                 98171       4947       4947       4947  89.94%
MLMG::mgVcycle()                                98171       4945       4945       4945  89.90%
MLMG::mgVcycle_bottom                           98171       4945       4945       4945  89.90%
MLMG::actualBottomSolve()                       98171       4944       4944       4944  89.90%
MLCGSolver::bicgstab                            98171       4942       4942       4942  89.85%
MLCellLinOp::apply()                         12937758       1469       1469       1469  26.71%
amrex::Dot()                                 25613724       1464       1464       1464  26.63%
MLABecLaplacian::Fapply()                    12937758       1151       1151       1151  20.93%
MLABecLaplacian::normalize()                 12905033      798.9      798.9      798.9  14.52%
MLCGSolver::ParallelAllReduce                32145247      737.9      737.9      737.9  13.42%
FabArray::norminf()                          13101072      683.5      683.5      683.5  12.43%
MLCellLinOp::applyBC()                       12937758      311.2      311.2      311.2   5.66%
FabArray::FillBoundary()                     13067790        259        259        259   4.71%
FillBoundary_nowait()                        13067790      251.3      251.3      251.3   4.57%
FabArray::Saxpy_Saxpy()                       6433352      170.4      170.4      170.4   3.10%
FabArray::Saypy_Saxpy()                       6373510      169.7      169.7      169.7   3.09%
FabArray::Saxpy_Xpay()                        6335181      161.3      161.3      161.3   2.93%
Calculate_Landau()                              16209      110.3      110.3      110.3   2.00%
Calculate_Grad()                                16209      59.29      59.29      59.29   1.08%
ComputeEfromPhi()                               32418      58.07      58.07      58.07   1.06%
MLCellLinOp::solutionResidual()                130896      19.05      19.05      19.05   0.35%
FabArray::setVal()                             604971       16.1       16.1       16.1   0.29%
MLMG::computeResidual()                         98171      13.47      13.47      13.47   0.24%
amrex::Copy()                                  540508      12.92      12.92      12.92   0.23%
Other                                        27035712      53.55      53.55      53.55   0.97%
----------------------------------------------------------------------------------------------

Device Memory Usage:
-------------------------------------------------------------------------
Name                                           Nalloc    AvgMem    MaxMem
-------------------------------------------------------------------------
The_Arena::Initialize()                             1     3   B    16 GiB
main()                                           1360   118 MiB   122 MiB
WritePlotfile()                                   752    11 KiB    33 MiB
ResizeRandomSeed                                    2    16 MiB    16 MiB
MLCGSolver::bicgstab                          7853680  9517 KiB    10 MiB
MLMG::prepareForSolve()                            64  8135 KiB  8136 KiB
MLABecLaplacian::define()                          64  7823 KiB  7824 KiB
ComputePhi_Rho()                              3668640   164 KiB  7552 KiB
MultiFab::OverlapMask()                        559980  2208   B  1889 KiB
BndryData::define()                               192  1735 KiB  1736 KiB
MLCellLinOp::defineAuxData()                      192   815 KiB   816 KiB
FillBoundary_nowait()                          229076   176 KiB   180 KiB
VisMF::Write(FabArray)                          13536    11   B   174 KiB
MultiFab::max()                                 16257  2059   B    89 KiB
MultiFab::norm1                                 32940    22   B    87 KiB
FabArray::norminf()                          13101072    10 KiB    87 KiB
amrex::Dot()                                 25613724    22 KiB    87 KiB
FabArray::setVal()                             327278    74 KiB    74 KiB
amrex::Copy()                                  163898    29 KiB    29 KiB
MLCellLinOp::applyBC()                       12970490    25 KiB    26 KiB
MLCellLinOp::prepareForSolve()                      1     0   B    15 KiB
FabArray::LinComb()                             32726  2048   B  4096   B
MLABecLaplacian::Fapply()                      196342  3637   B  4096   B
FabArray::setVal(val, thecmd, scomp, ncomp)         8     0   B  3328   B
MultiFab::Divide()                              32940     1   B  2048   B
MLCellLinOp::defineBC()                             1  1791   B  1792   B
-------------------------------------------------------------------------

Managed Memory Usage:
---------------------------------------------------------
Name                             Nalloc  AvgMem    MaxMem
---------------------------------------------------------
The_Managed_Arena::Initialize()       1   0   B  8192 KiB
main()                                1   0   B    31 KiB
---------------------------------------------------------

Pinned Memory Usage:
-------------------------------------------------------------------------
Name                                           Nalloc    AvgMem    MaxMem
-------------------------------------------------------------------------
The_Pinned_Arena::Initialize()                      1     0   B  8192 KiB
VisMF::Write(FabArray)                          14288   471   B  2124 KiB
FillBoundary_nowait()                          229076   176 KiB   180 KiB
FabArray::setVal()                             327278    74 KiB    74 KiB
amrex::Copy()                                  163898    29 KiB    29 KiB
MLCellLinOp::applyBC()                          32732    25 KiB    25 KiB
MLCellLinOp::prepareForSolve()                      1     0   B    15 KiB
FabArray::LinComb()                             32726  2048   B  4096   B
MLABecLaplacian::Fapply()                      196342  3637   B  4096   B
FabArray::setVal(val, thecmd, scomp, ncomp)         8     0   B  3328   B
MultiFab::max()                                 16257  2048   B  2304   B
MultiFab::Divide()                              32940     1   B  2048   B
MLCellLinOp::setLevelBC()                          47     0   B  1792   B
MultiFab::OverlapMask()                         32940     0   B  1792   B
amrex::Dot()                                 25613724    67   B   256   B
Unprofiled                                         15     0   B   256   B
MultiFab::norm1                                 32940     0   B   256   B
FabArray::norminf()                          13101072    31   B   256   B
-------------------------------------------------------------------------

Total GPU global memory (MB) spread across MPI: [22491 ... 22491]
Free  GPU global memory (MB) spread across MPI: [5299 ... 5299]
[The         Arena] max space (MB) allocated spread across MPI: [16868 ... 16868]
[The         Arena] max space (MB) used      spread across MPI: [186 ... 186]
[The Managed Arena] max space (MB) allocated spread across MPI: [8 ... 8]
[The Managed Arena] max space (MB) used      spread across MPI: [0 ... 0]
[The  Pinned Arena] max space (MB) allocated spread across MPI: [8 ... 8]
[The  Pinned Arena] max space (MB) used      spread across MPI: [2 ... 2]
AMReX (26.05-39-gbe2cc437644f) finalized

EXIT_CODE=0
Mon Jul 13 04:49:10 UTC 2026
