MLMG: Initial residual (resid0) = 7633722490
MLMG: Final Iter. 3 resid, resid/resid0 = 0.0006428983166, 8.421819334e-14
MLMG: Timers: Solve = 0.049200419 Iter = 0.049026774 Bottom = 0.048727208
2 iterations :: err = 1.221877459e-10
Steady state check : (phi(t) - phi(t-1)).norm0() = 8.077089258e-07
Advanced step 11583 in 0.113604117 seconds
 
MLMG: Initial rhs               = 308553779.7
MLMG: Initial residual (resid0) = 7633722465
MLMG: Final Iter. 3 resid, resid/resid0 = 0.001883149976, 2.466882946e-13
MLMG: Timers: Solve = 0.050719274 Iter = 0.050545039 Bottom = 0.050245752
1 iterations :: err = 1
MLMG: Initial rhs               = 308553805.7
MLMG: Initial residual (resid0) = 7633722465
MLMG: Final Iter. 3 resid, resid/resid0 = 0.0003183304107, 4.170054808e-14
MLMG: Timers: Solve = 0.0540024 Iter = 0.053828435 Bottom = 0.053530552
2 iterations :: err = 8.747862509e-11
Steady state check : (phi(t) - phi(t-1)).norm0() = 1.379487835e-07
Advanced step 11584 in 0.120150336 seconds
 
MLMG: Initial rhs               = 308553805.7
MLMG: Initial residual (resid0) = 7633722469
MLMG: Final Iter. 3 resid, resid/resid0 = 0.001346824109, 1.764308454e-13
MLMG: Timers: Solve = 0.049256364 Iter = 0.049083461 Bottom = 0.048786089
1 iterations :: err = 1
MLMG: Initial rhs               = 308553810
MLMG: Initial residual (resid0) = 7633722469
MLMG: Final Iter. 3 resid, resid/resid0 = 0.001245560714, 1.631655748e-13
MLMG: Timers: Solve = 0.048838357 Iter = 0.048664803 Bottom = 0.048366909
2 iterations :: err = 7.320376756e-11
Steady state check : (phi(t) - phi(t-1)).norm0() = 2.269556973e-08
Advanced step 11585 in 0.113619981 seconds
 
step = 11585, Phi_Bc_hi = -4, num_Vapp = 46, sign = -1
MLMG: Initial rhs               = 308553810
MLMG: Initial residual (resid0) = 6784122468
MLMG: Final Iter. 3 resid, resid/resid0 = 0.001080477592, 1.592656378e-13
MLMG: Timers: Solve = 0.050766227 Iter = 0.050576567 Bottom = 0.050270751
1 iterations :: err = 1
MLMG: Initial rhs               = 297211901.5
MLMG: Initial residual (resid0) = 6784122468
MLMG: Final Iter. 3 resid, resid/resid0 = 0.002716332641, 4.003955786e-13
MLMG: Timers: Solve = 0.050290261 Iter = 0.050114032 Bottom = 0.049816098
2 iterations :: err = 2.869010028e-05
MLMG: Initial rhs               = 297093465.5
MLMG: Initial residual (resid0) = 6784122468
MLMG: Final Iter. 3 resid, resid/resid0 = 0.001087705605, 1.603310686e-13
MLMG: Timers: Solve = 0.048895033 Iter = 0.04872202 Bottom = 0.04842087
3 iterations :: err = 1.027286842e-08
voltage_sweep == 1 && num_Vapp == num_Vapp_max!
High-water FAB megabyte spread across MPI nodes: [171 ... 171]
Current     FAB megabyte spread across MPI nodes: [136 ... 136]
Total run time 8646.76275 seconds


TinyProfiler total time across processes [min...avg...max]: 8647 ... 8647 ... 8647

----------------------------------------------------------------------------------------------
Name                                           NCalls  Excl. Min  Excl. Avg  Excl. Max   Max %
----------------------------------------------------------------------------------------------
amrex::Dot()                                 17459742       2260       2260       2260  26.14%
MLABecLaplacian::Fapply()                     8823595       1269       1269       1269  14.68%
MLABecLaplacian::normalize()                  8800164       1213       1213       1213  14.03%
FabArray::norminf()                           8940489       1079       1079       1079  12.47%
FillBoundary_nowait()                         8916589      962.1      962.1      962.1  11.13%
FabArray::Saxpy_Saxpy()                       4385155      500.6      500.6      500.6   5.79%
FabArray::Saypy_Saxpy()                       4344716      486.7      486.7      486.7   5.63%
FabArray::Saxpy_Xpay()                        4314862      483.6      483.6      483.6   5.59%
ComputePhi_Rho()                                11631      91.77      91.77      91.77   1.06%
FabArray::setVal()                             433113      68.58      68.58      68.58   0.79%
amrex::Copy()                                  387192      56.99      56.99      56.99   0.66%
Calculate_Landau()                              11585      46.45      46.45      46.45   0.54%
Calculate_Grad()                                11585      25.84      25.84      25.84   0.30%
ComputeEfromPhi()                               23170      23.34      23.34      23.34   0.27%
MLCellLinOp::applyBC()                        8823595      16.53      16.53      16.53   0.19%
FabArray::LinComb()                             58186       11.5       11.5       11.5   0.13%
MLCGSolver::bicgstab                            70293      3.757      3.757      3.757   0.04%
main()                                              1       2.47       2.47       2.47   0.03%
MLCGSolver::ParallelAllReduce                21915190      1.724      1.724      1.724   0.02%
MLCellLinOp::apply()                          8823595      1.028      1.028      1.028   0.01%
FabArray::FillBoundary()                      8916589      1.004      1.004      1.004   0.01%
MLMG::solve()                                   23431      0.247      0.247      0.247   0.00%
MLMG::actualBottomSolve()                       70293    0.02922    0.02922    0.02922   0.00%
MLCellLinOp::solutionResidual()                 93724    0.01326    0.01326    0.01326   0.00%
MLMG::oneIter()                                 70293    0.01295    0.01295    0.01295   0.00%
MLMG::mgVcycle_bottom                           70293    0.00967    0.00967    0.00967   0.00%
MLMG::computeResidual()                         70293   0.008102   0.008102   0.008102   0.00%
MLMG::mgVcycle()                                70293   0.006982   0.006982   0.006982   0.00%
Other                                        18419532      41.49      41.49      41.49   0.48%
----------------------------------------------------------------------------------------------

----------------------------------------------------------------------------------------------
Name                                           NCalls  Incl. Min  Incl. Avg  Incl. Max   Max %
----------------------------------------------------------------------------------------------
main()                                              1       8647       8647       8647 100.00%
ComputePhi_Rho()                                11631       8521       8521       8521  98.54%
MLMG::solve()                                   23431       8359       8359       8359  96.67%
MLMG::oneIter()                                 70293       8299       8299       8299  95.98%
MLMG::mgVcycle()                                70293       8292       8292       8292  95.90%
MLMG::mgVcycle_bottom                           70293       8292       8292       8292  95.90%
MLMG::actualBottomSolve()                       70293       8292       8292       8292  95.90%
MLCGSolver::bicgstab                            70293       8284       8284       8284  95.81%
amrex::Dot()                                 17459742       2260       2260       2260  26.14%
MLCellLinOp::apply()                          8823595       2241       2241       2241  25.91%
MLABecLaplacian::Fapply()                     8823595       1269       1269       1269  14.68%
MLABecLaplacian::normalize()                  8800164       1213       1213       1213  14.03%
MLCGSolver::ParallelAllReduce                21915190       1135       1135       1135  13.13%
FabArray::norminf()                           8940489       1079       1079       1079  12.47%
MLCellLinOp::applyBC()                        8823595      970.6      970.6      970.6  11.23%
FabArray::FillBoundary()                      8916589        964        964        964  11.15%
FillBoundary_nowait()                         8916589      962.6      962.6      962.6  11.13%
FabArray::Saxpy_Saxpy()                       4385155      500.6      500.6      500.6   5.79%
FabArray::Saypy_Saxpy()                       4344716      486.7      486.7      486.7   5.63%
FabArray::Saxpy_Xpay()                        4314862      483.6      483.6      483.6   5.59%
FabArray::setVal()                             433113      68.58      68.58      68.58   0.79%
amrex::Copy()                                  387192      56.99      56.99      56.99   0.66%
Calculate_Landau()                              11585      46.45      46.45      46.45   0.54%
MLCellLinOp::solutionResidual()                 93724      36.09      36.09      36.09   0.42%
Calculate_Grad()                                11585      25.84      25.84      25.84   0.30%
MLMG::computeResidual()                         70293      25.01      25.01      25.01   0.29%
ComputeEfromPhi()                               23170      23.34      23.34      23.34   0.27%
FabArray::LinComb()                             58186       11.5       11.5       11.5   0.13%
Other                                        18419532      84.16      84.16      84.16   0.97%
----------------------------------------------------------------------------------------------

Device Memory Usage:
-------------------------------------------------------------------------
Name                                           Nalloc    AvgMem    MaxMem
-------------------------------------------------------------------------
The_Arena::Initialize()                             1     1   B    14 GiB
main()                                           1360   118 MiB   122 MiB
WritePlotfile()                                   752  2994   B    33 MiB
ResizeRandomSeed                                    2    13 MiB    13 MiB
MLCGSolver::bicgstab                          5623440     9 MiB    10 MiB
MLMG::prepareForSolve()                            64  8135 KiB  8136 KiB
MLABecLaplacian::define()                          64  7823 KiB  7824 KiB
ComputePhi_Rho()                              2626976    62 KiB  7552 KiB
MultiFab::OverlapMask()                        401200  2868   B  1889 KiB
BndryData::define()                               192  1735 KiB  1736 KiB
MLCellLinOp::defineAuxData()                      192   815 KiB   816 KiB
FillBoundary_nowait()                          164026   178 KiB   180 KiB
VisMF::Write(FabArray)                          13536     5   B   144 KiB
FabArray::setVal()                             234346    74 KiB    74 KiB
MultiFab::max()                                 11633  2062   B    74 KiB
MultiFab::norm1                                 23600    23   B    72 KiB
FabArray::norminf()                           8940489  9181   B    72 KiB
amrex::Dot()                                 17459742    18 KiB    72 KiB
amrex::Copy()                                  117386    29 KiB    29 KiB
MLCellLinOp::applyBC()                        8847033    25 KiB    26 KiB
MLCellLinOp::prepareForSolve()                      1     0   B    15 KiB
FabArray::LinComb()                             23432  2049   B  4096   B
MLABecLaplacian::Fapply()                      140586  3866   B  4096   B
FabArray::setVal(val, thecmd, scomp, ncomp)         8     0   B  3328   B
MultiFab::Divide()                              23600     1   B  2048   B
MLCellLinOp::defineBC()                             1  1791   B  1792   B
-------------------------------------------------------------------------

Managed Memory Usage:
---------------------------------------------------------
Name                             Nalloc  AvgMem    MaxMem
---------------------------------------------------------
The_Managed_Arena::Initialize()       1   0   B  8192 KiB
main()                                1   0   B    31 KiB
---------------------------------------------------------

Pinned Memory Usage:
-------------------------------------------------------------------------
Name                                           Nalloc    AvgMem    MaxMem
-------------------------------------------------------------------------
The_Pinned_Arena::Initialize()                      1     0   B  8192 KiB
VisMF::Write(FabArray)                          14288    79   B  2124 KiB
FillBoundary_nowait()                          164026   178 KiB   180 KiB
FabArray::setVal()                             234346    74 KiB    74 KiB
amrex::Copy()                                  117386    29 KiB    29 KiB
MLCellLinOp::applyBC()                          23438    25 KiB    25 KiB
MLCellLinOp::prepareForSolve()                      1     0   B    15 KiB
FabArray::LinComb()                             23432  2049   B  4096   B
MLABecLaplacian::Fapply()                      140586  3866   B  4096   B
FabArray::setVal(val, thecmd, scomp, ncomp)         8     0   B  3328   B
MultiFab::max()                                 11633  2048   B  2304   B
MultiFab::Divide()                              23600     1   B  2048   B
MLCellLinOp::setLevelBC()                          47     0   B  1792   B
MultiFab::OverlapMask()                         23600     0   B  1792   B
amrex::Dot()                                 17459742    66   B   256   B
Unprofiled                                         15     0   B   256   B
MultiFab::norm1                                 23600     0   B   256   B
FabArray::norminf()                           8940489    31   B   256   B
-------------------------------------------------------------------------

Total GPU global memory (MB) spread across MPI: [20019 ... 20019]
Free  GPU global memory (MB) spread across MPI: [4255 ... 4255]
[The         Arena] max space (MB) allocated spread across MPI: [15014 ... 15014]
[The         Arena] max space (MB) used      spread across MPI: [183 ... 183]
[The Managed Arena] max space (MB) allocated spread across MPI: [8 ... 8]
[The Managed Arena] max space (MB) used      spread across MPI: [0 ... 0]
[The  Pinned Arena] max space (MB) allocated spread across MPI: [8 ... 8]
[The  Pinned Arena] max space (MB) used      spread across MPI: [2 ... 2]
AMReX (26.05-39-gbe2cc437644f) finalized
EXIT_CODE=0
Thu Jul  2 03:37:10 CST 2026
