1 iterations :: err = 1
MLMG: Initial rhs               = 319038039.6
MLMG: Initial residual (resid0) = 9455963139
MLMG: Final Iter. 3 resid, resid/resid0 = 0.00175620506, 1.857246093e-13
MLMG: Timers: Solve = 0.046662356 Iter = 0.046487518 Bottom = 0.046190986
2 iterations :: err = 2.068995572e-10
Steady state check : (phi(t) - phi(t-1)).norm0() = 4.888770148e-07
Advanced step 9685 in 0.106441397 seconds
 
MLMG: Initial rhs               = 319038039.5
MLMG: Initial residual (resid0) = 9455963134
MLMG: Final Iter. 3 resid, resid/resid0 = 0.002053172718, 2.17129941e-13
MLMG: Timers: Solve = 0.047365368 Iter = 0.04718972 Bottom = 0.046893699
1 iterations :: err = 1
MLMG: Initial rhs               = 319038078.5
MLMG: Initial residual (resid0) = 9455963134
MLMG: Final Iter. 3 resid, resid/resid0 = 0.001658994915, 1.754443087e-13
MLMG: Timers: Solve = 0.046303637 Iter = 0.046129101 Bottom = 0.045831347
2 iterations :: err = 8.455310933e-11
Steady state check : (phi(t) - phi(t-1)).norm0() = 1.839674627e-07
Advanced step 9686 in 0.109213029 seconds
 
MLMG: Initial rhs               = 319038078.5
MLMG: Initial residual (resid0) = 9455963132
MLMG: Final Iter. 3 resid, resid/resid0 = 0.0009664516063, 1.022055176e-13
MLMG: Timers: Solve = 0.050486754 Iter = 0.050312148 Bottom = 0.050016597
1 iterations :: err = 1
MLMG: Initial rhs               = 319038093.1
MLMG: Initial residual (resid0) = 9455963132
MLMG: Final Iter. 3 resid, resid/resid0 = 0.002374236167, 2.510834839e-13
MLMG: Timers: Solve = 0.045777003 Iter = 0.045603849 Bottom = 0.045304453
2 iterations :: err = 9.000658385e-11
Steady state check : (phi(t) - phi(t-1)).norm0() = 6.939590143e-08
Advanced step 9687 in 0.111862103 seconds
 
step = 9687, Phi_Bc_hi = -4, num_Vapp = 46, sign = -1
MLMG: Initial rhs               = 319038093.1
MLMG: Initial residual (resid0) = 8403112437
MLMG: Final Iter. 3 resid, resid/resid0 = 0.001773045177, 2.109986258e-13
MLMG: Timers: Solve = 0.048536226 Iter = 0.048358075 Bottom = 0.048060669
1 iterations :: err = 1
MLMG: Initial rhs               = 303891563.2
MLMG: Initial residual (resid0) = 8403112437
MLMG: Final Iter. 3 resid, resid/resid0 = 0.001479655504, 1.760842206e-13
MLMG: Timers: Solve = 0.049999761 Iter = 0.049823322 Bottom = 0.049525377
2 iterations :: err = 5.76974114e-05
MLMG: Initial rhs               = 303694939.9
MLMG: Initial residual (resid0) = 8403112437
MLMG: Final Iter. 3 resid, resid/resid0 = 0.002899769144, 3.450827495e-13
MLMG: Timers: Solve = 0.047060363 Iter = 0.046887499 Bottom = 0.046591247
3 iterations :: err = 3.845221928e-08
voltage_sweep == 1 && num_Vapp == num_Vapp_max!
High-water FAB megabyte spread across MPI nodes: [171 ... 171]
Current     FAB megabyte spread across MPI nodes: [136 ... 136]
Total run time 1666.954516 seconds


TinyProfiler total time across processes [min...avg...max]: 1667 ... 1667 ... 1667

----------------------------------------------------------------------------------------------
Name                                           NCalls  Excl. Min  Excl. Avg  Excl. Max   Max %
----------------------------------------------------------------------------------------------
amrex::Dot()                                 16367600      447.8      447.8      447.8  26.86%
MLABecLaplacian::Fapply()                     8262090      366.9      366.9      366.9  22.01%
MLABecLaplacian::normalize()                  8242517      264.8      264.8      264.8  15.88%
FabArray::norminf()                           8359754      190.9      190.9      190.9  11.45%
ComputePhi_Rho()                                 9733      69.51      69.51      69.51   4.17%
FillBoundary_nowait()                         8339838      67.99      67.99      67.99   4.08%
FabArray::Saxpy_Saxpy()                       4110691      53.94      53.94      53.94   3.24%
FabArray::Saypy_Saxpy()                       4073109       50.2       50.2       50.2   3.01%
FabArray::Saxpy_Xpay()                        4051974      46.04      46.04      46.04   2.76%
Calculate_Landau()                               9687      36.58      36.58      36.58   2.19%
Calculate_Grad()                                 9687      18.48      18.48      18.48   1.11%
ComputeEfromPhi()                               19374      17.15      17.15      17.15   1.03%
MLCellLinOp::applyBC()                        8262090      13.12      13.12      13.12   0.79%
FabArray::setVal()                             361827      4.272      4.272      4.272   0.26%
amrex::Copy()                                  323560      3.533      3.533      3.533   0.21%
MLCGSolver::bicgstab                            58717      3.327      3.327      3.327   0.20%
MLCGSolver::ParallelAllReduce                20537008      1.634      1.634      1.634   0.10%
main()                                              1      1.429      1.429      1.429   0.09%
MLCellLinOp::apply()                          8262090     0.9731     0.9731     0.9731   0.06%
FabArray::FillBoundary()                      8339838     0.9591     0.9591     0.9591   0.06%
MLMG::solve()                                   19573     0.1251     0.1251     0.1251   0.01%
MLMG::actualBottomSolve()                       58717    0.02129    0.02129    0.02129   0.00%
MLCellLinOp::solutionResidual()                 78290    0.01031    0.01031    0.01031   0.00%
MLMG::oneIter()                                 58717    0.01024    0.01024    0.01024   0.00%
MLMG::computeResidual()                         58717   0.006154   0.006154   0.006154   0.00%
MLMG::mgVcycle_bottom                           58717   0.005744   0.005744   0.005744   0.00%
MLMG::mgVcycle()                                58717   0.005474   0.005474   0.005474   0.00%
Other                                        17218082      7.256      7.256      7.256   0.44%
----------------------------------------------------------------------------------------------

----------------------------------------------------------------------------------------------
Name                                           NCalls  Incl. Min  Incl. Avg  Incl. Max   Max %
----------------------------------------------------------------------------------------------
main()                                              1       1667       1667       1667 100.00%
ComputePhi_Rho()                                 9733       1589       1589       1589  95.33%
MLMG::solve()                                   19573       1515       1515       1515  90.86%
MLMG::oneIter()                                 58717       1506       1506       1506  90.34%
MLMG::mgVcycle()                                58717       1505       1505       1505  90.31%
MLMG::mgVcycle_bottom                           58717       1505       1505       1505  90.31%
MLMG::actualBottomSolve()                       58717       1505       1505       1505  90.31%
MLCGSolver::bicgstab                            58717       1505       1505       1505  90.27%
MLCellLinOp::apply()                          8262090      450.1      450.1      450.1  27.00%
amrex::Dot()                                 16367600      447.8      447.8      447.8  26.86%
MLABecLaplacian::Fapply()                     8262090      366.9      366.9      366.9  22.01%
MLABecLaplacian::normalize()                  8242517      264.8      264.8      264.8  15.88%
MLCGSolver::ParallelAllReduce                20537008      226.9      226.9      226.9  13.61%
FabArray::norminf()                           8359754      190.9      190.9      190.9  11.45%
MLCellLinOp::applyBC()                        8262090      82.18      82.18      82.18   4.93%
FabArray::FillBoundary()                      8339838      69.79      69.79      69.79   4.19%
FillBoundary_nowait()                         8339838      68.45      68.45      68.45   4.11%
FabArray::Saxpy_Saxpy()                       4110691      53.94      53.94      53.94   3.24%
FabArray::Saypy_Saxpy()                       4073109       50.2       50.2       50.2   3.01%
FabArray::Saxpy_Xpay()                        4051974      46.04      46.04      46.04   2.76%
Calculate_Landau()                               9687      36.58      36.58      36.58   2.19%
Calculate_Grad()                                 9687      18.48      18.48      18.48   1.11%
ComputeEfromPhi()                               19374      17.15      17.15      17.15   1.03%
MLCellLinOp::solutionResidual()                 78290      5.337      5.337      5.337   0.32%
FabArray::setVal()                             361827      4.272      4.272      4.272   0.26%
MLMG::computeResidual()                         58717       3.77       3.77       3.77   0.23%
amrex::Copy()                                  323560      3.533      3.533      3.533   0.21%
Other                                        17218082      13.78      13.78      13.78   0.83%
----------------------------------------------------------------------------------------------

Device Memory Usage:
-------------------------------------------------------------------------
Name                                           Nalloc    AvgMem    MaxMem
-------------------------------------------------------------------------
The_Arena::Initialize()                             1     8   B    14 GiB
main()                                           1360   118 MiB   122 MiB
WritePlotfile()                                   752    10 KiB    33 MiB
ResizeRandomSeed                                    2    13 MiB    13 MiB
MLCGSolver::bicgstab                          4697360  9567 KiB    10 MiB
MLMG::prepareForSolve()                            64  8135 KiB  8136 KiB
MLABecLaplacian::define()                          64  7823 KiB  7824 KiB
ComputePhi_Rho()                              2193888   169 KiB  7552 KiB
MultiFab::OverlapMask()                        334560  1891   B  1889 KiB
BndryData::define()                               192  1735 KiB  1736 KiB
MLCellLinOp::defineAuxData()                      192   815 KiB   816 KiB
FillBoundary_nowait()                          137016   176 KiB   180 KiB
VisMF::Write(FabArray)                          13536    12   B   144 KiB
FabArray::setVal()                             195762    74 KiB    74 KiB
MultiFab::max()                                  9735  2057   B    74 KiB
MultiFab::norm1                                 19680    17   B    72 KiB
FabArray::norminf()                           8359754  8370   B    72 KiB
amrex::Dot()                                 16367600    19 KiB    72 KiB
amrex::Copy()                                   98032    29 KiB    29 KiB
MLCellLinOp::applyBC()                        8281670    25 KiB    26 KiB
MLCellLinOp::prepareForSolve()                      1     0   B    15 KiB
FabArray::LinComb()                             19574  2048   B  4096   B
MLABecLaplacian::Fapply()                      117434  3661   B  4096   B
FabArray::setVal(val, thecmd, scomp, ncomp)         8     0   B  3328   B
MultiFab::Divide()                              19680     0   B  2048   B
MLCellLinOp::defineBC()                             1  1791   B  1792   B
-------------------------------------------------------------------------

Managed Memory Usage:
---------------------------------------------------------
Name                             Nalloc  AvgMem    MaxMem
---------------------------------------------------------
The_Managed_Arena::Initialize()       1   0   B  8192 KiB
main()                                1   0   B    31 KiB
---------------------------------------------------------

Pinned Memory Usage:
-------------------------------------------------------------------------
Name                                           Nalloc    AvgMem    MaxMem
-------------------------------------------------------------------------
The_Pinned_Arena::Initialize()                      1     0   B  8192 KiB
VisMF::Write(FabArray)                          14288   427   B  2124 KiB
FillBoundary_nowait()                          137016   176 KiB   180 KiB
FabArray::setVal()                             195762    74 KiB    74 KiB
amrex::Copy()                                   98032    29 KiB    29 KiB
MLCellLinOp::applyBC()                          19580    25 KiB    25 KiB
MLCellLinOp::prepareForSolve()                      1     0   B    15 KiB
FabArray::LinComb()                             19574  2048   B  4096   B
MLABecLaplacian::Fapply()                      117434  3661   B  4096   B
FabArray::setVal(val, thecmd, scomp, ncomp)         8     0   B  3328   B
MultiFab::max()                                  9735  2048   B  2304   B
MultiFab::Divide()                              19680     0   B  2048   B
MLCellLinOp::setLevelBC()                          47     0   B  1792   B
MultiFab::OverlapMask()                         19680     0   B  1792   B
amrex::Dot()                                 16367600    68   B   256   B
Unprofiled                                         15     0   B   256   B
MultiFab::norm1                                 19680     0   B   256   B
FabArray::norminf()                           8359754    29   B   256   B
-------------------------------------------------------------------------

Total GPU global memory (MB) spread across MPI: [20019 ... 20019]
Free  GPU global memory (MB) spread across MPI: [4658 ... 4658]
[The         Arena] max space (MB) allocated spread across MPI: [15014 ... 15014]
[The         Arena] max space (MB) used      spread across MPI: [183 ... 183]
[The Managed Arena] max space (MB) allocated spread across MPI: [8 ... 8]
[The Managed Arena] max space (MB) used      spread across MPI: [0 ... 0]
[The  Pinned Arena] max space (MB) allocated spread across MPI: [8 ... 8]
[The  Pinned Arena] max space (MB) used      spread across MPI: [2 ... 2]
AMReX (26.05-39-gbe2cc437644f) finalized
EXIT_CODE=0
Tue Jul 28 17:57:46 CST 2026
