1 iterations :: err = 1
MLMG: Initial rhs               = 0
MLMG: Initial residual (resid0) = 0
MLMG: No iterations needed
MLMG: Timers: Solve = 0.000196565 Iter = 0 Bottom = 0
2 iterations :: err = -nan
MLMG: Initial rhs               = 8.009999916
MLMG: Initial residual (resid0) = 8.009999916
MLMG: Final Iter. 1 resid, resid/bnorm = -1.797693135e+308, -2.244311053e+307
MLMG: Timers: Solve = 0.000695138 Iter = 0.000505596 Bottom = 0.000388331
1 iterations :: err = 1
MLMG: Initial rhs               = 0
MLMG: Initial residual (resid0) = 0
MLMG: No iterations needed
MLMG: Timers: Solve = 0.000204627 Iter = 0 Bottom = 0
2 iterations :: err = -nan
Steady state check : (phi(t) - phi(t-1)).norm0() = -1.797693135e+308
Advanced step 51 in 0.028423217 seconds
 
step = 51, Phi_Bc_hi = -4, num_Vapp = 46, sign = -1
MLMG: Initial rhs               = 8.009999916
MLMG: Initial residual (resid0) = 8.009999916
MLMG: Final Iter. 1 resid, resid/bnorm = -1.797693135e+308, -2.244311053e+307
MLMG: Timers: Solve = 0.000753491 Iter = 0.000529254 Bottom = 0.00040914
1 iterations :: err = 1
MLMG: Initial rhs               = 0
MLMG: Initial residual (resid0) = 0
MLMG: No iterations needed
MLMG: Timers: Solve = 0.000194094 Iter = 0 Bottom = 0
2 iterations :: err = -nan
voltage_sweep == 1 && num_Vapp == num_Vapp_max!
High-water FAB megabyte spread across MPI nodes: [171 ... 171]
Current     FAB megabyte spread across MPI nodes: [136 ... 136]
Total run time 481.7124644 seconds


TinyProfiler total time across processes [min...avg...max]: 481.7 ... 481.7 ... 481.7

---------------------------------------------------------------------------------------------
Name                                          NCalls  Excl. Min  Excl. Avg  Excl. Max   Max %
---------------------------------------------------------------------------------------------
ComputePhi_Rho()                                  97      303.5      303.5      303.5  63.01%
amrex::Dot()                                  826260      35.82      35.82      35.82   7.44%
MLABecLaplacian::Fapply()                     484124       32.2       32.2       32.2   6.68%
FabArray::norminf()                           555219      21.96      21.96      21.96   4.56%
MLABecLaplacian::normalize()                  448612      21.29      21.29      21.29   4.42%
MultiFab::OverlapMask()                        70830      9.566      9.566      9.566   1.99%
FillBoundary_nowait()                         520011      8.537      8.537      8.537   1.77%
amrex::Copy()                                 355792      7.877      7.877      7.877   1.64%
FabArray::setVal()                            390728      6.941      6.941      6.941   1.44%
FabArray::Saxpy_Saxpy()                       217365      4.582      4.582      4.582   0.95%
FabArray::Saypy_Saxpy()                       195764      4.168      4.168      4.168   0.87%
MultiFab::Divide()                             70830      3.837      3.837      3.837   0.80%
MultiFab::norm1                                70830      3.749      3.749      3.749   0.78%
FabArray::Saxpy_Xpay()                        181884      3.618      3.618      3.618   0.75%
MLCGSolver::bicgstab                           35482      2.314      2.314      2.314   0.48%
MLCellLinOp::applyBC()                        484140      1.876      1.876      1.876   0.39%
MultiFab::Subtract()                           35415      1.797      1.797      1.797   0.37%
VisMF::Write(FabArray)                            47      1.408      1.408      1.408   0.29%
MLMG::solve()                                  35512     0.9209     0.9209     0.9209   0.19%
main()                                             1      0.431      0.431      0.431   0.09%
MLMG::prepareForSolve()                        35512     0.2845     0.2845     0.2845   0.06%
MLCGSolver::ParallelAllReduce                1079107     0.2807     0.2807     0.2807   0.06%
FabArray::FillBoundary()                      520011     0.2227     0.2227     0.2227   0.05%
MLCellLinOp::apply()                          484124     0.1862     0.1862     0.1862   0.04%
MLMG::actualBottomSolve()                      35482    0.08355    0.08355    0.08355   0.02%
MLCellLinOp::solutionResidual()                70994    0.05263    0.05263    0.05263   0.01%
WriteMultiLevelPlotfile()                         47    0.03474    0.03474    0.03474   0.01%
MLMG::computeResidual()                        35482    0.02674    0.02674    0.02674   0.01%
MLMG::mgVcycle()                               35482    0.02516    0.02516    0.02516   0.01%
MLMG::ResNormInf()                             70994     0.0204     0.0204     0.0204   0.00%
MLMG::oneIter()                                35482    0.01976    0.01976    0.01976   0.00%
MLMG::computeMLResidual()                      35512    0.01275    0.01275    0.01275   0.00%
MLMG::mgVcycle_bottom                          35482   0.009728   0.009728   0.009728   0.00%
MLMG::MLRhsNormInf()                           35512    0.00905    0.00905    0.00905   0.00%
MLMG::MLResNormInf()                           35512   0.007659   0.007659   0.007659   0.00%
WritePlotfile()                                   47   0.001014   0.001014   0.001014   0.00%
Other                                        1289280          4          4          4   0.83%
---------------------------------------------------------------------------------------------

---------------------------------------------------------------------------------------------
Name                                          NCalls  Incl. Min  Incl. Avg  Incl. Max   Max %
---------------------------------------------------------------------------------------------
main()                                             1      481.7      481.7      481.7 100.00%
ComputePhi_Rho()                                  97      479.1      479.1      479.1  99.46%
MLMG::solve()                                  35512      145.3      145.3      145.3  30.15%
MLMG::oneIter()                                35482        131        131        131  27.19%
MLMG::mgVcycle()                               35482      130.3      130.3      130.3  27.04%
MLMG::mgVcycle_bottom                          35482      130.2      130.2      130.2  27.04%
MLMG::actualBottomSolve()                      35482      130.2      130.2      130.2  27.04%
MLCGSolver::bicgstab                           35482      129.7      129.7      129.7  26.92%
MLCellLinOp::apply()                          484124       42.6       42.6       42.6   8.84%
amrex::Dot()                                  826260      35.82      35.82      35.82   7.44%
MLABecLaplacian::Fapply()                     484124       32.2       32.2       32.2   6.68%
FabArray::norminf()                           555219      21.96      21.96      21.96   4.56%
MLABecLaplacian::normalize()                  448612      21.29      21.29      21.29   4.42%
MLCGSolver::ParallelAllReduce                1079107       18.8       18.8       18.8   3.90%
MLCellLinOp::applyBC()                        484140      10.22      10.22      10.22   2.12%
MultiFab::OverlapMask()                        70830      9.566      9.566      9.566   1.99%
FabArray::FillBoundary()                      520011      8.941      8.941      8.941   1.86%
FillBoundary_nowait()                         520011      8.638      8.638      8.638   1.79%
amrex::Copy()                                 355792      7.877      7.877      7.877   1.64%
MLCellLinOp::solutionResidual()                70994      7.454      7.454      7.454   1.55%
FabArray::setVal()                            390728      6.941      6.941      6.941   1.44%
FabArray::Saxpy_Saxpy()                       217365      4.582      4.582      4.582   0.95%
FabArray::Saypy_Saxpy()                       195764      4.168      4.168      4.168   0.87%
MultiFab::Divide()                             70830      3.837      3.837      3.837   0.80%
MLMG::computeMLResidual()                      35512      3.822      3.822      3.822   0.79%
MultiFab::norm1                                70830      3.749      3.749      3.749   0.78%
MLMG::computeResidual()                        35482      3.671      3.671      3.671   0.76%
FabArray::Saxpy_Xpay()                        181884      3.618      3.618      3.618   0.75%
MLMG::ResNormInf()                             70994      2.553      2.553      2.553   0.53%
MLMG::prepareForSolve()                        35512      2.044      2.044      2.044   0.42%
MultiFab::Subtract()                           35415      1.797      1.797      1.797   0.37%
WritePlotfile()                                   47      1.462      1.462      1.462   0.30%
WriteMultiLevelPlotfile()                         47      1.447      1.447      1.447   0.30%
VisMF::Write(FabArray)                            47      1.408      1.408      1.408   0.29%
MLMG::MLRhsNormInf()                           35512      1.276      1.276      1.276   0.26%
MLMG::MLResNormInf()                           35512      1.239      1.239      1.239   0.26%
Other                                        1289280      4.006      4.006      4.006   0.83%
---------------------------------------------------------------------------------------------

Device Memory Usage:
------------------------------------------------------------------------
Name                                          Nalloc    AvgMem    MaxMem
------------------------------------------------------------------------
The_Arena::Initialize()                            1    34   B    16 GiB
main()                                          1360   118 MiB   122 MiB
WritePlotfile()                                  752   103 KiB    33 MiB
ResizeRandomSeed                                   2    16 MiB    16 MiB
MLCGSolver::bicgstab                         2838560  2817 KiB    10 MiB
MLMG::prepareForSolve()                           64  8134 KiB  8136 KiB
MLABecLaplacian::define()                         64  7823 KiB  7824 KiB
ComputePhi_Rho()                             4542432  2500 KiB  7552 KiB
MultiFab::OverlapMask()                      1204110    66 KiB  1889 KiB
BndryData::define()                              192  1735 KiB  1736 KiB
MLCellLinOp::defineAuxData()                     192   815 KiB   816 KiB
FillBoundary_nowait()                         106390   157 KiB   195 KiB
VisMF::Write(FabArray)                         13536   164   B   174 KiB
MultiFab::max()                                   99  2048   B    89 KiB
amrex::Dot()                                  826260  6529   B    87 KiB
FabArray::norminf()                           555219  3982   B    87 KiB
MultiFab::norm1                                70830   678   B    87 KiB
FabArray::setVal()                            213048    72 KiB    74 KiB
amrex::Copy()                                 141886    29 KiB    29 KiB
MLCellLinOp::applyBC()                        519659    25 KiB    26 KiB
MLABecLaplacian::Fsmooth()                        12   369   B    24 KiB
MLCellLinOp::prepareForSolve()                     1     0   B    15 KiB
MLABecLaplacian::Fapply()                      70868   974   B  4096   B
FabArray::LinComb()                            35513  2052   B  4096   B
FabArray::setVal(val, thecmd, scomp, ncomp)        8     0   B  3328   B
MultiFab::Divide()                             70830    33   B  2048   B
MLCellLinOp::defineBC()                            1  1791   B  1792   B
------------------------------------------------------------------------

Managed Memory Usage:
---------------------------------------------------------
Name                             Nalloc  AvgMem    MaxMem
---------------------------------------------------------
The_Managed_Arena::Initialize()       1   0   B  8192 KiB
main()                                1   0   B    31 KiB
---------------------------------------------------------

Pinned Memory Usage:
-----------------------------------------------------------------------
Name                                         Nalloc    AvgMem    MaxMem
-----------------------------------------------------------------------
The_Pinned_Arena::Initialize()                    1     0   B  8192 KiB
VisMF::Write(FabArray)                        14288  3862   B  2124 KiB
FillBoundary_nowait()                        106390   157 KiB   195 KiB
FabArray::setVal()                           213048    72 KiB    74 KiB
amrex::Copy()                                141886    29 KiB    29 KiB
MLCellLinOp::applyBC()                        35519    25 KiB    25 KiB
MLABecLaplacian::Fsmooth()                       12   369   B    24 KiB
MLCellLinOp::prepareForSolve()                    1     0   B    15 KiB
FabArray::LinComb()                           35513  2051   B  4096   B
MLABecLaplacian::Fapply()                     70868   975   B  4096   B
FabArray::setVal(val, thecmd, scomp, ncomp)       8     0   B  3328   B
MultiFab::max()                                  99  2047   B  2304   B
MultiFab::Divide()                            70830    33   B  2048   B
MLCellLinOp::setLevelBC()                        47     0   B  1792   B
MultiFab::OverlapMask()                       70830     9   B  1792   B
amrex::Dot()                                 826260    18   B   256   B
Unprofiled                                       15     0   B   256   B
MultiFab::norm1                               70830     1   B   256   B
FabArray::norminf()                          555219    11   B   256   B
-----------------------------------------------------------------------

Total GPU global memory (MB) spread across MPI: [22491 ... 22491]
Free  GPU global memory (MB) spread across MPI: [5299 ... 5299]
[The         Arena] max space (MB) allocated spread across MPI: [16868 ... 16868]
[The         Arena] max space (MB) used      spread across MPI: [186 ... 186]
[The Managed Arena] max space (MB) allocated spread across MPI: [8 ... 8]
[The Managed Arena] max space (MB) used      spread across MPI: [0 ... 0]
[The  Pinned Arena] max space (MB) allocated spread across MPI: [8 ... 8]
[The  Pinned Arena] max space (MB) used      spread across MPI: [2 ... 2]
AMReX (26.05-39-gbe2cc437644f) finalized

EXIT_CODE=0
Sun Aug 02 06:51:12 UTC 2026
