MLMG: Initial rhs               = 414645815.5
MLMG: Initial residual (resid0) = 8813197635
MLMG: Final Iter. 3 resid, resid/resid0 = 0.003002180557, 3.40646004e-13
MLMG: Timers: Solve = 0.057161652 Iter = 0.056987687 Bottom = 0.056692698
2 iterations :: err = 1.532445448e-10
Steady state check : (phi(t) - phi(t-1)).norm0() = 1.007389052e-07
Advanced step 39313 in 0.127847643 seconds
 
MLMG: Initial rhs               = 414645815.8
MLMG: Initial residual (resid0) = 8813197634
MLMG: Final Iter. 3 resid, resid/resid0 = 0.003482957862, 3.951979754e-13
MLMG: Timers: Solve = 0.054769816 Iter = 0.054594349 Bottom = 0.054294231
1 iterations :: err = 1
MLMG: Initial rhs               = 414645815.8
MLMG: Initial residual (resid0) = 8813197634
MLMG: Final Iter. 3 resid, resid/resid0 = 0.002293082819, 2.60187382e-13
MLMG: Timers: Solve = 0.056946204 Iter = 0.056771257 Bottom = 0.056476308
2 iterations :: err = 7.954862123e-11
Steady state check : (phi(t) - phi(t-1)).norm0() = 1.000288879e-07
Advanced step 39314 in 0.127256732 seconds
 
MLMG: Initial rhs               = 414645816.2
MLMG: Initial residual (resid0) = 8813197634
MLMG: Final Iter. 3 resid, resid/resid0 = 0.002727934035, 3.095282948e-13
MLMG: Timers: Solve = 0.053491367 Iter = 0.053317271 Bottom = 0.053018897
1 iterations :: err = 1
MLMG: Initial rhs               = 414645816.2
MLMG: Initial residual (resid0) = 8813197634
MLMG: Final Iter. 3 resid, resid/resid0 = 0.002146896722, 2.436002018e-13
MLMG: Timers: Solve = 0.056054144 Iter = 0.055877495 Bottom = 0.055583056
2 iterations :: err = 7.025425454e-11
Steady state check : (phi(t) - phi(t-1)).norm0() = 9.93277529e-08
Advanced step 39315 in 0.125125743 seconds
 
step = 39315, Phi_Bc_hi = -4, num_Vapp = 46, sign = -1
MLMG: Initial rhs               = 414645816.4
MLMG: Initial residual (resid0) = 7835525700
MLMG: Final Iter. 3 resid, resid/resid0 = 0.003725975752, 4.755233911e-13
MLMG: Timers: Solve = 0.054267751 Iter = 0.054079564 Bottom = 0.053780678
1 iterations :: err = 1
MLMG: Initial rhs               = 414645816.4
MLMG: Initial residual (resid0) = 7835525700
MLMG: Final Iter. 3 resid, resid/resid0 = 0.0009997785091, 1.27595588e-13
MLMG: Timers: Solve = 0.058404748 Iter = 0.058227828 Bottom = 0.057931697
2 iterations :: err = 2.829898321e-05
MLMG: Initial rhs               = 414645816.4
MLMG: Initial residual (resid0) = 7835525700
MLMG: Final Iter. 3 resid, resid/resid0 = 0.003459083832, 4.414616153e-13
MLMG: Timers: Solve = 0.052766663 Iter = 0.052592257 Bottom = 0.052296815
3 iterations :: err = 9.28975695e-09
voltage_sweep == 1 && num_Vapp == num_Vapp_max!
High-water FAB megabyte spread across MPI nodes: [171 ... 171]
Current     FAB megabyte spread across MPI nodes: [136 ... 136]
Total run time 5677.471886 seconds


TinyProfiler total time across processes [min...avg...max]: 5677 ... 5677 ... 5677

----------------------------------------------------------------------------------------------
Name                                           NCalls  Excl. Min  Excl. Avg  Excl. Max   Max %
----------------------------------------------------------------------------------------------
amrex::Dot()                                 54492232       1492       1492       1492  26.27%
MLABecLaplacian::Fapply()                    27562000       1229       1229       1229  21.65%
MLABecLaplacian::normalize()                 27483029      885.7      885.7      885.7  15.60%
FabArray::norminf()                          27956514      638.7      638.7      638.7  11.25%
ComputePhi_Rho()                                39361      279.1      279.1      279.1   4.92%
FillBoundary_nowait()                        27876914      227.2      227.2      227.2   4.00%
FabArray::Saxpy_Saxpy()                      13699660      179.4      179.4      179.4   3.16%
FabArray::Saypy_Saxpy()                      13546456      166.6      166.6      166.6   2.94%
FabArray::Saxpy_Xpay()                       13462747      152.8      152.8      152.8   2.69%
Calculate_Landau()                              39315        149        149        149   2.62%
Calculate_Grad()                                39315      77.02      77.02      77.02   1.36%
ComputeEfromPhi()                               78630      69.79      69.79      69.79   1.23%
MLCellLinOp::applyBC()                       27562000      43.53      43.53      43.53   0.77%
FabArray::setVal()                            1460483      17.21      17.21      17.21   0.30%
amrex::Copy()                                 1303562      14.19      14.19      14.19   0.25%
MLCGSolver::bicgstab                           236913      11.77      11.77      11.77   0.21%
main()                                              1      5.414      5.414      5.414   0.10%
MLCGSolver::ParallelAllReduce                68428805      5.137      5.137      5.137   0.09%
MLCellLinOp::apply()                         27562000      3.189      3.189      3.189   0.06%
FabArray::FillBoundary()                     27876914      3.121      3.121      3.121   0.05%
MLMG::solve()                                   78971     0.4826     0.4826     0.4826   0.01%
MLMG::actualBottomSolve()                      236913    0.08319    0.08319    0.08319   0.00%
MLCellLinOp::solutionResidual()                315884    0.04011    0.04011    0.04011   0.00%
MLMG::oneIter()                                236913    0.03636    0.03636    0.03636   0.00%
MLMG::computeResidual()                        236913    0.02398    0.02398    0.02398   0.00%
MLMG::mgVcycle_bottom                          236913    0.02346    0.02346    0.02346   0.00%
MLMG::mgVcycle()                               236913    0.02094    0.02094    0.02094   0.00%
Other                                        57925758      26.93      26.93      26.93   0.47%
----------------------------------------------------------------------------------------------

----------------------------------------------------------------------------------------------
Name                                           NCalls  Incl. Min  Incl. Avg  Incl. Max   Max %
----------------------------------------------------------------------------------------------
main()                                              1       5677       5677       5677 100.00%
ComputePhi_Rho()                                39361       5361       5361       5361  94.42%
MLMG::solve()                                   78971       5062       5062       5062  89.15%
MLMG::oneIter()                                236913       5027       5027       5027  88.54%
MLMG::mgVcycle()                               236913       5024       5024       5024  88.50%
MLMG::mgVcycle_bottom                          236913       5024       5024       5024  88.50%
MLMG::actualBottomSolve()                      236913       5024       5024       5024  88.50%
MLCGSolver::bicgstab                           236913       5022       5022       5022  88.46%
MLCellLinOp::apply()                         27562000       1506       1506       1506  26.53%
amrex::Dot()                                 54492232       1492       1492       1492  26.27%
MLABecLaplacian::Fapply()                    27562000       1229       1229       1229  21.65%
MLABecLaplacian::normalize()                 27483029      885.7      885.7      885.7  15.60%
MLCGSolver::ParallelAllReduce                68428805      756.3      756.3      756.3  13.32%
FabArray::norminf()                          27956514      638.7      638.7      638.7  11.25%
MLCellLinOp::applyBC()                       27562000      273.7      273.7      273.7   4.82%
FabArray::FillBoundary()                     27876914        233        233        233   4.10%
FillBoundary_nowait()                        27876914      228.7      228.7      228.7   4.03%
FabArray::Saxpy_Saxpy()                      13699660      179.4      179.4      179.4   3.16%
FabArray::Saypy_Saxpy()                      13546456      166.6      166.6      166.6   2.94%
FabArray::Saxpy_Xpay()                       13462747      152.8      152.8      152.8   2.69%
Calculate_Landau()                              39315        149        149        149   2.62%
Calculate_Grad()                                39315      77.02      77.02      77.02   1.36%
ComputeEfromPhi()                               78630      69.79      69.79      69.79   1.23%
MLCellLinOp::solutionResidual()                315884      21.57      21.57      21.57   0.38%
FabArray::setVal()                            1460483      17.21      17.21      17.21   0.30%
MLMG::computeResidual()                        236913      15.24      15.24      15.24   0.27%
amrex::Copy()                                 1303562      14.19      14.19      14.19   0.25%
Other                                        57925758      50.07      50.07      50.07   0.88%
----------------------------------------------------------------------------------------------

Device Memory Usage:
-------------------------------------------------------------------------
Name                                           Nalloc    AvgMem    MaxMem
-------------------------------------------------------------------------
The_Arena::Initialize()                             1     2   B    14 GiB
main()                                           1360   118 MiB   122 MiB
WritePlotfile()                                   752  3220   B    33 MiB
ResizeRandomSeed                                    2    13 MiB    13 MiB
MLCGSolver::bicgstab                         18953040  9373 KiB    10 MiB
MLMG::prepareForSolve()                            64  8135 KiB  8136 KiB
MLABecLaplacian::define()                          64  7823 KiB  7824 KiB
ComputePhi_Rho()                              8848736   197 KiB  7552 KiB
MultiFab::OverlapMask()                       1346740  2226   B  1889 KiB
BndryData::define()                               192  1735 KiB  1736 KiB
MLCellLinOp::defineAuxData()                      192   815 KiB   816 KiB
FillBoundary_nowait()                          552806   176 KiB   180 KiB
VisMF::Write(FabArray)                          13536     3   B   144 KiB
FabArray::setVal()                             789746    74 KiB    74 KiB
MultiFab::max()                                 39363  2059   B    74 KiB
MultiFab::norm1                                 79220    20   B    72 KiB
FabArray::norminf()                          27956514  8225   B    72 KiB
amrex::Dot()                                 54492232    18 KiB    72 KiB
amrex::Copy()                                  395166    29 KiB    29 KiB
MLCellLinOp::applyBC()                       27640978    25 KiB    26 KiB
MLCellLinOp::prepareForSolve()                      1     0   B    15 KiB
FabArray::LinComb()                             78972  2048   B  4096   B
MLABecLaplacian::Fapply()                      473826  3580   B  4096   B
FabArray::setVal(val, thecmd, scomp, ncomp)         8     0   B  3328   B
MultiFab::Divide()                              79220     1   B  2048   B
MLCellLinOp::defineBC()                             1  1791   B  1792   B
-------------------------------------------------------------------------

Managed Memory Usage:
---------------------------------------------------------
Name                             Nalloc  AvgMem    MaxMem
---------------------------------------------------------
The_Managed_Arena::Initialize()       1   0   B  8192 KiB
main()                                1   0   B    31 KiB
---------------------------------------------------------

Pinned Memory Usage:
-------------------------------------------------------------------------
Name                                           Nalloc    AvgMem    MaxMem
-------------------------------------------------------------------------
The_Pinned_Arena::Initialize()                      1     0   B  8192 KiB
VisMF::Write(FabArray)                          14288   121   B  2124 KiB
FillBoundary_nowait()                          552806   176 KiB   180 KiB
FabArray::setVal()                             789746    74 KiB    74 KiB
amrex::Copy()                                  395166    29 KiB    29 KiB
MLCellLinOp::applyBC()                          78978    25 KiB    25 KiB
MLCellLinOp::prepareForSolve()                      1     0   B    15 KiB
FabArray::LinComb()                             78972  2048   B  4096   B
MLABecLaplacian::Fapply()                      473826  3580   B  4096   B
FabArray::setVal(val, thecmd, scomp, ncomp)         8     0   B  3328   B
MultiFab::max()                                 39363  2048   B  2304   B
MultiFab::Divide()                              79220     1   B  2048   B
MLCellLinOp::setLevelBC()                          47     0   B  1792   B
MultiFab::OverlapMask()                         79220     0   B  1792   B
amrex::Dot()                                 54492232    66   B   256   B
Unprofiled                                         15     0   B   256   B
MultiFab::norm1                                 79220     0   B   256   B
FabArray::norminf()                          27956514    28   B   256   B
-------------------------------------------------------------------------

Total GPU global memory (MB) spread across MPI: [20019 ... 20019]
Free  GPU global memory (MB) spread across MPI: [4658 ... 4658]
[The         Arena] max space (MB) allocated spread across MPI: [15014 ... 15014]
[The         Arena] max space (MB) used      spread across MPI: [183 ... 183]
[The Managed Arena] max space (MB) allocated spread across MPI: [8 ... 8]
[The Managed Arena] max space (MB) used      spread across MPI: [0 ... 0]
[The  Pinned Arena] max space (MB) allocated spread across MPI: [8 ... 8]
[The  Pinned Arena] max space (MB) used      spread across MPI: [2 ... 2]
AMReX (26.05-39-gbe2cc437644f) finalized

EXIT_CODE=0
Tue Jul 21 20:54:36 CST 2026
