MLMG: Initial rhs               = 325604292
MLMG: Initial residual (resid0) = 9457827529
MLMG: Final Iter. 3 resid, resid/resid0 = 0.002147820921, 2.270945325e-13
MLMG: Timers: Solve = 0.048876181 Iter = 0.048700443 Bottom = 0.04840301
2 iterations :: err = 3.280312389e-11
Steady state check : (phi(t) - phi(t-1)).norm0() = 1.927079487e-07
Advanced step 7408 in 0.11188035 seconds
 
MLMG: Initial rhs               = 325604292
MLMG: Initial residual (resid0) = 9457827524
MLMG: Final Iter. 3 resid, resid/resid0 = 0.003358177841, 3.550686278e-13
MLMG: Timers: Solve = 0.046264951 Iter = 0.046091196 Bottom = 0.045794214
1 iterations :: err = 1
MLMG: Initial rhs               = 325604314.1
MLMG: Initial residual (resid0) = 9457827524
MLMG: Final Iter. 3 resid, resid/resid0 = 0.002654910088, 2.807103514e-13
MLMG: Timers: Solve = 0.04702538 Iter = 0.046852496 Bottom = 0.046554512
2 iterations :: err = 8.787843705e-11
Steady state check : (phi(t) - phi(t-1)).norm0() = 1.054026077e-07
Advanced step 7409 in 0.10888873 seconds
 
MLMG: Initial rhs               = 325604314.1
MLMG: Initial residual (resid0) = 9457827522
MLMG: Final Iter. 3 resid, resid/resid0 = 0.001360270671, 1.438248549e-13
MLMG: Timers: Solve = 0.050677838 Iter = 0.050505124 Bottom = 0.050207832
1 iterations :: err = 1
MLMG: Initial rhs               = 325604326.1
MLMG: Initial residual (resid0) = 9457827522
MLMG: Final Iter. 3 resid, resid/resid0 = 0.002966993061, 3.137076727e-13
MLMG: Timers: Solve = 0.048290489 Iter = 0.04811464 Bottom = 0.047814392
2 iterations :: err = 1.623874314e-10
Steady state check : (phi(t) - phi(t-1)).norm0() = 5.75005719e-08
Advanced step 7410 in 0.114625105 seconds
 
step = 7410, Phi_Bc_hi = -4, num_Vapp = 46, sign = -1
MLMG: Initial rhs               = 325604326.1
MLMG: Initial residual (resid0) = 8404976826
MLMG: Final Iter. 3 resid, resid/resid0 = 0.002268381417, 2.698855052e-13
MLMG: Timers: Solve = 0.048898234 Iter = 0.048719392 Bottom = 0.048419073
1 iterations :: err = 1
MLMG: Initial rhs               = 310682213.3
MLMG: Initial residual (resid0) = 8404976826
MLMG: Final Iter. 3 resid, resid/resid0 = 0.0003419860732, 4.068852065e-14
MLMG: Timers: Solve = 0.042819528 Iter = 0.042642949 Bottom = 0.042343722
2 iterations :: err = 5.303732183e-05
MLMG: Initial rhs               = 310496384.2
MLMG: Initial residual (resid0) = 8404976826
MLMG: Final Iter. 3 resid, resid/resid0 = 0.002022233201, 2.405994976e-13
MLMG: Timers: Solve = 0.048867979 Iter = 0.048693853 Bottom = 0.0483964
3 iterations :: err = 3.214254592e-08
voltage_sweep == 1 && num_Vapp == num_Vapp_max!
High-water FAB megabyte spread across MPI nodes: [171 ... 171]
Current     FAB megabyte spread across MPI nodes: [136 ... 136]
Total run time 1169.981786 seconds


TinyProfiler total time across processes [min...avg...max]: 1170 ... 1170 ... 1170

----------------------------------------------------------------------------------------------
Name                                           NCalls  Excl. Min  Excl. Avg  Excl. Max   Max %
----------------------------------------------------------------------------------------------
amrex::Dot()                                 11319132      310.8      310.8      310.8  26.56%
MLABecLaplacian::Fapply()                     5719665      255.3      255.3      255.3  21.82%
MLABecLaplacian::normalize()                  5704639        184        184        184  15.73%
FabArray::norminf()                           5794584      132.8      132.8      132.8  11.35%
ComputePhi_Rho()                                 7456       53.6       53.6       53.6   4.58%
FillBoundary_nowait()                         5779204      47.28      47.28      47.28   4.04%
FabArray::Saxpy_Saxpy()                       2844466      37.36      37.36      37.36   3.19%
FabArray::Saypy_Saxpy()                       2815100      34.75      34.75      34.75   2.97%
FabArray::Saxpy_Xpay()                        2799393      31.88      31.88      31.88   2.72%
Calculate_Landau()                               7410      28.08      28.08      28.08   2.40%
Calculate_Grad()                                 7410      14.19      14.19      14.19   1.21%
ComputeEfromPhi()                               14820       13.2       13.2       13.2   1.13%
MLCellLinOp::applyBC()                        5719665      9.078      9.078      9.078   0.78%
FabArray::setVal()                             277688      3.281      3.281      3.281   0.28%
amrex::Copy()                                  248522      2.716      2.716      2.716   0.23%
MLCGSolver::bicgstab                            45073      2.392      2.392      2.392   0.20%
MLCGSolver::ParallelAllReduce                14208671      1.103      1.103      1.103   0.09%
main()                                              1      1.084      1.084      1.084   0.09%
MLCellLinOp::apply()                          5719665     0.6722     0.6722     0.6722   0.06%
FabArray::FillBoundary()                      5779204      0.649      0.649      0.649   0.06%
MLMG::solve()                                   15026    0.09935    0.09935    0.09935   0.01%
MLMG::actualBottomSolve()                       45073    0.01706    0.01706    0.01706   0.00%
MLCellLinOp::solutionResidual()                 60099   0.007572   0.007572   0.007572   0.00%
MLMG::oneIter()                                 45073   0.007203   0.007203   0.007203   0.00%
MLMG::computeResidual()                         45073   0.004808   0.004808   0.004808   0.00%
MLMG::mgVcycle_bottom                           45073    0.00465    0.00465    0.00465   0.00%
MLMG::mgVcycle()                                45073   0.003992   0.003992   0.003992   0.00%
Other                                        11971763      5.654      5.654      5.654   0.48%
----------------------------------------------------------------------------------------------

----------------------------------------------------------------------------------------------
Name                                           NCalls  Incl. Min  Incl. Avg  Incl. Max   Max %
----------------------------------------------------------------------------------------------
main()                                              1       1170       1170       1170 100.00%
ComputePhi_Rho()                                 7456       1110       1110       1110  94.87%
MLMG::solve()                                   15026       1053       1053       1053  89.97%
MLMG::oneIter()                                 45073       1046       1046       1046  89.40%
MLMG::mgVcycle()                                45073       1045       1045       1045  89.36%
MLMG::mgVcycle_bottom                           45073       1045       1045       1045  89.36%
MLMG::actualBottomSolve()                       45073       1045       1045       1045  89.36%
MLCGSolver::bicgstab                            45073       1045       1045       1045  89.32%
MLCellLinOp::apply()                          5719665        313        313        313  26.75%
amrex::Dot()                                 11319132      310.8      310.8      310.8  26.56%
MLABecLaplacian::Fapply()                     5719665      255.3      255.3      255.3  21.82%
MLABecLaplacian::normalize()                  5704639        184        184        184  15.73%
MLCGSolver::ParallelAllReduce                14208671      157.6      157.6      157.6  13.47%
FabArray::norminf()                           5794584      132.8      132.8      132.8  11.35%
MLCellLinOp::applyBC()                        5719665      57.01      57.01      57.01   4.87%
FabArray::FillBoundary()                      5779204      48.49      48.49      48.49   4.14%
FillBoundary_nowait()                         5779204      47.58      47.58      47.58   4.07%
FabArray::Saxpy_Saxpy()                       2844466      37.36      37.36      37.36   3.19%
FabArray::Saypy_Saxpy()                       2815100      34.75      34.75      34.75   2.97%
FabArray::Saxpy_Xpay()                        2799393      31.88      31.88      31.88   2.72%
Calculate_Landau()                               7410      28.08      28.08      28.08   2.40%
Calculate_Grad()                                 7410      14.19      14.19      14.19   1.21%
ComputeEfromPhi()                               14820       13.2       13.2       13.2   1.13%
MLCellLinOp::solutionResidual()                 60099       4.11       4.11       4.11   0.35%
FabArray::setVal()                             277688      3.281      3.281      3.281   0.28%
MLMG::computeResidual()                         45073      2.904      2.904      2.904   0.25%
amrex::Copy()                                  248522      2.716      2.716      2.716   0.23%
Other                                        11971763      10.99      10.99      10.99   0.94%
----------------------------------------------------------------------------------------------

Device Memory Usage:
-------------------------------------------------------------------------
Name                                           Nalloc    AvgMem    MaxMem
-------------------------------------------------------------------------
The_Arena::Initialize()                             1    14   B    14 GiB
main()                                           1360   118 MiB   122 MiB
WritePlotfile()                                   752    16 KiB    33 MiB
ResizeRandomSeed                                    2    13 MiB    13 MiB
MLCGSolver::bicgstab                          3605840  9465 KiB    10 MiB
MLMG::prepareForSolve()                            64  8135 KiB  8136 KiB
MLABecLaplacian::define()                          64  7823 KiB  7824 KiB
ComputePhi_Rho()                              1684736   186 KiB  7552 KiB
MultiFab::OverlapMask()                        257380  2075   B  1889 KiB
BndryData::define()                               192  1735 KiB  1736 KiB
MLCellLinOp::defineAuxData()                      192   815 KiB   816 KiB
FillBoundary_nowait()                          105181   176 KiB   180 KiB
VisMF::Write(FabArray)                          13536    18   B   144 KiB
FabArray::setVal()                             150286    74 KiB    74 KiB
MultiFab::max()                                  7458  2058   B    74 KiB
MultiFab::norm1                                 15140    19   B    72 KiB
FabArray::norminf()                           5794584  8298   B    72 KiB
amrex::Dot()                                 11319132    18 KiB    72 KiB
amrex::Copy()                                   75301    29 KiB    29 KiB
MLCellLinOp::applyBC()                        5734698    25 KiB    26 KiB
MLCellLinOp::prepareForSolve()                      1     0   B    15 KiB
FabArray::LinComb()                             15027  2048   B  4096   B
MLABecLaplacian::Fapply()                       90146  3618   B  4096   B
FabArray::setVal(val, thecmd, scomp, ncomp)         8     0   B  3328   B
MultiFab::Divide()                              15140     1   B  2048   B
MLCellLinOp::defineBC()                             1  1791   B  1792   B
-------------------------------------------------------------------------

Managed Memory Usage:
---------------------------------------------------------
Name                             Nalloc  AvgMem    MaxMem
---------------------------------------------------------
The_Managed_Arena::Initialize()       1   0   B  8192 KiB
main()                                1   0   B    31 KiB
---------------------------------------------------------

Pinned Memory Usage:
-------------------------------------------------------------------------
Name                                           Nalloc    AvgMem    MaxMem
-------------------------------------------------------------------------
The_Pinned_Arena::Initialize()                      1     0   B  8192 KiB
VisMF::Write(FabArray)                          14288   571   B  2124 KiB
FillBoundary_nowait()                          105181   176 KiB   180 KiB
FabArray::setVal()                             150286    74 KiB    74 KiB
amrex::Copy()                                   75301    29 KiB    29 KiB
MLCellLinOp::applyBC()                          15033    25 KiB    25 KiB
MLCellLinOp::prepareForSolve()                      1     0   B    15 KiB
FabArray::LinComb()                             15027  2048   B  4096   B
MLABecLaplacian::Fapply()                       90146  3618   B  4096   B
FabArray::setVal(val, thecmd, scomp, ncomp)         8     0   B  3328   B
MultiFab::max()                                  7458  2048   B  2304   B
MultiFab::Divide()                              15140     1   B  2048   B
MLCellLinOp::setLevelBC()                          47     0   B  1792   B
MultiFab::OverlapMask()                         15140     0   B  1792   B
amrex::Dot()                                 11319132    67   B   256   B
Unprofiled                                         15     0   B   256   B
MultiFab::norm1                                 15140     0   B   256   B
FabArray::norminf()                           5794584    28   B   256   B
-------------------------------------------------------------------------

Total GPU global memory (MB) spread across MPI: [20019 ... 20019]
Free  GPU global memory (MB) spread across MPI: [4658 ... 4658]
[The         Arena] max space (MB) allocated spread across MPI: [15014 ... 15014]
[The         Arena] max space (MB) used      spread across MPI: [183 ... 183]
[The Managed Arena] max space (MB) allocated spread across MPI: [8 ... 8]
[The Managed Arena] max space (MB) used      spread across MPI: [0 ... 0]
[The  Pinned Arena] max space (MB) allocated spread across MPI: [8 ... 8]
[The  Pinned Arena] max space (MB) used      spread across MPI: [2 ... 2]
AMReX (26.05-39-gbe2cc437644f) finalized

EXIT_CODE=0
Tue Jul 21 16:06:13 CST 2026
