MLMG: Final Iter. 3 resid, resid/resid0 = 0.003078129876, 3.233653612e-13
MLMG: Timers: Solve = 0.071387285 Iter = 0.071055279 Bottom = 0.070589839
2 iterations :: err = 6.115789222e-10
Steady state check : (phi(t) - phi(t-1)).norm0() = 1.023442375e-07
Advanced step 20516 in 0.162133235 seconds
 
MLMG: Initial rhs               = 704854009.7
MLMG: Initial residual (resid0) = 9519046397
MLMG: Final Iter. 3 resid, resid/resid0 = 0.003021110031, 3.173752816e-13
MLMG: Timers: Solve = 0.0792035 Iter = 0.078896301 Bottom = 0.078450982
1 iterations :: err = 1
MLMG: Initial rhs               = 704854009.7
MLMG: Initial residual (resid0) = 9519046397
MLMG: Final Iter. 3 resid, resid/resid0 = 0.0008926669232, 9.377692743e-14
MLMG: Timers: Solve = 0.077896005 Iter = 0.077576127 Bottom = 0.077116687
2 iterations :: err = 2.278550423e-10
Steady state check : (phi(t) - phi(t-1)).norm0() = 1.000062734e-07
Advanced step 20517 in 0.174061725 seconds
 
MLMG: Initial rhs               = 704854009.8
MLMG: Initial residual (resid0) = 9519046397
MLMG: Final Iter. 3 resid, resid/resid0 = 0.002448409796, 2.572116674e-13
MLMG: Timers: Solve = 0.068584119 Iter = 0.06836248 Bottom = 0.067972375
1 iterations :: err = 1
MLMG: Initial rhs               = 704854009.8
MLMG: Initial residual (resid0) = 9519046397
MLMG: Final Iter. 3 resid, resid/resid0 = 0.0009891598882, 1.039137585e-13
MLMG: Timers: Solve = 0.075079378 Iter = 0.074821715 Bottom = 0.074426883
2 iterations :: err = 1.94477565e-10
Steady state check : (phi(t) - phi(t-1)).norm0() = 9.771309837e-08
Advanced step 20518 in 0.160148097 seconds
 
step = 20518, Phi_Bc_hi = -4, num_Vapp = 46, sign = -1
MLMG: Initial rhs               = 704854009.9
MLMG: Initial residual (resid0) = 8466195703
MLMG: Final Iter. 3 resid, resid/resid0 = 0.002857003239, 3.374600989e-13
MLMG: Timers: Solve = 0.072736814 Iter = 0.072431858 Bottom = 0.071971676
1 iterations :: err = 1
MLMG: Initial rhs               = 704854009.9
MLMG: Initial residual (resid0) = 8466195703
MLMG: Final Iter. 3 resid, resid/resid0 = 0.003693450242, 4.362585477e-13
MLMG: Timers: Solve = 0.075712003 Iter = 0.075417804 Bottom = 0.074985726
2 iterations :: err = 4.324245978e-05
MLMG: Initial rhs               = 704854009.9
MLMG: Initial residual (resid0) = 8466195703
MLMG: Final Iter. 3 resid, resid/resid0 = 0.003207356366, 3.788426914e-13
MLMG: Timers: Solve = 0.068917377 Iter = 0.068686885 Bottom = 0.06830972
3 iterations :: err = 2.32339323e-08
voltage_sweep == 1 && num_Vapp == num_Vapp_max!
High-water FAB megabyte spread across MPI nodes: [171 ... 171]
Current     FAB megabyte spread across MPI nodes: [136 ... 136]
Total run time 3734.395669 seconds


TinyProfiler total time across processes [min...avg...max]: 3734 ... 3734 ... 3734

----------------------------------------------------------------------------------------------
Name                                           NCalls  Excl. Min  Excl. Avg  Excl. Max   Max %
----------------------------------------------------------------------------------------------
amrex::Dot()                                 31720826      981.6      981.6      981.6  26.29%
MLABecLaplacian::Fapply()                    16025697      737.3      737.3      737.3  19.74%
MLABecLaplacian::normalize()                 15984376      560.9      560.9      560.9  15.02%
FabArray::norminf()                          16232017      429.3      429.3      429.3  11.50%
FillBoundary_nowait()                        16190179      180.4      180.4      180.4   4.83%
ComputePhi_Rho()                                20564      172.6      172.6      172.6   4.62%
FabArray::Saxpy_Saxpy()                       7965423      127.4      127.4      127.4   3.41%
FabArray::Saypy_Saxpy()                       7894990      120.1      120.1      120.1   3.22%
FabArray::Saxpy_Xpay()                        7841460      111.8      111.8      111.8   2.99%
Calculate_Landau()                              20518      77.72      77.72      77.72   2.08%
MLCellLinOp::applyBC()                       16025697      49.59      49.59      49.59   1.33%
ComputeEfromPhi()                               41036      48.75      48.75      48.75   1.31%
Calculate_Grad()                                20518      39.45      39.45      39.45   1.06%
MLCGSolver::bicgstab                           123963      20.19      20.19      20.19   0.54%
FabArray::setVal()                             764042      14.06      14.06      14.06   0.38%
amrex::Copy()                                  682365      10.99      10.99      10.99   0.29%
CalculateTDGL_RHS()                             20518      8.118      8.118      8.118   0.22%
MLCGSolver::ParallelAllReduce                39810212      6.305      6.305      6.305   0.17%
main()                                              1       5.45       5.45       5.45   0.15%
MLCellLinOp::apply()                         16025697      3.847      3.847      3.847   0.10%
FabArray::FillBoundary()                     16190179      3.728      3.728      3.728   0.10%
MLMG::solve()                                   41321      2.526      2.526      2.526   0.07%
MLMG::actualBottomSolve()                      123963     0.5163     0.5163     0.5163   0.01%
MLMG::oneIter()                                123963     0.2041     0.2041     0.2041   0.01%
MLMG::computeResidual()                        123963     0.1456     0.1456     0.1456   0.00%
MLCellLinOp::solutionResidual()                165284     0.1442     0.1442     0.1442   0.00%
MLMG::mgVcycle_bottom                          123963     0.1334     0.1334     0.1334   0.00%
MLMG::mgVcycle()                               123963    0.07145    0.07145    0.07145   0.00%
Other                                        33496367      21.14      21.14      21.14   0.57%
----------------------------------------------------------------------------------------------

----------------------------------------------------------------------------------------------
Name                                           NCalls  Incl. Min  Incl. Avg  Incl. Max   Max %
----------------------------------------------------------------------------------------------
main()                                              1       3734       3734       3734 100.00%
ComputePhi_Rho()                                20564       3546       3546       3546  94.95%
MLMG::solve()                                   41321       3356       3356       3356  89.88%
MLMG::oneIter()                                123963       3331       3331       3331  89.19%
MLMG::mgVcycle()                               123963       3328       3328       3328  89.13%
MLMG::mgVcycle_bottom                          123963       3328       3328       3328  89.13%
MLMG::actualBottomSolve()                      123963       3328       3328       3328  89.12%
MLCGSolver::bicgstab                           123963       3326       3326       3326  89.06%
amrex::Dot()                                 31720826      981.6      981.6      981.6  26.29%
MLCellLinOp::apply()                         16025697        976        976        976  26.14%
MLABecLaplacian::Fapply()                    16025697      737.3      737.3      737.3  19.74%
MLABecLaplacian::normalize()                 15984376      560.9      560.9      560.9  15.02%
MLCGSolver::ParallelAllReduce                39810212      499.8      499.8      499.8  13.38%
FabArray::norminf()                          16232017      429.3      429.3      429.3  11.50%
MLCellLinOp::applyBC()                       16025697      234.9      234.9      234.9   6.29%
FabArray::FillBoundary()                     16190179      187.5      187.5      187.5   5.02%
FillBoundary_nowait()                        16190179      182.2      182.2      182.2   4.88%
FabArray::Saxpy_Saxpy()                       7965423      127.4      127.4      127.4   3.41%
FabArray::Saypy_Saxpy()                       7894990      120.1      120.1      120.1   3.22%
FabArray::Saxpy_Xpay()                        7841460      111.8      111.8      111.8   2.99%
Calculate_Landau()                              20518      77.72      77.72      77.72   2.08%
ComputeEfromPhi()                               41036      48.75      48.75      48.75   1.31%
Calculate_Grad()                                20518      39.45      39.45      39.45   1.06%
MLCellLinOp::solutionResidual()                165284      14.35      14.35      14.35   0.38%
FabArray::setVal()                             764042      14.06      14.06      14.06   0.38%
amrex::Copy()                                  682365      10.99      10.99      10.99   0.29%
MLMG::computeResidual()                        123963      9.705      9.705      9.705   0.26%
CalculateTDGL_RHS()                             20518      9.047      9.047      9.047   0.24%
Other                                        33496367      36.99      36.99      36.99   0.99%
----------------------------------------------------------------------------------------------

Device Memory Usage:
-------------------------------------------------------------------------
Name                                           Nalloc    AvgMem    MaxMem
-------------------------------------------------------------------------
The_Arena::Initialize()                             1     6   B    14 GiB
main()                                           1360   118 MiB   122 MiB
WritePlotfile()                                   752  8371   B    33 MiB
ResizeRandomSeed                                    2    13 MiB    13 MiB
MLCGSolver::bicgstab                          9917040  9426 KiB    10 MiB
MLMG::prepareForSolve()                            64  8135 KiB  8136 KiB
MLABecLaplacian::define()                          64  7823 KiB  7824 KiB
ComputePhi_Rho()                              4631040   178 KiB  7552 KiB
MultiFab::OverlapMask()                        705738  2963   B  1889 KiB
BndryData::define()                               192  1735 KiB  1736 KiB
MLCellLinOp::defineAuxData()                      192   815 KiB   816 KiB
FillBoundary_nowait()                          289256   176 KiB   180 KiB
VisMF::Write(FabArray)                          13536     7   B   144 KiB
FabArray::setVal()                             413246    74 KiB    74 KiB
MultiFab::max()                                 20566  2060   B    74 KiB
MultiFab::norm1                                 41514    20   B    72 KiB
FabArray::norminf()                          16232017  8341   B    72 KiB
amrex::Dot()                                 31720826    18 KiB    72 KiB
amrex::Copy()                                  206860    29 KiB    29 KiB
MLCellLinOp::applyBC()                       16067025    25 KiB    26 KiB
MLCellLinOp::prepareForSolve()                      1     0   B    15 KiB
FabArray::LinComb()                             41322  2048   B  4096   B
MLABecLaplacian::Fapply()                      247926  3597   B  4096   B
FabArray::setVal(val, thecmd, scomp, ncomp)         8     0   B  3328   B
MultiFab::Divide()                              41514     1   B  2048   B
MLCellLinOp::defineBC()                             1  1791   B  1792   B
-------------------------------------------------------------------------

Managed Memory Usage:
---------------------------------------------------------
Name                             Nalloc  AvgMem    MaxMem
---------------------------------------------------------
The_Managed_Arena::Initialize()       1   0   B  8192 KiB
main()                                1   0   B    31 KiB
---------------------------------------------------------

Pinned Memory Usage:
-------------------------------------------------------------------------
Name                                           Nalloc    AvgMem    MaxMem
-------------------------------------------------------------------------
The_Pinned_Arena::Initialize()                      1     0   B  8192 KiB
VisMF::Write(FabArray)                          14288   345   B  2124 KiB
FillBoundary_nowait()                          289256   176 KiB   180 KiB
FabArray::setVal()                             413246    74 KiB    74 KiB
amrex::Copy()                                  206860    29 KiB    29 KiB
MLCellLinOp::applyBC()                          41328    25 KiB    25 KiB
MLCellLinOp::prepareForSolve()                      1     0   B    15 KiB
FabArray::LinComb()                             41322  2048   B  4096   B
MLABecLaplacian::Fapply()                      247926  3597   B  4096   B
FabArray::setVal(val, thecmd, scomp, ncomp)         8     0   B  3328   B
MultiFab::max()                                 20566  2048   B  2304   B
MultiFab::Divide()                              41514     1   B  2048   B
MLCellLinOp::setLevelBC()                          47     0   B  1792   B
MultiFab::OverlapMask()                         41514     0   B  1792   B
amrex::Dot()                                 31720826    66   B   256   B
Unprofiled                                         15     0   B   256   B
MultiFab::norm1                                 41514     0   B   256   B
FabArray::norminf()                          16232017    29   B   256   B
-------------------------------------------------------------------------

Total GPU global memory (MB) spread across MPI: [20019 ... 20019]
Free  GPU global memory (MB) spread across MPI: [4702 ... 4702]
[The         Arena] max space (MB) allocated spread across MPI: [15014 ... 15014]
[The         Arena] max space (MB) used      spread across MPI: [183 ... 183]
[The Managed Arena] max space (MB) allocated spread across MPI: [8 ... 8]
[The Managed Arena] max space (MB) used      spread across MPI: [0 ... 0]
[The  Pinned Arena] max space (MB) allocated spread across MPI: [8 ... 8]
[The  Pinned Arena] max space (MB) used      spread across MPI: [2 ... 2]
AMReX (26.05-39-gbe2cc437644f) finalized

EXIT_CODE=0
Thu Jul 23 17:02:02 CST 2026
