MLMG: Initial rhs               = 295107228.2
MLMG: Initial residual (resid0) = 9452417147
MLMG: Final Iter. 3 resid, resid/resid0 = 0.001599659395, 1.692328397e-13
MLMG: Timers: Solve = 0.073054231 Iter = 0.072847291 Bottom = 0.072500433
2 iterations :: err = 3.476838671e-11
Steady state check : (phi(t) - phi(t-1)).norm0() = 1.07969073e-06
Advanced step 7794 in 0.221071615 seconds
 
MLMG: Initial rhs               = 295107228.3
MLMG: Initial residual (resid0) = 9452417129
MLMG: Final Iter. 3 resid, resid/resid0 = 0.001183867457, 1.252449444e-13
MLMG: Timers: Solve = 0.098857125 Iter = 0.098642178 Bottom = 0.098288714
1 iterations :: err = 1
MLMG: Initial rhs               = 295107299.7
MLMG: Initial residual (resid0) = 9452417129
MLMG: Final Iter. 3 resid, resid/resid0 = 0.00307013979, 3.2479944e-13
MLMG: Timers: Solve = 0.097846175 Iter = 0.097643831 Bottom = 0.097295
2 iterations :: err = 7.813788448e-11
Steady state check : (phi(t) - phi(t-1)).norm0() = 3.211555225e-07
Advanced step 7795 in 0.227135843 seconds
 
MLMG: Initial rhs               = 295107299.7
MLMG: Initial residual (resid0) = 9452417125
MLMG: Final Iter. 3 resid, resid/resid0 = 0.00246488636, 2.607678361e-13
MLMG: Timers: Solve = 0.101150223 Iter = 0.100933092 Bottom = 0.100585341
1 iterations :: err = 1
MLMG: Initial rhs               = 295107320.8
MLMG: Initial residual (resid0) = 9452417125
MLMG: Final Iter. 3 resid, resid/resid0 = 0.0006264694738, 6.627611388e-14
MLMG: Timers: Solve = 0.094255998 Iter = 0.094056721 Bottom = 0.093704574
2 iterations :: err = 2.005855355e-10
Steady state check : (phi(t) - phi(t-1)).norm0() = 9.477461381e-08
Advanced step 7796 in 0.241272762 seconds
 
step = 7796, Phi_Bc_hi = -4, num_Vapp = 46, sign = -1
MLMG: Initial rhs               = 295107320.8
MLMG: Initial residual (resid0) = 8399566429
MLMG: Final Iter. 3 resid, resid/resid0 = 0.002217774476, 2.640343992e-13
MLMG: Timers: Solve = 0.106898396 Iter = 0.106673081 Bottom = 0.106316492
1 iterations :: err = 1
MLMG: Initial rhs               = 279073874.7
MLMG: Initial residual (resid0) = 8399566429
MLMG: Final Iter. 3 resid, resid/resid0 = 0.0007483624711, 8.909536908e-14
MLMG: Timers: Solve = 0.097655629 Iter = 0.097449558 Bottom = 0.097097837
2 iterations :: err = 7.967163942e-05
MLMG: Initial rhs               = 278829467.7
MLMG: Initial residual (resid0) = 8399566429
MLMG: Final Iter. 3 resid, resid/resid0 = 0.001977456966, 2.354236951e-13
MLMG: Timers: Solve = 0.089612743 Iter = 0.089407787 Bottom = 0.089048556
3 iterations :: err = 7.607828342e-08
voltage_sweep == 1 && num_Vapp == num_Vapp_max!
High-water FAB megabyte spread across MPI nodes: [171 ... 171]
Current     FAB megabyte spread across MPI nodes: [136 ... 136]
Total run time 2878.550803 seconds


TinyProfiler total time across processes [min...avg...max]: 2879 ... 2879 ... 2879

----------------------------------------------------------------------------------------------
Name                                           NCalls  Excl. Min  Excl. Avg  Excl. Max   Max %
----------------------------------------------------------------------------------------------
amrex::Dot()                                 13346836      763.5      763.5      763.5  26.53%
MLABecLaplacian::Fapply()                     6736873      588.5      588.5      588.5  20.44%
MLABecLaplacian::normalize()                  6721008      411.4      411.4      411.4  14.29%
FabArray::norminf()                           6815920        353        353        353  12.26%
ComputePhi_Rho()                                 7842      139.7      139.7      139.7   4.85%
FillBoundary_nowait()                         6799567      129.8      129.8      129.8   4.51%
FabArray::Saxpy_Saxpy()                       3351463      88.91      88.91      88.91   3.09%
FabArray::Saypy_Saxpy()                       3321955      88.41      88.41      88.41   3.07%
FabArray::Saxpy_Xpay()                        3303873      80.73      80.73      80.73   2.80%
Calculate_Landau()                               7796      53.11      53.11      53.11   1.85%
main()                                              1       43.8       43.8       43.8   1.52%
MLCellLinOp::applyBC()                        6736873      28.72      28.72      28.72   1.00%
Calculate_Grad()                                 7796      28.07      28.07      28.07   0.98%
ComputeEfromPhi()                               15592      25.75      25.75      25.75   0.89%
MLCGSolver::bicgstab                            47590      14.81      14.81      14.81   0.51%
FabArray::setVal()                             293109      6.843      6.843      6.843   0.24%
amrex::Copy()                                  262332      5.735      5.735      5.735   0.20%
MLCGSolver::ParallelAllReduce                16745889      4.715      4.715      4.715   0.16%
MLCellLinOp::apply()                          6736873      3.553      3.553      3.553   0.12%
FabArray::FillBoundary()                      6799567      2.995      2.995      2.995   0.10%
MLMG::solve()                                   15865     0.6217     0.6217     0.6217   0.02%
MLMG::actualBottomSolve()                       47590     0.1055     0.1055     0.1055   0.00%
MLCellLinOp::solutionResidual()                 63455    0.05718    0.05718    0.05718   0.00%
MLMG::oneIter()                                 47590    0.04522    0.04522    0.04522   0.00%
MLMG::computeResidual()                         47590    0.03655    0.03655    0.03655   0.00%
MLMG::mgVcycle_bottom                           47590    0.03089    0.03089    0.03089   0.00%
MLMG::mgVcycle()                                47590     0.0138     0.0138     0.0138   0.00%
Other                                        14035595      15.49      15.49      15.49   0.54%
----------------------------------------------------------------------------------------------

----------------------------------------------------------------------------------------------
Name                                           NCalls  Incl. Min  Incl. Avg  Incl. Max   Max %
----------------------------------------------------------------------------------------------
main()                                              1       2879       2879       2879 100.00%
ComputePhi_Rho()                                 7842       2719       2719       2719  94.46%
MLMG::solve()                                   15865       2571       2571       2571  89.31%
MLMG::oneIter()                                 47590       2556       2556       2556  88.81%
MLMG::mgVcycle()                                47590       2555       2555       2555  88.77%
MLMG::mgVcycle_bottom                           47590       2555       2555       2555  88.77%
MLMG::actualBottomSolve()                       47590       2555       2555       2555  88.77%
MLCGSolver::bicgstab                            47590       2554       2554       2554  88.74%
amrex::Dot()                                 13346836      763.5      763.5      763.5  26.53%
MLCellLinOp::apply()                          6736873      754.6      754.6      754.6  26.21%
MLABecLaplacian::Fapply()                     6736873      588.5      588.5      588.5  20.44%
MLABecLaplacian::normalize()                  6721008      411.4      411.4      411.4  14.29%
MLCGSolver::ParallelAllReduce                16745889      381.1      381.1      381.1  13.24%
FabArray::norminf()                           6815920        353        353        353  12.26%
MLCellLinOp::applyBC()                        6736873      162.5      162.5      162.5   5.65%
FabArray::FillBoundary()                      6799567      135.2      135.2      135.2   4.70%
FillBoundary_nowait()                         6799567      131.4      131.4      131.4   4.56%
FabArray::Saxpy_Saxpy()                       3351463      88.91      88.91      88.91   3.09%
FabArray::Saypy_Saxpy()                       3321955      88.41      88.41      88.41   3.07%
FabArray::Saxpy_Xpay()                        3303873      80.73      80.73      80.73   2.80%
Calculate_Landau()                               7796      53.11      53.11      53.11   1.85%
Calculate_Grad()                                 7796      28.07      28.07      28.07   0.98%
ComputeEfromPhi()                               15592      25.75      25.75      25.75   0.89%
MLCellLinOp::solutionResidual()                 63455      8.871      8.871      8.871   0.31%
MLMG::computeResidual()                         47590      7.032      7.032      7.032   0.24%
FabArray::setVal()                             293109      6.843      6.843      6.843   0.24%
amrex::Copy()                                  262332      5.735      5.735      5.735   0.20%
Other                                        14035595      26.06      26.06      26.06   0.91%
----------------------------------------------------------------------------------------------

Device Memory Usage:
-------------------------------------------------------------------------
Name                                           Nalloc    AvgMem    MaxMem
-------------------------------------------------------------------------
The_Arena::Initialize()                             1     5   B    16 GiB
main()                                           1360   118 MiB   122 MiB
WritePlotfile()                                   752    17 KiB    33 MiB
ResizeRandomSeed                                    2    16 MiB    16 MiB
MLCGSolver::bicgstab                          3807200  9400 KiB    10 MiB
MLMG::prepareForSolve()                            64  8135 KiB  8136 KiB
MLABecLaplacian::define()                          64  7823 KiB  7824 KiB
ComputePhi_Rho()                              1779776   189 KiB  7552 KiB
MultiFab::OverlapMask()                        272782  2087   B  1889 KiB
BndryData::define()                               192  1735 KiB  1736 KiB
MLCellLinOp::defineAuxData()                      192   815 KiB   816 KiB
FillBoundary_nowait()                          111054   176 KiB   180 KiB
VisMF::Write(FabArray)                          13536    28   B   174 KiB
MultiFab::max()                                  7844  2056   B    89 KiB
MultiFab::norm1                                 16046    19   B    87 KiB
FabArray::norminf()                           6815920    10 KiB    87 KiB
amrex::Dot()                                 13346836    22 KiB    87 KiB
FabArray::setVal()                             158676    74 KiB    74 KiB
amrex::Copy()                                   79563    29 KiB    29 KiB
MLCellLinOp::applyBC()                        6752745    25 KiB    26 KiB
MLCellLinOp::prepareForSolve()                      1     0   B    15 KiB
FabArray::LinComb()                             15866  2048   B  4096   B
MLABecLaplacian::Fapply()                       95180  3597   B  4096   B
FabArray::setVal(val, thecmd, scomp, ncomp)         8     0   B  3328   B
MultiFab::Divide()                              16046     0   B  2048   B
MLCellLinOp::defineBC()                             1  1791   B  1792   B
-------------------------------------------------------------------------

Managed Memory Usage:
---------------------------------------------------------
Name                             Nalloc  AvgMem    MaxMem
---------------------------------------------------------
The_Managed_Arena::Initialize()       1   0   B  8192 KiB
main()                                1   0   B    31 KiB
---------------------------------------------------------

Pinned Memory Usage:
-------------------------------------------------------------------------
Name                                           Nalloc    AvgMem    MaxMem
-------------------------------------------------------------------------
The_Pinned_Arena::Initialize()                      1     0   B  8192 KiB
VisMF::Write(FabArray)                          14288   652   B  2124 KiB
FillBoundary_nowait()                          111054   176 KiB   180 KiB
FabArray::setVal()                             158676    74 KiB    74 KiB
amrex::Copy()                                   79563    29 KiB    29 KiB
MLCellLinOp::applyBC()                          15872    25 KiB    25 KiB
MLCellLinOp::prepareForSolve()                      1     0   B    15 KiB
FabArray::LinComb()                             15866  2048   B  4096   B
MLABecLaplacian::Fapply()                       95180  3597   B  4096   B
FabArray::setVal(val, thecmd, scomp, ncomp)         8     0   B  3328   B
MultiFab::max()                                  7844  2048   B  2304   B
MultiFab::Divide()                              16046     0   B  2048   B
MLCellLinOp::setLevelBC()                          47     0   B  1792   B
MultiFab::OverlapMask()                         16046     0   B  1792   B
amrex::Dot()                                 13346836    67   B   256   B
Unprofiled                                         15     0   B   256   B
MultiFab::norm1                                 16046     0   B   256   B
FabArray::norminf()                           6815920    31   B   256   B
-------------------------------------------------------------------------

Total GPU global memory (MB) spread across MPI: [22491 ... 22491]
Free  GPU global memory (MB) spread across MPI: [5299 ... 5299]
[The         Arena] max space (MB) allocated spread across MPI: [16868 ... 16868]
[The         Arena] max space (MB) used      spread across MPI: [186 ... 186]
[The Managed Arena] max space (MB) allocated spread across MPI: [8 ... 8]
[The Managed Arena] max space (MB) used      spread across MPI: [0 ... 0]
[The  Pinned Arena] max space (MB) allocated spread across MPI: [8 ... 8]
[The  Pinned Arena] max space (MB) used      spread across MPI: [2 ... 2]
AMReX (26.05-39-gbe2cc437644f) finalized

EXIT_CODE=0
Tue Jul 28 12:37:36 UTC 2026
