MLMG: Initial residual (resid0) = 8208716984
MLMG: Final Iter. 3 resid, resid/resid0 = 0.003457461545, 4.21193903e-13
MLMG: Timers: Solve = 0.131373837 Iter = 0.131171043 Bottom = 0.130816657
2 iterations :: err = 3.11328448e-11
Steady state check : (phi(t) - phi(t-1)).norm0() = 1.269381445e-07
Advanced step 5713 in 0.304320591 seconds
 
MLMG: Initial rhs               = 465739969.7
MLMG: Initial residual (resid0) = 8208716983
MLMG: Final Iter. 3 resid, resid/resid0 = 0.002494569511, 3.038927419e-13
MLMG: Timers: Solve = 0.144618186 Iter = 0.144397125 Bottom = 0.144046054
1 iterations :: err = 1
MLMG: Initial rhs               = 465739969.7
MLMG: Initial residual (resid0) = 8208716983
MLMG: Final Iter. 3 resid, resid/resid0 = 0.003249080336, 3.958085464e-13
MLMG: Timers: Solve = 0.137964735 Iter = 0.137758297 Bottom = 0.137404372
2 iterations :: err = 1.30494969e-10
Steady state check : (phi(t) - phi(t-1)).norm0() = 1.105284237e-07
Advanced step 5714 in 0.298907849 seconds
 
MLMG: Initial rhs               = 465739969
MLMG: Initial residual (resid0) = 8208716982
MLMG: Final Iter. 3 resid, resid/resid0 = 0.002598989265, 3.166133357e-13
MLMG: Timers: Solve = 0.131484119 Iter = 0.131263851 Bottom = 0.130907565
1 iterations :: err = 1
MLMG: Initial rhs               = 465739969
MLMG: Initial residual (resid0) = 8208716982
MLMG: Final Iter. 3 resid, resid/resid0 = 0.00170159137, 2.07290783e-13
MLMG: Timers: Solve = 0.136794741 Iter = 0.136590787 Bottom = 0.136236723
2 iterations :: err = 1.058987159e-10
Steady state check : (phi(t) - phi(t-1)).norm0() = 9.624705413e-08
Advanced step 5715 in 0.284686814 seconds
 
step = 5715, Phi_Bc_hi = -4, num_Vapp = 46, sign = -1
MLMG: Initial rhs               = 465739968.2
MLMG: Initial residual (resid0) = 7298449945
MLMG: Final Iter. 3 resid, resid/resid0 = 0.002223138795, 3.046042395e-13
MLMG: Timers: Solve = 0.131144258 Iter = 0.130904491 Bottom = 0.130543855
1 iterations :: err = 1
MLMG: Initial rhs               = 465739968.2
MLMG: Initial residual (resid0) = 7298449945
MLMG: Final Iter. 3 resid, resid/resid0 = 0.001507274947, 2.065198717e-13
MLMG: Timers: Solve = 0.131406669 Iter = 0.131196357 Bottom = 0.130838255
2 iterations :: err = 8.597314439e-05
MLMG: Initial rhs               = 465739968.2
MLMG: Initial residual (resid0) = 7298449945
MLMG: Final Iter. 3 resid, resid/resid0 = 0.002639561892, 3.616606144e-13
MLMG: Timers: Solve = 0.132908787 Iter = 0.132703834 Bottom = 0.132349267
3 iterations :: err = 1.816343268e-07
voltage_sweep == 1 && num_Vapp == num_Vapp_max!
High-water FAB megabyte spread across MPI nodes: [171 ... 171]
Current     FAB megabyte spread across MPI nodes: [136 ... 136]
Total run time 2256.640774 seconds


TinyProfiler total time across processes [min...avg...max]: 2257 ... 2257 ... 2257

----------------------------------------------------------------------------------------------
Name                                           NCalls  Excl. Min  Excl. Avg  Excl. Max   Max %
----------------------------------------------------------------------------------------------
amrex::Dot()                                 10295902      605.4      605.4      605.4  26.83%
MLABecLaplacian::Fapply()                     5195327      463.1      463.1      463.1  20.52%
MLABecLaplacian::normalize()                  5183483      333.6      333.6      333.6  14.78%
FabArray::norminf()                           5254133      284.7      284.7      284.7  12.62%
FillBoundary_nowait()                         5241514      107.3      107.3      107.3   4.75%
ComputePhi_Rho()                                 5761      95.45      95.45      95.45   4.23%
FabArray::Saxpy_Saxpy()                       2584804      71.18      71.18      71.18   3.15%
FabArray::Saypy_Saxpy()                       2563147      70.01      70.01      70.01   3.10%
FabArray::Saxpy_Xpay()                        2549272      66.47      66.47      66.47   2.95%
Calculate_Landau()                               5715         39         39         39   1.73%
MLCellLinOp::applyBC()                        5195327      25.23      25.23      25.23   1.12%
ComputeEfromPhi()                               11430      23.22      23.22      23.22   1.03%
Calculate_Grad()                                 5715      19.81      19.81      19.81   0.88%
MLCGSolver::bicgstab                            35532       11.5       11.5       11.5   0.51%
FabArray::setVal()                             218524      6.083      6.083      6.083   0.27%
amrex::Copy()                                  195930      4.935      4.935      4.935   0.22%
main()                                              1      4.896      4.896      4.896   0.22%
MLCGSolver::ParallelAllReduce                12916238      3.826      3.826      3.826   0.17%
CalculateTDGL_RHS()                              5715      3.257      3.257      3.257   0.14%
MLCellLinOp::apply()                          5195327      3.058      3.058      3.058   0.14%
FabArray::FillBoundary()                      5241514      2.705      2.705      2.705   0.12%
MLMG::solve()                                   11844     0.5767     0.5767     0.5767   0.03%
MLMG::actualBottomSolve()                       35532    0.09216    0.09216    0.09216   0.00%
MLMG::oneIter()                                 35532    0.03411    0.03411    0.03411   0.00%
MLMG::computeResidual()                         35532    0.03083    0.03083    0.03083   0.00%
MLMG::mgVcycle_bottom                           35532    0.02827    0.02827    0.02827   0.00%
MLCellLinOp::solutionResidual()                 47376    0.01831    0.01831    0.01831   0.00%
MLMG::mgVcycle()                                35532   0.009898   0.009898   0.009898   0.00%
Other                                        10803287      11.24      11.24      11.24   0.50%
----------------------------------------------------------------------------------------------

----------------------------------------------------------------------------------------------
Name                                           NCalls  Incl. Min  Incl. Avg  Incl. Max   Max %
----------------------------------------------------------------------------------------------
main()                                              1       2257       2257       2257 100.00%
ComputePhi_Rho()                                 5761       2161       2161       2161  95.75%
MLMG::solve()                                   11844       2058       2058       2058  91.19%
MLMG::oneIter()                                 35532       2046       2046       2046  90.67%
MLMG::mgVcycle()                                35532       2045       2045       2045  90.62%
MLMG::mgVcycle_bottom                           35532       2045       2045       2045  90.62%
MLMG::actualBottomSolve()                       35532       2045       2045       2045  90.62%
MLCGSolver::bicgstab                            35532       2044       2044       2044  90.58%
amrex::Dot()                                 10295902      605.4      605.4      605.4  26.83%
MLCellLinOp::apply()                          5195327        602        602        602  26.68%
MLABecLaplacian::Fapply()                     5195327      463.1      463.1      463.1  20.52%
MLABecLaplacian::normalize()                  5183483      333.6      333.6      333.6  14.78%
MLCGSolver::ParallelAllReduce                12916238        310        310        310  13.74%
FabArray::norminf()                           5254133      284.7      284.7      284.7  12.62%
MLCellLinOp::applyBC()                        5195327      135.9      135.9      135.9   6.02%
FabArray::FillBoundary()                      5241514      111.9      111.9      111.9   4.96%
FillBoundary_nowait()                         5241514      108.3      108.3      108.3   4.80%
FabArray::Saxpy_Saxpy()                       2584804      71.18      71.18      71.18   3.15%
FabArray::Saypy_Saxpy()                       2563147      70.01      70.01      70.01   3.10%
FabArray::Saxpy_Xpay()                        2549272      66.47      66.47      66.47   2.95%
Calculate_Landau()                               5715         39         39         39   1.73%
ComputeEfromPhi()                               11430      23.22      23.22      23.22   1.03%
Calculate_Grad()                                 5715      19.81      19.81      19.81   0.88%
MLCellLinOp::solutionResidual()                 47376      6.738      6.738      6.738   0.30%
FabArray::setVal()                             218524      6.083      6.083      6.083   0.27%
MLMG::computeResidual()                         35532      4.966      4.966      4.966   0.22%
amrex::Copy()                                  195930      4.935      4.935      4.935   0.22%
CalculateTDGL_RHS()                              5715      3.612      3.612      3.612   0.16%
Other                                        10803287      21.26      21.26      21.26   0.94%
----------------------------------------------------------------------------------------------

Device Memory Usage:
-------------------------------------------------------------------------
Name                                           Nalloc    AvgMem    MaxMem
-------------------------------------------------------------------------
The_Arena::Initialize()                             1     8   B    16 GiB
main()                                           1360   118 MiB   122 MiB
WritePlotfile()                                   752    26 KiB    33 MiB
ResizeRandomSeed                                    2    16 MiB    16 MiB
MLCGSolver::bicgstab                          2842560  9595 KiB    10 MiB
MLMG::prepareForSolve()                            64  8135 KiB  8136 KiB
MLABecLaplacian::define()                          64  7823 KiB  7824 KiB
ComputePhi_Rho()                              1331680   160 KiB  7552 KiB
MultiFab::OverlapMask()                        206822  2169   B  1889 KiB
BndryData::define()                               192  1735 KiB  1736 KiB
MLCellLinOp::defineAuxData()                      192   815 KiB   816 KiB
FillBoundary_nowait()                           82917   176 KiB   180 KiB
VisMF::Write(FabArray)                          13536    32   B   174 KiB
MultiFab::max()                                  5763  2060   B    89 KiB
MultiFab::norm1                                 12166    20   B    87 KiB
FabArray::norminf()                           5254133    10 KiB    87 KiB
amrex::Dot()                                 10295902    23 KiB    87 KiB
FabArray::setVal()                             118476    74 KiB    74 KiB
amrex::Copy()                                   59604    29 KiB    29 KiB
MLCellLinOp::applyBC()                        5207178    25 KiB    26 KiB
MLCellLinOp::prepareForSolve()                      1     0   B    15 KiB
FabArray::LinComb()                             11845  2048   B  4096   B
MLABecLaplacian::Fapply()                       71064  3671   B  4096   B
FabArray::setVal(val, thecmd, scomp, ncomp)         8     0   B  3328   B
MultiFab::Divide()                              12166     1   B  2048   B
MLCellLinOp::defineBC()                             1  1791   B  1792   B
-------------------------------------------------------------------------

Managed Memory Usage:
---------------------------------------------------------
Name                             Nalloc  AvgMem    MaxMem
---------------------------------------------------------
The_Managed_Arena::Initialize()       1   0   B  8192 KiB
main()                                1   0   B    31 KiB
---------------------------------------------------------

Pinned Memory Usage:
-------------------------------------------------------------------------
Name                                           Nalloc    AvgMem    MaxMem
-------------------------------------------------------------------------
The_Pinned_Arena::Initialize()                      1     0   B  8192 KiB
VisMF::Write(FabArray)                          14288  1055   B  2124 KiB
FillBoundary_nowait()                           82917   176 KiB   180 KiB
FabArray::setVal()                             118476    74 KiB    74 KiB
amrex::Copy()                                   59604    29 KiB    29 KiB
MLCellLinOp::applyBC()                          11851    25 KiB    25 KiB
MLCellLinOp::prepareForSolve()                      1     0   B    15 KiB
FabArray::LinComb()                             11845  2048   B  4096   B
MLABecLaplacian::Fapply()                       71064  3671   B  4096   B
FabArray::setVal(val, thecmd, scomp, ncomp)         8     0   B  3328   B
MultiFab::max()                                  5763  2048   B  2304   B
MultiFab::Divide()                              12166     1   B  2048   B
MLCellLinOp::setLevelBC()                          47     0   B  1792   B
MultiFab::OverlapMask()                         12166     0   B  1792   B
amrex::Dot()                                 10295902    67   B   256   B
Unprofiled                                         15     0   B   256   B
MultiFab::norm1                                 12166     0   B   256   B
FabArray::norminf()                           5254133    31   B   256   B
-------------------------------------------------------------------------

Total GPU global memory (MB) spread across MPI: [22491 ... 22491]
Free  GPU global memory (MB) spread across MPI: [5299 ... 5299]
[The         Arena] max space (MB) allocated spread across MPI: [16868 ... 16868]
[The         Arena] max space (MB) used      spread across MPI: [186 ... 186]
[The Managed Arena] max space (MB) allocated spread across MPI: [8 ... 8]
[The Managed Arena] max space (MB) used      spread across MPI: [0 ... 0]
[The  Pinned Arena] max space (MB) allocated spread across MPI: [8 ... 8]
[The  Pinned Arena] max space (MB) used      spread across MPI: [2 ... 2]
AMReX (26.05-39-gbe2cc437644f) finalized
EXIT_CODE=0
Mon Jun 29 14:49:55 UTC 2026
