MLMG: Initial rhs               = 416786114.2
MLMG: Initial residual (resid0) = 9484953693
MLMG: Final Iter. 3 resid, resid/resid0 = 0.002233341336, 2.354614907e-13
MLMG: Timers: Solve = 0.055281446 Iter = 0.055089327 Bottom = 0.054756309
2 iterations :: err = 4.638808152e-11
Steady state check : (phi(t) - phi(t-1)).norm0() = 1.008826426e-07
Advanced step 61329 in 0.129278438 seconds
 
MLMG: Initial rhs               = 416786114.2
MLMG: Initial residual (resid0) = 9484953693
MLMG: Final Iter. 3 resid, resid/resid0 = 0.003438136935, 3.624832599e-13
MLMG: Timers: Solve = 0.055493973 Iter = 0.055288538 Bottom = 0.054952518
1 iterations :: err = 1
MLMG: Initial rhs               = 416786114.2
MLMG: Initial residual (resid0) = 9484953693
MLMG: Final Iter. 3 resid, resid/resid0 = 0.003603379411, 3.799047974e-13
MLMG: Timers: Solve = 0.057401141 Iter = 0.057207691 Bottom = 0.056878953
2 iterations :: err = 9.324130945e-11
Steady state check : (phi(t) - phi(t-1)).norm0() = 1.000841256e-07
Advanced step 61330 in 0.128804171 seconds
 
MLMG: Initial rhs               = 416786114.5
MLMG: Initial residual (resid0) = 9484953693
MLMG: Final Iter. 3 resid, resid/resid0 = 0.006226420403, 6.564523775e-13
MLMG: Timers: Solve = 0.05583282 Iter = 0.055624305 Bottom = 0.05528865
1 iterations :: err = 1
MLMG: Initial rhs               = 416786114.5
MLMG: Initial residual (resid0) = 9484953693
MLMG: Final Iter. 3 resid, resid/resid0 = 0.004154384136, 4.379973029e-13
MLMG: Timers: Solve = 0.056060367 Iter = 0.055870043 Bottom = 0.055537351
2 iterations :: err = 5.604036863e-11
Steady state check : (phi(t) - phi(t-1)).norm0() = 9.927204435e-08
Advanced step 61331 in 0.127736152 seconds
 
step = 61331, Phi_Bc_hi = -4, num_Vapp = 46, sign = -1
MLMG: Initial rhs               = 416786114.3
MLMG: Initial residual (resid0) = 8432102999
MLMG: Final Iter. 3 resid, resid/resid0 = 0.002542853355, 3.015681089e-13
MLMG: Timers: Solve = 0.055442204 Iter = 0.055217258 Bottom = 0.05487695
1 iterations :: err = 1
MLMG: Initial rhs               = 416786114.4
MLMG: Initial residual (resid0) = 8432102999
MLMG: Final Iter. 3 resid, resid/resid0 = 0.003062557774, 3.632021306e-13
MLMG: Timers: Solve = 0.056663808 Iter = 0.056469493 Bottom = 0.056128262
2 iterations :: err = 3.178085376e-05
MLMG: Initial rhs               = 416786114.4
MLMG: Initial residual (resid0) = 8432102999
MLMG: Final Iter. 3 resid, resid/resid0 = 0.002774753645, 3.290701792e-13
MLMG: Timers: Solve = 0.063825769 Iter = 0.063628756 Bottom = 0.06328949
3 iterations :: err = 1.09802941e-08
voltage_sweep == 1 && num_Vapp == num_Vapp_max!
High-water FAB megabyte spread across MPI nodes: [171 ... 171]
Current     FAB megabyte spread across MPI nodes: [136 ... 136]
Total run time 11802.16906 seconds


TinyProfiler total time across processes [min...avg...max]: 1.18e+04 ... 1.18e+04 ... 1.18e+04

-----------------------------------------------------------------------------------------------
Name                                            NCalls  Excl. Min  Excl. Avg  Excl. Max   Max %
-----------------------------------------------------------------------------------------------
amrex::Dot()                                  86377844       3088       3088       3088  26.17%
MLABecLaplacian::Fapply()                     43680566       2392       2392       2392  20.27%
MLABecLaplacian::normalize()                  43557655       1718       1718       1718  14.56%
FabArray::norminf()                           44294872       1448       1448       1448  12.27%
ComputePhi_Rho()                                 61377      585.4      585.4      585.4   4.96%
FillBoundary_nowait()                         44171516      539.7      539.7      539.7   4.57%
FabArray::Saxpy_Saxpy()                       21709532        366        366        366   3.10%
FabArray::Saypy_Saxpy()                       21479390      360.8      360.8      360.8   3.06%
FabArray::Saxpy_Xpay()                        21340799      329.7      329.7      329.7   2.79%
Calculate_Landau()                               61331      266.1      266.1      266.1   2.25%
Calculate_Grad()                                 61331      135.6      135.6      135.6   1.15%
ComputeEfromPhi()                               122662      133.5      133.5      133.5   1.13%
MLCellLinOp::applyBC()                        43680566      120.3      120.3      120.3   1.02%
main()                                               1       72.8       72.8       72.8   0.62%
MLCGSolver::bicgstab                            368733      60.28      60.28      60.28   0.51%
FabArray::setVal()                             2273511      37.02      37.02      37.02   0.31%
amrex::Copy()                                  2028618      30.16      30.16      30.16   0.26%
MLCGSolver::ParallelAllReduce                108456109      18.51      18.51      18.51   0.16%
MLCellLinOp::apply()                          43680566      15.16      15.16      15.16   0.13%
FabArray::FillBoundary()                      44171516      13.91      13.91      13.91   0.12%
MLMG::solve()                                   122911      2.822      2.822      2.822   0.02%
MLMG::actualBottomSolve()                       368733     0.5608     0.5608     0.5608   0.00%
MLCellLinOp::solutionResidual()                 491644     0.1789     0.1789     0.1789   0.00%
MLMG::oneIter()                                 368733     0.1728     0.1728     0.1728   0.00%
MLMG::computeResidual()                         368733     0.1131     0.1131     0.1131   0.00%
MLMG::mgVcycle()                                368733    0.09647    0.09647    0.09647   0.00%
MLMG::mgVcycle_bottom                           368733    0.08865    0.08865    0.08865   0.00%
Other                                         91723266      65.95      65.95      65.95   0.56%
-----------------------------------------------------------------------------------------------

-----------------------------------------------------------------------------------------------
Name                                            NCalls  Incl. Min  Incl. Avg  Incl. Max   Max %
-----------------------------------------------------------------------------------------------
main()                                               1   1.18e+04   1.18e+04   1.18e+04 100.00%
ComputePhi_Rho()                                 61377  1.116e+04  1.116e+04  1.116e+04  94.54%
MLMG::solve()                                   122911  1.053e+04  1.053e+04  1.053e+04  89.21%
MLMG::oneIter()                                 368733  1.046e+04  1.046e+04  1.046e+04  88.60%
MLMG::mgVcycle()                                368733  1.045e+04  1.045e+04  1.045e+04  88.56%
MLMG::mgVcycle_bottom                           368733  1.045e+04  1.045e+04  1.045e+04  88.56%
MLMG::actualBottomSolve()                       368733  1.045e+04  1.045e+04  1.045e+04  88.56%
MLCGSolver::bicgstab                            368733  1.045e+04  1.045e+04  1.045e+04  88.51%
amrex::Dot()                                  86377844       3088       3088       3088  26.17%
MLCellLinOp::apply()                          43680566       3084       3084       3084  26.13%
MLABecLaplacian::Fapply()                     43680566       2392       2392       2392  20.27%
MLABecLaplacian::normalize()                  43557655       1718       1718       1718  14.56%
MLCGSolver::ParallelAllReduce                108456109       1563       1563       1563  13.24%
FabArray::norminf()                           44294872       1448       1448       1448  12.27%
MLCellLinOp::applyBC()                        43680566      676.9      676.9      676.9   5.74%
FabArray::FillBoundary()                      44171516      563.3      563.3      563.3   4.77%
FillBoundary_nowait()                         44171516        545        545        545   4.62%
FabArray::Saxpy_Saxpy()                       21709532        366        366        366   3.10%
FabArray::Saypy_Saxpy()                       21479390      360.8      360.8      360.8   3.06%
FabArray::Saxpy_Xpay()                        21340799      329.7      329.7      329.7   2.79%
Calculate_Landau()                               61331      266.1      266.1      266.1   2.25%
Calculate_Grad()                                 61331      135.6      135.6      135.6   1.15%
ComputeEfromPhi()                               122662      133.5      133.5      133.5   1.13%
MLCellLinOp::solutionResidual()                 491644      43.06      43.06      43.06   0.36%
FabArray::setVal()                             2273511      37.02      37.02      37.02   0.31%
MLMG::computeResidual()                         368733      31.51      31.51      31.51   0.27%
amrex::Copy()                                  2028618      30.16      30.16      30.16   0.26%
Other                                         91723266      110.7      110.7      110.7   0.94%
-----------------------------------------------------------------------------------------------

Device Memory Usage:
-------------------------------------------------------------------------
Name                                           Nalloc    AvgMem    MaxMem
-------------------------------------------------------------------------
The_Arena::Initialize()                             1     1   B    16 GiB
main()                                           1360   118 MiB   122 MiB
WritePlotfile()                                   752  2932   B    33 MiB
ResizeRandomSeed                                    2    16 MiB    16 MiB
MLCGSolver::bicgstab                         29498640  9374 KiB    10 MiB
MLMG::prepareForSolve()                            64  8135 KiB  8136 KiB
MLABecLaplacian::define()                          64  7823 KiB  7824 KiB
ComputePhi_Rho()                             13768544   195 KiB  7552 KiB
MultiFab::OverlapMask()                       2092156  2409   B  1889 KiB
BndryData::define()                               192  1735 KiB  1736 KiB
MLCellLinOp::defineAuxData()                      192   815 KiB   816 KiB
FillBoundary_nowait()                          860386   176 KiB   180 KiB
VisMF::Write(FabArray)                          13536     3   B   174 KiB
MultiFab::max()                                 61379  2061   B    89 KiB
MultiFab::norm1                                123068    25   B    87 KiB
FabArray::norminf()                          44294872    10 KiB    87 KiB
amrex::Dot()                                 86377844    22 KiB    87 KiB
FabArray::setVal()                            1229146    74 KiB    74 KiB
amrex::Copy()                                  614774    29 KiB    29 KiB
MLCellLinOp::applyBC()                       43803484    25 KiB    26 KiB
MLCellLinOp::prepareForSolve()                      1     0   B    15 KiB
FabArray::LinComb()                            122912  2048   B  4096   B
MLABecLaplacian::Fapply()                      737466  3580   B  4096   B
FabArray::setVal(val, thecmd, scomp, ncomp)         8     0   B  3328   B
MultiFab::Divide()                             123068     1   B  2048   B
MLCellLinOp::defineBC()                             1  1791   B  1792   B
-------------------------------------------------------------------------

Managed Memory Usage:
---------------------------------------------------------
Name                             Nalloc  AvgMem    MaxMem
---------------------------------------------------------
The_Managed_Arena::Initialize()       1   0   B  8192 KiB
main()                                1   0   B    31 KiB
---------------------------------------------------------

Pinned Memory Usage:
-------------------------------------------------------------------------
Name                                           Nalloc    AvgMem    MaxMem
-------------------------------------------------------------------------
The_Pinned_Arena::Initialize()                      1     0   B  8192 KiB
VisMF::Write(FabArray)                          14288   119   B  2124 KiB
FillBoundary_nowait()                          860386   176 KiB   180 KiB
FabArray::setVal()                            1229146    74 KiB    74 KiB
amrex::Copy()                                  614774    29 KiB    29 KiB
MLCellLinOp::applyBC()                         122918    25 KiB    25 KiB
MLCellLinOp::prepareForSolve()                      1     0   B    15 KiB
FabArray::LinComb()                            122912  2048   B  4096   B
MLABecLaplacian::Fapply()                      737466  3580   B  4096   B
FabArray::setVal(val, thecmd, scomp, ncomp)         8     0   B  3328   B
MultiFab::max()                                 61379  2048   B  2304   B
MultiFab::Divide()                             123068     1   B  2048   B
MLCellLinOp::setLevelBC()                          47     0   B  1792   B
MultiFab::OverlapMask()                        123068     0   B  1792   B
amrex::Dot()                                 86377844    66   B   256   B
Unprofiled                                         15     0   B   256   B
MultiFab::norm1                                123068     0   B   256   B
FabArray::norminf()                          44294872    31   B   256   B
-------------------------------------------------------------------------

Total GPU global memory (MB) spread across MPI: [22491 ... 22491]
Free  GPU global memory (MB) spread across MPI: [5299 ... 5299]
[The         Arena] max space (MB) allocated spread across MPI: [16868 ... 16868]
[The         Arena] max space (MB) used      spread across MPI: [186 ... 186]
[The Managed Arena] max space (MB) allocated spread across MPI: [8 ... 8]
[The Managed Arena] max space (MB) used      spread across MPI: [0 ... 0]
[The  Pinned Arena] max space (MB) allocated spread across MPI: [8 ... 8]
[The  Pinned Arena] max space (MB) used      spread across MPI: [2 ... 2]
AMReX (26.05-39-gbe2cc437644f) finalized

EXIT_CODE=0
Sat Jul 25 05:59:24 UTC 2026
