2 iterations :: err = 4.965379635e-11
Steady state check : (phi(t) - phi(t-1)).norm0() = 1.002840737e-07
Advanced step 37511 in 0.154203162 seconds
 
MLMG: Initial rhs               = 505168939.5
MLMG: Initial residual (resid0) = 9488935333
MLMG: Final Iter. 3 resid, resid/resid0 = 0.003358533256, 3.539420534e-13
MLMG: Timers: Solve = 0.064352413 Iter = 0.064134009 Bottom = 0.063720829
1 iterations :: err = 1
MLMG: Initial rhs               = 505168939.5
MLMG: Initial residual (resid0) = 9488935333
MLMG: Final Iter. 3 resid, resid/resid0 = 0.002949029207, 3.107861002e-13
MLMG: Timers: Solve = 0.058873973 Iter = 0.058664213 Bottom = 0.058263051
2 iterations :: err = 1.633375745e-10
Steady state check : (phi(t) - phi(t-1)).norm0() = 1.00099266e-07
Advanced step 37512 in 0.139429089 seconds
 
MLMG: Initial rhs               = 505168940.1
MLMG: Initial residual (resid0) = 9488935334
MLMG: Final Iter. 3 resid, resid/resid0 = 0.005712549202, 6.020221448e-13
MLMG: Timers: Solve = 0.059112206 Iter = 0.058862245 Bottom = 0.05845886
1 iterations :: err = 1
MLMG: Initial rhs               = 505168940.1
MLMG: Initial residual (resid0) = 9488935334
MLMG: Final Iter. 3 resid, resid/resid0 = 0.004387974739, 4.624306716e-13
MLMG: Timers: Solve = 0.064316378 Iter = 0.064087208 Bottom = 0.063665224
2 iterations :: err = 1.841887543e-10
Steady state check : (phi(t) - phi(t-1)).norm0() = 9.989275152e-08
Advanced step 37513 in 0.148265712 seconds
 
step = 37513, Phi_Bc_hi = -4, num_Vapp = 46, sign = -1
MLMG: Initial rhs               = 505168940.6
MLMG: Initial residual (resid0) = 8436084641
MLMG: Final Iter. 3 resid, resid/resid0 = 0.002969744119, 3.520287249e-13
MLMG: Timers: Solve = 0.061060329 Iter = 0.060827844 Bottom = 0.060419992
1 iterations :: err = 1
MLMG: Initial rhs               = 505168940.6
MLMG: Initial residual (resid0) = 8436084641
MLMG: Final Iter. 3 resid, resid/resid0 = 0.001846194267, 2.188449199e-13
MLMG: Timers: Solve = 0.058299186 Iter = 0.058060902 Bottom = 0.057688495
2 iterations :: err = 3.586683468e-05
MLMG: Initial rhs               = 505168940.6
MLMG: Initial residual (resid0) = 8436084641
MLMG: Final Iter. 3 resid, resid/resid0 = 0.001385621583, 1.642493695e-13
MLMG: Timers: Solve = 0.061608766 Iter = 0.061395922 Bottom = 0.060995111
3 iterations :: err = 1.451179464e-08
voltage_sweep == 1 && num_Vapp == num_Vapp_max!
High-water FAB megabyte spread across MPI nodes: [171 ... 171]
Current     FAB megabyte spread across MPI nodes: [136 ... 136]
Total run time 6353.131615 seconds


TinyProfiler total time across processes [min...avg...max]: 6353 ... 6353 ... 6353

----------------------------------------------------------------------------------------------
Name                                           NCalls  Excl. Min  Excl. Avg  Excl. Max   Max %
----------------------------------------------------------------------------------------------
amrex::Dot()                                 51633584       1574       1574       1574  24.77%
MLABecLaplacian::Fapply()                    26117936       1187       1187       1187  18.69%
MLABecLaplacian::normalize()                 26042650      902.5      902.5      902.5  14.21%
FabArray::norminf()                          26494106      688.7      688.7      688.7  10.84%
ComputePhi_Rho()                                37559      465.1      465.1      465.1   7.32%
FillBoundary_nowait()                        26418353        283        283        283   4.45%
FabArray::Saxpy_Saxpy()                      12967417      202.3      202.3      202.3   3.18%
FabArray::Saypy_Saxpy()                      12849375      190.1      190.1      190.1   2.99%
FabArray::Saxpy_Xpay()                       12741559      176.2      176.2      176.2   2.77%
ComputeEfromPhi()                               75026      171.3      171.3      171.3   2.70%
Calculate_Landau()                              37513      144.3      144.3      144.3   2.27%
MLCellLinOp::applyBC()                       26117936      86.16      86.16      86.16   1.36%
Calculate_Grad()                                37513      72.14      72.14      72.14   1.14%
CalculateTDGL_RHS()                             37513      47.28      47.28      47.28   0.74%
MLCGSolver::bicgstab                           225858      39.31      39.31      39.31   0.62%
FabArray::setVal()                            1392432      24.54      24.54      24.54   0.39%
amrex::Copy()                                 1242800      19.18      19.18      19.18   0.30%
MLCGSolver::ParallelAllReduce                64826859      12.65      12.65      12.65   0.20%
main()                                              1      8.252      8.252      8.252   0.13%
MLCellLinOp::apply()                         26117936      7.606      7.606      7.606   0.12%
FabArray::FillBoundary()                     26418353      7.259      7.259      7.259   0.11%
MLMG::solve()                                   75286      4.727      4.727      4.727   0.07%
MLMG::actualBottomSolve()                      225858     0.8797     0.8797     0.8797   0.01%
MLMG::oneIter()                                225858      0.359      0.359      0.359   0.01%
MLCellLinOp::solutionResidual()                301144     0.3099     0.3099     0.3099   0.00%
MLMG::computeResidual()                        225858     0.2928     0.2928     0.2928   0.00%
MLMG::mgVcycle_bottom                          225858     0.2309     0.2309     0.2309   0.00%
MLMG::mgVcycle()                               225858     0.1297     0.1297     0.1297   0.00%
MLMG::computeMLResidual()                       75286    0.07201    0.07201    0.07201   0.00%
Other                                        54794459       37.5       37.5       37.5   0.59%
----------------------------------------------------------------------------------------------

----------------------------------------------------------------------------------------------
Name                                           NCalls  Incl. Min  Incl. Avg  Incl. Max   Max %
----------------------------------------------------------------------------------------------
main()                                              1       6353       6353       6353 100.00%
ComputePhi_Rho()                                37559       5895       5895       5895  92.78%
MLMG::solve()                                   75286       5400       5400       5400  84.99%
MLMG::oneIter()                                225858       5353       5353       5353  84.26%
MLMG::mgVcycle()                               225858       5349       5349       5349  84.20%
MLMG::mgVcycle_bottom                          225858       5349       5349       5349  84.20%
MLMG::actualBottomSolve()                      225858       5349       5349       5349  84.19%
MLCGSolver::bicgstab                           225858       5345       5345       5345  84.13%
MLCellLinOp::apply()                         26117936       1574       1574       1574  24.77%
amrex::Dot()                                 51633584       1574       1574       1574  24.77%
MLABecLaplacian::Fapply()                    26117936       1187       1187       1187  18.69%
MLABecLaplacian::normalize()                 26042650      902.5      902.5      902.5  14.21%
MLCGSolver::ParallelAllReduce                64826859        804        804        804  12.66%
FabArray::norminf()                          26494106      688.7      688.7      688.7  10.84%
MLCellLinOp::applyBC()                       26117936      379.2      379.2      379.2   5.97%
FabArray::FillBoundary()                     26418353      296.9      296.9      296.9   4.67%
FillBoundary_nowait()                        26418353      286.6      286.6      286.6   4.51%
FabArray::Saxpy_Saxpy()                      12967417      202.3      202.3      202.3   3.18%
FabArray::Saypy_Saxpy()                      12849375      190.1      190.1      190.1   2.99%
FabArray::Saxpy_Xpay()                       12741559      176.2      176.2      176.2   2.77%
ComputeEfromPhi()                               75026      171.3      171.3      171.3   2.70%
Calculate_Landau()                              37513      144.3      144.3      144.3   2.27%
Calculate_Grad()                                37513      72.14      72.14      72.14   1.14%
CalculateTDGL_RHS()                             37513      48.92      48.92      48.92   0.77%
MLCellLinOp::solutionResidual()                301144      25.67      25.67      25.67   0.40%
FabArray::setVal()                            1392432      24.54      24.54      24.54   0.39%
amrex::Copy()                                 1242800      19.18      19.18      19.18   0.30%
MLMG::computeResidual()                        225858      17.43      17.43      17.43   0.27%
MLMG::computeMLResidual()                       75286      8.599      8.599      8.599   0.14%
Other                                        54794459      55.92      55.92      55.92   0.88%
----------------------------------------------------------------------------------------------

Device Memory Usage:
-------------------------------------------------------------------------
Name                                           Nalloc    AvgMem    MaxMem
-------------------------------------------------------------------------
The_Arena::Initialize()                             1     3   B    14 GiB
main()                                           1360   118 MiB   122 MiB
WritePlotfile()                                   752  4994   B    33 MiB
ResizeRandomSeed                                    2    13 MiB    13 MiB
MLCGSolver::bicgstab                         18068640  8902 KiB    10 MiB
MLMG::prepareForSolve()                            64  8135 KiB  8136 KiB
MLABecLaplacian::define()                          64  7823 KiB  7824 KiB
ComputePhi_Rho()                              8434720   242 KiB  7552 KiB
MultiFab::OverlapMask()                       1282718  3101   B  1889 KiB
BndryData::define()                               192  1735 KiB  1736 KiB
MLCellLinOp::defineAuxData()                      192   815 KiB   816 KiB
FillBoundary_nowait()                          527011   174 KiB   180 KiB
VisMF::Write(FabArray)                          13536     4   B   144 KiB
FabArray::setVal()                             752896    73 KiB    74 KiB
MultiFab::max()                                 37561  2061   B    74 KiB
MultiFab::norm1                                 75454    21   B    72 KiB
FabArray::norminf()                          26494106  7833   B    72 KiB
amrex::Dot()                                 51633584    17 KiB    72 KiB
amrex::Copy()                                  376660    29 KiB    29 KiB
MLCellLinOp::applyBC()                       26193229    25 KiB    26 KiB
MLCellLinOp::prepareForSolve()                      1     0   B    15 KiB
FabArray::LinComb()                             75287  2048   B  4096   B
MLABecLaplacian::Fapply()                      451716  3392   B  4096   B
FabArray::setVal(val, thecmd, scomp, ncomp)         8     0   B  3328   B
MultiFab::Divide()                              75454     1   B  2048   B
MLCellLinOp::defineBC()                             1  1791   B  1792   B
-------------------------------------------------------------------------

Managed Memory Usage:
---------------------------------------------------------
Name                             Nalloc  AvgMem    MaxMem
---------------------------------------------------------
The_Managed_Arena::Initialize()       1   0   B  8192 KiB
main()                                1   0   B    31 KiB
---------------------------------------------------------

Pinned Memory Usage:
-------------------------------------------------------------------------
Name                                           Nalloc    AvgMem    MaxMem
-------------------------------------------------------------------------
The_Pinned_Arena::Initialize()                      1     0   B  8192 KiB
VisMF::Write(FabArray)                          14288   201   B  2124 KiB
FillBoundary_nowait()                          527011   174 KiB   180 KiB
FabArray::setVal()                             752896    73 KiB    74 KiB
amrex::Copy()                                  376660    29 KiB    29 KiB
MLCellLinOp::applyBC()                          75293    25 KiB    25 KiB
MLCellLinOp::prepareForSolve()                      1     0   B    15 KiB
FabArray::LinComb()                             75287  2048   B  4096   B
MLABecLaplacian::Fapply()                      451716  3392   B  4096   B
FabArray::setVal(val, thecmd, scomp, ncomp)         8     0   B  3328   B
MultiFab::max()                                 37561  2048   B  2304   B
MultiFab::Divide()                              75454     1   B  2048   B
MLCellLinOp::setLevelBC()                          47     0   B  1792   B
MultiFab::OverlapMask()                         75454     0   B  1792   B
amrex::Dot()                                 51633584    62   B   256   B
Unprofiled                                         15     0   B   256   B
MultiFab::norm1                                 75454     0   B   256   B
FabArray::norminf()                          26494106    27   B   256   B
-------------------------------------------------------------------------

Total GPU global memory (MB) spread across MPI: [20019 ... 20019]
Free  GPU global memory (MB) spread across MPI: [4670 ... 4670]
[The         Arena] max space (MB) allocated spread across MPI: [15014 ... 15014]
[The         Arena] max space (MB) used      spread across MPI: [183 ... 183]
[The Managed Arena] max space (MB) allocated spread across MPI: [8 ... 8]
[The Managed Arena] max space (MB) used      spread across MPI: [0 ... 0]
[The  Pinned Arena] max space (MB) allocated spread across MPI: [8 ... 8]
[The  Pinned Arena] max space (MB) used      spread across MPI: [2 ... 2]
AMReX (26.05-39-gbe2cc437644f) finalized

EXIT_CODE=0
Wed Jul 22 21:02:42 CST 2026
