MLMG: Final Iter. 3 resid, resid/resid0 = 0.003911912441, 4.764672143e-13
MLMG: Timers: Solve = 0.12335239 Iter = 0.123149148 Bottom = 0.122796594
2 iterations :: err = 7.582460454e-11
Steady state check : (phi(t) - phi(t-1)).norm0() = 1.001464016e-07
Advanced step 67297 in 0.295509645 seconds
 
MLMG: Initial rhs               = 408058833.3
MLMG: Initial residual (resid0) = 8210244742
MLMG: Final Iter. 3 resid, resid/resid0 = 0.006890330464, 8.392356964e-13
MLMG: Timers: Solve = 0.117539866 Iter = 0.117326003 Bottom = 0.116975546
1 iterations :: err = 1
MLMG: Initial rhs               = 408058833.3
MLMG: Initial residual (resid0) = 8210244742
MLMG: Final Iter. 3 resid, resid/resid0 = 0.005918221548, 7.208337551e-13
MLMG: Timers: Solve = 0.114292784 Iter = 0.114084085 Bottom = 0.08971722201
2 iterations :: err = 1.217138008e-10
Steady state check : (phi(t) - phi(t-1)).norm0() = 1.000304634e-07
Advanced step 67298 in 0.279299747 seconds
 
MLMG: Initial rhs               = 408058831.8
MLMG: Initial residual (resid0) = 8210244742
MLMG: Final Iter. 3 resid, resid/resid0 = 0.003443852067, 4.19457906e-13
MLMG: Timers: Solve = 0.144975815 Iter = 0.144754881 Bottom = 0.144388175
1 iterations :: err = 1
MLMG: Initial rhs               = 408058831.8
MLMG: Initial residual (resid0) = 8210244742
MLMG: Final Iter. 3 resid, resid/resid0 = 0.005364209414, 6.533556042e-13
MLMG: Timers: Solve = 0.114424964 Iter = 0.114218509 Bottom = 0.113861468
2 iterations :: err = 1.965518089e-10
Steady state check : (phi(t) - phi(t-1)).norm0() = 9.988134713e-08
Advanced step 67299 in 0.291291436 seconds
 
step = 67299, Phi_Bc_hi = -4, num_Vapp = 46, sign = -1
MLMG: Initial rhs               = 408058830.5
MLMG: Initial residual (resid0) = 7299977705
MLMG: Final Iter. 3 resid, resid/resid0 = 0.002386890352, 3.269722797e-13
MLMG: Timers: Solve = 0.117836918 Iter = 0.117599585 Bottom = 0.117242692
1 iterations :: err = 1
MLMG: Initial rhs               = 408058830.5
MLMG: Initial residual (resid0) = 7299977705
MLMG: Final Iter. 3 resid, resid/resid0 = 0.0009892797915, 1.355181935e-13
MLMG: Timers: Solve = 0.141150265 Iter = 0.140947951 Bottom = 0.140593309
2 iterations :: err = 3.186116289e-05
MLMG: Initial rhs               = 408058830.5
MLMG: Initial residual (resid0) = 7299977705
MLMG: Final Iter. 3 resid, resid/resid0 = 0.002980887168, 4.083419551e-13
MLMG: Timers: Solve = 0.110255967 Iter = 0.110050761 Bottom = 0.109700678
3 iterations :: err = 1.586260378e-08
voltage_sweep == 1 && num_Vapp == num_Vapp_max!
High-water FAB megabyte spread across MPI nodes: [171 ... 171]
Current     FAB megabyte spread across MPI nodes: [136 ... 136]
Total run time 21404.15436 seconds


TinyProfiler total time across processes [min...avg...max]: 2.14e+04 ... 2.14e+04 ... 2.14e+04

-----------------------------------------------------------------------------------------------
Name                                            NCalls  Excl. Min  Excl. Avg  Excl. Max   Max %
-----------------------------------------------------------------------------------------------
amrex::Dot()                                  95717834       5635       5635       5635  26.33%
MLABecLaplacian::Fapply()                     48398313       4291       4291       4291  20.05%
MLABecLaplacian::normalize()                  48263464       3136       3136       3136  14.65%
FabArray::norminf()                           49072307       2669       2669       2669  12.47%
FillBoundary_nowait()                         48937009      999.6      999.6      999.6   4.67%
ComputePhi_Rho()                                 67345      993.2      993.2      993.2   4.64%
FabArray::Saxpy_Saxpy()                       24062810      688.1      688.1      688.1   3.21%
FabArray::Saypy_Saxpy()                       23796107      650.9      650.9      650.9   3.04%
FabArray::Saxpy_Xpay()                        23658263      609.8      609.8      609.8   2.85%
Calculate_Landau()                               67299      466.4      466.4      466.4   2.18%
ComputeEfromPhi()                               134598      266.4      266.4      266.4   1.24%
Calculate_Grad()                                 67299      243.9      243.9      243.9   1.14%
MLCellLinOp::applyBC()                        48398313      231.5      231.5      231.5   1.08%
MLCGSolver::bicgstab                            404547      116.4      116.4      116.4   0.54%
FabArray::setVal()                             2494361      72.82      72.82      72.82   0.34%
amrex::Copy()                                  2225594      62.15      62.15      62.15   0.29%
CalculateTDGL_RHS()                              67299         36         36         36   0.17%
MLCGSolver::ParallelAllReduce                120185191      35.53      35.53      35.53   0.17%
main()                                               1      32.28      32.28      32.28   0.15%
MLCellLinOp::apply()                          48398313      28.08      28.08      28.08   0.13%
FabArray::FillBoundary()                      48937009      25.23      25.23      25.23   0.12%
MLMG::solve()                                   134849      6.768      6.768      6.768   0.03%
MLMG::actualBottomSolve()                       404547      1.452      1.452      1.452   0.01%
MLMG::oneIter()                                 404547     0.5709     0.5709     0.5709   0.00%
MLCellLinOp::solutionResidual()                 539396     0.4251     0.4251     0.4251   0.00%
MLMG::computeResidual()                         404547     0.2405     0.2405     0.2405   0.00%
MLMG::mgVcycle_bottom                           404547     0.2205     0.2205     0.2205   0.00%
MLMG::mgVcycle()                                404547     0.1905     0.1905     0.1905   0.00%
Other                                        101515249      106.3      106.3      106.3   0.50%
-----------------------------------------------------------------------------------------------

-----------------------------------------------------------------------------------------------
Name                                            NCalls  Incl. Min  Incl. Avg  Incl. Max   Max %
-----------------------------------------------------------------------------------------------
main()                                               1   2.14e+04   2.14e+04   2.14e+04 100.00%
ComputePhi_Rho()                                 67345  2.031e+04  2.031e+04  2.031e+04  94.89%
MLMG::solve()                                   134849  1.923e+04  1.923e+04  1.923e+04  89.84%
MLMG::oneIter()                                 404547  1.909e+04  1.909e+04  1.909e+04  89.17%
MLMG::mgVcycle()                                404547  1.908e+04  1.908e+04  1.908e+04  89.12%
MLMG::mgVcycle_bottom                           404547  1.908e+04  1.908e+04  1.908e+04  89.12%
MLMG::actualBottomSolve()                       404547  1.908e+04  1.908e+04  1.908e+04  89.12%
MLCGSolver::bicgstab                            404547  1.907e+04  1.907e+04  1.907e+04  89.07%
amrex::Dot()                                  95717834       5635       5635       5635  26.33%
MLCellLinOp::apply()                          48398313       5579       5579       5579  26.06%
MLABecLaplacian::Fapply()                     48398313       4291       4291       4291  20.05%
MLABecLaplacian::normalize()                  48263464       3136       3136       3136  14.65%
MLCGSolver::ParallelAllReduce                120185191       2897       2897       2897  13.53%
FabArray::norminf()                           49072307       2669       2669       2669  12.47%
MLCellLinOp::applyBC()                        48398313       1260       1260       1260   5.89%
FabArray::FillBoundary()                      48937009       1041       1041       1041   4.87%
FillBoundary_nowait()                         48937009       1009       1009       1009   4.71%
FabArray::Saxpy_Saxpy()                       24062810      688.1      688.1      688.1   3.21%
FabArray::Saypy_Saxpy()                       23796107      650.9      650.9      650.9   3.04%
FabArray::Saxpy_Xpay()                        23658263      609.8      609.8      609.8   2.85%
Calculate_Landau()                               67299      466.4      466.4      466.4   2.18%
ComputeEfromPhi()                               134598      266.4      266.4      266.4   1.24%
Calculate_Grad()                                 67299      243.9      243.9      243.9   1.14%
MLCellLinOp::solutionResidual()                 539396      84.95      84.95      84.95   0.40%
FabArray::setVal()                             2494361      72.82      72.82      72.82   0.34%
amrex::Copy()                                  2225594      62.15      62.15      62.15   0.29%
MLMG::computeResidual()                         404547      61.12      61.12      61.12   0.29%
CalculateTDGL_RHS()                              67299      41.37      41.37      41.37   0.19%
Other                                        101515249      189.8      189.8      189.8   0.89%
-----------------------------------------------------------------------------------------------

Device Memory Usage:
-------------------------------------------------------------------------
Name                                           Nalloc    AvgMem    MaxMem
-------------------------------------------------------------------------
The_Arena::Initialize()                             1     0   B    16 GiB
main()                                           1360   118 MiB   122 MiB
WritePlotfile()                                   752  3046   B    33 MiB
ResizeRandomSeed                                    2    16 MiB    16 MiB
MLCGSolver::bicgstab                         32363760  9432 KiB    10 MiB
MLMG::prepareForSolve()                            64  8135 KiB  8136 KiB
MLABecLaplacian::define()                          64  7823 KiB  7824 KiB
ComputePhi_Rho()                             15105632   176 KiB  7552 KiB
MultiFab::OverlapMask()                       2295136  2579   B  1889 KiB
BndryData::define()                               192  1735 KiB  1736 KiB
MLCellLinOp::defineAuxData()                      192   815 KiB   816 KiB
FillBoundary_nowait()                          943952   176 KiB   180 KiB
VisMF::Write(FabArray)                          13536     3   B   174 KiB
MultiFab::max()                                 67347  2065   B    89 KiB
MultiFab::norm1                                135008    26   B    87 KiB
FabArray::norminf()                          49072307    10 KiB    87 KiB
amrex::Dot()                                 95717834    22 KiB    87 KiB
FabArray::setVal()                            1348526    74 KiB    74 KiB
amrex::Copy()                                  674466    29 KiB    29 KiB
MLCellLinOp::applyBC()                       48533169    25 KiB    26 KiB
MLCellLinOp::prepareForSolve()                      1     0   B    15 KiB
FabArray::LinComb()                            134850  2048   B  4096   B
MLABecLaplacian::Fapply()                      809094  3599   B  4096   B
FabArray::setVal(val, thecmd, scomp, ncomp)         8     0   B  3328   B
MultiFab::Divide()                             135008     1   B  2048   B
MLCellLinOp::defineBC()                             1  1791   B  1792   B
-------------------------------------------------------------------------

Managed Memory Usage:
---------------------------------------------------------
Name                             Nalloc  AvgMem    MaxMem
---------------------------------------------------------
The_Managed_Arena::Initialize()       1   0   B  8192 KiB
main()                                1   0   B    31 KiB
---------------------------------------------------------

Pinned Memory Usage:
-------------------------------------------------------------------------
Name                                           Nalloc    AvgMem    MaxMem
-------------------------------------------------------------------------
The_Pinned_Arena::Initialize()                      1     0   B  8192 KiB
VisMF::Write(FabArray)                          14288   113   B  2124 KiB
FillBoundary_nowait()                          943952   176 KiB   180 KiB
FabArray::setVal()                            1348526    74 KiB    74 KiB
amrex::Copy()                                  674466    29 KiB    29 KiB
MLCellLinOp::applyBC()                         134856    25 KiB    25 KiB
MLCellLinOp::prepareForSolve()                      1     0   B    15 KiB
FabArray::LinComb()                            134850  2048   B  4096   B
MLABecLaplacian::Fapply()                      809094  3599   B  4096   B
FabArray::setVal(val, thecmd, scomp, ncomp)         8     0   B  3328   B
MultiFab::max()                                 67347  2048   B  2304   B
MultiFab::Divide()                             135008     1   B  2048   B
MLCellLinOp::setLevelBC()                          47     0   B  1792   B
MultiFab::OverlapMask()                        135008     0   B  1792   B
amrex::Dot()                                 95717834    66   B   256   B
Unprofiled                                         15     0   B   256   B
MultiFab::norm1                                135008     0   B   256   B
FabArray::norminf()                          49072307    31   B   256   B
-------------------------------------------------------------------------

Total GPU global memory (MB) spread across MPI: [22491 ... 22491]
Free  GPU global memory (MB) spread across MPI: [5299 ... 5299]
[The         Arena] max space (MB) allocated spread across MPI: [16868 ... 16868]
[The         Arena] max space (MB) used      spread across MPI: [186 ... 186]
[The Managed Arena] max space (MB) allocated spread across MPI: [8 ... 8]
[The Managed Arena] max space (MB) used      spread across MPI: [0 ... 0]
[The  Pinned Arena] max space (MB) allocated spread across MPI: [8 ... 8]
[The  Pinned Arena] max space (MB) used      spread across MPI: [2 ... 2]
AMReX (26.05-39-gbe2cc437644f) finalized

EXIT_CODE=0
Tue Jul 21 00:25:13 UTC 2026
