MLMG: Initial rhs               = 612490263.6
MLMG: Initial residual (resid0) = 7694252951
MLMG: Final Iter. 3 resid, resid/resid0 = 0.002890309264, 3.756452098e-13
MLMG: Timers: Solve = 0.143502905 Iter = 0.143299631 Bottom = 0.142953483
2 iterations :: err = 3.925131735e-11
Steady state check : (phi(t) - phi(t-1)).norm0() = 1.012386444e-07
Advanced step 77593 in 0.323616065 seconds
 
MLMG: Initial rhs               = 612490263.6
MLMG: Initial residual (resid0) = 7694252951
MLMG: Final Iter. 3 resid, resid/resid0 = 0.002031902783, 2.640805801e-13
MLMG: Timers: Solve = 0.130496177 Iter = 0.130283706 Bottom = 0.129932995
1 iterations :: err = 1
MLMG: Initial rhs               = 612490263.6
MLMG: Initial residual (resid0) = 7694252951
MLMG: Final Iter. 3 resid, resid/resid0 = 0.002191209139, 2.847851706e-13
MLMG: Timers: Solve = 0.136568425 Iter = 0.136369863 Bottom = 0.136020705
2 iterations :: err = 6.344155346e-11
Steady state check : (phi(t) - phi(t-1)).norm0() = 1.006067558e-07
Advanced step 77594 in 0.282780095 seconds
 
MLMG: Initial rhs               = 612490263.7
MLMG: Initial residual (resid0) = 7694252951
MLMG: Final Iter. 3 resid, resid/resid0 = 0.004116808996, 5.350498641e-13
MLMG: Timers: Solve = 0.107328766 Iter = 0.107113363 Bottom = 0.106769134
1 iterations :: err = 1
MLMG: Initial rhs               = 612490263.7
MLMG: Initial residual (resid0) = 7694252951
MLMG: Final Iter. 3 resid, resid/resid0 = 0.003312195593, 4.304765666e-13
MLMG: Timers: Solve = 0.134350117 Iter = 0.134146535 Bottom = 0.133795717
2 iterations :: err = 8.127573508e-11
Steady state check : (phi(t) - phi(t-1)).norm0() = 9.996888005e-08
Advanced step 77595 in 0.29550015 seconds
 
step = 77595, Phi_Bc_hi = -4, num_Vapp = 46, sign = -1
MLMG: Initial rhs               = 612490263.3
MLMG: Initial residual (resid0) = 6844652951
MLMG: Final Iter. 3 resid, resid/resid0 = 0.001755222678, 2.564370598e-13
MLMG: Timers: Solve = 0.135942033 Iter = 0.135714469 Bottom = 0.135358327
1 iterations :: err = 1
MLMG: Initial rhs               = 612490263.3
MLMG: Initial residual (resid0) = 6844652951
MLMG: Final Iter. 3 resid, resid/resid0 = 0.002464119107, 3.60006435e-13
MLMG: Timers: Solve = 0.120154902 Iter = 0.119951567 Bottom = 0.119601323
2 iterations :: err = 2.194097618e-05
MLMG: Initial rhs               = 612490263.3
MLMG: Initial residual (resid0) = 6844652951
MLMG: Final Iter. 3 resid, resid/resid0 = 0.003026218764, 4.421288831e-13
MLMG: Timers: Solve = 0.118160839 Iter = 0.117956208 Bottom = 0.117606755
3 iterations :: err = 6.904108e-09
voltage_sweep == 1 && num_Vapp == num_Vapp_max!
High-water FAB megabyte spread across MPI nodes: [171 ... 171]
Current     FAB megabyte spread across MPI nodes: [136 ... 136]
Total run time 25262.3971 seconds


TinyProfiler total time across processes [min...avg...max]: 2.526e+04 ... 2.526e+04 ... 2.526e+04

-----------------------------------------------------------------------------------------------
Name                                            NCalls  Excl. Min  Excl. Avg  Excl. Max   Max %
-----------------------------------------------------------------------------------------------
amrex::Dot()                                 116102322       6488       6488       6488  25.68%
MLABecLaplacian::Fapply()                     58673305       5066       5066       5066  20.05%
MLABecLaplacian::normalize()                  58517769       3645       3645       3645  14.43%
FabArray::norminf()                           59450639       3070       3070       3070  12.15%
ComputePhi_Rho()                                 77641       1308       1308       1308   5.18%
FillBoundary_nowait()                         59294464       1120       1120       1120   4.43%
FabArray::Saypy_Saxpy()                       28879621      855.5      855.5      855.5   3.39%
FabArray::Saxpy_Saxpy()                       29171540      743.2      743.2      743.2   2.94%
FabArray::Saxpy_Xpay()                        28704932      697.9      697.9      697.9   2.76%
Calculate_Landau()                               77595      537.5      537.5      537.5   2.13%
main()                                               1      452.3      452.3      452.3   1.79%
Calculate_Grad()                                 77595      278.4      278.4      278.4   1.10%
ComputeEfromPhi()                               155190      255.7      255.7      255.7   1.01%
MLCellLinOp::applyBC()                        58673305      245.1      245.1      245.1   0.97%
MLCGSolver::bicgstab                            466608      130.3      130.3      130.3   0.52%
FabArray::setVal()                             2876928      66.45      66.45      66.45   0.26%
amrex::Copy()                                  2566882      54.65      54.65      54.65   0.22%
MLCGSolver::ParallelAllReduce                145740470      44.06      44.06      44.06   0.17%
MLCellLinOp::apply()                          58673305      30.67      30.67      30.67   0.12%
FabArray::FillBoundary()                      59294464      26.76      26.76      26.76   0.11%
MLMG::solve()                                   155536      6.911      6.911      6.911   0.03%
MLMG::actualBottomSolve()                       466608       1.62       1.62       1.62   0.01%
MLMG::oneIter()                                 466608     0.5616     0.5616     0.5616   0.00%
MLCellLinOp::solutionResidual()                 622144     0.4574     0.4574     0.4574   0.00%
MLMG::computeResidual()                         466608     0.4414     0.4414     0.4414   0.00%
MLMG::mgVcycle_bottom                           466608     0.2803     0.2803     0.2803   0.00%
MLMG::mgVcycle()                                466608     0.2144     0.2144     0.2144   0.00%
Other                                        122866398      135.7      135.7      135.7   0.54%
-----------------------------------------------------------------------------------------------

-----------------------------------------------------------------------------------------------
Name                                            NCalls  Incl. Min  Incl. Avg  Incl. Max   Max %
-----------------------------------------------------------------------------------------------
main()                                               1  2.526e+04  2.526e+04  2.526e+04 100.00%
ComputePhi_Rho()                                 77641  2.367e+04  2.367e+04  2.367e+04  93.68%
MLMG::solve()                                   155536  2.227e+04  2.227e+04  2.227e+04  88.17%
MLMG::oneIter()                                 466608  2.214e+04  2.214e+04  2.214e+04  87.63%
MLMG::mgVcycle()                                466608  2.213e+04  2.213e+04  2.213e+04  87.59%
MLMG::mgVcycle_bottom                           466608  2.213e+04  2.213e+04  2.213e+04  87.59%
MLMG::actualBottomSolve()                       466608  2.213e+04  2.213e+04  2.213e+04  87.58%
MLCGSolver::bicgstab                            466608  2.212e+04  2.212e+04  2.212e+04  87.55%
MLCellLinOp::apply()                          58673305       6497       6497       6497  25.72%
amrex::Dot()                                 116102322       6488       6488       6488  25.68%
MLABecLaplacian::Fapply()                     58673305       5066       5066       5066  20.05%
MLABecLaplacian::normalize()                  58517769       3645       3645       3645  14.43%
MLCGSolver::ParallelAllReduce                145740470       3200       3200       3200  12.67%
FabArray::norminf()                           59450639       3070       3070       3070  12.15%
MLCellLinOp::applyBC()                        58673305       1400       1400       1400   5.54%
FabArray::FillBoundary()                      59294464       1167       1167       1167   4.62%
FillBoundary_nowait()                         59294464       1132       1132       1132   4.48%
FabArray::Saypy_Saxpy()                       28879621      855.5      855.5      855.5   3.39%
FabArray::Saxpy_Saxpy()                       29171540      743.2      743.2      743.2   2.94%
FabArray::Saxpy_Xpay()                        28704932      697.9      697.9      697.9   2.76%
Calculate_Landau()                               77595      537.5      537.5      537.5   2.13%
Calculate_Grad()                                 77595      278.4      278.4      278.4   1.10%
ComputeEfromPhi()                               155190      255.7      255.7      255.7   1.01%
MLCellLinOp::solutionResidual()                 622144      83.55      83.55      83.55   0.33%
FabArray::setVal()                             2876928      66.45      66.45      66.45   0.26%
MLMG::computeResidual()                         466608      65.72      65.72      65.72   0.26%
amrex::Copy()                                  2566882      54.65      54.65      54.65   0.22%
Other                                        122866398      211.6      211.6      211.6   0.84%
-----------------------------------------------------------------------------------------------

Device Memory Usage:
--------------------------------------------------------------------------
Name                                            Nalloc    AvgMem    MaxMem
--------------------------------------------------------------------------
The_Arena::Initialize()                              1     0   B    16 GiB
main()                                            1360   118 MiB   122 MiB
WritePlotfile()                                    752  2145   B    33 MiB
ResizeRandomSeed                                     2    16 MiB    16 MiB
MLCGSolver::bicgstab                          37328640  9273 KiB    10 MiB
MLMG::prepareForSolve()                             64  8135 KiB  8136 KiB
MLABecLaplacian::define()                           64  7823 KiB  7824 KiB
ComputePhi_Rho()                              17424096   199 KiB  7552 KiB
MultiFab::OverlapMask()                        2648430  2464   B  1889 KiB
BndryData::define()                                192  1735 KiB  1736 KiB
MLCellLinOp::defineAuxData()                       192   815 KiB   816 KiB
FillBoundary_nowait()                          1088761   175 KiB   180 KiB
VisMF::Write(FabArray)                           13536     3   B   174 KiB
MultiFab::max()                                  77643  2056   B    89 KiB
MultiFab::norm1                                 155790    26   B    87 KiB
FabArray::norminf()                           59450639    10 KiB    87 KiB
amrex::Dot()                                 116102322    22 KiB    87 KiB
FabArray::setVal()                             1555396    74 KiB    74 KiB
amrex::Copy()                                   777996    29 KiB    29 KiB
MLCellLinOp::applyBC()                        58828848    25 KiB    26 KiB
MLCellLinOp::prepareForSolve()                       1     0   B    15 KiB
FabArray::LinComb()                             155537  2048   B  4096   B
MLABecLaplacian::Fapply()                       933216  3546   B  4096   B
FabArray::setVal(val, thecmd, scomp, ncomp)          8     0   B  3328   B
MultiFab::Divide()                              155790     1   B  2048   B
MLCellLinOp::defineBC()                              1  1791   B  1792   B
--------------------------------------------------------------------------

Managed Memory Usage:
---------------------------------------------------------
Name                             Nalloc  AvgMem    MaxMem
---------------------------------------------------------
The_Managed_Arena::Initialize()       1   0   B  8192 KiB
main()                                1   0   B    31 KiB
---------------------------------------------------------

Pinned Memory Usage:
--------------------------------------------------------------------------
Name                                            Nalloc    AvgMem    MaxMem
--------------------------------------------------------------------------
The_Pinned_Arena::Initialize()                       1     0   B  8192 KiB
VisMF::Write(FabArray)                           14288    80   B  2124 KiB
FillBoundary_nowait()                          1088761   175 KiB   180 KiB
FabArray::setVal()                             1555396    74 KiB    74 KiB
amrex::Copy()                                   777996    29 KiB    29 KiB
MLCellLinOp::applyBC()                          155543    25 KiB    25 KiB
MLCellLinOp::prepareForSolve()                       1     0   B    15 KiB
FabArray::LinComb()                             155537  2048   B  4096   B
MLABecLaplacian::Fapply()                       933216  3546   B  4096   B
FabArray::setVal(val, thecmd, scomp, ncomp)          8     0   B  3328   B
MultiFab::max()                                  77643  2048   B  2304   B
MultiFab::Divide()                              155790     1   B  2048   B
MLCellLinOp::setLevelBC()                           47     0   B  1792   B
MultiFab::OverlapMask()                         155790     0   B  1792   B
amrex::Dot()                                 116102322    64   B   256   B
Unprofiled                                          15     0   B   256   B
MultiFab::norm1                                 155790     0   B   256   B
FabArray::norminf()                           59450639    30   B   256   B
--------------------------------------------------------------------------

Total GPU global memory (MB) spread across MPI: [22491 ... 22491]
Free  GPU global memory (MB) spread across MPI: [5299 ... 5299]
[The         Arena] max space (MB) allocated spread across MPI: [16868 ... 16868]
[The         Arena] max space (MB) used      spread across MPI: [186 ... 186]
[The Managed Arena] max space (MB) allocated spread across MPI: [8 ... 8]
[The Managed Arena] max space (MB) used      spread across MPI: [0 ... 0]
[The  Pinned Arena] max space (MB) allocated spread across MPI: [8 ... 8]
[The  Pinned Arena] max space (MB) used      spread across MPI: [2 ... 2]
AMReX (26.05-39-gbe2cc437644f) finalized

EXIT_CODE=0
Thu Jul 16 04:22:10 UTC 2026
