MLMG: Initial rhs               = 282241868.5
MLMG: Initial residual (resid0) = 8176046676
MLMG: Final Iter. 3 resid, resid/resid0 = 0.00193128181, 2.362121801e-13
MLMG: Timers: Solve = 0.112170566 Iter = 0.11197496 Bottom = 0.111626974
2 iterations :: err = 4.044016516e-10
Steady state check : (phi(t) - phi(t-1)).norm0() = 1.616650985e-07
Advanced step 15203 in 0.2274438 seconds
 
MLMG: Initial rhs               = 282241868.5
MLMG: Initial residual (resid0) = 8176046672
MLMG: Final Iter. 3 resid, resid/resid0 = 0.0002801449918, 3.426411359e-14
MLMG: Timers: Solve = 0.117076103 Iter = 0.116865029 Bottom = 0.1165155
1 iterations :: err = 1
MLMG: Initial rhs               = 282241885.3
MLMG: Initial residual (resid0) = 8176046672
MLMG: Final Iter. 3 resid, resid/resid0 = 0.001337558031, 1.635947157e-13
MLMG: Timers: Solve = 0.087162419 Iter = 0.086966886 Bottom = 0.086619043
2 iterations :: err = 1.056464108e-10
Steady state check : (phi(t) - phi(t-1)).norm0() = 1.001548432e-07
Advanced step 15204 in 0.234978817 seconds
 
MLMG: Initial rhs               = 282241885.3
MLMG: Initial residual (resid0) = 8176046669
MLMG: Final Iter. 3 resid, resid/resid0 = 0.0002458473283, 3.006921784e-14
MLMG: Timers: Solve = 0.107848573 Iter = 0.107636856 Bottom = 0.107285841
1 iterations :: err = 1
MLMG: Initial rhs               = 282241895.6
MLMG: Initial residual (resid0) = 8176046669
MLMG: Final Iter. 3 resid, resid/resid0 = 0.0002865599404, 3.504871633e-14
MLMG: Timers: Solve = 0.103664895 Iter = 0.103469859 Bottom = 0.103124511
2 iterations :: err = 9.249176682e-12
Steady state check : (phi(t) - phi(t-1)).norm0() = 6.186922829e-08
Advanced step 15205 in 0.238802121 seconds
 
step = 15205, Phi_Bc_hi = -4, num_Vapp = 46, sign = -1
MLMG: Initial rhs               = 282241895.7
MLMG: Initial residual (resid0) = 7265779632
MLMG: Final Iter. 3 resid, resid/resid0 = 0.002317996408, 3.19029275e-13
MLMG: Timers: Solve = 0.102338781 Iter = 0.10211685 Bottom = 0.101752449
1 iterations :: err = 1
MLMG: Initial rhs               = 270904131.4
MLMG: Initial residual (resid0) = 7265779632
MLMG: Final Iter. 3 resid, resid/resid0 = 0.0006232843333, 8.578354491e-14
MLMG: Timers: Solve = 0.092143976 Iter = 0.091934945 Bottom = 0.091584544
2 iterations :: err = 3.359168778e-05
MLMG: Initial rhs               = 270771677.5
MLMG: Initial residual (resid0) = 7265779632
MLMG: Final Iter. 3 resid, resid/resid0 = 0.001304047837, 1.794780331e-13
MLMG: Timers: Solve = 0.111995809 Iter = 0.111797501 Bottom = 0.111445257
3 iterations :: err = 1.671450071e-08
voltage_sweep == 1 && num_Vapp == num_Vapp_max!
High-water FAB megabyte spread across MPI nodes: [171 ... 171]
Current     FAB megabyte spread across MPI nodes: [136 ... 136]
Total run time 4973.998362 seconds


TinyProfiler total time across processes [min...avg...max]: 4974 ... 4974 ... 4974

----------------------------------------------------------------------------------------------
Name                                           NCalls  Excl. Min  Excl. Avg  Excl. Max   Max %
----------------------------------------------------------------------------------------------
amrex::Dot()                                 22812038       1309       1309       1309  26.32%
MLABecLaplacian::Fapply()                    11528474       1018       1018       1018  20.47%
MLABecLaplacian::normalize()                 11497860      716.8      716.8      716.8  14.41%
FabArray::norminf()                          11681339        609        609        609  12.24%
ComputePhi_Rho()                                15251      238.3      238.3      238.3   4.79%
FillBoundary_nowait()                        11650371      223.7      223.7      223.7   4.50%
FabArray::Saxpy_Saxpy()                       5731903      154.2      154.2      154.2   3.10%
FabArray::Saypy_Saxpy()                       5674116      150.9      150.9      150.9   3.03%
FabArray::Saxpy_Xpay()                        5640062      140.6      140.6      140.6   2.83%
Calculate_Landau()                              15205      105.1      105.1      105.1   2.11%
Calculate_Grad()                                15205      54.13      54.13      54.13   1.09%
ComputeEfromPhi()                               30410      52.31      52.31      52.31   1.05%
MLCellLinOp::applyBC()                       11528474      49.97      49.97      49.97   1.00%
main()                                              1      49.41      49.41      49.41   0.99%
MLCGSolver::bicgstab                            91841      24.27      24.27      24.27   0.49%
FabArray::setVal()                             566081      14.75      14.75      14.75   0.30%
amrex::Copy()                                  505737      11.93      11.93      11.93   0.24%
MLCGSolver::ParallelAllReduce                28635782      9.038      9.038      9.038   0.18%
MLCellLinOp::apply()                         11528474      5.803      5.803      5.803   0.12%
FabArray::FillBoundary()                     11650371      5.767      5.767      5.767   0.12%
MLMG::solve()                                   30614      1.369      1.369      1.369   0.03%
MLMG::actualBottomSolve()                       91841     0.4122     0.4122     0.4122   0.01%
MLMG::oneIter()                                 91841     0.1173     0.1173     0.1173   0.00%
MLCellLinOp::solutionResidual()                122455     0.0762     0.0762     0.0762   0.00%
MLMG::mgVcycle_bottom                           91841    0.05666    0.05666    0.05666   0.00%
MLMG::computeResidual()                         91841    0.05277    0.05277    0.05277   0.00%
MLMG::mgVcycle()                                91841    0.05026    0.05026    0.05026   0.00%
Other                                        24142782      28.32      28.32      28.32   0.57%
----------------------------------------------------------------------------------------------

----------------------------------------------------------------------------------------------
Name                                           NCalls  Incl. Min  Incl. Avg  Incl. Max   Max %
----------------------------------------------------------------------------------------------
main()                                              1       4974       4974       4974 100.00%
ComputePhi_Rho()                                15251       4697       4697       4697  94.43%
MLMG::solve()                                   30614       4440       4440       4440  89.27%
MLMG::oneIter()                                 91841       4411       4411       4411  88.69%
MLMG::mgVcycle()                                91841       4409       4409       4409  88.64%
MLMG::mgVcycle_bottom                           91841       4409       4409       4409  88.64%
MLMG::actualBottomSolve()                       91841       4409       4409       4409  88.64%
MLCGSolver::bicgstab                            91841       4407       4407       4407  88.59%
amrex::Dot()                                 22812038       1309       1309       1309  26.32%
MLCellLinOp::apply()                         11528474       1304       1304       1304  26.23%
MLABecLaplacian::Fapply()                    11528474       1018       1018       1018  20.47%
MLABecLaplacian::normalize()                 11497860      716.8      716.8      716.8  14.41%
MLCGSolver::ParallelAllReduce                28635782      653.4      653.4      653.4  13.14%
FabArray::norminf()                          11681339        609        609        609  12.24%
MLCellLinOp::applyBC()                       11528474      280.3      280.3      280.3   5.64%
FabArray::FillBoundary()                     11650371      233.1      233.1      233.1   4.69%
FillBoundary_nowait()                        11650371      225.6      225.6      225.6   4.54%
FabArray::Saxpy_Saxpy()                       5731903      154.2      154.2      154.2   3.10%
FabArray::Saypy_Saxpy()                       5674116      150.9      150.9      150.9   3.03%
FabArray::Saxpy_Xpay()                        5640062      140.6      140.6      140.6   2.83%
Calculate_Landau()                              15205      105.1      105.1      105.1   2.11%
Calculate_Grad()                                15205      54.13      54.13      54.13   1.09%
ComputeEfromPhi()                               30410      52.31      52.31      52.31   1.05%
MLCellLinOp::solutionResidual()                122455       17.4       17.4       17.4   0.35%
FabArray::setVal()                             566081      14.75      14.75      14.75   0.30%
MLMG::computeResidual()                         91841      13.02      13.02      13.02   0.26%
amrex::Copy()                                  505737      11.93      11.93      11.93   0.24%
Other                                        24142782      48.48      48.48      48.48   0.97%
----------------------------------------------------------------------------------------------

Device Memory Usage:
-------------------------------------------------------------------------
Name                                           Nalloc    AvgMem    MaxMem
-------------------------------------------------------------------------
The_Arena::Initialize()                             1     3   B    16 GiB
main()                                           1360   118 MiB   122 MiB
WritePlotfile()                                   752    11 KiB    33 MiB
ResizeRandomSeed                                    2    16 MiB    16 MiB
MLCGSolver::bicgstab                          7347280  9384 KiB    10 MiB
MLMG::prepareForSolve()                            64  8135 KiB  8136 KiB
MLABecLaplacian::define()                          64  7823 KiB  7824 KiB
ComputePhi_Rho()                              3430560   186 KiB  7552 KiB
MultiFab::OverlapMask()                        522342  2472   B  1889 KiB
BndryData::define()                               192  1735 KiB  1736 KiB
MLCellLinOp::defineAuxData()                      192   815 KiB   816 KiB
FillBoundary_nowait()                          214305   176 KiB   180 KiB
VisMF::Write(FabArray)                          13536    13   B   174 KiB
MultiFab::max()                                 15253  2059   B    89 KiB
MultiFab::norm1                                 30726    28   B    87 KiB
FabArray::norminf()                          11681339    10 KiB    87 KiB
amrex::Dot()                                 22812038    22 KiB    87 KiB
FabArray::setVal()                             306174    74 KiB    74 KiB
amrex::Copy()                                  153243    29 KiB    29 KiB
MLCellLinOp::applyBC()                       11559095    25 KiB    26 KiB
MLCellLinOp::prepareForSolve()                      1     0   B    15 KiB
FabArray::LinComb()                             30615  2048   B  4096   B
MLABecLaplacian::Fapply()                      183682  3587   B  4096   B
FabArray::setVal(val, thecmd, scomp, ncomp)         8     0   B  3328   B
MultiFab::Divide()                              30726     1   B  2048   B
MLCellLinOp::defineBC()                             1  1791   B  1792   B
-------------------------------------------------------------------------

Managed Memory Usage:
---------------------------------------------------------
Name                             Nalloc  AvgMem    MaxMem
---------------------------------------------------------
The_Managed_Arena::Initialize()       1   0   B  8192 KiB
main()                                1   0   B    31 KiB
---------------------------------------------------------

Pinned Memory Usage:
-------------------------------------------------------------------------
Name                                           Nalloc    AvgMem    MaxMem
-------------------------------------------------------------------------
The_Pinned_Arena::Initialize()                      1     0   B  8192 KiB
VisMF::Write(FabArray)                          14288   491   B  2124 KiB
FillBoundary_nowait()                          214305   176 KiB   180 KiB
FabArray::setVal()                             306174    74 KiB    74 KiB
amrex::Copy()                                  153243    29 KiB    29 KiB
MLCellLinOp::applyBC()                          30621    25 KiB    25 KiB
MLCellLinOp::prepareForSolve()                      1     0   B    15 KiB
FabArray::LinComb()                             30615  2048   B  4096   B
MLABecLaplacian::Fapply()                      183682  3587   B  4096   B
FabArray::setVal(val, thecmd, scomp, ncomp)         8     0   B  3328   B
MultiFab::max()                                 15253  2048   B  2304   B
MultiFab::Divide()                              30726     1   B  2048   B
MLCellLinOp::setLevelBC()                          47     0   B  1792   B
MultiFab::OverlapMask()                         30726     0   B  1792   B
amrex::Dot()                                 22812038    66   B   256   B
Unprofiled                                         15     0   B   256   B
MultiFab::norm1                                 30726     0   B   256   B
FabArray::norminf()                          11681339    30   B   256   B
-------------------------------------------------------------------------

Total GPU global memory (MB) spread across MPI: [22491 ... 22491]
Free  GPU global memory (MB) spread across MPI: [5299 ... 5299]
[The         Arena] max space (MB) allocated spread across MPI: [16868 ... 16868]
[The         Arena] max space (MB) used      spread across MPI: [186 ... 186]
[The Managed Arena] max space (MB) allocated spread across MPI: [8 ... 8]
[The Managed Arena] max space (MB) used      spread across MPI: [0 ... 0]
[The  Pinned Arena] max space (MB) allocated spread across MPI: [8 ... 8]
[The  Pinned Arena] max space (MB) used      spread across MPI: [2 ... 2]
AMReX (26.05-39-gbe2cc437644f) finalized

EXIT_CODE=0
Mon Jul 27 05:36:37 UTC 2026
