1 iterations :: err = 1
MLMG: Initial rhs               = 677865680.5
MLMG: Initial residual (resid0) = 9516481496
MLMG: Final Iter. 3 resid, resid/resid0 = 0.00309955747, 3.257041451e-13
MLMG: Timers: Solve = 0.059826659 Iter = 0.059650671 Bottom = 0.059352936
2 iterations :: err = 2.37802803e-10
Steady state check : (phi(t) - phi(t-1)).norm0() = 1.017135653e-07
Advanced step 26033 in 0.135127897 seconds
 
MLMG: Initial rhs               = 677865680.1
MLMG: Initial residual (resid0) = 9516481496
MLMG: Final Iter. 3 resid, resid/resid0 = 0.001736375739, 1.82459845e-13
MLMG: Timers: Solve = 0.061273655 Iter = 0.061097316 Bottom = 0.060801565
1 iterations :: err = 1
MLMG: Initial rhs               = 677865680.1
MLMG: Initial residual (resid0) = 9516481496
MLMG: Final Iter. 3 resid, resid/resid0 = 0.0006672521649, 7.011542714e-14
MLMG: Timers: Solve = 0.061847059 Iter = 0.06167073 Bottom = 0.061374859
2 iterations :: err = 1.059420385e-10
Steady state check : (phi(t) - phi(t-1)).norm0() = 1.007762814e-07
Advanced step 26034 in 0.138668004 seconds
 
MLMG: Initial rhs               = 677865680.2
MLMG: Initial residual (resid0) = 9516481496
MLMG: Final Iter. 3 resid, resid/resid0 = 0.002503000234, 2.630174014e-13
MLMG: Timers: Solve = 0.062173957 Iter = 0.062000553 Bottom = 0.061703431
1 iterations :: err = 1
MLMG: Initial rhs               = 677865680.2
MLMG: Initial residual (resid0) = 9516481496
MLMG: Final Iter. 3 resid, resid/resid0 = 0.002069389032, 2.174531661e-13
MLMG: Timers: Solve = 0.062745859 Iter = 0.06256924 Bottom = 0.062271607
2 iterations :: err = 4.150743412e-11
Steady state check : (phi(t) - phi(t-1)).norm0() = 9.984522191e-08
Advanced step 26035 in 0.140554419 seconds
 
step = 26035, Phi_Bc_hi = -4, num_Vapp = 46, sign = -1
MLMG: Initial rhs               = 677865680.3
MLMG: Initial residual (resid0) = 8463630802
MLMG: Final Iter. 3 resid, resid/resid0 = 0.001560375641, 1.843624418e-13
MLMG: Timers: Solve = 0.064194497 Iter = 0.064000862 Bottom = 0.063700103
1 iterations :: err = 1
MLMG: Initial rhs               = 677865680.3
MLMG: Initial residual (resid0) = 8463630802
MLMG: Final Iter. 3 resid, resid/resid0 = 0.002377278461, 2.808816354e-13
MLMG: Timers: Solve = 0.063709558 Iter = 0.063532999 Bottom = 0.063233703
2 iterations :: err = 3.975061373e-05
MLMG: Initial rhs               = 677865680.3
MLMG: Initial residual (resid0) = 8463630802
MLMG: Final Iter. 3 resid, resid/resid0 = 0.003095460376, 3.657366973e-13
MLMG: Timers: Solve = 0.061666664 Iter = 0.061493941 Bottom = 0.06119804
3 iterations :: err = 1.884625246e-08
voltage_sweep == 1 && num_Vapp == num_Vapp_max!
High-water FAB megabyte spread across MPI nodes: [171 ... 171]
Current     FAB megabyte spread across MPI nodes: [136 ... 136]
Total run time 4084.226947 seconds


TinyProfiler total time across processes [min...avg...max]: 4084 ... 4084 ... 4084

----------------------------------------------------------------------------------------------
Name                                           NCalls  Excl. Min  Excl. Avg  Excl. Max   Max %
----------------------------------------------------------------------------------------------
amrex::Dot()                                 39549426       1084       1084       1084  26.54%
MLABecLaplacian::Fapply()                    19984013      893.9      893.9      893.9  21.89%
MLABecLaplacian::normalize()                 19931688      642.6      642.6      642.6  15.73%
FabArray::norminf()                          20245383      463.3      463.3      463.3  11.34%
ComputePhi_Rho()                                26081      186.6      186.6      186.6   4.57%
FillBoundary_nowait()                        20192601      165.1      165.1      165.1   4.04%
FabArray::Saxpy_Saxpy()                       9931812      130.5      130.5      130.5   3.19%
FabArray::Saypy_Saxpy()                       9842901      120.7      120.7      120.7   2.96%
FabArray::Saxpy_Xpay()                        9774837      111.1      111.1      111.1   2.72%
Calculate_Landau()                              26035      98.65      98.65      98.65   2.42%
Calculate_Grad()                                26035      49.87      49.87      49.87   1.22%
ComputeEfromPhi()                               52070      46.16      46.16      46.16   1.13%
MLCellLinOp::applyBC()                       19984013      31.67      31.67      31.67   0.78%
FabArray::setVal()                             967661       11.5       11.5       11.5   0.28%
amrex::Copy()                                  863946      9.425      9.425      9.425   0.23%
MLCGSolver::bicgstab                           156975      8.314      8.314      8.314   0.20%
MLCGSolver::ParallelAllReduce                49638213      3.748      3.748      3.748   0.09%
main()                                              1      3.744      3.744      3.744   0.09%
MLCellLinOp::apply()                         19984013      2.322      2.322      2.322   0.06%
FabArray::FillBoundary()                     20192601      2.228      2.228      2.228   0.05%
MLMG::solve()                                   52325     0.3467     0.3467     0.3467   0.01%
MLMG::actualBottomSolve()                      156975    0.05553    0.05553    0.05553   0.00%
MLCellLinOp::solutionResidual()                209300    0.02599    0.02599    0.02599   0.00%
MLMG::oneIter()                                156975    0.02387    0.02387    0.02387   0.00%
MLMG::mgVcycle_bottom                          156975    0.01633    0.01633    0.01633   0.00%
MLMG::computeResidual()                        156975    0.01555    0.01555    0.01555   0.00%
MLMG::mgVcycle()                               156975    0.01361    0.01361    0.01361   0.00%
Other                                        41824324      18.26      18.26      18.26   0.45%
----------------------------------------------------------------------------------------------

----------------------------------------------------------------------------------------------
Name                                           NCalls  Incl. Min  Incl. Avg  Incl. Max   Max %
----------------------------------------------------------------------------------------------
main()                                              1       4084       4084       4084 100.00%
ComputePhi_Rho()                                26081       3875       3875       3875  94.88%
MLMG::solve()                                   52325       3675       3675       3675  89.99%
MLMG::oneIter()                                156975       3652       3652       3652  89.43%
MLMG::mgVcycle()                               156975       3651       3651       3651  89.39%
MLMG::mgVcycle_bottom                          156975       3651       3651       3651  89.39%
MLMG::actualBottomSolve()                      156975       3651       3651       3651  89.39%
MLCGSolver::bicgstab                           156975       3649       3649       3649  89.35%
MLCellLinOp::apply()                         19984013       1095       1095       1095  26.82%
amrex::Dot()                                 39549426       1084       1084       1084  26.54%
MLABecLaplacian::Fapply()                    19984013      893.9      893.9      893.9  21.89%
MLABecLaplacian::normalize()                 19931688      642.6      642.6      642.6  15.73%
MLCGSolver::ParallelAllReduce                49638213      549.1      549.1      549.1  13.44%
FabArray::norminf()                          20245383      463.3      463.3      463.3  11.34%
MLCellLinOp::applyBC()                       19984013      199.1      199.1      199.1   4.88%
FabArray::FillBoundary()                     20192601      169.4      169.4      169.4   4.15%
FillBoundary_nowait()                        20192601      166.3      166.3      166.3   4.07%
FabArray::Saxpy_Saxpy()                       9931812      130.5      130.5      130.5   3.19%
FabArray::Saypy_Saxpy()                       9842901      120.7      120.7      120.7   2.96%
FabArray::Saxpy_Xpay()                        9774837      111.1      111.1      111.1   2.72%
Calculate_Landau()                              26035      98.65      98.65      98.65   2.42%
Calculate_Grad()                                26035      49.87      49.87      49.87   1.22%
ComputeEfromPhi()                               52070      46.16      46.16      46.16   1.13%
MLCellLinOp::solutionResidual()                209300      14.33      14.33      14.33   0.35%
FabArray::setVal()                             967661       11.5       11.5       11.5   0.28%
MLMG::computeResidual()                        156975      10.11      10.11      10.11   0.25%
amrex::Copy()                                  863946      9.425      9.425      9.425   0.23%
Other                                        41824324      33.99      33.99      33.99   0.83%
----------------------------------------------------------------------------------------------

Device Memory Usage:
-------------------------------------------------------------------------
Name                                           Nalloc    AvgMem    MaxMem
-------------------------------------------------------------------------
The_Arena::Initialize()                             1     4   B    14 GiB
main()                                           1360   118 MiB   122 MiB
WritePlotfile()                                   752  4443   B    33 MiB
ResizeRandomSeed                                    2    13 MiB    13 MiB
MLCGSolver::bicgstab                         12558000  9468 KiB    10 MiB
MLMG::prepareForSolve()                            64  8135 KiB  8136 KiB
MLABecLaplacian::define()                          64  7823 KiB  7824 KiB
ComputePhi_Rho()                              5863008   185 KiB  7552 KiB
MultiFab::OverlapMask()                        892296  2055   B  1889 KiB
BndryData::define()                               192  1735 KiB  1736 KiB
MLCellLinOp::defineAuxData()                      192   815 KiB   816 KiB
FillBoundary_nowait()                          366284   176 KiB   180 KiB
VisMF::Write(FabArray)                          13536     5   B   144 KiB
FabArray::setVal()                             523286    74 KiB    74 KiB
MultiFab::max()                                 26083  2058   B    74 KiB
MultiFab::norm1                                 52488    19   B    72 KiB
FabArray::norminf()                          20245383  8293   B    72 KiB
amrex::Dot()                                 39549426    18 KiB    72 KiB
amrex::Copy()                                  261850    29 KiB    29 KiB
MLCellLinOp::applyBC()                       20036345    25 KiB    26 KiB
MLCellLinOp::prepareForSolve()                      1     0   B    15 KiB
FabArray::LinComb()                             52326  2048   B  4096   B
MLABecLaplacian::Fapply()                      313950  3619   B  4096   B
FabArray::setVal(val, thecmd, scomp, ncomp)         8     0   B  3328   B
MultiFab::Divide()                              52488     1   B  2048   B
MLCellLinOp::defineBC()                             1  1791   B  1792   B
-------------------------------------------------------------------------

Managed Memory Usage:
---------------------------------------------------------
Name                             Nalloc  AvgMem    MaxMem
---------------------------------------------------------
The_Managed_Arena::Initialize()       1   0   B  8192 KiB
main()                                1   0   B    31 KiB
---------------------------------------------------------

Pinned Memory Usage:
-------------------------------------------------------------------------
Name                                           Nalloc    AvgMem    MaxMem
-------------------------------------------------------------------------
The_Pinned_Arena::Initialize()                      1     0   B  8192 KiB
VisMF::Write(FabArray)                          14288   166   B  2124 KiB
FillBoundary_nowait()                          366284   176 KiB   180 KiB
FabArray::setVal()                             523286    74 KiB    74 KiB
amrex::Copy()                                  261850    29 KiB    29 KiB
MLCellLinOp::applyBC()                          52332    25 KiB    25 KiB
MLCellLinOp::prepareForSolve()                      1     0   B    15 KiB
FabArray::LinComb()                             52326  2048   B  4096   B
MLABecLaplacian::Fapply()                      313950  3619   B  4096   B
FabArray::setVal(val, thecmd, scomp, ncomp)         8     0   B  3328   B
MultiFab::max()                                 26083  2048   B  2304   B
MultiFab::Divide()                              52488     1   B  2048   B
MLCellLinOp::setLevelBC()                          47     0   B  1792   B
MultiFab::OverlapMask()                         52488     0   B  1792   B
amrex::Dot()                                 39549426    67   B   256   B
Unprofiled                                         15     0   B   256   B
MultiFab::norm1                                 52488     0   B   256   B
FabArray::norminf()                          20245383    28   B   256   B
-------------------------------------------------------------------------

Total GPU global memory (MB) spread across MPI: [20019 ... 20019]
Free  GPU global memory (MB) spread across MPI: [4636 ... 4636]
[The         Arena] max space (MB) allocated spread across MPI: [15014 ... 15014]
[The         Arena] max space (MB) used      spread across MPI: [183 ... 183]
[The Managed Arena] max space (MB) allocated spread across MPI: [8 ... 8]
[The Managed Arena] max space (MB) used      spread across MPI: [0 ... 0]
[The  Pinned Arena] max space (MB) allocated spread across MPI: [8 ... 8]
[The  Pinned Arena] max space (MB) used      spread across MPI: [2 ... 2]
AMReX (26.05-39-gbe2cc437644f) finalized
EXIT_CODE=0
Thu Jul 16 19:51:40 CST 2026
