MLMG: Initial rhs               = 418267428.1
MLMG: Initial residual (resid0) = 7665786490
MLMG: Final Iter. 3 resid, resid/resid0 = 0.001682999628, 2.195468958e-13
MLMG: Timers: Solve = 0.137324944 Iter = 0.137128169 Bottom = 0.136784761
2 iterations :: err = 1.053379719e-10
Steady state check : (phi(t) - phi(t-1)).norm0() = 1.005713041e-07
Advanced step 62903 in 0.299546669 seconds
 
MLMG: Initial rhs               = 418267428.1
MLMG: Initial residual (resid0) = 7665786491
MLMG: Final Iter. 3 resid, resid/resid0 = 0.0009564673528, 1.247709356e-13
MLMG: Timers: Solve = 0.128411751 Iter = 0.128183256 Bottom = 0.127835234
1 iterations :: err = 1
MLMG: Initial rhs               = 418267428.1
MLMG: Initial residual (resid0) = 7665786491
MLMG: Final Iter. 3 resid, resid/resid0 = 0.00351582574, 4.586386204e-13
MLMG: Timers: Solve = 0.121999461 Iter = 0.121799336 Bottom = 0.121457304
2 iterations :: err = 1.666183929e-10
Steady state check : (phi(t) - phi(t-1)).norm0() = 1.001286036e-07
Advanced step 62904 in 0.279844775 seconds
 
MLMG: Initial rhs               = 418267428.2
MLMG: Initial residual (resid0) = 7665786493
MLMG: Final Iter. 3 resid, resid/resid0 = 0.002799241025, 3.651603169e-13
MLMG: Timers: Solve = 0.128021948 Iter = 0.127808681 Bottom = 0.127458945
1 iterations :: err = 1
MLMG: Initial rhs               = 418267428.2
MLMG: Initial residual (resid0) = 7665786493
MLMG: Final Iter. 3 resid, resid/resid0 = 0.001594385685, 2.079872283e-13
MLMG: Timers: Solve = 0.125356642 Iter = 0.125155549 Bottom = 0.124805901
2 iterations :: err = 1.759043451e-10
Steady state check : (phi(t) - phi(t-1)).norm0() = 9.96992665e-08
Advanced step 62905 in 0.284402479 seconds
 
step = 62905, Phi_Bc_hi = -4, num_Vapp = 46, sign = -1
MLMG: Initial rhs               = 418267428.1
MLMG: Initial residual (resid0) = 6816186494
MLMG: Final Iter. 3 resid, resid/resid0 = 0.0008122640429, 1.191669335e-13
MLMG: Timers: Solve = 0.133490559 Iter = 0.133261933 Bottom = 0.132911373
1 iterations :: err = 1
MLMG: Initial rhs               = 418267428.1
MLMG: Initial residual (resid0) = 6816186494
MLMG: Final Iter. 3 resid, resid/resid0 = 0.002167630941, 3.180122701e-13
MLMG: Timers: Solve = 0.121412812 Iter = 0.121209848 Bottom = 0.12086354
2 iterations :: err = 2.088645461e-05
MLMG: Initial rhs               = 418267428.1
MLMG: Initial residual (resid0) = 6816186494
MLMG: Final Iter. 3 resid, resid/resid0 = 0.001267714542, 1.859858944e-13
MLMG: Timers: Solve = 0.123148668 Iter = 0.122942113 Bottom = 0.122591031
3 iterations :: err = 5.302715634e-09
voltage_sweep == 1 && num_Vapp == num_Vapp_max!
High-water FAB megabyte spread across MPI nodes: [171 ... 171]
Current     FAB megabyte spread across MPI nodes: [136 ... 136]
Total run time 19846.28006 seconds


TinyProfiler total time across processes [min...avg...max]: 1.985e+04 ... 1.985e+04 ... 1.985e+04

-----------------------------------------------------------------------------------------------
Name                                            NCalls  Excl. Min  Excl. Avg  Excl. Max   Max %
-----------------------------------------------------------------------------------------------
amrex::Dot()                                  90810810       5177       5177       5177  26.08%
MLABecLaplacian::Fapply()                     45909845       3970       3970       3970  20.00%
MLABecLaplacian::normalize()                  45783735       2835       2835       2835  14.28%
FabArray::norminf()                           46540095       2372       2372       2372  11.95%
ComputePhi_Rho()                                 62951       1059       1059       1059   5.33%
FillBoundary_nowait()                         46413438      860.9      860.9      860.9   4.34%
FabArray::Saypy_Saxpy()                       22582183      613.4      613.4      613.4   3.09%
FabArray::Saxpy_Saxpy()                       22823222      593.4      593.4      593.4   2.99%
FabArray::Saxpy_Xpay()                        22444892      545.5      545.5      545.5   2.75%
Calculate_Landau()                               62905      440.3      440.3      440.3   2.22%
main()                                               1        355        355        355   1.79%
Calculate_Grad()                                 62905      231.6      231.6      231.6   1.17%
ComputeEfromPhi()                               125810      205.9      205.9      205.9   1.04%
MLCellLinOp::applyBC()                        45909845        198        198        198   1.00%
MLCGSolver::bicgstab                            378330      96.69      96.69      96.69   0.49%
FabArray::setVal()                             2332616      54.39      54.39      54.39   0.27%
amrex::Copy()                                  2081376      45.44      45.44      45.44   0.23%
MLCGSolver::ParallelAllReduce                114012362      31.64      31.64      31.64   0.16%
MLCellLinOp::apply()                          45909845      23.49      23.49      23.49   0.12%
FabArray::FillBoundary()                      46413438       20.7       20.7       20.7   0.10%
MLMG::solve()                                   126110      5.364      5.364      5.364   0.03%
MLMG::actualBottomSolve()                       378330       1.01       1.01       1.01   0.01%
MLMG::oneIter()                                 378330     0.4173     0.4173     0.4173   0.00%
MLCellLinOp::solutionResidual()                 504440     0.3862     0.3862     0.3862   0.00%
MLMG::computeResidual()                         378330     0.3457     0.3457     0.3457   0.00%
MLMG::mgVcycle_bottom                           378330      0.204      0.204      0.204   0.00%
MLMG::mgVcycle()                                378330     0.1736     0.1736     0.1736   0.00%
Other                                         96295108        110        110        110   0.55%
-----------------------------------------------------------------------------------------------

-----------------------------------------------------------------------------------------------
Name                                            NCalls  Incl. Min  Incl. Avg  Incl. Max   Max %
-----------------------------------------------------------------------------------------------
main()                                               1  1.985e+04  1.985e+04  1.985e+04 100.00%
ComputePhi_Rho()                                 62951  1.856e+04  1.856e+04  1.856e+04  93.49%
MLMG::solve()                                   126110  1.743e+04  1.743e+04  1.743e+04  87.80%
MLMG::oneIter()                                 378330  1.732e+04  1.732e+04  1.732e+04  87.26%
MLMG::mgVcycle()                                378330  1.731e+04  1.731e+04  1.731e+04  87.21%
MLMG::mgVcycle_bottom                           378330  1.731e+04  1.731e+04  1.731e+04  87.21%
MLMG::actualBottomSolve()                       378330  1.731e+04  1.731e+04  1.731e+04  87.21%
MLCGSolver::bicgstab                            378330   1.73e+04   1.73e+04   1.73e+04  87.17%
amrex::Dot()                                  90810810       5177       5177       5177  26.08%
MLCellLinOp::apply()                          45909845       5079       5079       5079  25.59%
MLABecLaplacian::Fapply()                     45909845       3970       3970       3970  20.00%
MLABecLaplacian::normalize()                  45783735       2835       2835       2835  14.28%
MLCGSolver::ParallelAllReduce                114012362       2562       2562       2562  12.91%
FabArray::norminf()                           46540095       2372       2372       2372  11.95%
MLCellLinOp::applyBC()                        45909845       1086       1086       1086   5.47%
FabArray::FillBoundary()                      46413438      897.7      897.7      897.7   4.52%
FillBoundary_nowait()                         46413438      870.4      870.4      870.4   4.39%
FabArray::Saypy_Saxpy()                       22582183      613.4      613.4      613.4   3.09%
FabArray::Saxpy_Saxpy()                       22823222      593.4      593.4      593.4   2.99%
FabArray::Saxpy_Xpay()                        22444892      545.5      545.5      545.5   2.75%
Calculate_Landau()                               62905      440.3      440.3      440.3   2.22%
Calculate_Grad()                                 62905      231.6      231.6      231.6   1.17%
ComputeEfromPhi()                               125810      205.9      205.9      205.9   1.04%
MLCellLinOp::solutionResidual()                 504440      66.64      66.64      66.64   0.34%
FabArray::setVal()                             2332616      54.39      54.39      54.39   0.27%
MLMG::computeResidual()                         378330      51.98      51.98      51.98   0.26%
amrex::Copy()                                  2081376      45.44      45.44      45.44   0.23%
Other                                         96295108      171.9      171.9      171.9   0.87%
-----------------------------------------------------------------------------------------------

Device Memory Usage:
-------------------------------------------------------------------------
Name                                           Nalloc    AvgMem    MaxMem
-------------------------------------------------------------------------
The_Arena::Initialize()                             1     1   B    16 GiB
main()                                           1360   118 MiB   122 MiB
WritePlotfile()                                   752  2848   B    33 MiB
ResizeRandomSeed                                    2    16 MiB    16 MiB
MLCGSolver::bicgstab                         30266400  9234 KiB    10 MiB
MLMG::prepareForSolve()                            64  8135 KiB  8136 KiB
MLABecLaplacian::define()                          64  7823 KiB  7824 KiB
ComputePhi_Rho()                             14127648   204 KiB  7552 KiB
MultiFab::OverlapMask()                       2147406  2548   B  1889 KiB
BndryData::define()                               192  1735 KiB  1736 KiB
MLCellLinOp::defineAuxData()                      192   815 KiB   816 KiB
FillBoundary_nowait()                          882779   175 KiB   180 KiB
VisMF::Write(FabArray)                          13536     4   B   174 KiB
MultiFab::max()                                 62953  2057   B    89 KiB
MultiFab::norm1                                126318    27   B    87 KiB
FabArray::norminf()                          46540095    10 KiB    87 KiB
amrex::Dot()                                 90810810    22 KiB    87 KiB
FabArray::setVal()                            1261136    74 KiB    74 KiB
amrex::Copy()                                  630820    29 KiB    29 KiB
MLCellLinOp::applyBC()                       46035962    25 KiB    26 KiB
MLCellLinOp::prepareForSolve()                      1     0   B    15 KiB
FabArray::LinComb()                            126111  2048   B  4096   B
MLABecLaplacian::Fapply()                      756660  3530   B  4096   B
FabArray::setVal(val, thecmd, scomp, ncomp)         8     0   B  3328   B
MultiFab::Divide()                             126318     1   B  2048   B
MLCellLinOp::defineBC()                             1  1791   B  1792   B
-------------------------------------------------------------------------

Managed Memory Usage:
---------------------------------------------------------
Name                             Nalloc  AvgMem    MaxMem
---------------------------------------------------------
The_Managed_Arena::Initialize()       1   0   B  8192 KiB
main()                                1   0   B    31 KiB
---------------------------------------------------------

Pinned Memory Usage:
-------------------------------------------------------------------------
Name                                           Nalloc    AvgMem    MaxMem
-------------------------------------------------------------------------
The_Pinned_Arena::Initialize()                      1     0   B  8192 KiB
VisMF::Write(FabArray)                          14288   109   B  2124 KiB
FillBoundary_nowait()                          882779   175 KiB   180 KiB
FabArray::setVal()                            1261136    74 KiB    74 KiB
amrex::Copy()                                  630820    29 KiB    29 KiB
MLCellLinOp::applyBC()                         126117    25 KiB    25 KiB
MLCellLinOp::prepareForSolve()                      1     0   B    15 KiB
FabArray::LinComb()                            126111  2048   B  4096   B
MLABecLaplacian::Fapply()                      756660  3530   B  4096   B
FabArray::setVal(val, thecmd, scomp, ncomp)         8     0   B  3328   B
MultiFab::max()                                 62953  2048   B  2304   B
MultiFab::Divide()                             126318     1   B  2048   B
MLCellLinOp::setLevelBC()                          47     0   B  1792   B
MultiFab::OverlapMask()                        126318     0   B  1792   B
amrex::Dot()                                 90810810    66   B   256   B
Unprofiled                                         15     0   B   256   B
MultiFab::norm1                                126318     0   B   256   B
FabArray::norminf()                          46540095    30   B   256   B
-------------------------------------------------------------------------

Total GPU global memory (MB) spread across MPI: [22491 ... 22491]
Free  GPU global memory (MB) spread across MPI: [5299 ... 5299]
[The         Arena] max space (MB) allocated spread across MPI: [16868 ... 16868]
[The         Arena] max space (MB) used      spread across MPI: [186 ... 186]
[The Managed Arena] max space (MB) allocated spread across MPI: [8 ... 8]
[The Managed Arena] max space (MB) used      spread across MPI: [0 ... 0]
[The  Pinned Arena] max space (MB) allocated spread across MPI: [8 ... 8]
[The  Pinned Arena] max space (MB) used      spread across MPI: [2 ... 2]
AMReX (26.05-39-gbe2cc437644f) finalized

EXIT_CODE=0
Tue Jul 14 15:41:11 UTC 2026
