MLMG: Timers: Solve = 0.046979477 Iter = 0.046806443 Bottom = 0.046509421
1 iterations :: err = 1
MLMG: Initial rhs               = 253615073.8
MLMG: Initial residual (resid0) = 8172740216
MLMG: Final Iter. 3 resid, resid/resid0 = 0.0007687211037, 9.405916294e-14
MLMG: Timers: Solve = 0.046950313 Iter = 0.046773874 Bottom = 0.046476841
2 iterations :: err = 1.320560661e-10
Steady state check : (phi(t) - phi(t-1)).norm0() = 3.19310147e-07
Advanced step 23439 in 0.109356978 seconds
 
MLMG: Initial rhs               = 253615073.8
MLMG: Initial residual (resid0) = 8172740208
MLMG: Final Iter. 3 resid, resid/resid0 = 0.0009115210223, 1.115318729e-13
MLMG: Timers: Solve = 0.047479269 Iter = 0.047307457 Bottom = 0.047010525
1 iterations :: err = 1
MLMG: Initial rhs               = 253615103.6
MLMG: Initial residual (resid0) = 8172740208
MLMG: Final Iter. 3 resid, resid/resid0 = 0.001284688711, 1.571919183e-13
MLMG: Timers: Solve = 0.048992716 Iter = 0.04881775 Bottom = 0.04852315
2 iterations :: err = 3.470234101e-11
Steady state check : (phi(t) - phi(t-1)).norm0() = 1.779926853e-07
Advanced step 23440 in 0.111901087 seconds
 
MLMG: Initial rhs               = 253615103.7
MLMG: Initial residual (resid0) = 8172740204
MLMG: Final Iter. 3 resid, resid/resid0 = 0.002591813798, 3.171291064e-13
MLMG: Timers: Solve = 0.048248201 Iter = 0.048073645 Bottom = 0.047777003
1 iterations :: err = 1
MLMG: Initial rhs               = 253615120.4
MLMG: Initial residual (resid0) = 8172740204
MLMG: Final Iter. 3 resid, resid/resid0 = 0.000504791898, 6.176531804e-14
MLMG: Timers: Solve = 0.04566949 Iter = 0.045493822 Bottom = 0.045194877
2 iterations :: err = 6.477893857e-11
Steady state check : (phi(t) - phi(t-1)).norm0() = 9.920979868e-08
Advanced step 23441 in 0.109329526 seconds
 
step = 23441, Phi_Bc_hi = -4, num_Vapp = 46, sign = -1
MLMG: Initial rhs               = 253615120.3
MLMG: Initial residual (resid0) = 7262473166
MLMG: Final Iter. 3 resid, resid/resid0 = 0.002111151814, 2.906932344e-13
MLMG: Timers: Solve = 0.04623344 Iter = 0.046053586 Bottom = 0.045755601
1 iterations :: err = 1
MLMG: Initial rhs               = 241465551.9
MLMG: Initial residual (resid0) = 7262473166
MLMG: Final Iter. 3 resid, resid/resid0 = 0.0006687343121, 9.208079628e-14
MLMG: Timers: Solve = 0.049899679 Iter = 0.049721407 Bottom = 0.049426438
2 iterations :: err = 5.374004533e-05
MLMG: Initial rhs               = 241287749.7
MLMG: Initial residual (resid0) = 7262473166
MLMG: Final Iter. 3 resid, resid/resid0 = 0.0008712339834, 1.199638145e-13
MLMG: Timers: Solve = 0.046957243 Iter = 0.04678448 Bottom = 0.04648912
3 iterations :: err = 4.546474692e-08
voltage_sweep == 1 && num_Vapp == num_Vapp_max!
High-water FAB megabyte spread across MPI nodes: [171 ... 171]
Current     FAB megabyte spread across MPI nodes: [136 ... 136]
Total run time 4138.29017 seconds


TinyProfiler total time across processes [min...avg...max]: 4138 ... 4138 ... 4138

----------------------------------------------------------------------------------------------
Name                                           NCalls  Excl. Min  Excl. Avg  Excl. Max   Max %
----------------------------------------------------------------------------------------------
amrex::Dot()                                 40731688       1115       1115       1115  26.95%
MLABecLaplacian::Fapply()                    20554336        918        918        918  22.18%
MLABecLaplacian::normalize()                 20507212      660.8      660.8      660.8  15.97%
FabArray::norminf()                          20789710      474.7      474.7      474.7  11.47%
FillBoundary_nowait()                        20742159      168.7      168.7      168.7   4.08%
ComputePhi_Rho()                                23487      162.3      162.3      162.3   3.92%
FabArray::Saxpy_Saxpy()                      10228900      134.1      134.1      134.1   3.24%
FabArray::Saypy_Saxpy()                      10136944      124.1      124.1      124.1   3.00%
FabArray::Saxpy_Xpay()                       10087532      114.4      114.4      114.4   2.77%
Calculate_Landau()                              23441      88.81      88.81      88.81   2.15%
Calculate_Grad()                                23441      46.29      46.29      46.29   1.12%
ComputeEfromPhi()                               46882      41.84      41.84      41.84   1.01%
MLCellLinOp::applyBC()                       20554336      32.54      32.54      32.54   0.79%
FabArray::setVal()                             871450      10.35      10.35      10.35   0.25%
MLCGSolver::bicgstab                           141368      8.459      8.459      8.459   0.20%
MLCGSolver::ParallelAllReduce                51101956      3.987      3.987      3.987   0.10%
main()                                              1      3.273      3.273      3.273   0.08%
MLCellLinOp::apply()                         20554336      2.376      2.376      2.376   0.06%
FabArray::FillBoundary()                     20742159      2.292      2.292      2.292   0.06%
MLMG::solve()                                   47124      0.302      0.302      0.302   0.01%
MLMG::actualBottomSolve()                      141368    0.05201    0.05201    0.05201   0.00%
MLCellLinOp::solutionResidual()                188492    0.02383    0.02383    0.02383   0.00%
MLMG::oneIter()                                141368     0.0223     0.0223     0.0223   0.00%
MLMG::mgVcycle_bottom                          141368    0.01578    0.01578    0.01578   0.00%
MLMG::computeResidual()                        141368    0.01465    0.01465    0.01465   0.00%
MLMG::mgVcycle()                               141368    0.01217    0.01217    0.01217   0.00%
Other                                        43558514      25.28      25.28      25.28   0.61%
----------------------------------------------------------------------------------------------

----------------------------------------------------------------------------------------------
Name                                           NCalls  Incl. Min  Incl. Avg  Incl. Max   Max %
----------------------------------------------------------------------------------------------
main()                                              1       4138       4138       4138 100.00%
ComputePhi_Rho()                                23487       3948       3948       3948  95.41%
MLMG::solve()                                   47124       3774       3774       3774  91.20%
MLMG::oneIter()                                141368       3753       3753       3753  90.70%
MLMG::mgVcycle()                               141368       3752       3752       3752  90.67%
MLMG::mgVcycle_bottom                          141368       3752       3752       3752  90.67%
MLMG::actualBottomSolve()                      141368       3752       3752       3752  90.67%
MLCGSolver::bicgstab                           141368       3751       3751       3751  90.63%
MLCellLinOp::apply()                         20554336       1124       1124       1124  27.17%
amrex::Dot()                                 40731688       1115       1115       1115  26.95%
MLABecLaplacian::Fapply()                    20554336        918        918        918  22.18%
MLABecLaplacian::normalize()                 20507212      660.8      660.8      660.8  15.97%
MLCGSolver::ParallelAllReduce                51101956      565.1      565.1      565.1  13.65%
FabArray::norminf()                          20789710      474.7      474.7      474.7  11.47%
MLCellLinOp::applyBC()                       20554336      203.9      203.9      203.9   4.93%
FabArray::FillBoundary()                     20742159      173.1      173.1      173.1   4.18%
FillBoundary_nowait()                        20742159      169.9      169.9      169.9   4.11%
FabArray::Saxpy_Saxpy()                      10228900      134.1      134.1      134.1   3.24%
FabArray::Saypy_Saxpy()                      10136944      124.1      124.1      124.1   3.00%
FabArray::Saxpy_Xpay()                       10087532      114.4      114.4      114.4   2.77%
Calculate_Landau()                              23441      88.81      88.81      88.81   2.15%
Calculate_Grad()                                23441      46.29      46.29      46.29   1.12%
ComputeEfromPhi()                               46882      41.84      41.84      41.84   1.01%
MLCellLinOp::solutionResidual()                188492      12.89      12.89      12.89   0.31%
FabArray::setVal()                             871450      10.35      10.35      10.35   0.25%
MLMG::computeResidual()                        141368      9.092      9.092      9.092   0.22%
Other                                        43558514      39.53      39.53      39.53   0.96%
----------------------------------------------------------------------------------------------

Device Memory Usage:
-------------------------------------------------------------------------
Name                                           Nalloc    AvgMem    MaxMem
-------------------------------------------------------------------------
The_Arena::Initialize()                             1     6   B    14 GiB
main()                                           1360   118 MiB   122 MiB
WritePlotfile()                                   752  4357   B    33 MiB
ResizeRandomSeed                                    2    13 MiB    13 MiB
MLCGSolver::bicgstab                         11309440  9606 KiB    10 MiB
MLMG::prepareForSolve()                            64  8135 KiB  8136 KiB
MLABecLaplacian::define()                          64  7823 KiB  7824 KiB
ComputePhi_Rho()                              5280288   154 KiB  7552 KiB
MultiFab::OverlapMask()                        803658  1831   B  1889 KiB
BndryData::define()                               192  1735 KiB  1736 KiB
MLCellLinOp::defineAuxData()                      192   815 KiB   816 KiB
FillBoundary_nowait()                          329869   176 KiB   180 KiB
VisMF::Write(FabArray)                          13536     5   B   144 KiB
FabArray::setVal()                             471268    74 KiB    74 KiB
MultiFab::max()                                 23489  2057   B    74 KiB
MultiFab::norm1                                 47274    17   B    72 KiB
FabArray::norminf()                          20789710  8388   B    72 KiB
amrex::Dot()                                 40731688    19 KiB    72 KiB
amrex::Copy()                                  235828    29 KiB    29 KiB
MLCellLinOp::applyBC()                       20601467    25 KiB    26 KiB
MLCellLinOp::prepareForSolve()                      1     0   B    15 KiB
FabArray::LinComb()                             47125  2048   B  4096   B
MLABecLaplacian::Fapply()                      282736  3676   B  4096   B
FabArray::setVal(val, thecmd, scomp, ncomp)         8     0   B  3328   B
MultiFab::Divide()                              47274     0   B  2048   B
MLCellLinOp::defineBC()                             1  1791   B  1792   B
-------------------------------------------------------------------------

Managed Memory Usage:
---------------------------------------------------------
Name                             Nalloc  AvgMem    MaxMem
---------------------------------------------------------
The_Managed_Arena::Initialize()       1   0   B  8192 KiB
main()                                1   0   B    31 KiB
---------------------------------------------------------

Pinned Memory Usage:
-------------------------------------------------------------------------
Name                                           Nalloc    AvgMem    MaxMem
-------------------------------------------------------------------------
The_Pinned_Arena::Initialize()                      1     0   B  8192 KiB
VisMF::Write(FabArray)                          14288   164   B  2124 KiB
FillBoundary_nowait()                          329869   176 KiB   180 KiB
FabArray::setVal()                             471268    74 KiB    74 KiB
amrex::Copy()                                  235828    29 KiB    29 KiB
MLCellLinOp::applyBC()                          47131    25 KiB    25 KiB
MLCellLinOp::prepareForSolve()                      1     0   B    15 KiB
FabArray::LinComb()                             47125  2048   B  4096   B
MLABecLaplacian::Fapply()                      282736  3676   B  4096   B
FabArray::setVal(val, thecmd, scomp, ncomp)         8     0   B  3328   B
MultiFab::max()                                 23489  2048   B  2304   B
MultiFab::Divide()                              47274     0   B  2048   B
MLCellLinOp::setLevelBC()                          47     0   B  1792   B
MultiFab::OverlapMask()                         47274     0   B  1792   B
amrex::Dot()                                 40731688    68   B   256   B
Unprofiled                                         15     0   B   256   B
MultiFab::norm1                                 47274     0   B   256   B
FabArray::norminf()                          20789710    29   B   256   B
-------------------------------------------------------------------------

Total GPU global memory (MB) spread across MPI: [20019 ... 20019]
Free  GPU global memory (MB) spread across MPI: [4636 ... 4636]
[The         Arena] max space (MB) allocated spread across MPI: [15014 ... 15014]
[The         Arena] max space (MB) used      spread across MPI: [183 ... 183]
[The Managed Arena] max space (MB) allocated spread across MPI: [8 ... 8]
[The Managed Arena] max space (MB) used      spread across MPI: [0 ... 0]
[The  Pinned Arena] max space (MB) allocated spread across MPI: [8 ... 8]
[The  Pinned Arena] max space (MB) used      spread across MPI: [2 ... 2]
AMReX (26.05-39-gbe2cc437644f) finalized

EXIT_CODE=0
Sat Jul 18 01:13:51 CST 2026
