MLMG: Initial rhs               = 393855585
MLMG: Initial residual (resid0) = 8810594731
MLMG: Final Iter. 3 resid, resid/resid0 = 0.003033442955, 3.44294914e-13
MLMG: Timers: Solve = 0.055166194 Iter = 0.054992969 Bottom = 0.054698812
2 iterations :: err = 8.537889579e-11
Steady state check : (phi(t) - phi(t-1)).norm0() = 1.005791169e-07
Advanced step 50664 in 0.128898268 seconds
 
MLMG: Initial rhs               = 393855585.1
MLMG: Initial residual (resid0) = 8810594732
MLMG: Final Iter. 3 resid, resid/resid0 = 0.002602721268, 2.954081248e-13
MLMG: Timers: Solve = 0.054963764 Iter = 0.054789329 Bottom = 0.054492096
1 iterations :: err = 1
MLMG: Initial rhs               = 393855585.1
MLMG: Initial residual (resid0) = 8810594732
MLMG: Final Iter. 3 resid, resid/resid0 = 0.001553363167, 1.763062783e-13
MLMG: Timers: Solve = 0.056245559 Iter = 0.056070392 Bottom = 0.055771385
2 iterations :: err = 5.514204796e-11
Steady state check : (phi(t) - phi(t-1)).norm0() = 1.002160287e-07
Advanced step 50665 in 0.12681374 seconds
 
MLMG: Initial rhs               = 393855584.9
MLMG: Initial residual (resid0) = 8810594734
MLMG: Final Iter. 3 resid, resid/resid0 = 0.003321407425, 3.769787994e-13
MLMG: Timers: Solve = 0.055915936 Iter = 0.055742983 Bottom = 0.055444909
1 iterations :: err = 1
MLMG: Initial rhs               = 393855584.9
MLMG: Initial residual (resid0) = 8810594734
MLMG: Final Iter. 3 resid, resid/resid0 = 0.003272377823, 3.714139535e-13
MLMG: Timers: Solve = 0.053186696 Iter = 0.05301208 Bottom = 0.052714136
2 iterations :: err = 2.317806184e-10
Steady state check : (phi(t) - phi(t-1)).norm0() = 9.98532228e-08
Advanced step 50666 in 0.124637493 seconds
 
step = 50666, Phi_Bc_hi = -4, num_Vapp = 46, sign = -1
MLMG: Initial rhs               = 393855585.2
MLMG: Initial residual (resid0) = 7832922801
MLMG: Final Iter. 3 resid, resid/resid0 = 0.001811876893, 2.31315556e-13
MLMG: Timers: Solve = 0.056906366 Iter = 0.056722306 Bottom = 0.056423961
1 iterations :: err = 1
MLMG: Initial rhs               = 393855585.2
MLMG: Initial residual (resid0) = 7832922801
MLMG: Final Iter. 3 resid, resid/resid0 = 0.003235429525, 4.13055204e-13
MLMG: Timers: Solve = 0.056119347 Iter = 0.055940154 Bottom = 0.055644292
2 iterations :: err = 2.878678475e-05
MLMG: Initial rhs               = 393855585.2
MLMG: Initial residual (resid0) = 7832922801
MLMG: Final Iter. 3 resid, resid/resid0 = 0.001744940877, 2.227700848e-13
MLMG: Timers: Solve = 0.057581606 Iter = 0.057408121 Bottom = 0.057110607
3 iterations :: err = 9.439017997e-09
voltage_sweep == 1 && num_Vapp == num_Vapp_max!
High-water FAB megabyte spread across MPI nodes: [171 ... 171]
Current     FAB megabyte spread across MPI nodes: [136 ... 136]
Total run time 7406.357211 seconds


TinyProfiler total time across processes [min...avg...max]: 7406 ... 7406 ... 7406

----------------------------------------------------------------------------------------------
Name                                           NCalls  Excl. Min  Excl. Avg  Excl. Max   Max %
----------------------------------------------------------------------------------------------
amrex::Dot()                                 71136022       1949       1949       1949  26.32%
MLABecLaplacian::Fapply()                    35974631       1605       1605       1605  21.67%
MLABecLaplacian::normalize()                 35872976       1157       1157       1157  15.62%
FabArray::norminf()                          36482583      834.4      834.4      834.4  11.27%
ComputePhi_Rho()                                50712      359.4      359.4      359.4   4.85%
FillBoundary_nowait()                        36380335      297.7      297.7      297.7   4.02%
FabArray::Saxpy_Saxpy()                      17883787      234.5      234.5      234.5   3.17%
FabArray::Saypy_Saxpy()                      17684224      217.8      217.8      217.8   2.94%
FabArray::Saxpy_Xpay()                       17578822      199.7      199.7      199.7   2.70%
Calculate_Landau()                              50666      192.1      192.1      192.1   2.59%
Calculate_Grad()                                50666      99.25      99.25      99.25   1.34%
ComputeEfromPhi()                              101332      89.93      89.93      89.93   1.21%
MLCellLinOp::applyBC()                       35974631      57.14      57.14      57.14   0.77%
FabArray::setVal()                            1880164      22.15      22.15      22.15   0.30%
amrex::Copy()                                 1677857      18.26      18.26      18.26   0.25%
MLCGSolver::bicgstab                           304965       15.4       15.4       15.4   0.21%
main()                                              1      7.023      7.023      7.023   0.09%
MLCGSolver::ParallelAllReduce                89324774      6.699      6.699      6.699   0.09%
MLCellLinOp::apply()                         35974631      4.153      4.153      4.153   0.06%
FabArray::FillBoundary()                     36380335      4.053      4.053      4.053   0.05%
MLMG::solve()                                  101655     0.6146     0.6146     0.6146   0.01%
MLMG::actualBottomSolve()                      304965     0.1097     0.1097     0.1097   0.00%
MLCellLinOp::solutionResidual()                406620    0.05111    0.05111    0.05111   0.00%
MLMG::oneIter()                                304965    0.04731    0.04731    0.04731   0.00%
MLMG::computeResidual()                        304965    0.03166    0.03166    0.03166   0.00%
MLMG::mgVcycle_bottom                          304965    0.03124    0.03124    0.03124   0.00%
MLMG::mgVcycle()                               304965    0.02731    0.02731    0.02731   0.00%
Other                                        75556401      34.59      34.59      34.59   0.47%
----------------------------------------------------------------------------------------------

----------------------------------------------------------------------------------------------
Name                                           NCalls  Incl. Min  Incl. Avg  Incl. Max   Max %
----------------------------------------------------------------------------------------------
main()                                              1       7406       7406       7406 100.00%
ComputePhi_Rho()                                50712       6998       6998       6998  94.49%
MLMG::solve()                                  101655       6613       6613       6613  89.29%
MLMG::oneIter()                                304965       6568       6568       6568  88.69%
MLMG::mgVcycle()                               304965       6565       6565       6565  88.64%
MLMG::mgVcycle_bottom                          304965       6565       6565       6565  88.64%
MLMG::actualBottomSolve()                      304965       6565       6565       6565  88.64%
MLCGSolver::bicgstab                           304965       6562       6562       6562  88.60%
MLCellLinOp::apply()                         35974631       1968       1968       1968  26.57%
amrex::Dot()                                 71136022       1949       1949       1949  26.32%
MLABecLaplacian::Fapply()                    35974631       1605       1605       1605  21.67%
MLABecLaplacian::normalize()                 35872976       1157       1157       1157  15.62%
MLCGSolver::ParallelAllReduce                89324774      988.4      988.4      988.4  13.35%
FabArray::norminf()                          36482583      834.4      834.4      834.4  11.27%
MLCellLinOp::applyBC()                       35974631      358.6      358.6      358.6   4.84%
FabArray::FillBoundary()                     36380335      305.3      305.3      305.3   4.12%
FillBoundary_nowait()                        36380335      299.6      299.6      299.6   4.05%
FabArray::Saxpy_Saxpy()                      17883787      234.5      234.5      234.5   3.17%
FabArray::Saypy_Saxpy()                      17684224      217.8      217.8      217.8   2.94%
FabArray::Saxpy_Xpay()                       17578822      199.7      199.7      199.7   2.70%
Calculate_Landau()                              50666      192.1      192.1      192.1   2.59%
Calculate_Grad()                                50666      99.25      99.25      99.25   1.34%
ComputeEfromPhi()                              101332      89.93      89.93      89.93   1.21%
MLCellLinOp::solutionResidual()                406620       27.8       27.8       27.8   0.38%
FabArray::setVal()                            1880164      22.15      22.15      22.15   0.30%
MLMG::computeResidual()                        304965      19.64      19.64      19.64   0.27%
amrex::Copy()                                 1677857      18.26      18.26      18.26   0.25%
Other                                        75556401      64.09      64.09      64.09   0.87%
----------------------------------------------------------------------------------------------

Device Memory Usage:
-------------------------------------------------------------------------
Name                                           Nalloc    AvgMem    MaxMem
-------------------------------------------------------------------------
The_Arena::Initialize()                             1     3   B    14 GiB
main()                                           1360   118 MiB   122 MiB
WritePlotfile()                                   752  2424   B    33 MiB
ResizeRandomSeed                                    2    13 MiB    13 MiB
MLCGSolver::bicgstab                         24397200  9389 KiB    10 MiB
MLMG::prepareForSolve()                            64  8135 KiB  8136 KiB
MLABecLaplacian::define()                          64  7823 KiB  7824 KiB
ComputePhi_Rho()                             11389056   195 KiB  7552 KiB
MultiFab::OverlapMask()                       1732062  2197   B  1889 KiB
BndryData::define()                               192  1735 KiB  1736 KiB
MLCellLinOp::defineAuxData()                      192   815 KiB   816 KiB
FillBoundary_nowait()                          711594   176 KiB   180 KiB
VisMF::Write(FabArray)                          13536     2   B   144 KiB
FabArray::setVal()                            1016586    74 KiB    74 KiB
MultiFab::max()                                 50714  2059   B    74 KiB
MultiFab::norm1                                101886    20   B    72 KiB
FabArray::norminf()                          36482583  8237   B    72 KiB
amrex::Dot()                                 71136022    18 KiB    72 KiB
amrex::Copy()                                  508568    29 KiB    29 KiB
MLCellLinOp::applyBC()                       36076293    25 KiB    26 KiB
MLCellLinOp::prepareForSolve()                      1     0   B    15 KiB
FabArray::LinComb()                            101656  2048   B  4096   B
MLABecLaplacian::Fapply()                      609930  3586   B  4096   B
FabArray::setVal(val, thecmd, scomp, ncomp)         8     0   B  3328   B
MultiFab::Divide()                             101886     1   B  2048   B
MLCellLinOp::defineBC()                             1  1791   B  1792   B
-------------------------------------------------------------------------

Managed Memory Usage:
---------------------------------------------------------
Name                             Nalloc  AvgMem    MaxMem
---------------------------------------------------------
The_Managed_Arena::Initialize()       1   0   B  8192 KiB
main()                                1   0   B    31 KiB
---------------------------------------------------------

Pinned Memory Usage:
-------------------------------------------------------------------------
Name                                           Nalloc    AvgMem    MaxMem
-------------------------------------------------------------------------
The_Pinned_Arena::Initialize()                      1     0   B  8192 KiB
VisMF::Write(FabArray)                          14288    91   B  2124 KiB
FillBoundary_nowait()                          711594   176 KiB   180 KiB
FabArray::setVal()                            1016586    74 KiB    74 KiB
amrex::Copy()                                  508568    29 KiB    29 KiB
MLCellLinOp::applyBC()                         101662    25 KiB    25 KiB
MLCellLinOp::prepareForSolve()                      1     0   B    15 KiB
FabArray::LinComb()                            101656  2048   B  4096   B
MLABecLaplacian::Fapply()                      609930  3586   B  4096   B
FabArray::setVal(val, thecmd, scomp, ncomp)         8     0   B  3328   B
MultiFab::max()                                 50714  2048   B  2304   B
MultiFab::Divide()                             101886     1   B  2048   B
MLCellLinOp::setLevelBC()                          47     0   B  1792   B
MultiFab::OverlapMask()                        101886     0   B  1792   B
amrex::Dot()                                 71136022    66   B   256   B
Unprofiled                                         15     0   B   256   B
MultiFab::norm1                                101886     0   B   256   B
FabArray::norminf()                          36482583    28   B   256   B
-------------------------------------------------------------------------

Total GPU global memory (MB) spread across MPI: [20019 ... 20019]
Free  GPU global memory (MB) spread across MPI: [4658 ... 4658]
[The         Arena] max space (MB) allocated spread across MPI: [15014 ... 15014]
[The         Arena] max space (MB) used      spread across MPI: [183 ... 183]
[The Managed Arena] max space (MB) allocated spread across MPI: [8 ... 8]
[The Managed Arena] max space (MB) used      spread across MPI: [0 ... 0]
[The  Pinned Arena] max space (MB) allocated spread across MPI: [8 ... 8]
[The  Pinned Arena] max space (MB) used      spread across MPI: [2 ... 2]
AMReX (26.05-39-gbe2cc437644f) finalized

EXIT_CODE=0
Wed Jul 22 12:28:22 CST 2026
