MLMG: Final Iter. 3 resid, resid/resid0 = 0.001488693063, 1.950198181e-13
MLMG: Timers: Solve = 0.106437381 Iter = 0.106224561 Bottom = 0.105865999
2 iterations :: err = 1.155822829e-10
Steady state check : (phi(t) - phi(t-1)).norm0() = 2.492591168e-07
Advanced step 13892 in 0.245709337 seconds
 
MLMG: Initial rhs               = 307520251.5
MLMG: Initial residual (resid0) = 7633547587
MLMG: Final Iter. 3 resid, resid/resid0 = 0.0001111017064, 1.455440018e-14
MLMG: Timers: Solve = 0.100795883 Iter = 0.100572231 Bottom = 0.100211789
1 iterations :: err = 1
MLMG: Initial rhs               = 307520278.3
MLMG: Initial residual (resid0) = 7633547587
MLMG: Final Iter. 3 resid, resid/resid0 = 0.0004498884701, 5.893569995e-14
MLMG: Timers: Solve = 0.106457911 Iter = 0.106239974 Bottom = 0.105878347
2 iterations :: err = 9.981828529e-12
Steady state check : (phi(t) - phi(t-1)).norm0() = 1.426521732e-07
Advanced step 13893 in 0.253892915 seconds
 
MLMG: Initial rhs               = 307520278.3
MLMG: Initial residual (resid0) = 7633547584
MLMG: Final Iter. 3 resid, resid/resid0 = 0.002419311568, 3.169314845e-13
MLMG: Timers: Solve = 0.088730128 Iter = 0.088505961 Bottom = 0.088146139
1 iterations :: err = 1
MLMG: Initial rhs               = 307520293.7
MLMG: Initial residual (resid0) = 7633547584
MLMG: Final Iter. 3 resid, resid/resid0 = 0.0007466832183, 9.781601674e-14
MLMG: Timers: Solve = 0.11376653 Iter = 0.113532728 Bottom = 0.113174381
2 iterations :: err = 4.310617291e-11
Steady state check : (phi(t) - phi(t-1)).norm0() = 8.147986458e-08
Advanced step 13894 in 0.24607743 seconds
 
step = 13894, Phi_Bc_hi = -4, num_Vapp = 46, sign = -1
MLMG: Initial rhs               = 307520293.5
MLMG: Initial residual (resid0) = 6783947583
MLMG: Final Iter. 3 resid, resid/resid0 = 0.002622252483, 3.865378456e-13
MLMG: Timers: Solve = 0.106406645 Iter = 0.106166425 Bottom = 0.105796129
1 iterations :: err = 1
MLMG: Initial rhs               = 296149656
MLMG: Initial residual (resid0) = 6783947583
MLMG: Final Iter. 3 resid, resid/resid0 = 0.0008967095591, 1.32181086e-13
MLMG: Timers: Solve = 0.10956866 Iter = 0.109355383 Bottom = 0.108991832
2 iterations :: err = 2.909020726e-05
MLMG: Initial rhs               = 296030089.8
MLMG: Initial residual (resid0) = 6783947583
MLMG: Final Iter. 3 resid, resid/resid0 = 0.0004088084148, 6.026113996e-14
MLMG: Timers: Solve = 0.104304271 Iter = 0.104081099 Bottom = 0.103724645
3 iterations :: err = 1.04985646e-08
voltage_sweep == 1 && num_Vapp == num_Vapp_max!
High-water FAB megabyte spread across MPI nodes: [171 ... 171]
Current     FAB megabyte spread across MPI nodes: [136 ... 136]
Total run time 4939.512586 seconds


TinyProfiler total time across processes [min...avg...max]: 4940 ... 4940 ... 4940

----------------------------------------------------------------------------------------------
Name                                           NCalls  Excl. Min  Excl. Avg  Excl. Max   Max %
----------------------------------------------------------------------------------------------
amrex::Dot()                                 21951138       1268       1268       1268  25.68%
MLABecLaplacian::Fapply()                    11087601      977.6      977.6      977.6  19.79%
MLABecLaplacian::normalize()                 11059593      708.5      708.5      708.5  14.34%
FabArray::norminf()                          11227421      612.3      612.3      612.3  12.40%
ComputePhi_Rho()                                13940      257.7      257.7      257.7   5.22%
FillBoundary_nowait()                        11199026      244.8      244.8      244.8   4.96%
FabArray::Saxpy_Saxpy()                       5514020      159.8      159.8      159.8   3.23%
FabArray::Saypy_Saxpy()                       5461549      149.7      149.7      149.7   3.03%
FabArray::Saxpy_Xpay()                        5429996      149.3      149.3      149.3   3.02%
Calculate_Landau()                              13894      96.47      96.47      96.47   1.95%
MLCellLinOp::applyBC()                       11087601      65.39      65.39      65.39   1.32%
Calculate_Grad()                                13894      51.28      51.28      51.28   1.04%
ComputeEfromPhi()                               27788      50.21      50.21      50.21   1.02%
main()                                              1      44.99      44.99      44.99   0.91%
MLCGSolver::bicgstab                            84024      23.67      23.67      23.67   0.48%
FabArray::setVal()                             517849      14.41      14.41      14.41   0.29%
amrex::Copy()                                  462733      11.84      11.84      11.84   0.24%
MLCGSolver::ParallelAllReduce                27549182      8.448      8.448      8.448   0.17%
CalculateTDGL_RHS()                             13894      7.277      7.277      7.277   0.15%
MLCellLinOp::apply()                         11087601      6.016      6.016      6.016   0.12%
FabArray::FillBoundary()                     11199026      5.452      5.452      5.452   0.11%
MLMG::solve()                                   28008      1.257      1.257      1.257   0.03%
MLMG::actualBottomSolve()                       84024     0.2486     0.2486     0.2486   0.01%
MLCellLinOp::solutionResidual()                112032     0.1004     0.1004     0.1004   0.00%
MLMG::oneIter()                                 84024    0.09717    0.09717    0.09717   0.00%
MLMG::mgVcycle_bottom                           84024    0.07224    0.07224    0.07224   0.00%
MLMG::computeResidual()                         84024    0.04885    0.04885    0.04885   0.00%
MLMG::mgVcycle()                                84024    0.03959    0.03959    0.03959   0.00%
Other                                        23154545      24.25      24.25      24.25   0.49%
----------------------------------------------------------------------------------------------

----------------------------------------------------------------------------------------------
Name                                           NCalls  Incl. Min  Incl. Avg  Incl. Max   Max %
----------------------------------------------------------------------------------------------
main()                                              1       4940       4940       4940 100.00%
ComputePhi_Rho()                                13940       4678       4678       4678  94.71%
MLMG::solve()                                   28008       4401       4401       4401  89.10%
MLMG::oneIter()                                 84024       4375       4375       4375  88.58%
MLMG::mgVcycle()                                84024       4373       4373       4373  88.54%
MLMG::mgVcycle_bottom                           84024       4373       4373       4373  88.54%
MLMG::actualBottomSolve()                       84024       4373       4373       4373  88.54%
MLCGSolver::bicgstab                            84024       4371       4371       4371  88.50%
MLCellLinOp::apply()                         11087601       1300       1300       1300  26.33%
amrex::Dot()                                 21951138       1268       1268       1268  25.68%
MLABecLaplacian::Fapply()                    11087601      977.6      977.6      977.6  19.79%
MLABecLaplacian::normalize()                 11059593      708.5      708.5      708.5  14.34%
MLCGSolver::ParallelAllReduce                27549182      640.8      640.8      640.8  12.97%
FabArray::norminf()                          11227421      612.3      612.3      612.3  12.40%
MLCellLinOp::applyBC()                       11087601      316.8      316.8      316.8   6.41%
FabArray::FillBoundary()                     11199026      254.1      254.1      254.1   5.14%
FillBoundary_nowait()                        11199026        247        247        247   5.00%
FabArray::Saxpy_Saxpy()                       5514020      159.8      159.8      159.8   3.23%
FabArray::Saypy_Saxpy()                       5461549      149.7      149.7      149.7   3.03%
FabArray::Saxpy_Xpay()                        5429996      149.3      149.3      149.3   3.02%
Calculate_Landau()                              13894      96.47      96.47      96.47   1.95%
Calculate_Grad()                                13894      51.28      51.28      51.28   1.04%
ComputeEfromPhi()                               27788      50.21      50.21      50.21   1.02%
MLCellLinOp::solutionResidual()                112032       15.8       15.8       15.8   0.32%
FabArray::setVal()                             517849      14.41      14.41      14.41   0.29%
MLMG::computeResidual()                         84024      12.14      12.14      12.14   0.25%
amrex::Copy()                                  462733      11.84      11.84      11.84   0.24%
CalculateTDGL_RHS()                             13894      8.447      8.447      8.447   0.17%
Other                                        23154545       41.7       41.7       41.7   0.84%
----------------------------------------------------------------------------------------------

Device Memory Usage:
-------------------------------------------------------------------------
Name                                           Nalloc    AvgMem    MaxMem
-------------------------------------------------------------------------
The_Arena::Initialize()                             1     3   B    16 GiB
main()                                           1360   118 MiB   122 MiB
WritePlotfile()                                   752    14 KiB    33 MiB
ResizeRandomSeed                                    2    16 MiB    16 MiB
MLCGSolver::bicgstab                          6721920  9374 KiB    10 MiB
MLMG::prepareForSolve()                            64  8135 KiB  8136 KiB
MLABecLaplacian::define()                          64  7823 KiB  7824 KiB
ComputePhi_Rho()                              3138944   197 KiB  7552 KiB
MultiFab::OverlapMask()                        478312  2697   B  1889 KiB
BndryData::define()                               192  1735 KiB  1736 KiB
MLCellLinOp::defineAuxData()                      192   815 KiB   816 KiB
FillBoundary_nowait()                          196065   176 KiB   180 KiB
VisMF::Write(FabArray)                          13536    10   B   174 KiB
MultiFab::max()                                 13942  2060   B    89 KiB
MultiFab::norm1                                 28136    23   B    87 KiB
FabArray::norminf()                          11227421    10 KiB    87 KiB
amrex::Dot()                                 21951138    22 KiB    87 KiB
FabArray::setVal()                             280116    74 KiB    74 KiB
amrex::Copy()                                  140230    29 KiB    29 KiB
MLCellLinOp::applyBC()                       11115616    25 KiB    26 KiB
MLCellLinOp::prepareForSolve()                      1     0   B    15 KiB
FabArray::LinComb()                             28009  2048   B  4096   B
MLABecLaplacian::Fapply()                      168048  3584   B  4096   B
FabArray::setVal(val, thecmd, scomp, ncomp)         8     0   B  3328   B
MultiFab::Divide()                              28136     1   B  2048   B
MLCellLinOp::defineBC()                             1  1791   B  1792   B
-------------------------------------------------------------------------

Managed Memory Usage:
---------------------------------------------------------
Name                             Nalloc  AvgMem    MaxMem
---------------------------------------------------------
The_Managed_Arena::Initialize()       1   0   B  8192 KiB
main()                                1   0   B    31 KiB
---------------------------------------------------------

Pinned Memory Usage:
-------------------------------------------------------------------------
Name                                           Nalloc    AvgMem    MaxMem
-------------------------------------------------------------------------
The_Pinned_Arena::Initialize()                      1     0   B  8192 KiB
VisMF::Write(FabArray)                          14288   672   B  2124 KiB
FillBoundary_nowait()                          196065   176 KiB   180 KiB
FabArray::setVal()                             280116    74 KiB    74 KiB
amrex::Copy()                                  140230    29 KiB    29 KiB
MLCellLinOp::applyBC()                          28015    25 KiB    25 KiB
MLCellLinOp::prepareForSolve()                      1     0   B    15 KiB
FabArray::LinComb()                             28009  2048   B  4096   B
MLABecLaplacian::Fapply()                      168048  3584   B  4096   B
FabArray::setVal(val, thecmd, scomp, ncomp)         8     0   B  3328   B
MultiFab::max()                                 13942  2048   B  2304   B
MultiFab::Divide()                              28136     1   B  2048   B
MLCellLinOp::setLevelBC()                          47     0   B  1792   B
MultiFab::OverlapMask()                         28136     0   B  1792   B
amrex::Dot()                                 21951138    64   B   256   B
Unprofiled                                         15     0   B   256   B
MultiFab::norm1                                 28136     0   B   256   B
FabArray::norminf()                          11227421    31   B   256   B
-------------------------------------------------------------------------

Total GPU global memory (MB) spread across MPI: [22491 ... 22491]
Free  GPU global memory (MB) spread across MPI: [5299 ... 5299]
[The         Arena] max space (MB) allocated spread across MPI: [16868 ... 16868]
[The         Arena] max space (MB) used      spread across MPI: [186 ... 186]
[The Managed Arena] max space (MB) allocated spread across MPI: [8 ... 8]
[The Managed Arena] max space (MB) used      spread across MPI: [0 ... 0]
[The  Pinned Arena] max space (MB) allocated spread across MPI: [8 ... 8]
[The  Pinned Arena] max space (MB) used      spread across MPI: [2 ... 2]
AMReX (26.05-39-gbe2cc437644f) finalized

EXIT_CODE=0
Mon Jul 13 16:33:07 UTC 2026
