MLMG: Initial rhs               = 297489605.4
MLMG: Initial residual (resid0) = 9453360413
MLMG: Final Iter. 3 resid, resid/resid0 = 0.0005065389018, 5.358294614e-14
MLMG: Timers: Solve = 0.103519902 Iter = 0.103321839 Bottom = 0.102973897
2 iterations :: err = 1.350134963e-11
Steady state check : (phi(t) - phi(t-1)).norm0() = 3.685370879e-07
Advanced step 7962 in 0.208018364 seconds
 
MLMG: Initial rhs               = 297489605.4
MLMG: Initial residual (resid0) = 9453360402
MLMG: Final Iter. 3 resid, resid/resid0 = 0.001583122885, 1.674666804e-13
MLMG: Timers: Solve = 0.104566262 Iter = 0.104353805 Bottom = 0.104005399
1 iterations :: err = 1
MLMG: Initial rhs               = 297489640.7
MLMG: Initial residual (resid0) = 9453360402
MLMG: Final Iter. 3 resid, resid/resid0 = 0.001209400623, 1.279334091e-13
MLMG: Timers: Solve = 0.079274934 Iter = 0.07907464 Bottom = 0.078728595
2 iterations :: err = 2.71518941e-10
Steady state check : (phi(t) - phi(t-1)).norm0() = 1.592572261e-07
Advanced step 7963 in 0.227636766 seconds
 
MLMG: Initial rhs               = 297489640.6
MLMG: Initial residual (resid0) = 9453360397
MLMG: Final Iter. 3 resid, resid/resid0 = 0.001519154699, 1.606999665e-13
MLMG: Timers: Solve = 0.116055903 Iter = 0.115841727 Bottom = 0.115495188
1 iterations :: err = 1
MLMG: Initial rhs               = 297489655.9
MLMG: Initial residual (resid0) = 9453360397
MLMG: Final Iter. 3 resid, resid/resid0 = 0.003247167328, 3.434934449e-13
MLMG: Timers: Solve = 0.095156267 Iter = 0.094955636 Bottom = 0.094610562
2 iterations :: err = 1.17420841e-10
Steady state check : (phi(t) - phi(t-1)).norm0() = 6.880337097e-08
Advanced step 7964 in 0.227055132 seconds
 
step = 7964, Phi_Bc_hi = -4, num_Vapp = 46, sign = -1
MLMG: Initial rhs               = 297489655.9
MLMG: Initial residual (resid0) = 8400509701
MLMG: Final Iter. 3 resid, resid/resid0 = 0.000459053821, 5.464594856e-14
MLMG: Timers: Solve = 0.100092142 Iter = 0.099859835 Bottom = 0.099512451
1 iterations :: err = 1
MLMG: Initial rhs               = 281548485.2
MLMG: Initial residual (resid0) = 8400509701
MLMG: Final Iter. 3 resid, resid/resid0 = 0.001060991548, 1.263008538e-13
MLMG: Timers: Solve = 0.099141347 Iter = 0.098939808 Bottom = 0.098592894
2 iterations :: err = 7.703226375e-05
MLMG: Initial rhs               = 281309498.1
MLMG: Initial residual (resid0) = 8400509701
MLMG: Final Iter. 3 resid, resid/resid0 = 0.003203984092, 3.814035345e-13
MLMG: Timers: Solve = 0.094358081 Iter = 0.09415232 Bottom = 0.093806364
3 iterations :: err = 7.070364509e-08
voltage_sweep == 1 && num_Vapp == num_Vapp_max!
High-water FAB megabyte spread across MPI nodes: [171 ... 171]
Current     FAB megabyte spread across MPI nodes: [136 ... 136]
Total run time 2885.649971 seconds


TinyProfiler total time across processes [min...avg...max]: 2886 ... 2886 ... 2886

----------------------------------------------------------------------------------------------
Name                                           NCalls  Excl. Min  Excl. Avg  Excl. Max   Max %
----------------------------------------------------------------------------------------------
amrex::Dot()                                 13396474      751.8      751.8      751.8  26.05%
MLABecLaplacian::Fapply()                     6763048      579.8      579.8      579.8  20.09%
MLABecLaplacian::normalize()                  6746845      415.2      415.2      415.2  14.39%
FabArray::norminf()                           6843787      364.3      364.3      364.3  12.62%
ComputePhi_Rho()                                 8010      151.1      151.1      151.1   5.24%
FillBoundary_nowait()                         6827088        126        126        126   4.36%
FabArray::Saypy_Saxpy()                       3334148      96.18      96.18      96.18   3.33%
FabArray::Saxpy_Saxpy()                       3364089      84.66      84.66      84.66   2.93%
FabArray::Saxpy_Xpay()                        3315481      77.17      77.17      77.17   2.67%
Calculate_Landau()                               7964      55.02      55.02      55.02   1.91%
main()                                              1      47.32      47.32      47.32   1.64%
MLCellLinOp::applyBC()                        6763048       29.1       29.1       29.1   1.01%
Calculate_Grad()                                 7964      27.63      27.63      27.63   0.96%
ComputeEfromPhi()                               15928       26.2       26.2       26.2   0.91%
MLCGSolver::bicgstab                            48608      13.83      13.83      13.83   0.48%
FabArray::setVal()                             299371      6.935      6.935      6.935   0.24%
amrex::Copy()                                  267920      5.718      5.718      5.718   0.20%
MLCGSolver::ParallelAllReduce                16809171      4.593      4.593      4.593   0.16%
MLCellLinOp::apply()                          6763048      3.266      3.266      3.266   0.11%
FabArray::FillBoundary()                      6827088      2.955      2.955      2.955   0.10%
MLMG::solve()                                   16203     0.6768     0.6768     0.6768   0.02%
MLMG::actualBottomSolve()                       48608     0.1391     0.1391     0.1391   0.00%
MLMG::computeResidual()                         48608    0.03734    0.03734    0.03734   0.00%
MLCellLinOp::solutionResidual()                 64811    0.03569    0.03569    0.03569   0.00%
MLMG::oneIter()                                 48608    0.03103    0.03103    0.03103   0.00%
MLMG::mgVcycle()                                48608    0.02983    0.02983    0.02983   0.00%
MLMG::mgVcycle_bottom                           48608    0.01481    0.01481    0.01481   0.00%
Other                                        14099949      15.92      15.92      15.92   0.55%
----------------------------------------------------------------------------------------------

----------------------------------------------------------------------------------------------
Name                                           NCalls  Incl. Min  Incl. Avg  Incl. Max   Max %
----------------------------------------------------------------------------------------------
main()                                              1       2886       2886       2886 100.00%
ComputePhi_Rho()                                 8010       2721       2721       2721  94.29%
MLMG::solve()                                   16203       2561       2561       2561  88.74%
MLMG::oneIter()                                 48608       2546       2546       2546  88.24%
MLMG::mgVcycle()                                48608       2545       2545       2545  88.21%
MLMG::mgVcycle_bottom                           48608       2545       2545       2545  88.21%
MLMG::actualBottomSolve()                       48608       2545       2545       2545  88.21%
MLCGSolver::bicgstab                            48608       2544       2544       2544  88.16%
amrex::Dot()                                 13396474      751.8      751.8      751.8  26.05%
MLCellLinOp::apply()                          6763048      742.4      742.4      742.4  25.73%
MLABecLaplacian::Fapply()                     6763048      579.8      579.8      579.8  20.09%
MLABecLaplacian::normalize()                  6746845      415.2      415.2      415.2  14.39%
MLCGSolver::ParallelAllReduce                16809171      380.4      380.4      380.4  13.18%
FabArray::norminf()                           6843787      364.3      364.3      364.3  12.62%
MLCellLinOp::applyBC()                        6763048      159.3      159.3      159.3   5.52%
FabArray::FillBoundary()                      6827088      131.4      131.4      131.4   4.55%
FillBoundary_nowait()                         6827088      127.2      127.2      127.2   4.41%
FabArray::Saypy_Saxpy()                       3334148      96.18      96.18      96.18   3.33%
FabArray::Saxpy_Saxpy()                       3364089      84.66      84.66      84.66   2.93%
FabArray::Saxpy_Xpay()                        3315481      77.17      77.17      77.17   2.67%
Calculate_Landau()                               7964      55.02      55.02      55.02   1.91%
Calculate_Grad()                                 7964      27.63      27.63      27.63   0.96%
ComputeEfromPhi()                               15928       26.2       26.2       26.2   0.91%
MLCellLinOp::solutionResidual()                 64811      9.046      9.046      9.046   0.31%
MLMG::computeResidual()                         48608      7.246      7.246      7.246   0.25%
FabArray::setVal()                             299371      6.935      6.935      6.935   0.24%
amrex::Copy()                                  267920      5.718      5.718      5.718   0.20%
Other                                        14099949      26.36      26.36      26.36   0.91%
----------------------------------------------------------------------------------------------

Device Memory Usage:
-------------------------------------------------------------------------
Name                                           Nalloc    AvgMem    MaxMem
-------------------------------------------------------------------------
The_Arena::Initialize()                             1     6   B    16 GiB
main()                                           1360   118 MiB   122 MiB
WritePlotfile()                                   752    18 KiB    33 MiB
ResizeRandomSeed                                    2    16 MiB    16 MiB
MLCGSolver::bicgstab                          3888640  9340 KiB    10 MiB
MLMG::prepareForSolve()                            64  8135 KiB  8136 KiB
MLABecLaplacian::define()                          64  7823 KiB  7824 KiB
ComputePhi_Rho()                              1817664   204 KiB  7552 KiB
MultiFab::OverlapMask()                        278562  2254   B  1889 KiB
BndryData::define()                               192  1735 KiB  1736 KiB
MLCellLinOp::defineAuxData()                      192   815 KiB   816 KiB
FillBoundary_nowait()                          113428   176 KiB   180 KiB
VisMF::Write(FabArray)                          13536    25   B   174 KiB
MultiFab::max()                                  8012  2055   B    89 KiB
MultiFab::norm1                                 16386    26   B    87 KiB
FabArray::norminf()                           6843787    10 KiB    87 KiB
amrex::Dot()                                 13396474    22 KiB    87 KiB
FabArray::setVal()                             162064    74 KiB    74 KiB
amrex::Copy()                                   81259    29 KiB    29 KiB
MLCellLinOp::applyBC()                        6779258    25 KiB    26 KiB
MLCellLinOp::prepareForSolve()                      1     0   B    15 KiB
FabArray::LinComb()                             16204  2048   B  4096   B
MLABecLaplacian::Fapply()                       97216  3574   B  4096   B
FabArray::setVal(val, thecmd, scomp, ncomp)         8     0   B  3328   B
MultiFab::Divide()                              16386     1   B  2048   B
MLCellLinOp::defineBC()                             1  1791   B  1792   B
-------------------------------------------------------------------------

Managed Memory Usage:
---------------------------------------------------------
Name                             Nalloc  AvgMem    MaxMem
---------------------------------------------------------
The_Managed_Arena::Initialize()       1   0   B  8192 KiB
main()                                1   0   B    31 KiB
---------------------------------------------------------

Pinned Memory Usage:
-------------------------------------------------------------------------
Name                                           Nalloc    AvgMem    MaxMem
-------------------------------------------------------------------------
The_Pinned_Arena::Initialize()                      1     0   B  8192 KiB
VisMF::Write(FabArray)                          14288   726   B  2124 KiB
FillBoundary_nowait()                          113428   176 KiB   180 KiB
FabArray::setVal()                             162064    74 KiB    74 KiB
amrex::Copy()                                   81259    29 KiB    29 KiB
MLCellLinOp::applyBC()                          16210    25 KiB    25 KiB
MLCellLinOp::prepareForSolve()                      1     0   B    15 KiB
FabArray::LinComb()                             16204  2048   B  4096   B
MLABecLaplacian::Fapply()                       97216  3574   B  4096   B
FabArray::setVal(val, thecmd, scomp, ncomp)         8     0   B  3328   B
MultiFab::max()                                  8012  2048   B  2304   B
MultiFab::Divide()                              16386     1   B  2048   B
MLCellLinOp::setLevelBC()                          47     0   B  1792   B
MultiFab::OverlapMask()                         16386     0   B  1792   B
amrex::Dot()                                 13396474    65   B   256   B
Unprofiled                                         15     0   B   256   B
MultiFab::norm1                                 16386     0   B   256   B
FabArray::norminf()                           6843787    31   B   256   B
-------------------------------------------------------------------------

Total GPU global memory (MB) spread across MPI: [22491 ... 22491]
Free  GPU global memory (MB) spread across MPI: [5299 ... 5299]
[The         Arena] max space (MB) allocated spread across MPI: [16868 ... 16868]
[The         Arena] max space (MB) used      spread across MPI: [186 ... 186]
[The Managed Arena] max space (MB) allocated spread across MPI: [8 ... 8]
[The Managed Arena] max space (MB) used      spread across MPI: [0 ... 0]
[The  Pinned Arena] max space (MB) allocated spread across MPI: [8 ... 8]
[The  Pinned Arena] max space (MB) used      spread across MPI: [2 ... 2]
AMReX (26.05-39-gbe2cc437644f) finalized

EXIT_CODE=0
Tue Jul 28 10:13:06 UTC 2026
