MLMG: Initial rhs               = 432105576.4
MLMG: Initial residual (resid0) = 8806878601
MLMG: Final Iter. 3 resid, resid/resid0 = 0.002917764974, 3.313052338e-13
MLMG: Timers: Solve = 0.05959921 Iter = 0.059423352 Bottom = 0.059123253
2 iterations :: err = 3.319601324e-11
Steady state check : (phi(t) - phi(t-1)).norm0() = 1.005779439e-07
Advanced step 37330 in 0.131619417 seconds
 
MLMG: Initial rhs               = 432105576.4
MLMG: Initial residual (resid0) = 8806878601
MLMG: Final Iter. 3 resid, resid/resid0 = 0.002719154739, 3.087535167e-13
MLMG: Timers: Solve = 0.060148006 Iter = 0.059973139 Bottom = 0.059672992
1 iterations :: err = 1
MLMG: Initial rhs               = 432105576.4
MLMG: Initial residual (resid0) = 8806878601
MLMG: Final Iter. 3 resid, resid/resid0 = 0.003089591861, 3.508157658e-13
MLMG: Timers: Solve = 0.060851599 Iter = 0.06067547 Bottom = 0.060378237
2 iterations :: err = 7.271737858e-11
Steady state check : (phi(t) - phi(t-1)).norm0() = 1.000457901e-07
Advanced step 37331 in 0.136531145 seconds
 
MLMG: Initial rhs               = 432105576.6
MLMG: Initial residual (resid0) = 8806878601
MLMG: Final Iter. 3 resid, resid/resid0 = 0.003292694498, 3.738775845e-13
MLMG: Timers: Solve = 0.059402099 Iter = 0.059229275 Bottom = 0.058931912
1 iterations :: err = 1
MLMG: Initial rhs               = 432105576.6
MLMG: Initial residual (resid0) = 8806878601
MLMG: Final Iter. 3 resid, resid/resid0 = 0.002807377813, 3.187710357e-13
MLMG: Timers: Solve = 0.060321501 Iter = 0.060145662 Bottom = 0.059847798
2 iterations :: err = 4.482065758e-11
Steady state check : (phi(t) - phi(t-1)).norm0() = 9.955657575e-08
Advanced step 37332 in 0.135277524 seconds
 
step = 37332, Phi_Bc_hi = -4, num_Vapp = 46, sign = -1
MLMG: Initial rhs               = 432105576.2
MLMG: Initial residual (resid0) = 7829206667
MLMG: Final Iter. 3 resid, resid/resid0 = 0.003355727048, 4.286164858e-13
MLMG: Timers: Solve = 0.054469208 Iter = 0.054283975 Bottom = 0.053979641
1 iterations :: err = 1
MLMG: Initial rhs               = 432105576.2
MLMG: Initial residual (resid0) = 7829206667
MLMG: Final Iter. 3 resid, resid/resid0 = 0.004057765007, 5.182855913e-13
MLMG: Timers: Solve = 0.063098926 Iter = 0.062921916 Bottom = 0.062624342
2 iterations :: err = 3.026549934e-05
MLMG: Initial rhs               = 432105576.2
MLMG: Initial residual (resid0) = 7829206667
MLMG: Final Iter. 3 resid, resid/resid0 = 0.00244245644, 3.119672968e-13
MLMG: Timers: Solve = 0.062697784 Iter = 0.0625247 Bottom = 0.06222943
3 iterations :: err = 1.06806276e-08
voltage_sweep == 1 && num_Vapp == num_Vapp_max!
High-water FAB megabyte spread across MPI nodes: [171 ... 171]
Current     FAB megabyte spread across MPI nodes: [136 ... 136]
Total run time 5428.93563 seconds


TinyProfiler total time across processes [min...avg...max]: 5429 ... 5429 ... 5429

----------------------------------------------------------------------------------------------
Name                                           NCalls  Excl. Min  Excl. Avg  Excl. Max   Max %
----------------------------------------------------------------------------------------------
amrex::Dot()                                 52097350       1428       1428       1428  26.29%
MLABecLaplacian::Fapply()                    26348663       1176       1176       1176  21.66%
MLABecLaplacian::normalize()                 26273666      847.2      847.2      847.2  15.61%
FabArray::norminf()                          26723315        611        611        611  11.26%
ComputePhi_Rho()                                37378      265.3      265.3      265.3   4.89%
FillBoundary_nowait()                        26647705      217.6      217.6      217.6   4.01%
FabArray::Saxpy_Saxpy()                      13088307      171.7      171.7      171.7   3.16%
FabArray::Saypy_Saxpy()                      12960368      159.7      159.7      159.7   2.94%
FabArray::Saxpy_Xpay()                       12863316      146.3      146.3      146.3   2.69%
Calculate_Landau()                              37332      141.5      141.5      141.5   2.61%
Calculate_Grad()                                37332      73.16      73.16      73.16   1.35%
ComputeEfromPhi()                               74664       66.1       66.1       66.1   1.22%
MLCellLinOp::applyBC()                       26348663      41.99      41.99      41.99   0.77%
FabArray::setVal()                            1386976      16.36      16.36      16.36   0.30%
amrex::Copy()                                 1237995      13.48      13.48      13.48   0.25%
MLCGSolver::bicgstab                           224991      11.14      11.14      11.14   0.21%
main()                                              1      5.754      5.754      5.754   0.11%
MLCGSolver::ParallelAllReduce                65410648      4.903      4.903      4.903   0.09%
MLCellLinOp::apply()                         26348663      3.052      3.052      3.052   0.06%
FabArray::FillBoundary()                     26647705      2.965      2.965      2.965   0.05%
MLMG::solve()                                   74997     0.5044     0.5044     0.5044   0.01%
MLMG::actualBottomSolve()                      224991    0.08044    0.08044    0.08044   0.00%
MLCellLinOp::solutionResidual()                299988    0.03724    0.03724    0.03724   0.00%
MLMG::oneIter()                                224991    0.03537    0.03537    0.03537   0.00%
MLMG::mgVcycle_bottom                          224991    0.02217    0.02217    0.02217   0.00%
MLMG::computeResidual()                        224991    0.02214    0.02214    0.02214   0.00%
MLMG::mgVcycle()                               224991    0.01979    0.01979    0.01979   0.00%
Other                                        55358051      25.57      25.57      25.57   0.47%
----------------------------------------------------------------------------------------------

----------------------------------------------------------------------------------------------
Name                                           NCalls  Incl. Min  Incl. Avg  Incl. Max   Max %
----------------------------------------------------------------------------------------------
main()                                              1       5429       5429       5429 100.00%
ComputePhi_Rho()                                37378       5128       5128       5128  94.45%
MLMG::solve()                                   74997       4844       4844       4844  89.22%
MLMG::oneIter()                                224991       4810       4810       4810  88.61%
MLMG::mgVcycle()                               224991       4808       4808       4808  88.56%
MLMG::mgVcycle_bottom                          224991       4808       4808       4808  88.56%
MLMG::actualBottomSolve()                      224991       4808       4808       4808  88.56%
MLCGSolver::bicgstab                           224991       4806       4806       4806  88.52%
MLCellLinOp::apply()                         26348663       1441       1441       1441  26.55%
amrex::Dot()                                 52097350       1428       1428       1428  26.29%
MLABecLaplacian::Fapply()                    26348663       1176       1176       1176  21.66%
MLABecLaplacian::normalize()                 26273666      847.2      847.2      847.2  15.61%
MLCGSolver::ParallelAllReduce                65410648      723.3      723.3      723.3  13.32%
FabArray::norminf()                          26723315        611        611        611  11.26%
MLCellLinOp::applyBC()                       26348663      262.4      262.4      262.4   4.83%
FabArray::FillBoundary()                     26647705      223.2      223.2      223.2   4.11%
FillBoundary_nowait()                        26647705        219        219        219   4.03%
FabArray::Saxpy_Saxpy()                      13088307      171.7      171.7      171.7   3.16%
FabArray::Saypy_Saxpy()                      12960368      159.7      159.7      159.7   2.94%
FabArray::Saxpy_Xpay()                       12863316      146.3      146.3      146.3   2.69%
Calculate_Landau()                              37332      141.5      141.5      141.5   2.61%
Calculate_Grad()                                37332      73.16      73.16      73.16   1.35%
ComputeEfromPhi()                               74664       66.1       66.1       66.1   1.22%
MLCellLinOp::solutionResidual()                299988       20.5       20.5       20.5   0.38%
FabArray::setVal()                            1386976      16.36      16.36      16.36   0.30%
MLMG::computeResidual()                        224991      14.48      14.48      14.48   0.27%
amrex::Copy()                                 1237995      13.48      13.48      13.48   0.25%
Other                                        55358051      47.57      47.57      47.57   0.88%
----------------------------------------------------------------------------------------------

Device Memory Usage:
-------------------------------------------------------------------------
Name                                           Nalloc    AvgMem    MaxMem
-------------------------------------------------------------------------
The_Arena::Initialize()                             1     2   B    14 GiB
main()                                           1360   118 MiB   122 MiB
WritePlotfile()                                   752  3252   B    33 MiB
ResizeRandomSeed                                    2    13 MiB    13 MiB
MLCGSolver::bicgstab                         17999280  9380 KiB    10 MiB
MLMG::prepareForSolve()                            64  8135 KiB  8136 KiB
MLABecLaplacian::define()                          64  7823 KiB  7824 KiB
ComputePhi_Rho()                              8403520   196 KiB  7552 KiB
MultiFab::OverlapMask()                       1279046  2215   B  1889 KiB
BndryData::define()                               192  1735 KiB  1736 KiB
MLCellLinOp::defineAuxData()                      192   815 KiB   816 KiB
FillBoundary_nowait()                          524988   176 KiB   180 KiB
VisMF::Write(FabArray)                          13536     3   B   144 KiB
FabArray::setVal()                             750006    74 KiB    74 KiB
MultiFab::max()                                 37380  2059   B    74 KiB
MultiFab::norm1                                 75238    20   B    72 KiB
FabArray::norminf()                          26723315  8228   B    72 KiB
amrex::Dot()                                 52097350    18 KiB    72 KiB
amrex::Copy()                                  375288    29 KiB    29 KiB
MLCellLinOp::applyBC()                       26423667    25 KiB    26 KiB
MLCellLinOp::prepareForSolve()                      1     0   B    15 KiB
FabArray::LinComb()                             74998  2048   B  4096   B
MLABecLaplacian::Fapply()                      449982  3582   B  4096   B
FabArray::setVal(val, thecmd, scomp, ncomp)         8     0   B  3328   B
MultiFab::Divide()                              75238     1   B  2048   B
MLCellLinOp::defineBC()                             1  1791   B  1792   B
-------------------------------------------------------------------------

Managed Memory Usage:
---------------------------------------------------------
Name                             Nalloc  AvgMem    MaxMem
---------------------------------------------------------
The_Managed_Arena::Initialize()       1   0   B  8192 KiB
main()                                1   0   B    31 KiB
---------------------------------------------------------

Pinned Memory Usage:
-------------------------------------------------------------------------
Name                                           Nalloc    AvgMem    MaxMem
-------------------------------------------------------------------------
The_Pinned_Arena::Initialize()                      1     0   B  8192 KiB
VisMF::Write(FabArray)                          14288   122   B  2124 KiB
FillBoundary_nowait()                          524988   176 KiB   180 KiB
FabArray::setVal()                             750006    74 KiB    74 KiB
amrex::Copy()                                  375288    29 KiB    29 KiB
MLCellLinOp::applyBC()                          75004    25 KiB    25 KiB
MLCellLinOp::prepareForSolve()                      1     0   B    15 KiB
FabArray::LinComb()                             74998  2048   B  4096   B
MLABecLaplacian::Fapply()                      449982  3582   B  4096   B
FabArray::setVal(val, thecmd, scomp, ncomp)         8     0   B  3328   B
MultiFab::max()                                 37380  2048   B  2304   B
MultiFab::Divide()                              75238     1   B  2048   B
MLCellLinOp::setLevelBC()                          47     0   B  1792   B
MultiFab::OverlapMask()                         75238     0   B  1792   B
amrex::Dot()                                 52097350    66   B   256   B
Unprofiled                                         15     0   B   256   B
MultiFab::norm1                                 75238     0   B   256   B
FabArray::norminf()                          26723315    28   B   256   B
-------------------------------------------------------------------------

Total GPU global memory (MB) spread across MPI: [20019 ... 20019]
Free  GPU global memory (MB) spread across MPI: [4658 ... 4658]
[The         Arena] max space (MB) allocated spread across MPI: [15014 ... 15014]
[The         Arena] max space (MB) used      spread across MPI: [183 ... 183]
[The Managed Arena] max space (MB) allocated spread across MPI: [8 ... 8]
[The Managed Arena] max space (MB) used      spread across MPI: [0 ... 0]
[The  Pinned Arena] max space (MB) allocated spread across MPI: [8 ... 8]
[The  Pinned Arena] max space (MB) used      spread across MPI: [2 ... 2]
AMReX (26.05-39-gbe2cc437644f) finalized

EXIT_CODE=0
Mon Jul 20 07:38:14 CST 2026
