 
MLMG: Initial rhs               = 174004485.5
MLMG: Initial residual (resid0) = 9462338967
MLMG: Final Iter. 3 resid, resid/resid0 = 0.001008152962, 1.065437378e-13
MLMG: Timers: Solve = 0.057433806 Iter = 0.057203925 Bottom = 0.056831859
1 iterations :: err = 1
MLMG: Initial rhs               = 174004485.5
MLMG: Initial residual (resid0) = 9462338967
MLMG: Final Iter. 3 resid, resid/resid0 = 0.0008222595001, 8.68981235e-14
MLMG: Timers: Solve = 0.057467027 Iter = 0.057260432 Bottom = 0.056883076
2 iterations :: err = 2.630948714e-11
Steady state check : (phi(t) - phi(t-1)).norm0() = 1.060438324e-07
Advanced step 30225 in 0.132486366 seconds
 
MLMG: Initial rhs               = 174004341.1
MLMG: Initial residual (resid0) = 9462338977
MLMG: Final Iter. 3 resid, resid/resid0 = 0.004660705046, 4.925531687e-13
MLMG: Timers: Solve = 0.052346113 Iter = 0.052130905 Bottom = 0.051744405
1 iterations :: err = 1
MLMG: Initial rhs               = 174004341.1
MLMG: Initial residual (resid0) = 9462338977
MLMG: Final Iter. 3 resid, resid/resid0 = 0.002262515411, 2.391074148e-13
MLMG: Timers: Solve = 0.05381242 Iter = 0.053553235 Bottom = 0.053152214
2 iterations :: err = 1.163774639e-10
Steady state check : (phi(t) - phi(t-1)).norm0() = 8.787364729e-08
Advanced step 30226 in 0.122516313 seconds
 
step = 30226, Phi_Bc_hi = -4, num_Vapp = 46, sign = -1
MLMG: Initial rhs               = 174004219.8
MLMG: Initial residual (resid0) = 8409488291
MLMG: Final Iter. 3 resid, resid/resid0 = 0.003481780254, 4.140299783e-13
MLMG: Timers: Solve = 0.057146288 Iter = 0.056880202 Bottom = 0.056480061
1 iterations :: err = 1
MLMG: Initial rhs               = 174004219.8
MLMG: Initial residual (resid0) = 8409488291
MLMG: Final Iter. 3 resid, resid/resid0 = 0.0009709919104, 1.154638519e-13
MLMG: Timers: Solve = 0.059250549 Iter = 0.0590358 Bottom = 0.058632785
2 iterations :: err = 0.00377572761
MLMG: Initial rhs               = 174004219.8
MLMG: Initial residual (resid0) = 8409488291
MLMG: Final Iter. 3 resid, resid/resid0 = 0.0004891306162, 5.816413547e-14
MLMG: Timers: Solve = 0.057494669 Iter = 0.057240551 Bottom = 0.056852841
3 iterations :: err = 0.000277795556
MLMG: Initial rhs               = 174004219.8
MLMG: Initial residual (resid0) = 8409488291
MLMG: Final Iter. 3 resid, resid/resid0 = 0.001630654206, 1.93906472e-13
MLMG: Timers: Solve = 0.055926546 Iter = 0.055677997 Bottom = 0.055277646
4 iterations :: err = 1.188044683e-06
voltage_sweep == 1 && num_Vapp == num_Vapp_max!
High-water FAB megabyte spread across MPI nodes: [171 ... 171]
Current     FAB megabyte spread across MPI nodes: [136 ... 136]
Total run time 5316.748925 seconds


TinyProfiler total time across processes [min...avg...max]: 5317 ... 5317 ... 5317

----------------------------------------------------------------------------------------------
Name                                           NCalls  Excl. Min  Excl. Avg  Excl. Max   Max %
----------------------------------------------------------------------------------------------
amrex::Dot()                                 44734606       1373       1373       1373  25.82%
MLABecLaplacian::Fapply()                    22609998       1035       1035       1035  19.46%
MLABecLaplacian::normalize()                 22549324      785.8      785.8      785.8  14.78%
FabArray::norminf()                          22913145      599.5      599.5      599.5  11.28%
ComputePhi_Rho()                                30272      288.4      288.4      288.4   5.42%
FillBoundary_nowait()                        22852081      249.1      249.1      249.1   4.69%
FabArray::Saxpy_Saxpy()                      11239515      177.1      177.1      177.1   3.33%
FabArray::Saypy_Saxpy()                      11127788      166.9      166.9      166.9   3.14%
FabArray::Saxpy_Xpay()                       11057494      155.2      155.2      155.2   2.92%
Calculate_Landau()                              30226      115.3      115.3      115.3   2.17%
ComputeEfromPhi()                               60452      93.16      93.16      93.16   1.75%
MLCellLinOp::applyBC()                       22609998      70.36      70.36      70.36   1.32%
Calculate_Grad()                                30226      58.07      58.07      58.07   1.09%
MLCGSolver::bicgstab                           182021      29.72      29.72      29.72   0.56%
CalculateTDGL_RHS()                             30226      21.21      21.21      21.21   0.40%
FabArray::setVal()                            1122164       20.2       20.2       20.2   0.38%
amrex::Copy()                                 1001718      15.75      15.75      15.75   0.30%
MLCGSolver::ParallelAllReduce                56156142      9.276      9.276      9.276   0.17%
main()                                              1      7.749      7.749      7.749   0.15%
MLCellLinOp::apply()                         22609998      5.587      5.587      5.587   0.11%
FabArray::FillBoundary()                     22852081      5.414      5.414      5.414   0.10%
MLMG::solve()                                   60674      3.653      3.653      3.653   0.07%
MLMG::actualBottomSolve()                      182021     0.7386     0.7386     0.7386   0.01%
MLMG::oneIter()                                182021     0.2957     0.2957     0.2957   0.01%
MLCellLinOp::solutionResidual()                242695     0.2144     0.2144     0.2144   0.00%
MLMG::computeResidual()                        182021     0.2059     0.2059     0.2059   0.00%
MLMG::mgVcycle_bottom                          182021     0.1885     0.1885     0.1885   0.00%
MLMG::mgVcycle()                               182021      0.105      0.105      0.105   0.00%
Other                                        47342635      29.92      29.92      29.92   0.56%
----------------------------------------------------------------------------------------------

----------------------------------------------------------------------------------------------
Name                                           NCalls  Incl. Min  Incl. Avg  Incl. Max   Max %
----------------------------------------------------------------------------------------------
main()                                              1       5317       5317       5317 100.00%
ComputePhi_Rho()                                30272       5009       5009       5009  94.21%
MLMG::solve()                                   60674       4696       4696       4696  88.33%
MLMG::oneIter()                                182021       4659       4659       4659  87.62%
MLMG::mgVcycle()                               182021       4656       4656       4656  87.57%
MLMG::mgVcycle_bottom                          182021       4656       4656       4656  87.57%
MLMG::actualBottomSolve()                      182021       4655       4655       4655  87.56%
MLCGSolver::bicgstab                           182021       4652       4652       4652  87.50%
amrex::Dot()                                 44734606       1373       1373       1373  25.82%
MLCellLinOp::apply()                         22609998       1367       1367       1367  25.71%
MLABecLaplacian::Fapply()                    22609998       1035       1035       1035  19.46%
MLABecLaplacian::normalize()                 22549324      785.8      785.8      785.8  14.78%
MLCGSolver::ParallelAllReduce                56156142        700        700        700  13.17%
FabArray::norminf()                          22913145      599.5      599.5      599.5  11.28%
MLCellLinOp::applyBC()                       22609998      326.6      326.6      326.6   6.14%
FabArray::FillBoundary()                     22852081      259.4      259.4      259.4   4.88%
FillBoundary_nowait()                        22852081      251.7      251.7      251.7   4.73%
FabArray::Saxpy_Saxpy()                      11239515      177.1      177.1      177.1   3.33%
FabArray::Saypy_Saxpy()                      11127788      166.9      166.9      166.9   3.14%
FabArray::Saxpy_Xpay()                       11057494      155.2      155.2      155.2   2.92%
Calculate_Landau()                              30226      115.3      115.3      115.3   2.17%
ComputeEfromPhi()                               60452      93.16      93.16      93.16   1.75%
Calculate_Grad()                                30226      58.07      58.07      58.07   1.09%
CalculateTDGL_RHS()                             30226      22.56      22.56      22.56   0.42%
MLCellLinOp::solutionResidual()                242695      20.71      20.71      20.71   0.39%
FabArray::setVal()                            1122164       20.2       20.2       20.2   0.38%
amrex::Copy()                                 1001718      15.75      15.75      15.75   0.30%
MLMG::computeResidual()                        182021      14.07      14.07      14.07   0.26%
Other                                        47342635      52.01      52.01      52.01   0.98%
----------------------------------------------------------------------------------------------

Device Memory Usage:
-------------------------------------------------------------------------
Name                                           Nalloc    AvgMem    MaxMem
-------------------------------------------------------------------------
The_Arena::Initialize()                             1     6   B    14 GiB
main()                                           1360   118 MiB   122 MiB
WritePlotfile()                                   752  5851   B    33 MiB
ResizeRandomSeed                                    2    13 MiB    13 MiB
MLCGSolver::bicgstab                         14561680  9260 KiB    10 MiB
MLMG::prepareForSolve()                            64  8135 KiB  8136 KiB
MLABecLaplacian::define()                          64  7823 KiB  7824 KiB
ComputePhi_Rho()                              6797568   198 KiB  7552 KiB
MultiFab::OverlapMask()                       1033668  2975   B  1889 KiB
BndryData::define()                               192  1735 KiB  1736 KiB
MLCellLinOp::defineAuxData()                      192   815 KiB   816 KiB
FillBoundary_nowait()                          424725   175 KiB   180 KiB
VisMF::Write(FabArray)                          13536     5   B   144 KiB
FabArray::setVal()                             606774    74 KiB    74 KiB
MultiFab::max()                                 30274  2060   B    74 KiB
MultiFab::norm1                                 60804    20   B    72 KiB
FabArray::norminf()                          22913145  8175   B    72 KiB
amrex::Dot()                                 44734606    18 KiB    72 KiB
amrex::Copy()                                  303561    29 KiB    29 KiB
MLCellLinOp::applyBC()                       22670679    25 KiB    26 KiB
MLCellLinOp::prepareForSolve()                      1     0   B    15 KiB
FabArray::LinComb()                             60675  2048   B  4096   B
MLABecLaplacian::Fapply()                      364042  3532   B  4096   B
FabArray::setVal(val, thecmd, scomp, ncomp)         8     0   B  3328   B
MultiFab::Divide()                              60804     1   B  2048   B
MLCellLinOp::defineBC()                             1  1791   B  1792   B
-------------------------------------------------------------------------

Managed Memory Usage:
---------------------------------------------------------
Name                             Nalloc  AvgMem    MaxMem
---------------------------------------------------------
The_Managed_Arena::Initialize()       1   0   B  8192 KiB
main()                                1   0   B    31 KiB
---------------------------------------------------------

Pinned Memory Usage:
-------------------------------------------------------------------------
Name                                           Nalloc    AvgMem    MaxMem
-------------------------------------------------------------------------
The_Pinned_Arena::Initialize()                      1     0   B  8192 KiB
VisMF::Write(FabArray)                          14288   235   B  2124 KiB
FillBoundary_nowait()                          424725   175 KiB   180 KiB
FabArray::setVal()                             606774    74 KiB    74 KiB
amrex::Copy()                                  303561    29 KiB    29 KiB
MLCellLinOp::applyBC()                          60681    25 KiB    25 KiB
MLCellLinOp::prepareForSolve()                      1     0   B    15 KiB
FabArray::LinComb()                             60675  2048   B  4096   B
MLABecLaplacian::Fapply()                      364042  3532   B  4096   B
FabArray::setVal(val, thecmd, scomp, ncomp)         8     0   B  3328   B
MultiFab::max()                                 30274  2048   B  2304   B
MultiFab::Divide()                              60804     1   B  2048   B
MLCellLinOp::setLevelBC()                          47     0   B  1792   B
MultiFab::OverlapMask()                         60804     0   B  1792   B
amrex::Dot()                                 44734606    65   B   256   B
Unprofiled                                         15     0   B   256   B
MultiFab::norm1                                 60804     0   B   256   B
FabArray::norminf()                          22913145    28   B   256   B
-------------------------------------------------------------------------

Total GPU global memory (MB) spread across MPI: [20019 ... 20019]
Free  GPU global memory (MB) spread across MPI: [4686 ... 4686]
[The         Arena] max space (MB) allocated spread across MPI: [15014 ... 15014]
[The         Arena] max space (MB) used      spread across MPI: [183 ... 183]
[The Managed Arena] max space (MB) allocated spread across MPI: [8 ... 8]
[The Managed Arena] max space (MB) used      spread across MPI: [0 ... 0]
[The  Pinned Arena] max space (MB) allocated spread across MPI: [8 ... 8]
[The  Pinned Arena] max space (MB) used      spread across MPI: [2 ... 2]
AMReX (26.05-39-gbe2cc437644f) finalized

EXIT_CODE=0
Thu Jul 23 05:05:30 CST 2026
