MLMG: Final Iter. 3 resid, resid/resid0 = 0.002733696025, 2.887974438e-13
MLMG: Timers: Solve = 0.103677619 Iter = 0.103472537 Bottom = 0.103121522
2 iterations :: err = 5.4280718e-10
Steady state check : (phi(t) - phi(t-1)).norm0() = 1.349273337e-07
Advanced step 24259 in 0.234250568 seconds
 
MLMG: Initial rhs               = 399365441.8
MLMG: Initial residual (resid0) = 9465790238
MLMG: Final Iter. 3 resid, resid/resid0 = 0.002665213579, 2.815627129e-13
MLMG: Timers: Solve = 0.096533286 Iter = 0.096307043 Bottom = 0.09595253
1 iterations :: err = 1
MLMG: Initial rhs               = 399365467.5
MLMG: Initial residual (resid0) = 9465790238
MLMG: Final Iter. 3 resid, resid/resid0 = 0.003881088221, 4.10012067e-13
MLMG: Timers: Solve = 0.097256604 Iter = 0.097043738 Bottom = 0.096690524
2 iterations :: err = 5.808212374e-11
Steady state check : (phi(t) - phi(t-1)).norm0() = 1.042979929e-07
Advanced step 24260 in 0.232557629 seconds
 
MLMG: Initial rhs               = 399365467.5
MLMG: Initial residual (resid0) = 9465790238
MLMG: Final Iter. 3 resid, resid/resid0 = 0.002092070691, 2.210138445e-13
MLMG: Timers: Solve = 0.112454536 Iter = 0.112233778 Bottom = 0.111867709
1 iterations :: err = 1
MLMG: Initial rhs               = 399365487.5
MLMG: Initial residual (resid0) = 9465790238
MLMG: Final Iter. 3 resid, resid/resid0 = 0.003181167704, 3.360699555e-13
MLMG: Timers: Solve = 0.105050265 Iter = 0.10484319 Bottom = 0.1044839
2 iterations :: err = 8.612221463e-11
Steady state check : (phi(t) - phi(t-1)).norm0() = 8.059751946e-08
Advanced step 24261 in 0.234268444 seconds
 
step = 24261, Phi_Bc_hi = -4, num_Vapp = 46, sign = -1
MLMG: Initial rhs               = 399365487.5
MLMG: Initial residual (resid0) = 8412939543
MLMG: Final Iter. 3 resid, resid/resid0 = 0.001703768423, 2.025176116e-13
MLMG: Timers: Solve = 0.085392643 Iter = 0.08516117 Bottom = 0.084798078
1 iterations :: err = 1
MLMG: Initial rhs               = 386354737.5
MLMG: Initial residual (resid0) = 8412939543
MLMG: Final Iter. 3 resid, resid/resid0 = 0.001110181734, 1.319612162e-13
MLMG: Timers: Solve = 0.090647407 Iter = 0.090429578 Bottom = 0.090069457
2 iterations :: err = 2.330499299e-05
MLMG: Initial rhs               = 386246149.2
MLMG: Initial residual (resid0) = 8412939543
MLMG: Final Iter. 3 resid, resid/resid0 = 0.001922489116, 2.285157413e-13
MLMG: Timers: Solve = 0.113134938 Iter = 0.112920336 Bottom = 0.112551698
3 iterations :: err = 5.562689969e-09
voltage_sweep == 1 && num_Vapp == num_Vapp_max!
High-water FAB megabyte spread across MPI nodes: [171 ... 171]
Current     FAB megabyte spread across MPI nodes: [136 ... 136]
Total run time 7553.192267 seconds


TinyProfiler total time across processes [min...avg...max]: 7553 ... 7553 ... 7553

----------------------------------------------------------------------------------------------
Name                                           NCalls  Excl. Min  Excl. Avg  Excl. Max   Max %
----------------------------------------------------------------------------------------------
amrex::Dot()                                 33530936       1987       1987       1987  26.31%
MLABecLaplacian::Fapply()                    16960719       1501       1501       1501  19.87%
MLABecLaplacian::normalize()                 16911905       1097       1097       1097  14.52%
FabArray::norminf()                          17204492      935.2      935.2      935.2  12.38%
ComputePhi_Rho()                                24307      380.7      380.7      380.7   5.04%
FillBoundary_nowait()                        17155152      353.1      353.1      353.1   4.68%
FabArray::Saxpy_Saxpy()                       8424650      239.1      239.1      239.1   3.17%
FabArray::Saypy_Saxpy()                       8340818      229.6      229.6      229.6   3.04%
FabArray::Saxpy_Xpay()                        8278213      210.1      210.1      210.1   2.78%
Calculate_Landau()                              24261        167        167        167   2.21%
ComputeEfromPhi()                               48522      97.29      97.29      97.29   1.29%
Calculate_Grad()                                24261      86.07      86.07      86.07   1.14%
MLCellLinOp::applyBC()                       16960719      82.57      82.57      82.57   1.09%
MLCGSolver::bicgstab                           146437      38.55      38.55      38.55   0.51%
FabArray::setVal()                             902637      26.41      26.41      26.41   0.35%
amrex::Copy()                                  805981      20.91      20.91      20.91   0.28%
main()                                              1      15.69      15.69      15.69   0.21%
CalculateTDGL_RHS()                             24261      12.84      12.84      12.84   0.17%
MLCGSolver::ParallelAllReduce                42102023      12.09      12.09      12.09   0.16%
MLCellLinOp::apply()                         16960719      9.077      9.077      9.077   0.12%
FabArray::FillBoundary()                     17155152      8.208      8.208      8.208   0.11%
MLMG::solve()                                   48814      2.564      2.564      2.564   0.03%
MLMG::actualBottomSolve()                      146437     0.4713     0.4713     0.4713   0.01%
MLMG::oneIter()                                146437     0.2508     0.2508     0.2508   0.00%
MLCellLinOp::solutionResidual()                195251     0.1408     0.1408     0.1408   0.00%
MLMG::computeResidual()                        146437       0.13       0.13       0.13   0.00%
MLMG::mgVcycle_bottom                          146437     0.1087     0.1087     0.1087   0.00%
MLMG::mgVcycle()                               146437     0.0584     0.0584     0.0584   0.00%
Other                                        35628611      40.08      40.08      40.08   0.53%
----------------------------------------------------------------------------------------------

----------------------------------------------------------------------------------------------
Name                                           NCalls  Incl. Min  Incl. Avg  Incl. Max   Max %
----------------------------------------------------------------------------------------------
main()                                              1       7553       7553       7553 100.00%
ComputePhi_Rho()                                24307       7155       7155       7155  94.73%
MLMG::solve()                                   48814       6742       6742       6742  89.26%
MLMG::oneIter()                                146437       6692       6692       6692  88.59%
MLMG::mgVcycle()                               146437       6688       6688       6688  88.54%
MLMG::mgVcycle_bottom                          146437       6688       6688       6688  88.54%
MLMG::actualBottomSolve()                      146437       6688       6688       6688  88.54%
MLCGSolver::bicgstab                           146437       6684       6684       6684  88.49%
amrex::Dot()                                 33530936       1987       1987       1987  26.31%
MLCellLinOp::apply()                         16960719       1955       1955       1955  25.89%
MLABecLaplacian::Fapply()                    16960719       1501       1501       1501  19.87%
MLABecLaplacian::normalize()                 16911905       1097       1097       1097  14.52%
MLCGSolver::ParallelAllReduce                42102023       1015       1015       1015  13.43%
FabArray::norminf()                          17204492      935.2      935.2      935.2  12.38%
MLCellLinOp::applyBC()                       16960719      445.3      445.3      445.3   5.90%
FabArray::FillBoundary()                     17155152      367.8      367.8      367.8   4.87%
FillBoundary_nowait()                        17155152      357.1      357.1      357.1   4.73%
FabArray::Saxpy_Saxpy()                       8424650      239.1      239.1      239.1   3.17%
FabArray::Saypy_Saxpy()                       8340818      229.6      229.6      229.6   3.04%
FabArray::Saxpy_Xpay()                        8278213      210.1      210.1      210.1   2.78%
Calculate_Landau()                              24261        167        167        167   2.21%
ComputeEfromPhi()                               48522      97.29      97.29      97.29   1.29%
Calculate_Grad()                                24261      86.07      86.07      86.07   1.14%
MLCellLinOp::solutionResidual()                195251      29.44      29.44      29.44   0.39%
FabArray::setVal()                             902637      26.41      26.41      26.41   0.35%
amrex::Copy()                                  805981      20.91      20.91      20.91   0.28%
MLMG::computeResidual()                        146437      20.85      20.85      20.85   0.28%
CalculateTDGL_RHS()                             24261      14.84      14.84      14.84   0.20%
Other                                        35628611      72.75      72.75      72.75   0.96%
----------------------------------------------------------------------------------------------

Device Memory Usage:
-------------------------------------------------------------------------
Name                                           Nalloc    AvgMem    MaxMem
-------------------------------------------------------------------------
The_Arena::Initialize()                             1     3   B    16 GiB
main()                                           1360   118 MiB   122 MiB
WritePlotfile()                                   752  8267   B    33 MiB
ResizeRandomSeed                                    2    16 MiB    16 MiB
MLCGSolver::bicgstab                         11714960  9371 KiB    10 MiB
MLMG::prepareForSolve()                            64  8135 KiB  8136 KiB
MLABecLaplacian::define()                          64  7823 KiB  7824 KiB
ComputePhi_Rho()                              5470368   196 KiB  7552 KiB
MultiFab::OverlapMask()                        833238  2746   B  1889 KiB
BndryData::define()                               192  1735 KiB  1736 KiB
MLCellLinOp::defineAuxData()                      192   815 KiB   816 KiB
FillBoundary_nowait()                          341697   176 KiB   180 KiB
VisMF::Write(FabArray)                          13536    10   B   174 KiB
MultiFab::max()                                 24309  2062   B    89 KiB
MultiFab::norm1                                 49014    29   B    87 KiB
FabArray::norminf()                          17204492    10 KiB    87 KiB
amrex::Dot()                                 33530936    22 KiB    87 KiB
FabArray::setVal()                             488166    74 KiB    74 KiB
amrex::Copy()                                  244327    29 KiB    29 KiB
MLCellLinOp::applyBC()                       17009540    25 KiB    26 KiB
MLCellLinOp::prepareForSolve()                      1     0   B    15 KiB
FabArray::LinComb()                             48815  2048   B  4096   B
MLABecLaplacian::Fapply()                      292874  3576   B  4096   B
FabArray::setVal(val, thecmd, scomp, ncomp)         8     0   B  3328   B
MultiFab::Divide()                              49014     1   B  2048   B
MLCellLinOp::defineBC()                             1  1791   B  1792   B
-------------------------------------------------------------------------

Managed Memory Usage:
---------------------------------------------------------
Name                             Nalloc  AvgMem    MaxMem
---------------------------------------------------------
The_Managed_Arena::Initialize()       1   0   B  8192 KiB
main()                                1   0   B    31 KiB
---------------------------------------------------------

Pinned Memory Usage:
-------------------------------------------------------------------------
Name                                           Nalloc    AvgMem    MaxMem
-------------------------------------------------------------------------
The_Pinned_Arena::Initialize()                      1     0   B  8192 KiB
VisMF::Write(FabArray)                          14288   313   B  2124 KiB
FillBoundary_nowait()                          341697   176 KiB   180 KiB
FabArray::setVal()                             488166    74 KiB    74 KiB
amrex::Copy()                                  244327    29 KiB    29 KiB
MLCellLinOp::applyBC()                          48821    25 KiB    25 KiB
MLCellLinOp::prepareForSolve()                      1     0   B    15 KiB
FabArray::LinComb()                             48815  2048   B  4096   B
MLABecLaplacian::Fapply()                      292874  3576   B  4096   B
FabArray::setVal(val, thecmd, scomp, ncomp)         8     0   B  3328   B
MultiFab::max()                                 24309  2048   B  2304   B
MultiFab::Divide()                              49014     1   B  2048   B
MLCellLinOp::setLevelBC()                          47     0   B  1792   B
MultiFab::OverlapMask()                         49014     0   B  1792   B
amrex::Dot()                                 33530936    66   B   256   B
Unprofiled                                         15     0   B   256   B
MultiFab::norm1                                 49014     0   B   256   B
FabArray::norminf()                          17204492    31   B   256   B
-------------------------------------------------------------------------

Total GPU global memory (MB) spread across MPI: [22491 ... 22491]
Free  GPU global memory (MB) spread across MPI: [5299 ... 5299]
[The         Arena] max space (MB) allocated spread across MPI: [16868 ... 16868]
[The         Arena] max space (MB) used      spread across MPI: [186 ... 186]
[The Managed Arena] max space (MB) allocated spread across MPI: [8 ... 8]
[The Managed Arena] max space (MB) used      spread across MPI: [0 ... 0]
[The  Pinned Arena] max space (MB) allocated spread across MPI: [8 ... 8]
[The  Pinned Arena] max space (MB) used      spread across MPI: [2 ... 2]
AMReX (26.05-39-gbe2cc437644f) finalized

EXIT_CODE=0
Fri Jul 24 15:09:22 UTC 2026
