2 iterations :: err = 3.029019875e-10
Steady state check : (phi(t) - phi(t-1)).norm0() = 1.014690914e-07
Advanced step 45109 in 0.14806923 seconds
 
MLMG: Initial rhs               = 576379690.6
MLMG: Initial residual (resid0) = 9507108133
MLMG: Final Iter. 3 resid, resid/resid0 = 0.004268838521, 4.490154589e-13
MLMG: Timers: Solve = 0.064231723 Iter = 0.063933448 Bottom = 0.063483621
1 iterations :: err = 1
MLMG: Initial rhs               = 576379690.6
MLMG: Initial residual (resid0) = 9507108133
MLMG: Final Iter. 3 resid, resid/resid0 = 0.004300311208, 4.523258963e-13
MLMG: Timers: Solve = 0.064266606 Iter = 0.063976504 Bottom = 0.063530594
2 iterations :: err = 1.600472182e-10
Steady state check : (phi(t) - phi(t-1)).norm0() = 1.006822546e-07
Advanced step 45110 in 0.145495743 seconds
 
MLMG: Initial rhs               = 576379690
MLMG: Initial residual (resid0) = 9507108133
MLMG: Final Iter. 3 resid, resid/resid0 = 0.003010701309, 3.166789803e-13
MLMG: Timers: Solve = 0.065870774 Iter = 0.06544189 Bottom = 0.064921495
1 iterations :: err = 1
MLMG: Initial rhs               = 576379690
MLMG: Initial residual (resid0) = 9507108133
MLMG: Final Iter. 3 resid, resid/resid0 = 0.004010757449, 4.218693417e-13
MLMG: Timers: Solve = 0.066642912 Iter = 0.066314581 Bottom = 0.065893849
2 iterations :: err = 1.563525052e-10
Steady state check : (phi(t) - phi(t-1)).norm0() = 9.991166997e-08
Advanced step 45111 in 0.159795201 seconds
 
step = 45111, Phi_Bc_hi = -4, num_Vapp = 46, sign = -1
MLMG: Initial rhs               = 576379690
MLMG: Initial residual (resid0) = 8454257439
MLMG: Final Iter. 3 resid, resid/resid0 = 0.002692087577, 3.184298084e-13
MLMG: Timers: Solve = 0.069651472 Iter = 0.069292906 Bottom = 0.068857381
1 iterations :: err = 1
MLMG: Initial rhs               = 576379690.1
MLMG: Initial residual (resid0) = 8454257439
MLMG: Final Iter. 3 resid, resid/resid0 = 0.002186815559, 2.586644155e-13
MLMG: Timers: Solve = 0.071890779 Iter = 0.071636621 Bottom = 0.07119608
2 iterations :: err = 3.792935222e-05
MLMG: Initial rhs               = 576379690.1
MLMG: Initial residual (resid0) = 8454257439
MLMG: Final Iter. 3 resid, resid/resid0 = 0.002895355536, 3.424730742e-13
MLMG: Timers: Solve = 0.075895339 Iter = 0.075624786 Bottom = 0.075192166
3 iterations :: err = 1.606852252e-08
voltage_sweep == 1 && num_Vapp == num_Vapp_max!
High-water FAB megabyte spread across MPI nodes: [171 ... 171]
Current     FAB megabyte spread across MPI nodes: [136 ... 136]
Total run time 8035.999917 seconds


TinyProfiler total time across processes [min...avg...max]: 8036 ... 8036 ... 8036

----------------------------------------------------------------------------------------------
Name                                           NCalls  Excl. Min  Excl. Avg  Excl. Max   Max %
----------------------------------------------------------------------------------------------
amrex::Dot()                                 66679406       2089       2089       2089  25.99%
MLABecLaplacian::Fapply()                    33701611       1554       1554       1554  19.33%
MLABecLaplacian::normalize()                 33611134       1188       1188       1188  14.79%
FabArray::norminf()                          34153741      916.4      916.4      916.4  11.40%
ComputePhi_Rho()                                45157      403.3      403.3      403.3   5.02%
FillBoundary_nowait()                        34062807      389.2      389.2      389.2   4.84%
FabArray::Saxpy_Saxpy()                      16747016      272.6      272.6      272.6   3.39%
FabArray::Saypy_Saxpy()                      16592687      257.4      257.4      257.4   3.20%
FabArray::Saxpy_Xpay()                       16475585      239.6      239.6      239.6   2.98%
Calculate_Landau()                              45111        172        172        172   2.14%
ComputeEfromPhi()                               90222      120.6      120.6      120.6   1.50%
MLCellLinOp::applyBC()                       33701611        113        113        113   1.41%
Calculate_Grad()                                45111      86.97      86.97      86.97   1.08%
MLCGSolver::bicgstab                           271431      48.43      48.43      48.43   0.60%
FabArray::setVal()                            1673473      31.92      31.92      31.92   0.40%
CalculateTDGL_RHS()                             45111      26.04      26.04      26.04   0.32%
amrex::Copy()                                 1493454      24.93      24.93      24.93   0.31%
MLCGSolver::ParallelAllReduce                83697853      15.54      15.54      15.54   0.19%
main()                                              1       12.3       12.3       12.3   0.15%
MLCellLinOp::apply()                         33701611      9.271      9.271      9.271   0.12%
FabArray::FillBoundary()                     34062807      8.716      8.716      8.716   0.11%
MLMG::solve()                                   90477      6.149      6.149      6.149   0.08%
MLMG::actualBottomSolve()                      271431      1.187      1.187      1.187   0.01%
MLMG::oneIter()                                271431     0.5011     0.5011     0.5011   0.01%
MLCellLinOp::solutionResidual()                361908     0.4028     0.4028     0.4028   0.01%
MLMG::computeResidual()                        271431     0.3742     0.3742     0.3742   0.00%
MLMG::mgVcycle_bottom                          271431       0.31       0.31       0.31   0.00%
MLMG::mgVcycle()                               271431       0.17       0.17       0.17   0.00%
MLMG::computeMLResidual()                       90477    0.09503    0.09503    0.09503   0.00%
Other                                        70478328      47.65      47.65      47.65   0.59%
----------------------------------------------------------------------------------------------

----------------------------------------------------------------------------------------------
Name                                           NCalls  Incl. Min  Incl. Avg  Incl. Max   Max %
----------------------------------------------------------------------------------------------
main()                                              1       8036       8036       8036 100.00%
ComputePhi_Rho()                                45157       7599       7599       7599  94.56%
MLMG::solve()                                   90477       7156       7156       7156  89.06%
MLMG::oneIter()                                271431       7098       7098       7098  88.33%
MLMG::mgVcycle()                               271431       7093       7093       7093  88.27%
MLMG::mgVcycle_bottom                          271431       7093       7093       7093  88.26%
MLMG::actualBottomSolve()                      271431       7093       7093       7093  88.26%
MLCGSolver::bicgstab                           271431       7088       7088       7088  88.20%
amrex::Dot()                                 66679406       2089       2089       2089  25.99%
MLCellLinOp::apply()                         33701611       2077       2077       2077  25.84%
MLABecLaplacian::Fapply()                    33701611       1554       1554       1554  19.33%
MLABecLaplacian::normalize()                 33611134       1188       1188       1188  14.79%
MLCGSolver::ParallelAllReduce                83697853       1066       1066       1066  13.26%
FabArray::norminf()                          34153741      916.4      916.4      916.4  11.40%
MLCellLinOp::applyBC()                       33701611      513.9      513.9      513.9   6.39%
FabArray::FillBoundary()                     34062807      405.8      405.8      405.8   5.05%
FillBoundary_nowait()                        34062807      393.3      393.3      393.3   4.89%
FabArray::Saxpy_Saxpy()                      16747016      272.6      272.6      272.6   3.39%
FabArray::Saypy_Saxpy()                      16592687      257.4      257.4      257.4   3.20%
FabArray::Saxpy_Xpay()                       16475585      239.6      239.6      239.6   2.98%
Calculate_Landau()                              45111        172        172        172   2.14%
ComputeEfromPhi()                               90222      120.6      120.6      120.6   1.50%
Calculate_Grad()                                45111      86.97      86.97      86.97   1.08%
MLCellLinOp::solutionResidual()                361908       32.2       32.2       32.2   0.40%
FabArray::setVal()                            1673473      31.92      31.92      31.92   0.40%
CalculateTDGL_RHS()                             45111      28.15      28.15      28.15   0.35%
amrex::Copy()                                 1493454      24.93      24.93      24.93   0.31%
MLMG::computeResidual()                        271431      21.64      21.64      21.64   0.27%
MLMG::computeMLResidual()                       90477      11.04      11.04      11.04   0.14%
Other                                        70478328      70.42      70.42      70.42   0.88%
----------------------------------------------------------------------------------------------

Device Memory Usage:
-------------------------------------------------------------------------
Name                                           Nalloc    AvgMem    MaxMem
-------------------------------------------------------------------------
The_Arena::Initialize()                             1     3   B    14 GiB
main()                                           1360   118 MiB   122 MiB
WritePlotfile()                                   752  4303   B    33 MiB
ResizeRandomSeed                                    2    13 MiB    13 MiB
MLCGSolver::bicgstab                         21714480  9333 KiB    10 MiB
MLMG::prepareForSolve()                            64  8135 KiB  8136 KiB
MLABecLaplacian::define()                          64  7823 KiB  7824 KiB
ComputePhi_Rho()                             10136032   189 KiB  7552 KiB
MultiFab::OverlapMask()                       1540880  3156   B  1889 KiB
BndryData::define()                               192  1735 KiB  1736 KiB
MLCellLinOp::defineAuxData()                      192   815 KiB   816 KiB
FillBoundary_nowait()                          633348   176 KiB   180 KiB
VisMF::Write(FabArray)                          13536     3   B   144 KiB
FabArray::setVal()                             904806    74 KiB    74 KiB
MultiFab::max()                                 45159  2061   B    74 KiB
MultiFab::norm1                                 90640    21   B    72 KiB
FabArray::norminf()                          34153741  8257   B    72 KiB
amrex::Dot()                                 66679406    18 KiB    72 KiB
amrex::Copy()                                  452610    29 KiB    29 KiB
MLCellLinOp::applyBC()                       33792095    25 KiB    26 KiB
MLCellLinOp::prepareForSolve()                      1     0   B    15 KiB
FabArray::LinComb()                             90478  2048   B  4096   B
MLABecLaplacian::Fapply()                      542862  3558   B  4096   B
FabArray::setVal(val, thecmd, scomp, ncomp)         8     0   B  3328   B
MultiFab::Divide()                              90640     1   B  2048   B
MLCellLinOp::defineBC()                             1  1791   B  1792   B
-------------------------------------------------------------------------

Managed Memory Usage:
---------------------------------------------------------
Name                             Nalloc  AvgMem    MaxMem
---------------------------------------------------------
The_Managed_Arena::Initialize()       1   0   B  8192 KiB
main()                                1   0   B    31 KiB
---------------------------------------------------------

Pinned Memory Usage:
-------------------------------------------------------------------------
Name                                           Nalloc    AvgMem    MaxMem
-------------------------------------------------------------------------
The_Pinned_Arena::Initialize()                      1     0   B  8192 KiB
VisMF::Write(FabArray)                          14288   174   B  2124 KiB
FillBoundary_nowait()                          633348   176 KiB   180 KiB
FabArray::setVal()                             904806    74 KiB    74 KiB
amrex::Copy()                                  452610    29 KiB    29 KiB
MLCellLinOp::applyBC()                          90484    25 KiB    25 KiB
MLCellLinOp::prepareForSolve()                      1     0   B    15 KiB
FabArray::LinComb()                             90478  2048   B  4096   B
MLABecLaplacian::Fapply()                      542862  3558   B  4096   B
FabArray::setVal(val, thecmd, scomp, ncomp)         8     0   B  3328   B
MultiFab::max()                                 45159  2048   B  2304   B
MultiFab::Divide()                              90640     1   B  2048   B
MLCellLinOp::setLevelBC()                          47     0   B  1792   B
MultiFab::OverlapMask()                         90640     0   B  1792   B
amrex::Dot()                                 66679406    65   B   256   B
Unprofiled                                         15     0   B   256   B
MultiFab::norm1                                 90640     0   B   256   B
FabArray::norminf()                          34153741    28   B   256   B
-------------------------------------------------------------------------

Total GPU global memory (MB) spread across MPI: [20019 ... 20019]
Free  GPU global memory (MB) spread across MPI: [4730 ... 4730]
[The         Arena] max space (MB) allocated spread across MPI: [15014 ... 15014]
[The         Arena] max space (MB) used      spread across MPI: [183 ... 183]
[The Managed Arena] max space (MB) allocated spread across MPI: [8 ... 8]
[The Managed Arena] max space (MB) used      spread across MPI: [0 ... 0]
[The  Pinned Arena] max space (MB) allocated spread across MPI: [8 ... 8]
[The  Pinned Arena] max space (MB) used      spread across MPI: [2 ... 2]
AMReX (26.05-39-gbe2cc437644f) finalized

EXIT_CODE=0
Fri Jul 24 05:11:04 CST 2026
