Advanced step 7470 in 0.252152239 seconds
 
MLMG: Initial rhs               = 320518396
MLMG: Initial residual (resid0) = 8785291800
MLMG: Final Iter. 3 resid, resid/resid0 = 0.003798047453, 4.323188734e-13
MLMG: Timers: Solve = 0.084385157 Iter = 0.084170585 Bottom = 0.083819724
1 iterations :: err = 1
MLMG: Initial rhs               = 320518416.4
MLMG: Initial residual (resid0) = 8785291800
MLMG: Final Iter. 3 resid, resid/resid0 = 0.002396749798, 2.728139091e-13
MLMG: Timers: Solve = 0.111962834 Iter = 0.111763817 Bottom = 0.111412539
2 iterations :: err = 1.436524112e-10
Steady state check : (phi(t) - phi(t-1)).norm0() = 1.012274696e-07
Advanced step 7471 in 0.228079036 seconds
 
MLMG: Initial rhs               = 320518416.4
MLMG: Initial residual (resid0) = 8785291799
MLMG: Final Iter. 3 resid, resid/resid0 = 0.001804055579, 2.053495342e-13
MLMG: Timers: Solve = 0.093691185 Iter = 0.093477907 Bottom = 0.093125888
1 iterations :: err = 1
MLMG: Initial rhs               = 320518435.4
MLMG: Initial residual (resid0) = 8785291799
MLMG: Final Iter. 3 resid, resid/resid0 = 0.0006195306778, 7.051907802e-14
MLMG: Timers: Solve = 0.095922346 Iter = 0.09571876 Bottom = 0.09536417
2 iterations :: err = 1.726786365e-10
Steady state check : (phi(t) - phi(t-1)).norm0() = 9.466817804e-08
Advanced step 7472 in 0.233889407 seconds
 
step = 7472, Phi_Bc_hi = -4, num_Vapp = 46, sign = -1
MLMG: Initial rhs               = 320518435.5
MLMG: Initial residual (resid0) = 7807619865
MLMG: Final Iter. 3 resid, resid/resid0 = 0.001247766893, 1.598139913e-13
MLMG: Timers: Solve = 0.101313932 Iter = 0.101088005 Bottom = 0.100740655
1 iterations :: err = 1
MLMG: Initial rhs               = 307126195.2
MLMG: Initial residual (resid0) = 7807619865
MLMG: Final Iter. 3 resid, resid/resid0 = 0.0005343346857, 6.84375898e-14
MLMG: Timers: Solve = 0.103515111 Iter = 0.103314096 Bottom = 0.102962865
2 iterations :: err = 4.07268437e-05
MLMG: Initial rhs               = 306971890.3
MLMG: Initial residual (resid0) = 7807619865
MLMG: Final Iter. 3 resid, resid/resid0 = 0.000721103097, 9.235888907e-14
MLMG: Timers: Solve = 0.109448962 Iter = 0.109247093 Bottom = 0.108898086
3 iterations :: err = 1.967931429e-08
voltage_sweep == 1 && num_Vapp == num_Vapp_max!
High-water FAB megabyte spread across MPI nodes: [171 ... 171]
Current     FAB megabyte spread across MPI nodes: [136 ... 136]
Total run time 1986.435794 seconds


TinyProfiler total time across processes [min...avg...max]: 1986 ... 1986 ... 1986

----------------------------------------------------------------------------------------------
Name                                           NCalls  Excl. Min  Excl. Avg  Excl. Max   Max %
----------------------------------------------------------------------------------------------
amrex::Dot()                                  8822518      490.6      490.6      490.6  24.70%
MLABecLaplacian::Fapply()                     4471896      391.6      391.6      391.6  19.71%
MLABecLaplacian::normalize()                  4456734      282.1      282.1      282.1  14.20%
FabArray::norminf()                           4547477      236.9      236.9      236.9  11.92%
ComputePhi_Rho()                                 7518      122.4      122.4      122.4   6.16%
FillBoundary_nowait()                         4531943       87.6       87.6       87.6   4.41%
FabArray::Saxpy_Saxpy()                       2219982      61.15      61.15      61.15   3.08%
FabArray::Saypy_Saxpy()                       2191277      58.53      58.53      58.53   2.95%
FabArray::Saxpy_Xpay()                        2174507      53.84      53.84      53.84   2.71%
Calculate_Landau()                               7472      52.03      52.03      52.03   2.62%
main()                                              1      30.02      30.02      30.02   1.51%
Calculate_Grad()                                 7472      27.51      27.51      27.51   1.38%
ComputeEfromPhi()                               14944       25.9       25.9       25.9   1.30%
MLCellLinOp::applyBC()                        4471896      19.76      19.76      19.76   0.99%
MLCGSolver::bicgstab                            45475      10.35      10.35      10.35   0.52%
FabArray::setVal()                             280168      7.124      7.124      7.124   0.36%
amrex::Copy()                                  250742      5.438      5.438      5.438   0.27%
MLCGSolver::ParallelAllReduce                11087975      3.183      3.183      3.183   0.16%
CalculateTDGL_RHS()                              7472      2.293      2.293      2.293   0.12%
MLCellLinOp::apply()                          4471896      2.289      2.289      2.289   0.12%
FabArray::FillBoundary()                      4531943      2.211      2.211      2.211   0.11%
MLMG::solve()                                   15162     0.6533     0.6533     0.6533   0.03%
MLMG::actualBottomSolve()                       45475     0.1962     0.1962     0.1962   0.01%
MLMG::computeResidual()                         45475    0.05015    0.05015    0.05015   0.00%
MLMG::oneIter()                                 45475    0.04658    0.04658    0.04658   0.00%
MLCellLinOp::solutionResidual()                 60637    0.03914    0.03914    0.03914   0.00%
MLMG::ResNormInf()                              60637    0.03361    0.03361    0.03361   0.00%
MLMG::mgVcycle()                                45475    0.02565    0.02565    0.02565   0.00%
MLMG::mgVcycle_bottom                           45475    0.01472    0.01472    0.01472   0.00%
MLMG::computeMLResidual()                       15162   0.006301   0.006301   0.006301   0.00%
Other                                         9397692      12.64      12.64      12.64   0.64%
----------------------------------------------------------------------------------------------

----------------------------------------------------------------------------------------------
Name                                           NCalls  Incl. Min  Incl. Avg  Incl. Max   Max %
----------------------------------------------------------------------------------------------
main()                                              1       1986       1986       1986 100.00%
ComputePhi_Rho()                                 7518       1842       1842       1842  92.74%
MLMG::solve()                                   15162       1710       1710       1710  86.10%
MLMG::oneIter()                                 45475       1697       1697       1697  85.42%
MLMG::mgVcycle()                                45475       1696       1696       1696  85.37%
MLMG::mgVcycle_bottom                           45475       1696       1696       1696  85.37%
MLMG::actualBottomSolve()                       45475       1696       1696       1696  85.37%
MLCGSolver::bicgstab                            45475       1695       1695       1695  85.32%
MLCellLinOp::apply()                          4471896      503.7      503.7      503.7  25.36%
amrex::Dot()                                  8822518      490.6      490.6      490.6  24.70%
MLABecLaplacian::Fapply()                     4471896      391.6      391.6      391.6  19.71%
MLABecLaplacian::normalize()                  4456734      282.1      282.1      282.1  14.20%
MLCGSolver::ParallelAllReduce                11087975      248.4      248.4      248.4  12.50%
FabArray::norminf()                           4547477      236.9      236.9      236.9  11.92%
MLCellLinOp::applyBC()                        4471896      109.8      109.8      109.8   5.53%
FabArray::FillBoundary()                      4531943      91.45      91.45      91.45   4.60%
FillBoundary_nowait()                         4531943      88.47      88.47      88.47   4.45%
FabArray::Saxpy_Saxpy()                       2219982      61.15      61.15      61.15   3.08%
FabArray::Saypy_Saxpy()                       2191277      58.53      58.53      58.53   2.95%
FabArray::Saxpy_Xpay()                        2174507      53.84      53.84      53.84   2.71%
Calculate_Landau()                               7472      52.03      52.03      52.03   2.62%
Calculate_Grad()                                 7472      27.51      27.51      27.51   1.38%
ComputeEfromPhi()                               14944       25.9       25.9       25.9   1.30%
MLCellLinOp::solutionResidual()                 60637      8.385      8.385      8.385   0.42%
FabArray::setVal()                             280168      7.124      7.124      7.124   0.36%
MLMG::computeResidual()                         45475      6.384      6.384      6.384   0.32%
amrex::Copy()                                  250742      5.438      5.438      5.438   0.27%
CalculateTDGL_RHS()                              7472      2.979      2.979      2.979   0.15%
MLMG::ResNormInf()                              60637      2.561      2.561      2.561   0.13%
MLMG::computeMLResidual()                       15162      2.058      2.058      2.058   0.10%
Other                                         9397692      18.07      18.07      18.07   0.91%
----------------------------------------------------------------------------------------------

Device Memory Usage:
------------------------------------------------------------------------
Name                                          Nalloc    AvgMem    MaxMem
------------------------------------------------------------------------
The_Arena::Initialize()                            1     9   B    16 GiB
main()                                          1360   118 MiB   122 MiB
WritePlotfile()                                  752    28 KiB    33 MiB
ResizeRandomSeed                                   2    16 MiB    16 MiB
MLCGSolver::bicgstab                         3638000  9033 KiB    10 MiB
MLMG::prepareForSolve()                           64  8135 KiB  8136 KiB
MLABecLaplacian::define()                         64  7823 KiB  7824 KiB
ComputePhi_Rho()                             1700160   238 KiB  7552 KiB
MultiFab::OverlapMask()                       259896  3230   B  1889 KiB
BndryData::define()                              192  1735 KiB  1736 KiB
MLCellLinOp::defineAuxData()                     192   815 KiB   816 KiB
FillBoundary_nowait()                         106121   175 KiB   180 KiB
VisMF::Write(FabArray)                         13536    39   B   174 KiB
MultiFab::max()                                 7520  2063   B    89 KiB
MultiFab::norm1                                15288    35   B    87 KiB
FabArray::norminf()                          4547477    10 KiB    87 KiB
amrex::Dot()                                 8822518    21 KiB    87 KiB
FabArray::setVal()                            151634    74 KiB    74 KiB
amrex::Copy()                                  75987    29 KiB    29 KiB
MLCellLinOp::applyBC()                       4487065    25 KiB    26 KiB
MLCellLinOp::prepareForSolve()                     1     0   B    15 KiB
FabArray::LinComb()                            15163  2048   B  4096   B
MLABecLaplacian::Fapply()                      90950  3444   B  4096   B
FabArray::setVal(val, thecmd, scomp, ncomp)        8     0   B  3328   B
MultiFab::Divide()                             15288     1   B  2048   B
MLCellLinOp::defineBC()                            1  1791   B  1792   B
------------------------------------------------------------------------

Managed Memory Usage:
---------------------------------------------------------
Name                             Nalloc  AvgMem    MaxMem
---------------------------------------------------------
The_Managed_Arena::Initialize()       1   0   B  8192 KiB
main()                                1   0   B    31 KiB
---------------------------------------------------------

Pinned Memory Usage:
------------------------------------------------------------------------
Name                                          Nalloc    AvgMem    MaxMem
------------------------------------------------------------------------
The_Pinned_Arena::Initialize()                     1     0   B  8192 KiB
VisMF::Write(FabArray)                         14288  1083   B  2124 KiB
FillBoundary_nowait()                         106121   175 KiB   180 KiB
FabArray::setVal()                            151634    74 KiB    74 KiB
amrex::Copy()                                  75987    29 KiB    29 KiB
MLCellLinOp::applyBC()                         15169    25 KiB    25 KiB
MLCellLinOp::prepareForSolve()                     1     0   B    15 KiB
FabArray::LinComb()                            15163  2048   B  4096   B
MLABecLaplacian::Fapply()                      90950  3444   B  4096   B
FabArray::setVal(val, thecmd, scomp, ncomp)        8     0   B  3328   B
MultiFab::max()                                 7520  2048   B  2304   B
MultiFab::Divide()                             15288     1   B  2048   B
MLCellLinOp::setLevelBC()                         47     0   B  1792   B
MultiFab::OverlapMask()                        15288     0   B  1792   B
amrex::Dot()                                 8822518    62   B   256   B
Unprofiled                                        15     0   B   256   B
MultiFab::norm1                                15288     0   B   256   B
FabArray::norminf()                          4547477    30   B   256   B
------------------------------------------------------------------------

Total GPU global memory (MB) spread across MPI: [22491 ... 22491]
Free  GPU global memory (MB) spread across MPI: [5299 ... 5299]
[The         Arena] max space (MB) allocated spread across MPI: [16868 ... 16868]
[The         Arena] max space (MB) used      spread across MPI: [186 ... 186]
[The Managed Arena] max space (MB) allocated spread across MPI: [8 ... 8]
[The Managed Arena] max space (MB) used      spread across MPI: [0 ... 0]
[The  Pinned Arena] max space (MB) allocated spread across MPI: [8 ... 8]
[The  Pinned Arena] max space (MB) used      spread across MPI: [2 ... 2]
AMReX (26.05-39-gbe2cc437644f) finalized

EXIT_CODE=0
Sun Aug 02 06:11:12 UTC 2026
