MLMG: Initial rhs               = 1171766676
MLMG: Initial residual (resid0) = 7782638177
MLMG: Final Iter. 3 resid, resid/resid0 = 0.002765444583, 3.553351088e-13
MLMG: Timers: Solve = 0.060549529 Iter = 0.060358102 Bottom = 0.06002573
2 iterations :: err = 1.133046674e-10
Steady state check : (phi(t) - phi(t-1)).norm0() = 1.010563936e-07
Advanced step 91720 in 0.142221601 seconds
 
MLMG: Initial rhs               = 1171766675
MLMG: Initial residual (resid0) = 7782638176
MLMG: Final Iter. 3 resid, resid/resid0 = 0.002270556072, 2.917463232e-13
MLMG: Timers: Solve = 0.065432271 Iter = 0.065225228 Bottom = 0.064890217
1 iterations :: err = 1
MLMG: Initial rhs               = 1171766675
MLMG: Initial residual (resid0) = 7782638176
MLMG: Final Iter. 3 resid, resid/resid0 = 0.002601094544, 3.34217586e-13
MLMG: Timers: Solve = 0.057722286 Iter = 0.057529059 Bottom = 0.057191608
2 iterations :: err = 9.32963546e-11
Steady state check : (phi(t) - phi(t-1)).norm0() = 1.002841468e-07
Advanced step 91721 in 0.138743918 seconds
 
MLMG: Initial rhs               = 1171766675
MLMG: Initial residual (resid0) = 7782638175
MLMG: Final Iter. 3 resid, resid/resid0 = 0.002862532426, 3.678100358e-13
MLMG: Timers: Solve = 0.064341166 Iter = 0.064133603 Bottom = 0.063800189
1 iterations :: err = 1
MLMG: Initial rhs               = 1171766675
MLMG: Initial residual (resid0) = 7782638175
MLMG: Final Iter. 3 resid, resid/resid0 = 0.00220310688, 2.830797e-13
MLMG: Timers: Solve = 0.065027303 Iter = 0.064835114 Bottom = 0.06450133
2 iterations :: err = 1.933812697e-10
Steady state check : (phi(t) - phi(t-1)).norm0() = 9.949296509e-08
Advanced step 91722 in 0.145011484 seconds
 
step = 91722, Phi_Bc_hi = -4, num_Vapp = 46, sign = -1
MLMG: Initial rhs               = 1171766675
MLMG: Initial residual (resid0) = 6933038175
MLMG: Final Iter. 3 resid, resid/resid0 = 0.002798298352, 4.036179063e-13
MLMG: Timers: Solve = 0.066681058 Iter = 0.066456974 Bottom = 0.066117846
1 iterations :: err = 1
MLMG: Initial rhs               = 1171766675
MLMG: Initial residual (resid0) = 6933038175
MLMG: Final Iter. 3 resid, resid/resid0 = 0.001467764378, 2.117057978e-13
MLMG: Timers: Solve = 0.064671855 Iter = 0.064475406 Bottom = 0.064143382
2 iterations :: err = 7.883467781e-05
MLMG: Initial rhs               = 1171766675
MLMG: Initial residual (resid0) = 6933038175
MLMG: Final Iter. 3 resid, resid/resid0 = 0.001397025307, 2.015026128e-13
MLMG: Timers: Solve = 0.06737978 Iter = 0.067182959 Bottom = 0.066843663
3 iterations :: err = 5.098752964e-07
voltage_sweep == 1 && num_Vapp == num_Vapp_max!
High-water FAB megabyte spread across MPI nodes: [171 ... 171]
Current     FAB megabyte spread across MPI nodes: [136 ... 136]
Total run time 29449.58447 seconds


TinyProfiler total time across processes [min...avg...max]: 2.945e+04 ... 2.945e+04 ... 2.945e+04

-----------------------------------------------------------------------------------------------
Name                                            NCalls  Excl. Min  Excl. Avg  Excl. Max   Max %
-----------------------------------------------------------------------------------------------
amrex::Dot()                                 145468274       7833       7833       7833  26.60%
MLABecLaplacian::Fapply()                     73468873       6084       6084       6084  20.66%
MLABecLaplacian::normalize()                  73285189       4418       4418       4418  15.00%
FabArray::norminf()                           74387053       3695       3695       3695  12.55%
FillBoundary_nowait()                         74202942       1353       1353       1353   4.59%
ComputePhi_Rho()                                 91768       1220       1220       1220   4.14%
FabArray::Saypy_Saxpy()                       36214314      912.2      912.2      912.2   3.10%
FabArray::Saxpy_Saxpy()                       36519823      901.5      901.5      901.5   3.06%
FabArray::Saxpy_Xpay()                        35968771      835.6      835.6      835.6   2.84%
Calculate_Landau()                               91722      589.2      589.2      589.2   2.00%
Calculate_Grad()                                 91722      318.6      318.6      318.6   1.08%
ComputeEfromPhi()                               183444      310.4      310.4      310.4   1.05%
MLCellLinOp::applyBC()                        73468873      307.2      307.2      307.2   1.04%
MLCGSolver::bicgstab                            551052      149.9      149.9      149.9   0.51%
FabArray::setVal()                             3397825      84.81      84.81      84.81   0.29%
main()                                               1      74.04      74.04      74.04   0.25%
amrex::Copy()                                  3031377      71.51      71.51      71.51   0.24%
MLCGSolver::ParallelAllReduce                182539149       46.6       46.6       46.6   0.16%
MLCellLinOp::apply()                          73468873      38.65      38.65      38.65   0.13%
FabArray::FillBoundary()                      74202942       34.5       34.5       34.5   0.12%
MLMG::solve()                                   183684      7.589      7.589      7.589   0.03%
MLMG::actualBottomSolve()                       551052      1.923      1.923      1.923   0.01%
MLMG::oneIter()                                 551052     0.6614     0.6614     0.6614   0.00%
MLMG::computeResidual()                         551052     0.4534     0.4534     0.4534   0.00%
MLCellLinOp::solutionResidual()                 734736     0.4501     0.4501     0.4501   0.00%
MLMG::mgVcycle_bottom                           551052     0.3286     0.3286     0.3286   0.00%
MLMG::mgVcycle()                                551052     0.3055     0.3055     0.3055   0.00%
Other                                        153457371      160.3      160.3      160.3   0.54%
-----------------------------------------------------------------------------------------------

-----------------------------------------------------------------------------------------------
Name                                            NCalls  Incl. Min  Incl. Avg  Incl. Max   Max %
-----------------------------------------------------------------------------------------------
main()                                               1  2.945e+04  2.945e+04  2.945e+04 100.00%
ComputePhi_Rho()                                 91768  2.807e+04  2.807e+04  2.807e+04  95.32%
MLMG::solve()                                   183684  2.675e+04  2.675e+04  2.675e+04  90.82%
MLMG::oneIter()                                 551052  2.657e+04  2.657e+04  2.657e+04  90.23%
MLMG::mgVcycle()                                551052  2.656e+04  2.656e+04  2.656e+04  90.19%
MLMG::mgVcycle_bottom                           551052  2.656e+04  2.656e+04  2.656e+04  90.19%
MLMG::actualBottomSolve()                       551052  2.656e+04  2.656e+04  2.656e+04  90.18%
MLCGSolver::bicgstab                            551052  2.655e+04  2.655e+04  2.655e+04  90.14%
amrex::Dot()                                 145468274       7833       7833       7833  26.60%
MLCellLinOp::apply()                          73468873       7827       7827       7827  26.58%
MLABecLaplacian::Fapply()                     73468873       6084       6084       6084  20.66%
MLABecLaplacian::normalize()                  73285189       4418       4418       4418  15.00%
MLCGSolver::ParallelAllReduce                182539149       4034       4034       4034  13.70%
FabArray::norminf()                           74387053       3695       3695       3695  12.55%
MLCellLinOp::applyBC()                        73468873       1705       1705       1705   5.79%
FabArray::FillBoundary()                      74202942       1413       1413       1413   4.80%
FillBoundary_nowait()                         74202942       1367       1367       1367   4.64%
FabArray::Saypy_Saxpy()                       36214314      912.2      912.2      912.2   3.10%
FabArray::Saxpy_Saxpy()                       36519823      901.5      901.5      901.5   3.06%
FabArray::Saxpy_Xpay()                        35968771      835.6      835.6      835.6   2.84%
Calculate_Landau()                               91722      589.2      589.2      589.2   2.00%
Calculate_Grad()                                 91722      318.6      318.6      318.6   1.08%
ComputeEfromPhi()                               183444      310.4      310.4      310.4   1.05%
MLCellLinOp::solutionResidual()                 734736        104        104        104   0.35%
FabArray::setVal()                             3397825      84.81      84.81      84.81   0.29%
MLMG::computeResidual()                         551052      75.41      75.41      75.41   0.26%
amrex::Copy()                                  3031377      71.51      71.51      71.51   0.24%
Other                                        153457371      267.3      267.3      267.3   0.91%
-----------------------------------------------------------------------------------------------

Device Memory Usage:
--------------------------------------------------------------------------
Name                                            Nalloc    AvgMem    MaxMem
--------------------------------------------------------------------------
The_Arena::Initialize()                              1     0   B    16 GiB
main()                                            1360   118 MiB   122 MiB
WritePlotfile()                                    752  1837   B    33 MiB
ResizeRandomSeed                                     2    16 MiB    16 MiB
MLCGSolver::bicgstab                          44084160  9548 KiB    10 MiB
MLMG::prepareForSolve()                             64  8135 KiB  8136 KiB
MLABecLaplacian::define()                           64  7823 KiB  7824 KiB
ComputePhi_Rho()                              20574976   161 KiB  7552 KiB
MultiFab::OverlapMask()                        3125144  2269   B  1889 KiB
BndryData::define()                                192  1735 KiB  1736 KiB
MLCellLinOp::defineAuxData()                       192   815 KiB   816 KiB
FillBoundary_nowait()                          1285797   176 KiB   180 KiB
VisMF::Write(FabArray)                           13536     1   B   174 KiB
MultiFab::max()                                  91770  2062   B    89 KiB
MultiFab::norm1                                 183832    23   B    87 KiB
FabArray::norminf()                           74387053    10 KiB    87 KiB
amrex::Dot()                                 145468274    22 KiB    87 KiB
FabArray::setVal()                             1836876    74 KiB    74 KiB
amrex::Copy()                                   918630    29 KiB    29 KiB
MLCellLinOp::applyBC()                        73652564    25 KiB    26 KiB
MLCellLinOp::prepareForSolve()                       1     0   B    15 KiB
FabArray::LinComb()                             183685  2048   B  4096   B
MLABecLaplacian::Fapply()                      1102104  3649   B  4096   B
FabArray::setVal(val, thecmd, scomp, ncomp)          8     0   B  3328   B
MultiFab::Divide()                              183832     1   B  2048   B
MLCellLinOp::defineBC()                              1  1791   B  1792   B
--------------------------------------------------------------------------

Managed Memory Usage:
---------------------------------------------------------
Name                             Nalloc  AvgMem    MaxMem
---------------------------------------------------------
The_Managed_Arena::Initialize()       1   0   B  8192 KiB
main()                                1   0   B    31 KiB
---------------------------------------------------------

Pinned Memory Usage:
--------------------------------------------------------------------------
Name                                            Nalloc    AvgMem    MaxMem
--------------------------------------------------------------------------
The_Pinned_Arena::Initialize()                       1     0   B  8192 KiB
VisMF::Write(FabArray)                           14288    74   B  2124 KiB
FillBoundary_nowait()                          1285797   176 KiB   180 KiB
FabArray::setVal()                             1836876    74 KiB    74 KiB
amrex::Copy()                                   918630    29 KiB    29 KiB
MLCellLinOp::applyBC()                          183691    25 KiB    25 KiB
MLCellLinOp::prepareForSolve()                       1     0   B    15 KiB
FabArray::LinComb()                             183685  2048   B  4096   B
MLABecLaplacian::Fapply()                      1102104  3649   B  4096   B
FabArray::setVal(val, thecmd, scomp, ncomp)          8     0   B  3328   B
MultiFab::max()                                  91770  2048   B  2304   B
MultiFab::Divide()                              183832     1   B  2048   B
MLCellLinOp::setLevelBC()                           47     0   B  1792   B
MultiFab::OverlapMask()                         183832     0   B  1792   B
amrex::Dot()                                 145468274    67   B   256   B
Unprofiled                                          15     0   B   256   B
MultiFab::norm1                                 183832     0   B   256   B
FabArray::norminf()                           74387053    31   B   256   B
--------------------------------------------------------------------------

Total GPU global memory (MB) spread across MPI: [22491 ... 22491]
Free  GPU global memory (MB) spread across MPI: [5299 ... 5299]
[The         Arena] max space (MB) allocated spread across MPI: [16868 ... 16868]
[The         Arena] max space (MB) used      spread across MPI: [186 ... 186]
[The Managed Arena] max space (MB) allocated spread across MPI: [8 ... 8]
[The Managed Arena] max space (MB) used      spread across MPI: [0 ... 0]
[The  Pinned Arena] max space (MB) allocated spread across MPI: [8 ... 8]
[The  Pinned Arena] max space (MB) used      spread across MPI: [2 ... 2]
AMReX (26.05-39-gbe2cc437644f) finalized

EXIT_CODE=0
Mon Aug 10 06:23:05 UTC 2026
