MLMG: Timers: Solve = 0.047187374 Iter = 0.047011476 Bottom = 0.046715184
1 iterations :: err = 1
MLMG: Initial rhs               = 257550971.4
MLMG: Initial residual (resid0) = 8173216963
MLMG: Final Iter. 3 resid, resid/resid0 = 0.005333706737, 6.52583525e-13
MLMG: Timers: Solve = 0.045733076 Iter = 0.045551339 Bottom = 0.045253736
2 iterations :: err = 2.440788175e-11
Steady state check : (phi(t) - phi(t-1)).norm0() = 2.150939413e-07
Advanced step 21569 in 0.108309851 seconds
 
MLMG: Initial rhs               = 257550971.4
MLMG: Initial residual (resid0) = 8173216958
MLMG: Final Iter. 3 resid, resid/resid0 = 0.0005923003182, 7.246844434e-14
MLMG: Timers: Solve = 0.048863959 Iter = 0.048689864 Bottom = 0.048393313
1 iterations :: err = 1
MLMG: Initial rhs               = 257550991.5
MLMG: Initial residual (resid0) = 8173216958
MLMG: Final Iter. 3 resid, resid/resid0 = 0.001156821847, 1.415381303e-13
MLMG: Timers: Solve = 0.049040328 Iter = 0.048863158 Bottom = 0.048563962
2 iterations :: err = 3.541594124e-11
Steady state check : (phi(t) - phi(t-1)).norm0() = 1.205441075e-07
Advanced step 21570 in 0.113295371 seconds
 
MLMG: Initial rhs               = 257550991.5
MLMG: Initial residual (resid0) = 8173216955
MLMG: Final Iter. 3 resid, resid/resid0 = 0.002564572118, 3.137775655e-13
MLMG: Timers: Solve = 0.04662727 Iter = 0.046450981 Bottom = 0.046154038
1 iterations :: err = 1
MLMG: Initial rhs               = 257551002.7
MLMG: Initial residual (resid0) = 8173216955
MLMG: Final Iter. 3 resid, resid/resid0 = 0.003268381639, 3.99889255e-13
MLMG: Timers: Solve = 0.04682372 Iter = 0.04664741 Bottom = 0.046350919
2 iterations :: err = 5.299877737e-11
Steady state check : (phi(t) - phi(t-1)).norm0() = 6.75186874e-08
Advanced step 21571 in 0.108896835 seconds
 
step = 21571, Phi_Bc_hi = -4, num_Vapp = 46, sign = -1
MLMG: Initial rhs               = 257551002.7
MLMG: Initial residual (resid0) = 7262949918
MLMG: Final Iter. 3 resid, resid/resid0 = 0.0003473756668, 4.78284541e-14
MLMG: Timers: Solve = 0.048697646 Iter = 0.048514187 Bottom = 0.048216733
1 iterations :: err = 1
MLMG: Initial rhs               = 245511950.5
MLMG: Initial residual (resid0) = 7262949918
MLMG: Final Iter. 3 resid, resid/resid0 = 0.0009285088913, 1.278418414e-13
MLMG: Timers: Solve = 0.047199853 Iter = 0.047020719 Bottom = 0.046722294
2 iterations :: err = 5.018202447e-05
MLMG: Initial rhs               = 245341430.9
MLMG: Initial residual (resid0) = 7262949918
MLMG: Final Iter. 3 resid, resid/resid0 = 0.001169994153, 1.610907643e-13
MLMG: Timers: Solve = 0.046671327 Iter = 0.046497713 Bottom = 0.046200959
3 iterations :: err = 3.926058857e-08
voltage_sweep == 1 && num_Vapp == num_Vapp_max!
High-water FAB megabyte spread across MPI nodes: [171 ... 171]
Current     FAB megabyte spread across MPI nodes: [136 ... 136]
Total run time 3686.095855 seconds


TinyProfiler total time across processes [min...avg...max]: 3686 ... 3686 ... 3686

----------------------------------------------------------------------------------------------
Name                                           NCalls  Excl. Min  Excl. Avg  Excl. Max   Max %
----------------------------------------------------------------------------------------------
amrex::Dot()                                 36091608      989.7      989.7      989.7  26.85%
MLABecLaplacian::Fapply()                    18219519      814.8      814.8      814.8  22.11%
MLABecLaplacian::normalize()                 18176090      586.1      586.1      586.1  15.90%
FabArray::norminf()                          18436376        422        422        422  11.45%
FillBoundary_nowait()                        18392427      150.2      150.2      150.2   4.07%
ComputePhi_Rho()                                21617      149.6      149.6      149.6   4.06%
FabArray::Saxpy_Saxpy()                       9067403      119.1      119.1      119.1   3.23%
FabArray::Saypy_Saxpy()                       8978401      110.1      110.1      110.1   2.99%
FabArray::Saxpy_Xpay()                        8937117      101.6      101.6      101.6   2.76%
Calculate_Landau()                              21571      81.73      81.73      81.73   2.22%
Calculate_Grad()                                21571       42.6       42.6       42.6   1.16%
ComputeEfromPhi()                               43142      38.39      38.39      38.39   1.04%
MLCellLinOp::applyBC()                       18219519      28.78      28.78      28.78   0.78%
FabArray::setVal()                             803034      9.546      9.546      9.546   0.26%
MLCGSolver::bicgstab                           130286      7.284      7.284      7.284   0.20%
MLCGSolver::ParallelAllReduce                45289297      3.518      3.518      3.518   0.10%
main()                                              1      3.156      3.156      3.156   0.09%
MLCellLinOp::apply()                         18219519      2.102      2.102      2.102   0.06%
FabArray::FillBoundary()                     18392427      2.031      2.031      2.031   0.06%
MLMG::solve()                                   43429     0.3206     0.3206     0.3206   0.01%
MLMG::actualBottomSolve()                      130286    0.04757    0.04757    0.04757   0.00%
MLCellLinOp::solutionResidual()                173715    0.02201    0.02201    0.02201   0.00%
MLMG::oneIter()                                130286     0.0213     0.0213     0.0213   0.00%
MLMG::mgVcycle_bottom                          130286    0.01399    0.01399    0.01399   0.00%
MLMG::computeResidual()                        130286    0.01307    0.01307    0.01307   0.00%
MLMG::mgVcycle()                               130286    0.01168    0.01168    0.01168   0.00%
Other                                        38696491      23.28      23.28      23.28   0.63%
----------------------------------------------------------------------------------------------

----------------------------------------------------------------------------------------------
Name                                           NCalls  Incl. Min  Incl. Avg  Incl. Max   Max %
----------------------------------------------------------------------------------------------
main()                                              1       3686       3686       3686 100.00%
ComputePhi_Rho()                                21617       3511       3511       3511  95.26%
MLMG::solve()                                   43429       3351       3351       3351  90.91%
MLMG::oneIter()                                130286       3332       3332       3332  90.38%
MLMG::mgVcycle()                               130286       3330       3330       3330  90.35%
MLMG::mgVcycle_bottom                          130286       3330       3330       3330  90.35%
MLMG::actualBottomSolve()                      130286       3330       3330       3330  90.35%
MLCGSolver::bicgstab                           130286       3329       3329       3329  90.31%
MLCellLinOp::apply()                         18219519      998.2      998.2      998.2  27.08%
amrex::Dot()                                 36091608      989.7      989.7      989.7  26.85%
MLABecLaplacian::Fapply()                    18219519      814.8      814.8      814.8  22.11%
MLABecLaplacian::normalize()                 18176090      586.1      586.1      586.1  15.90%
MLCGSolver::ParallelAllReduce                45289297      501.6      501.6      501.6  13.61%
FabArray::norminf()                          18436376        422        422        422  11.45%
MLCellLinOp::applyBC()                       18219519      181.3      181.3      181.3   4.92%
FabArray::FillBoundary()                     18392427      154.1      154.1      154.1   4.18%
FillBoundary_nowait()                        18392427      151.3      151.3      151.3   4.10%
FabArray::Saxpy_Saxpy()                       9067403      119.1      119.1      119.1   3.23%
FabArray::Saypy_Saxpy()                       8978401      110.1      110.1      110.1   2.99%
FabArray::Saxpy_Xpay()                        8937117      101.6      101.6      101.6   2.76%
Calculate_Landau()                              21571      81.73      81.73      81.73   2.22%
Calculate_Grad()                                21571       42.6       42.6       42.6   1.16%
ComputeEfromPhi()                               43142      38.39      38.39      38.39   1.04%
MLCellLinOp::solutionResidual()                173715       11.9       11.9       11.9   0.32%
FabArray::setVal()                             803034      9.546      9.546      9.546   0.26%
MLMG::computeResidual()                        130286      8.394      8.394      8.394   0.23%
Other                                        38696491      36.51      36.51      36.51   0.99%
----------------------------------------------------------------------------------------------

Device Memory Usage:
-------------------------------------------------------------------------
Name                                           Nalloc    AvgMem    MaxMem
-------------------------------------------------------------------------
The_Arena::Initialize()                             1     6   B    14 GiB
main()                                           1360   118 MiB   122 MiB
WritePlotfile()                                   752  4840   B    33 MiB
ResizeRandomSeed                                    2    13 MiB    13 MiB
MLCGSolver::bicgstab                         10422880  9571 KiB    10 MiB
MLMG::prepareForSolve()                            64  8135 KiB  8136 KiB
MLABecLaplacian::define()                          64  7823 KiB  7824 KiB
ComputePhi_Rho()                              4867168   160 KiB  7552 KiB
MultiFab::OverlapMask()                        741608  1892   B  1889 KiB
BndryData::define()                               192  1735 KiB  1736 KiB
MLCellLinOp::defineAuxData()                      192   815 KiB   816 KiB
FillBoundary_nowait()                          304010   176 KiB   180 KiB
VisMF::Write(FabArray)                          13536     5   B   144 KiB
FabArray::setVal()                             434324    74 KiB    74 KiB
MultiFab::max()                                 21619  2058   B    74 KiB
MultiFab::norm1                                 43624    17   B    72 KiB
FabArray::norminf()                          18436376  8371   B    72 KiB
amrex::Dot()                                 36091608    19 KiB    72 KiB
amrex::Copy()                                  217401    29 KiB    29 KiB
MLCellLinOp::applyBC()                       18262955    25 KiB    26 KiB
MLCellLinOp::prepareForSolve()                      1     0   B    15 KiB
FabArray::LinComb()                             43430  2048   B  4096   B
MLABecLaplacian::Fapply()                      260572  3662   B  4096   B
FabArray::setVal(val, thecmd, scomp, ncomp)         8     0   B  3328   B
MultiFab::Divide()                              43624     0   B  2048   B
MLCellLinOp::defineBC()                             1  1791   B  1792   B
-------------------------------------------------------------------------

Managed Memory Usage:
---------------------------------------------------------
Name                             Nalloc  AvgMem    MaxMem
---------------------------------------------------------
The_Managed_Arena::Initialize()       1   0   B  8192 KiB
main()                                1   0   B    31 KiB
---------------------------------------------------------

Pinned Memory Usage:
-------------------------------------------------------------------------
Name                                           Nalloc    AvgMem    MaxMem
-------------------------------------------------------------------------
The_Pinned_Arena::Initialize()                      1     0   B  8192 KiB
VisMF::Write(FabArray)                          14288   182   B  2124 KiB
FillBoundary_nowait()                          304010   176 KiB   180 KiB
FabArray::setVal()                             434324    74 KiB    74 KiB
amrex::Copy()                                  217401    29 KiB    29 KiB
MLCellLinOp::applyBC()                          43436    25 KiB    25 KiB
MLCellLinOp::prepareForSolve()                      1     0   B    15 KiB
FabArray::LinComb()                             43430  2048   B  4096   B
MLABecLaplacian::Fapply()                      260572  3662   B  4096   B
FabArray::setVal(val, thecmd, scomp, ncomp)         8     0   B  3328   B
MultiFab::max()                                 21619  2048   B  2304   B
MultiFab::Divide()                              43624     0   B  2048   B
MLCellLinOp::setLevelBC()                          47     0   B  1792   B
MultiFab::OverlapMask()                         43624     0   B  1792   B
amrex::Dot()                                 36091608    68   B   256   B
Unprofiled                                         15     0   B   256   B
MultiFab::norm1                                 43624     0   B   256   B
FabArray::norminf()                          18436376    29   B   256   B
-------------------------------------------------------------------------

Total GPU global memory (MB) spread across MPI: [20019 ... 20019]
Free  GPU global memory (MB) spread across MPI: [4636 ... 4636]
[The         Arena] max space (MB) allocated spread across MPI: [15014 ... 15014]
[The         Arena] max space (MB) used      spread across MPI: [183 ... 183]
[The Managed Arena] max space (MB) allocated spread across MPI: [8 ... 8]
[The Managed Arena] max space (MB) used      spread across MPI: [0 ... 0]
[The  Pinned Arena] max space (MB) allocated spread across MPI: [8 ... 8]
[The  Pinned Arena] max space (MB) used      spread across MPI: [2 ... 2]
AMReX (26.05-39-gbe2cc437644f) finalized

EXIT_CODE=0
Sat Jul 18 02:55:51 CST 2026
