1 iterations :: err = 1
MLMG: Initial rhs               = 686320843
MLMG: Initial residual (resid0) = 9518200284
MLMG: Final Iter. 3 resid, resid/resid0 = 0.003108328208, 3.265668e-13
MLMG: Timers: Solve = 0.060222873 Iter = 0.060045673 Bottom = 0.059749011
2 iterations :: err = 9.646408934e-11
Steady state check : (phi(t) - phi(t-1)).norm0() = 1.012065073e-07
Advanced step 26219 in 0.137809377 seconds
 
MLMG: Initial rhs               = 686320843.4
MLMG: Initial residual (resid0) = 9518200283
MLMG: Final Iter. 3 resid, resid/resid0 = 0.00275326396, 2.892630832e-13
MLMG: Timers: Solve = 0.060049069 Iter = 0.059873952 Bottom = 0.059576839
1 iterations :: err = 1
MLMG: Initial rhs               = 686320843.4
MLMG: Initial residual (resid0) = 9518200283
MLMG: Final Iter. 3 resid, resid/resid0 = 0.007314652205, 7.684910999e-13
MLMG: Timers: Solve = 0.060037221 Iter = 0.059860752 Bottom = 0.059563147
2 iterations :: err = 1.516086294e-10
Steady state check : (phi(t) - phi(t-1)).norm0() = 1.002877763e-07
Advanced step 26220 in 0.135812903 seconds
 
MLMG: Initial rhs               = 686320843.4
MLMG: Initial residual (resid0) = 9518200283
MLMG: Final Iter. 3 resid, resid/resid0 = 0.00257116665, 2.701315977e-13
MLMG: Timers: Solve = 0.064089498 Iter = 0.063911136 Bottom = 0.063613352
1 iterations :: err = 1
MLMG: Initial rhs               = 686320843.4
MLMG: Initial residual (resid0) = 9518200283
MLMG: Final Iter. 3 resid, resid/resid0 = 0.001895278692, 1.991215394e-13
MLMG: Timers: Solve = 0.060407375 Iter = 0.060228102 Bottom = 0.059930028
2 iterations :: err = 2.501380314e-10
Steady state check : (phi(t) - phi(t-1)).norm0() = 9.937256072e-08
Advanced step 26221 in 0.140262947 seconds
 
step = 26221, Phi_Bc_hi = -4, num_Vapp = 46, sign = -1
MLMG: Initial rhs               = 686320843.2
MLMG: Initial residual (resid0) = 8465349588
MLMG: Final Iter. 3 resid, resid/resid0 = 0.002785450209, 3.29041368e-13
MLMG: Timers: Solve = 0.064469618 Iter = 0.064278005 Bottom = 0.063974944
1 iterations :: err = 1
MLMG: Initial rhs               = 686320843.2
MLMG: Initial residual (resid0) = 8465349588
MLMG: Final Iter. 3 resid, resid/resid0 = 0.001380117312, 1.63031343e-13
MLMG: Timers: Solve = 0.06577667 Iter = 0.065596775 Bottom = 0.06529791
2 iterations :: err = 4.003324734e-05
MLMG: Initial rhs               = 686320843.2
MLMG: Initial residual (resid0) = 8465349588
MLMG: Final Iter. 3 resid, resid/resid0 = 0.002904355526, 3.430874881e-13
MLMG: Timers: Solve = 0.059482004 Iter = 0.05930877 Bottom = 0.059012018
3 iterations :: err = 1.972073958e-08
voltage_sweep == 1 && num_Vapp == num_Vapp_max!
High-water FAB megabyte spread across MPI nodes: [171 ... 171]
Current     FAB megabyte spread across MPI nodes: [136 ... 136]
Total run time 4153.185155 seconds


TinyProfiler total time across processes [min...avg...max]: 4153 ... 4153 ... 4153

----------------------------------------------------------------------------------------------
Name                                           NCalls  Excl. Min  Excl. Avg  Excl. Max   Max %
----------------------------------------------------------------------------------------------
amrex::Dot()                                 40251358       1104       1104       1104  26.57%
MLABecLaplacian::Fapply()                    20336471      909.6      909.6      909.6  21.90%
MLABecLaplacian::normalize()                 20283773        654        654        654  15.75%
FabArray::norminf()                          20599705      471.5      471.5      471.5  11.35%
ComputePhi_Rho()                                26267      188.3      188.3      188.3   4.53%
FillBoundary_nowait()                        20546548      168.1      168.1      168.1   4.05%
FabArray::Saxpy_Saxpy()                      10107813      132.8      132.8      132.8   3.20%
FabArray::Saypy_Saxpy()                      10017866      122.9      122.9      122.9   2.96%
FabArray::Saxpy_Xpay()                        9949719      113.2      113.2      113.2   2.72%
Calculate_Landau()                              26221      99.35      99.35      99.35   2.39%
Calculate_Grad()                                26221      50.22      50.22      50.22   1.21%
ComputeEfromPhi()                               52442      46.62      46.62      46.62   1.12%
MLCellLinOp::applyBC()                       20336471      32.22      32.22      32.22   0.78%
FabArray::setVal()                             974560      11.59      11.59      11.59   0.28%
amrex::Copy()                                  870100      9.496      9.496      9.496   0.23%
MLCGSolver::bicgstab                           158094      8.364      8.364      8.364   0.20%
MLCGSolver::ParallelAllReduce                50517265      3.999      3.999      3.999   0.10%
main()                                              1      3.663      3.663      3.663   0.09%
MLCellLinOp::apply()                         20336471      2.442      2.442      2.442   0.06%
FabArray::FillBoundary()                     20546548      2.323      2.323      2.323   0.06%
MLMG::solve()                                   52698     0.3441     0.3441     0.3441   0.01%
MLMG::actualBottomSolve()                      158094    0.05791    0.05791    0.05791   0.00%
MLCellLinOp::solutionResidual()                210792    0.02808    0.02808    0.02808   0.00%
MLMG::oneIter()                                158094    0.02385    0.02385    0.02385   0.00%
MLMG::mgVcycle_bottom                          158094      0.017      0.017      0.017   0.00%
MLMG::computeResidual()                        158094    0.01656    0.01656    0.01656   0.00%
MLMG::mgVcycle()                               158094    0.01428    0.01428    0.01428   0.00%
Other                                        42542476      18.57      18.57      18.57   0.45%
----------------------------------------------------------------------------------------------

----------------------------------------------------------------------------------------------
Name                                           NCalls  Incl. Min  Incl. Avg  Incl. Max   Max %
----------------------------------------------------------------------------------------------
main()                                              1       4153       4153       4153 100.00%
ComputePhi_Rho()                                26267       3943       3943       3943  94.93%
MLMG::solve()                                   52698       3741       3741       3741  90.08%
MLMG::oneIter()                                158094       3718       3718       3718  89.52%
MLMG::mgVcycle()                               158094       3716       3716       3716  89.48%
MLMG::mgVcycle_bottom                          158094       3716       3716       3716  89.48%
MLMG::actualBottomSolve()                      158094       3716       3716       3716  89.48%
MLCGSolver::bicgstab                           158094       3715       3715       3715  89.44%
MLCellLinOp::apply()                         20336471       1115       1115       1115  26.84%
amrex::Dot()                                 40251358       1104       1104       1104  26.57%
MLABecLaplacian::Fapply()                    20336471      909.6      909.6      909.6  21.90%
MLABecLaplacian::normalize()                 20283773        654        654        654  15.75%
MLCGSolver::ParallelAllReduce                50517265      559.2      559.2      559.2  13.47%
FabArray::norminf()                          20599705      471.5      471.5      471.5  11.35%
MLCellLinOp::applyBC()                       20336471      202.9      202.9      202.9   4.88%
FabArray::FillBoundary()                     20546548      172.6      172.6      172.6   4.16%
FillBoundary_nowait()                        20546548      169.3      169.3      169.3   4.08%
FabArray::Saxpy_Saxpy()                      10107813      132.8      132.8      132.8   3.20%
FabArray::Saypy_Saxpy()                      10017866      122.9      122.9      122.9   2.96%
FabArray::Saxpy_Xpay()                        9949719      113.2      113.2      113.2   2.72%
Calculate_Landau()                              26221      99.35      99.35      99.35   2.39%
Calculate_Grad()                                26221      50.22      50.22      50.22   1.21%
ComputeEfromPhi()                               52442      46.62      46.62      46.62   1.12%
MLCellLinOp::solutionResidual()                210792      14.45      14.45      14.45   0.35%
FabArray::setVal()                             974560      11.59      11.59      11.59   0.28%
MLMG::computeResidual()                        158094      10.19      10.19      10.19   0.25%
amrex::Copy()                                  870100      9.496      9.496      9.496   0.23%
Other                                        42542476      34.43      34.43      34.43   0.83%
----------------------------------------------------------------------------------------------

Device Memory Usage:
-------------------------------------------------------------------------
Name                                           Nalloc    AvgMem    MaxMem
-------------------------------------------------------------------------
The_Arena::Initialize()                             1     3   B    14 GiB
main()                                           1360   118 MiB   122 MiB
WritePlotfile()                                   752  4399   B    33 MiB
ResizeRandomSeed                                    2    13 MiB    13 MiB
MLCGSolver::bicgstab                         12647520  9478 KiB    10 MiB
MLMG::prepareForSolve()                            64  8135 KiB  8136 KiB
MLABecLaplacian::define()                          64  7823 KiB  7824 KiB
ComputePhi_Rho()                              5904800   184 KiB  7552 KiB
MultiFab::OverlapMask()                        898654  2036   B  1889 KiB
BndryData::define()                               192  1735 KiB  1736 KiB
MLCellLinOp::defineAuxData()                      192   815 KiB   816 KiB
FillBoundary_nowait()                          368895   176 KiB   180 KiB
VisMF::Write(FabArray)                          13536     5   B   144 KiB
FabArray::setVal()                             527016    74 KiB    74 KiB
MultiFab::max()                                 26269  2058   B    74 KiB
MultiFab::norm1                                 52862    19   B    72 KiB
FabArray::norminf()                          20599705  8299   B    72 KiB
amrex::Dot()                                 40251358    18 KiB    72 KiB
amrex::Copy()                                  263716    29 KiB    29 KiB
MLCellLinOp::applyBC()                       20389176    25 KiB    26 KiB
MLCellLinOp::prepareForSolve()                      1     0   B    15 KiB
FabArray::LinComb()                             52699  2048   B  4096   B
MLABecLaplacian::Fapply()                      316188  3623   B  4096   B
FabArray::setVal(val, thecmd, scomp, ncomp)         8     0   B  3328   B
MultiFab::Divide()                              52862     1   B  2048   B
MLCellLinOp::defineBC()                             1  1791   B  1792   B
-------------------------------------------------------------------------

Managed Memory Usage:
---------------------------------------------------------
Name                             Nalloc  AvgMem    MaxMem
---------------------------------------------------------
The_Managed_Arena::Initialize()       1   0   B  8192 KiB
main()                                1   0   B    31 KiB
---------------------------------------------------------

Pinned Memory Usage:
-------------------------------------------------------------------------
Name                                           Nalloc    AvgMem    MaxMem
-------------------------------------------------------------------------
The_Pinned_Arena::Initialize()                      1     0   B  8192 KiB
VisMF::Write(FabArray)                          14288   165   B  2124 KiB
FillBoundary_nowait()                          368895   176 KiB   180 KiB
FabArray::setVal()                             527016    74 KiB    74 KiB
amrex::Copy()                                  263716    29 KiB    29 KiB
MLCellLinOp::applyBC()                          52705    25 KiB    25 KiB
MLCellLinOp::prepareForSolve()                      1     0   B    15 KiB
FabArray::LinComb()                             52699  2048   B  4096   B
MLABecLaplacian::Fapply()                      316188  3623   B  4096   B
FabArray::setVal(val, thecmd, scomp, ncomp)         8     0   B  3328   B
MultiFab::max()                                 26269  2048   B  2304   B
MultiFab::Divide()                              52862     1   B  2048   B
MLCellLinOp::setLevelBC()                          47     0   B  1792   B
MultiFab::OverlapMask()                         52862     0   B  1792   B
amrex::Dot()                                 40251358    67   B   256   B
Unprofiled                                         15     0   B   256   B
MultiFab::norm1                                 52862     0   B   256   B
FabArray::norminf()                          20599705    28   B   256   B
-------------------------------------------------------------------------

Total GPU global memory (MB) spread across MPI: [20019 ... 20019]
Free  GPU global memory (MB) spread across MPI: [4636 ... 4636]
[The         Arena] max space (MB) allocated spread across MPI: [15014 ... 15014]
[The         Arena] max space (MB) used      spread across MPI: [183 ... 183]
[The Managed Arena] max space (MB) allocated spread across MPI: [8 ... 8]
[The Managed Arena] max space (MB) used      spread across MPI: [0 ... 0]
[The  Pinned Arena] max space (MB) allocated spread across MPI: [8 ... 8]
[The  Pinned Arena] max space (MB) used      spread across MPI: [2 ... 2]
AMReX (26.05-39-gbe2cc437644f) finalized
EXIT_CODE=0
Thu Jul 16 21:27:27 CST 2026
