MLMG: Timers: Solve = 0.049198886 Iter = 0.049026914 Bottom = 0.048730092
1 iterations :: err = 1
MLMG: Initial rhs               = 294188300.2
MLMG: Initial residual (resid0) = 9452771733
MLMG: Final Iter. 3 resid, resid/resid0 = 0.002725154161, 2.882915444e-13
MLMG: Timers: Solve = 0.048314629 Iter = 0.048141194 Bottom = 0.047841036
2 iterations :: err = 5.779050882e-11
Steady state check : (phi(t) - phi(t-1)).norm0() = 4.965793667e-07
Advanced step 37265 in 0.113054902 seconds
 
MLMG: Initial rhs               = 294188300.2
MLMG: Initial residual (resid0) = 9452771718
MLMG: Final Iter. 3 resid, resid/resid0 = 0.002834245876, 2.998322567e-13
MLMG: Timers: Solve = 0.046651843 Iter = 0.046478238 Bottom = 0.046179793
1 iterations :: err = 1
MLMG: Initial rhs               = 294188345.8
MLMG: Initial residual (resid0) = 9452771718
MLMG: Final Iter. 3 resid, resid/resid0 = 0.002541937516, 2.689092249e-13
MLMG: Timers: Solve = 0.045059715 Iter = 0.044885329 Bottom = 0.044589298
2 iterations :: err = 2.098874584e-10
Steady state check : (phi(t) - phi(t-1)).norm0() = 2.043636955e-07
Advanced step 37266 in 0.107241458 seconds
 
MLMG: Initial rhs               = 294188345.8
MLMG: Initial residual (resid0) = 9452771712
MLMG: Final Iter. 3 resid, resid/resid0 = 0.0001736035401, 1.836535838e-14
MLMG: Timers: Solve = 0.051046985 Iter = 0.050874181 Bottom = 0.050576516
1 iterations :: err = 1
MLMG: Initial rhs               = 294188364.5
MLMG: Initial residual (resid0) = 9452771712
MLMG: Final Iter. 3 resid, resid/resid0 = 0.001573575489, 1.664670995e-13
MLMG: Timers: Solve = 0.047946697 Iter = 0.047769557 Bottom = 0.047474427
2 iterations :: err = 7.360084914e-11
Steady state check : (phi(t) - phi(t-1)).norm0() = 8.412587378e-08
Advanced step 37267 in 0.114499103 seconds
 
step = 37267, Phi_Bc_hi = -4, num_Vapp = 46, sign = -1
MLMG: Initial rhs               = 294188364.5
MLMG: Initial residual (resid0) = 8399921015
MLMG: Final Iter. 3 resid, resid/resid0 = 0.002972692111, 3.538952456e-13
MLMG: Timers: Solve = 0.049028927 Iter = 0.048850545 Bottom = 0.04855189
1 iterations :: err = 1
MLMG: Initial rhs               = 278119155
MLMG: Initial residual (resid0) = 8399921015
MLMG: Final Iter. 3 resid, resid/resid0 = 0.003732196844, 4.44313326e-13
MLMG: Timers: Solve = 0.048647355 Iter = 0.048470846 Bottom = 0.048174945
2 iterations :: err = 8.070376312e-05
MLMG: Initial rhs               = 277872614.5
MLMG: Initial residual (resid0) = 8399921015
MLMG: Final Iter. 3 resid, resid/resid0 = 0.001866605531, 2.222170336e-13
MLMG: Timers: Solve = 0.048870626 Iter = 0.048697552 Bottom = 0.048400721
3 iterations :: err = 7.779323649e-08
voltage_sweep == 1 && num_Vapp == num_Vapp_max!
High-water FAB megabyte spread across MPI nodes: [171 ... 171]
Current     FAB megabyte spread across MPI nodes: [136 ... 136]
Total run time 7015.334872 seconds


TinyProfiler total time across processes [min...avg...max]: 7015 ... 7015 ... 7015

----------------------------------------------------------------------------------------------
Name                                           NCalls  Excl. Min  Excl. Avg  Excl. Max   Max %
----------------------------------------------------------------------------------------------
amrex::Dot()                                 69676082       1904       1904       1904  27.14%
MLABecLaplacian::Fapply()                    35136959       1560       1560       1560  22.24%
MLABecLaplacian::normalize()                 35062229       1126       1126       1126  16.05%
FabArray::norminf()                          35510411      809.8      809.8      809.8  11.54%
FillBoundary_nowait()                        35435344      287.8      287.8      287.8   4.10%
ComputePhi_Rho()                                37313      265.3      265.3      265.3   3.78%
FabArray::Saxpy_Saxpy()                      17491537      229.3      229.3      229.3   3.27%
FabArray::Saypy_Saxpy()                      17346504      213.5      213.5      213.5   3.04%
FabArray::Saxpy_Xpay()                       17267349      195.9      195.9      195.9   2.79%
Calculate_Landau()                              37267      140.7      140.7      140.7   2.01%
Calculate_Grad()                                37267      71.06      71.06      71.06   1.01%
ComputeEfromPhi()                               74534      65.91      65.91      65.91   0.94%
MLCellLinOp::applyBC()                       35136959      55.93      55.93      55.93   0.80%
FabArray::setVal()                            1382236      16.26      16.26      16.26   0.23%
MLCGSolver::bicgstab                           224188       13.6       13.6       13.6   0.19%
MLCGSolver::ParallelAllReduce                87391807      6.633      6.633      6.633   0.09%
main()                                              1      5.316      5.316      5.316   0.08%
MLCellLinOp::apply()                         35136959      4.142      4.142      4.142   0.06%
FabArray::FillBoundary()                     35435344      3.925      3.925      3.925   0.06%
MLMG::solve()                                   74730     0.4586     0.4586     0.4586   0.01%
MLMG::actualBottomSolve()                      224188    0.08274    0.08274    0.08274   0.00%
MLCellLinOp::solutionResidual()                298918    0.03845    0.03845    0.03845   0.00%
MLMG::oneIter()                                224188    0.03563    0.03563    0.03563   0.00%
MLMG::mgVcycle_bottom                          224188    0.02466    0.02466    0.02466   0.00%
MLMG::computeResidual()                        224188    0.02303    0.02303    0.02303   0.00%
MLMG::mgVcycle()                               224188    0.02029    0.02029    0.02029   0.00%
Other                                        74159562      39.77      39.77      39.77   0.57%
----------------------------------------------------------------------------------------------

----------------------------------------------------------------------------------------------
Name                                           NCalls  Incl. Min  Incl. Avg  Incl. Max   Max %
----------------------------------------------------------------------------------------------
main()                                              1       7015       7015       7015 100.00%
ComputePhi_Rho()                                37313       6717       6717       6717  95.75%
MLMG::solve()                                   74730       6434       6434       6434  91.71%
MLMG::oneIter()                                224188       6401       6401       6401  91.24%
MLMG::mgVcycle()                               224188       6398       6398       6398  91.21%
MLMG::mgVcycle_bottom                          224188       6398       6398       6398  91.21%
MLMG::actualBottomSolve()                      224188       6398       6398       6398  91.21%
MLCGSolver::bicgstab                           224188       6396       6396       6396  91.17%
MLCellLinOp::apply()                         35136959       1913       1913       1913  27.26%
amrex::Dot()                                 69676082       1904       1904       1904  27.14%
MLABecLaplacian::Fapply()                    35136959       1560       1560       1560  22.24%
MLABecLaplacian::normalize()                 35062229       1126       1126       1126  16.05%
MLCGSolver::ParallelAllReduce                87391807      964.3      964.3      964.3  13.74%
FabArray::norminf()                          35510411      809.8      809.8      809.8  11.54%
MLCellLinOp::applyBC()                       35136959      348.4      348.4      348.4   4.97%
FabArray::FillBoundary()                     35435344      295.2      295.2      295.2   4.21%
FillBoundary_nowait()                        35435344      289.7      289.7      289.7   4.13%
FabArray::Saxpy_Saxpy()                      17491537      229.3      229.3      229.3   3.27%
FabArray::Saypy_Saxpy()                      17346504      213.5      213.5      213.5   3.04%
FabArray::Saxpy_Xpay()                       17267349      195.9      195.9      195.9   2.79%
Calculate_Landau()                              37267      140.7      140.7      140.7   2.01%
Calculate_Grad()                                37267      71.06      71.06      71.06   1.01%
ComputeEfromPhi()                               74534      65.91      65.91      65.91   0.94%
MLCellLinOp::solutionResidual()                298918      20.37      20.37      20.37   0.29%
FabArray::setVal()                            1382236      16.26      16.26      16.26   0.23%
MLMG::computeResidual()                        224188      14.39      14.39      14.39   0.21%
Other                                        74159562      61.66      61.66      61.66   0.88%
----------------------------------------------------------------------------------------------

Device Memory Usage:
-------------------------------------------------------------------------
Name                                           Nalloc    AvgMem    MaxMem
-------------------------------------------------------------------------
The_Arena::Initialize()                             1     3   B    14 GiB
main()                                           1360   118 MiB   122 MiB
WritePlotfile()                                   752  2513   B    33 MiB
ResizeRandomSeed                                    2    13 MiB    13 MiB
MLCGSolver::bicgstab                         17935040  9664 KiB    10 MiB
MLMG::prepareForSolve()                            64  8135 KiB  8136 KiB
MLABecLaplacian::define()                          64  7823 KiB  7824 KiB
ComputePhi_Rho()                              8371424   153 KiB  7552 KiB
MultiFab::OverlapMask()                       1272178  1699   B  1889 KiB
BndryData::define()                               192  1735 KiB  1736 KiB
MLCellLinOp::defineAuxData()                      192   815 KiB   816 KiB
FillBoundary_nowait()                          523115   177 KiB   180 KiB
VisMF::Write(FabArray)                          13536     3   B   144 KiB
FabArray::setVal()                             747332    74 KiB    74 KiB
MultiFab::max()                                 37315  2057   B    74 KiB
MultiFab::norm1                                 74834    15   B    72 KiB
FabArray::norminf()                          35510411  8440   B    72 KiB
amrex::Dot()                                 69676082    19 KiB    72 KiB
amrex::Copy()                                  373814    29 KiB    29 KiB
MLCellLinOp::applyBC()                       35211696    25 KiB    26 KiB
MLCellLinOp::prepareForSolve()                      1     0   B    15 KiB
FabArray::LinComb()                             74731  2048   B  4096   B
MLABecLaplacian::Fapply()                      448376  3701   B  4096   B
FabArray::setVal(val, thecmd, scomp, ncomp)         8     0   B  3328   B
MultiFab::Divide()                              74834     0   B  2048   B
MLCellLinOp::defineBC()                             1  1791   B  1792   B
-------------------------------------------------------------------------

Managed Memory Usage:
---------------------------------------------------------
Name                             Nalloc  AvgMem    MaxMem
---------------------------------------------------------
The_Managed_Arena::Initialize()       1   0   B  8192 KiB
main()                                1   0   B    31 KiB
---------------------------------------------------------

Pinned Memory Usage:
-------------------------------------------------------------------------
Name                                           Nalloc    AvgMem    MaxMem
-------------------------------------------------------------------------
The_Pinned_Arena::Initialize()                      1     0   B  8192 KiB
VisMF::Write(FabArray)                          14288    94   B  2124 KiB
FillBoundary_nowait()                          523115   177 KiB   180 KiB
FabArray::setVal()                             747332    74 KiB    74 KiB
amrex::Copy()                                  373814    29 KiB    29 KiB
MLCellLinOp::applyBC()                          74737    25 KiB    25 KiB
MLCellLinOp::prepareForSolve()                      1     0   B    15 KiB
FabArray::LinComb()                             74731  2048   B  4096   B
MLABecLaplacian::Fapply()                      448376  3701   B  4096   B
FabArray::setVal(val, thecmd, scomp, ncomp)         8     0   B  3328   B
MultiFab::max()                                 37315  2048   B  2304   B
MultiFab::Divide()                              74834     0   B  2048   B
MLCellLinOp::setLevelBC()                          47     0   B  1792   B
MultiFab::OverlapMask()                         74834     0   B  1792   B
amrex::Dot()                                 69676082    69   B   256   B
Unprofiled                                         15     0   B   256   B
MultiFab::norm1                                 74834     0   B   256   B
FabArray::norminf()                          35510411    29   B   256   B
-------------------------------------------------------------------------

Total GPU global memory (MB) spread across MPI: [20019 ... 20019]
Free  GPU global memory (MB) spread across MPI: [4658 ... 4658]
[The         Arena] max space (MB) allocated spread across MPI: [15014 ... 15014]
[The         Arena] max space (MB) used      spread across MPI: [183 ... 183]
[The Managed Arena] max space (MB) allocated spread across MPI: [8 ... 8]
[The Managed Arena] max space (MB) used      spread across MPI: [0 ... 0]
[The  Pinned Arena] max space (MB) allocated spread across MPI: [8 ... 8]
[The  Pinned Arena] max space (MB) used      spread across MPI: [2 ... 2]
AMReX (26.05-39-gbe2cc437644f) finalized

EXIT_CODE=0
Mon Jul 20 23:56:58 CST 2026
