MLMG: Final Iter. 3 resid, resid/resid0 = 0.0009816470556, 1.038872883e-13
MLMG: Timers: Solve = 0.046831273 Iter = 0.046659311 Bottom = 0.04636354
1 iterations :: err = 1
MLMG: Initial rhs               = 285594205.9
MLMG: Initial residual (resid0) = 9449154670
MLMG: Final Iter. 3 resid, resid/resid0 = 0.0008097131427, 8.569159581e-14
MLMG: Timers: Solve = 0.049935436 Iter = 0.049760289 Bottom = 0.049464597
2 iterations :: err = 8.534979224e-11
Steady state check : (phi(t) - phi(t-1)).norm0() = 7.212665659e-07
Advanced step 12135 in 0.112383646 seconds
 
MLMG: Initial rhs               = 285594205.9
MLMG: Initial residual (resid0) = 9449154662
MLMG: Final Iter. 3 resid, resid/resid0 = 0.001309282558, 1.385608137e-13
MLMG: Timers: Solve = 0.049926081 Iter = 0.049753228 Bottom = 0.049456696
1 iterations :: err = 1
MLMG: Initial rhs               = 285594247.6
MLMG: Initial residual (resid0) = 9449154662
MLMG: Final Iter. 3 resid, resid/resid0 = 0.001272385009, 1.346559617e-13
MLMG: Timers: Solve = 0.04923019 Iter = 0.049055755 Bottom = 0.048758772
2 iterations :: err = 3.44313288e-11
Steady state check : (phi(t) - phi(t-1)).norm0() = 1.834817605e-07
Advanced step 12136 in 0.11472138 seconds
 
MLMG: Initial rhs               = 285594247.6
MLMG: Initial residual (resid0) = 9449154661
MLMG: Final Iter. 3 resid, resid/resid0 = 0.000454740481, 4.812499079e-14
MLMG: Timers: Solve = 0.051224291 Iter = 0.051049824 Bottom = 0.050754194
1 iterations :: err = 1
MLMG: Initial rhs               = 285594258.1
MLMG: Initial residual (resid0) = 9449154661
MLMG: Final Iter. 3 resid, resid/resid0 = 0.002919724301, 3.089931751e-13
MLMG: Timers: Solve = 0.048838443 Iter = 0.048661864 Bottom = 0.048364371
2 iterations :: err = 3.654900722e-10
Steady state check : (phi(t) - phi(t-1)).norm0() = 4.639070087e-08
Advanced step 12137 in 0.115577626 seconds
 
step = 12137, Phi_Bc_hi = -4, num_Vapp = 46, sign = -1
MLMG: Initial rhs               = 285594258.1
MLMG: Initial residual (resid0) = 8396303967
MLMG: Final Iter. 3 resid, resid/resid0 = 0.003003843453, 3.577578259e-13
MLMG: Timers: Solve = 0.047043046 Iter = 0.046862851 Bottom = 0.046562934
1 iterations :: err = 1
MLMG: Initial rhs               = 269187027.7
MLMG: Initial residual (resid0) = 8396303967
MLMG: Final Iter. 3 resid, resid/resid0 = 0.002677096305, 3.18842233e-13
MLMG: Timers: Solve = 0.046122242 Iter = 0.045946755 Bottom = 0.045649631
2 iterations :: err = 9.142015189e-05
MLMG: Initial rhs               = 268919327
MLMG: Initial residual (resid0) = 8396303967
MLMG: Final Iter. 3 resid, resid/resid0 = 0.002590998774, 3.08588015e-13
MLMG: Timers: Solve = 0.048480487 Iter = 0.048307323 Bottom = 0.048009069
3 iterations :: err = 1.017440214e-07
voltage_sweep == 1 && num_Vapp == num_Vapp_max!
High-water FAB megabyte spread across MPI nodes: [171 ... 171]
Current     FAB megabyte spread across MPI nodes: [136 ... 136]
Total run time 2310.446164 seconds


TinyProfiler total time across processes [min...avg...max]: 2310 ... 2310 ... 2310

----------------------------------------------------------------------------------------------
Name                                           NCalls  Excl. Min  Excl. Avg  Excl. Max   Max %
----------------------------------------------------------------------------------------------
amrex::Dot()                                 22955954      627.4      627.4      627.4  27.16%
MLABecLaplacian::Fapply()                    11575803      513.9      513.9      513.9  22.24%
MLABecLaplacian::normalize()                 11551345        371        371        371  16.06%
FabArray::norminf()                          11697903      266.8      266.8      266.8  11.55%
FillBoundary_nowait()                        11673136      95.08      95.08      95.08   4.12%
ComputePhi_Rho()                                12183      86.74      86.74      86.74   3.75%
FabArray::Saxpy_Saxpy()                       5763515      75.66      75.66      75.66   3.27%
FabArray::Saypy_Saxpy()                       5714462      70.39      70.39      70.39   3.05%
FabArray::Saxpy_Xpay()                        5690147      64.67      64.67      64.67   2.80%
Calculate_Landau()                              12137       45.8       45.8       45.8   1.98%
Calculate_Grad()                                12137      23.15      23.15      23.15   1.00%
ComputeEfromPhi()                               24274       21.5       21.5       21.5   0.93%
MLCellLinOp::applyBC()                       11575803      18.36      18.36      18.36   0.79%
FabArray::setVal()                             452210      5.332      5.332      5.332   0.23%
MLCGSolver::bicgstab                            73368      4.504      4.504      4.504   0.19%
MLCGSolver::ParallelAllReduce                28792837      2.411      2.411      2.411   0.10%
main()                                              1       1.56       1.56       1.56   0.07%
MLCellLinOp::apply()                         11575803      1.349      1.349      1.349   0.06%
FabArray::FillBoundary()                     11673136       1.29       1.29       1.29   0.06%
MLMG::solve()                                   24458      0.164      0.164      0.164   0.01%
MLMG::actualBottomSolve()                       73368    0.02857    0.02857    0.02857   0.00%
MLCellLinOp::solutionResidual()                 97826    0.01302    0.01302    0.01302   0.00%
MLMG::oneIter()                                 73368    0.01223    0.01223    0.01223   0.00%
MLMG::computeResidual()                         73368    0.00759    0.00759    0.00759   0.00%
MLMG::mgVcycle_bottom                           73368   0.007424   0.007424   0.007424   0.00%
MLMG::mgVcycle()                                73368   0.006494   0.006494   0.006494   0.00%
Other                                        24423150      13.43      13.43      13.43   0.58%
----------------------------------------------------------------------------------------------

----------------------------------------------------------------------------------------------
Name                                           NCalls  Incl. Min  Incl. Avg  Incl. Max   Max %
----------------------------------------------------------------------------------------------
main()                                              1       2310       2310       2310 100.00%
ComputePhi_Rho()                                12183       2213       2213       2213  95.79%
MLMG::solve()                                   24458       2120       2120       2120  91.77%
MLMG::oneIter()                                 73368       2110       2110       2110  91.31%
MLMG::mgVcycle()                                73368       2109       2109       2109  91.27%
MLMG::mgVcycle_bottom                           73368       2109       2109       2109  91.27%
MLMG::actualBottomSolve()                       73368       2109       2109       2109  91.27%
MLCGSolver::bicgstab                            73368       2108       2108       2108  91.24%
MLCellLinOp::apply()                         11575803      630.2      630.2      630.2  27.28%
amrex::Dot()                                 22955954      627.4      627.4      627.4  27.16%
MLABecLaplacian::Fapply()                    11575803      513.9      513.9      513.9  22.24%
MLABecLaplacian::normalize()                 11551345        371        371        371  16.06%
MLCGSolver::ParallelAllReduce                28792837        318        318        318  13.76%
FabArray::norminf()                          11697903      266.8      266.8      266.8  11.55%
MLCellLinOp::applyBC()                       11575803        115        115        115   4.98%
FabArray::FillBoundary()                     11673136      97.54      97.54      97.54   4.22%
FillBoundary_nowait()                        11673136      95.69      95.69      95.69   4.14%
FabArray::Saxpy_Saxpy()                       5763515      75.66      75.66      75.66   3.27%
FabArray::Saypy_Saxpy()                       5714462      70.39      70.39      70.39   3.05%
FabArray::Saxpy_Xpay()                        5690147      64.67      64.67      64.67   2.80%
Calculate_Landau()                              12137       45.8       45.8       45.8   1.98%
Calculate_Grad()                                12137      23.15      23.15      23.15   1.00%
ComputeEfromPhi()                               24274       21.5       21.5       21.5   0.93%
MLCellLinOp::solutionResidual()                 97826      6.669      6.669      6.669   0.29%
FabArray::setVal()                             452210      5.332      5.332      5.332   0.23%
MLMG::computeResidual()                         73368       4.71       4.71       4.71   0.20%
Other                                        24423150      21.27      21.27      21.27   0.92%
----------------------------------------------------------------------------------------------

Device Memory Usage:
-------------------------------------------------------------------------
Name                                           Nalloc    AvgMem    MaxMem
-------------------------------------------------------------------------
The_Arena::Initialize()                             1     7   B    14 GiB
main()                                           1360   118 MiB   122 MiB
WritePlotfile()                                   752  7751   B    33 MiB
ResizeRandomSeed                                    2    13 MiB    13 MiB
MLCGSolver::bicgstab                          5869440  9671 KiB    10 MiB
MLMG::prepareForSolve()                            64  8135 KiB  8136 KiB
MLABecLaplacian::define()                          64  7823 KiB  7824 KiB
ComputePhi_Rho()                              2740768   152 KiB  7552 KiB
MultiFab::OverlapMask()                        417350  1698   B  1889 KiB
BndryData::define()                               192  1735 KiB  1736 KiB
MLCellLinOp::defineAuxData()                      192   815 KiB   816 KiB
FillBoundary_nowait()                          171203   177 KiB   180 KiB
VisMF::Write(FabArray)                          13536     9   B   144 KiB
FabArray::setVal()                             244604    74 KiB    74 KiB
MultiFab::max()                                 12185  2056   B    74 KiB
MultiFab::norm1                                 24550    15   B    72 KiB
FabArray::norminf()                          11697903  8440   B    72 KiB
amrex::Dot()                                 22955954    19 KiB    72 KiB
amrex::Copy()                                  122438    29 KiB    29 KiB
MLCellLinOp::applyBC()                       11600268    25 KiB    26 KiB
MLCellLinOp::prepareForSolve()                      1     0   B    15 KiB
FabArray::LinComb()                             24459  2048   B  4096   B
MLABecLaplacian::Fapply()                      146736  3704   B  4096   B
FabArray::setVal(val, thecmd, scomp, ncomp)         8     0   B  3328   B
MultiFab::Divide()                              24550     0   B  2048   B
MLCellLinOp::defineBC()                             1  1791   B  1792   B
-------------------------------------------------------------------------

Managed Memory Usage:
---------------------------------------------------------
Name                             Nalloc  AvgMem    MaxMem
---------------------------------------------------------
The_Managed_Arena::Initialize()       1   0   B  8192 KiB
main()                                1   0   B    31 KiB
---------------------------------------------------------

Pinned Memory Usage:
-------------------------------------------------------------------------
Name                                           Nalloc    AvgMem    MaxMem
-------------------------------------------------------------------------
The_Pinned_Arena::Initialize()                      1     0   B  8192 KiB
VisMF::Write(FabArray)                          14288   293   B  2124 KiB
FillBoundary_nowait()                          171203   177 KiB   180 KiB
FabArray::setVal()                             244604    74 KiB    74 KiB
amrex::Copy()                                  122438    29 KiB    29 KiB
MLCellLinOp::applyBC()                          24465    25 KiB    25 KiB
MLCellLinOp::prepareForSolve()                      1     0   B    15 KiB
FabArray::LinComb()                             24459  2048   B  4096   B
MLABecLaplacian::Fapply()                      146736  3704   B  4096   B
FabArray::setVal(val, thecmd, scomp, ncomp)         8     0   B  3328   B
MultiFab::max()                                 12185  2048   B  2304   B
MultiFab::Divide()                              24550     0   B  2048   B
MLCellLinOp::setLevelBC()                          47     0   B  1792   B
MultiFab::OverlapMask()                         24550     0   B  1792   B
amrex::Dot()                                 22955954    69   B   256   B
Unprofiled                                         15     0   B   256   B
MultiFab::norm1                                 24550     0   B   256   B
FabArray::norminf()                          11697903    29   B   256   B
-------------------------------------------------------------------------

Total GPU global memory (MB) spread across MPI: [20019 ... 20019]
Free  GPU global memory (MB) spread across MPI: [4658 ... 4658]
[The         Arena] max space (MB) allocated spread across MPI: [15014 ... 15014]
[The         Arena] max space (MB) used      spread across MPI: [183 ... 183]
[The Managed Arena] max space (MB) allocated spread across MPI: [8 ... 8]
[The Managed Arena] max space (MB) used      spread across MPI: [0 ... 0]
[The  Pinned Arena] max space (MB) allocated spread across MPI: [8 ... 8]
[The  Pinned Arena] max space (MB) used      spread across MPI: [2 ... 2]
AMReX (26.05-39-gbe2cc437644f) finalized
EXIT_CODE=0
Sun Aug  2 15:55:28 CST 2026
