MLMG: Timers: Solve = 0.049029913 Iter = 0.048853505 Bottom = 0.048557653
1 iterations :: err = 1
MLMG: Initial rhs               = 257659309.4
MLMG: Initial residual (resid0) = 8173413577
MLMG: Final Iter. 3 resid, resid/resid0 = 0.001914017601, 2.341760371e-13
MLMG: Timers: Solve = 0.048080336 Iter = 0.047903236 Bottom = 0.047604832
2 iterations :: err = 7.054404868e-11
Steady state check : (phi(t) - phi(t-1)).norm0() = 1.976340213e-07
Advanced step 22530 in 0.112533032 seconds
 
MLMG: Initial rhs               = 257659309.4
MLMG: Initial residual (resid0) = 8173413572
MLMG: Final Iter. 3 resid, resid/resid0 = 0.0009817621763, 1.201165422e-13
MLMG: Timers: Solve = 0.047587465 Iter = 0.047412117 Bottom = 0.047113772
1 iterations :: err = 1
MLMG: Initial rhs               = 257659329.5
MLMG: Initial residual (resid0) = 8173413572
MLMG: Final Iter. 3 resid, resid/resid0 = 0.001876573338, 2.295948102e-13
MLMG: Timers: Solve = 0.048486495 Iter = 0.048309836 Bottom = 0.048012011
2 iterations :: err = 9.635830208e-11
Steady state check : (phi(t) - phi(t-1)).norm0() = 1.209278382e-07
Advanced step 22531 in 0.111415288 seconds
 
MLMG: Initial rhs               = 257659329.5
MLMG: Initial residual (resid0) = 8173413570
MLMG: Final Iter. 3 resid, resid/resid0 = 0.0009355529901, 1.144629453e-13
MLMG: Timers: Solve = 0.047759327 Iter = 0.04758439 Bottom = 0.047288289
1 iterations :: err = 1
MLMG: Initial rhs               = 257659341.9
MLMG: Initial residual (resid0) = 8173413570
MLMG: Final Iter. 3 resid, resid/resid0 = 0.003455110024, 4.227254616e-13
MLMG: Timers: Solve = 0.046300393 Iter = 0.046124225 Bottom = 0.045827712
2 iterations :: err = 2.1132187e-10
Steady state check : (phi(t) - phi(t-1)).norm0() = 7.397998218e-08
Advanced step 22532 in 0.109447798 seconds
 
step = 22532, Phi_Bc_hi = -4, num_Vapp = 46, sign = -1
MLMG: Initial rhs               = 257659341.8
MLMG: Initial residual (resid0) = 7263146532
MLMG: Final Iter. 3 resid, resid/resid0 = 0.001696661976, 2.335987534e-13
MLMG: Timers: Solve = 0.047991301 Iter = 0.047809994 Bottom = 0.047510566
1 iterations :: err = 1
MLMG: Initial rhs               = 245623337.6
MLMG: Initial residual (resid0) = 7263146532
MLMG: Final Iter. 3 resid, resid/resid0 = 0.002223762265, 3.061706459e-13
MLMG: Timers: Solve = 0.045588538 Iter = 0.045410397 Bottom = 0.045111801
2 iterations :: err = 5.00820027e-05
MLMG: Initial rhs               = 245453012.9
MLMG: Initial residual (resid0) = 7263146532
MLMG: Final Iter. 3 resid, resid/resid0 = 0.001976742614, 2.721606408e-13
MLMG: Timers: Solve = 0.04887647 Iter = 0.048702525 Bottom = 0.048401116
3 iterations :: err = 3.927072958e-08
voltage_sweep == 1 && num_Vapp == num_Vapp_max!
High-water FAB megabyte spread across MPI nodes: [171 ... 171]
Current     FAB megabyte spread across MPI nodes: [136 ... 136]
Total run time 4038.654969 seconds


TinyProfiler total time across processes [min...avg...max]: 4039 ... 4039 ... 4039

----------------------------------------------------------------------------------------------
Name                                           NCalls  Excl. Min  Excl. Avg  Excl. Max   Max %
----------------------------------------------------------------------------------------------
amrex::Dot()                                 39747632       1090       1090       1090  26.99%
MLABecLaplacian::Fapply()                    20055258      896.3      896.3      896.3  22.19%
MLABecLaplacian::normalize()                 20009896      645.5      645.5      645.5  15.98%
FabArray::norminf()                          20281764      464.5      464.5      464.5  11.50%
FillBoundary_nowait()                        20235865      165.3      165.3      165.3   4.09%
ComputePhi_Rho()                                22578      155.6      155.6      155.6   3.85%
FabArray::Saxpy_Saxpy()                       9984547      131.2      131.2      131.2   3.25%
FabArray::Saypy_Saxpy()                       9889269      121.5      121.5      121.5   3.01%
FabArray::Saxpy_Xpay()                        9848467      112.1      112.1      112.1   2.78%
Calculate_Landau()                              22532      85.37      85.37      85.37   2.11%
Calculate_Grad()                                22532       44.5       44.5       44.5   1.10%
ComputeEfromPhi()                               45064      40.23      40.23      40.23   1.00%
MLCellLinOp::applyBC()                       20055258      32.19      32.19      32.19   0.80%
FabArray::setVal()                             838763      9.992      9.992      9.992   0.25%
MLCGSolver::bicgstab                           136080      7.918      7.918      7.918   0.20%
MLCGSolver::ParallelAllReduce                49868259      3.904      3.904      3.904   0.10%
main()                                              1      3.018      3.018      3.018   0.07%
MLCellLinOp::apply()                         20055258      2.353      2.353      2.353   0.06%
FabArray::FillBoundary()                     20235865      2.253      2.253      2.253   0.06%
MLMG::solve()                                   45362      0.332      0.332      0.332   0.01%
MLMG::actualBottomSolve()                      136080    0.05067    0.05067    0.05067   0.00%
MLMG::oneIter()                                136080    0.02321    0.02321    0.02321   0.00%
MLCellLinOp::solutionResidual()                181442    0.02308    0.02308    0.02308   0.00%
MLMG::mgVcycle_bottom                          136080    0.01731    0.01731    0.01731   0.00%
MLMG::computeResidual()                        136080    0.01421    0.01421    0.01421   0.00%
MLMG::mgVcycle()                               136080    0.01226    0.01226    0.01226   0.00%
Other                                        42468384      24.39      24.39      24.39   0.60%
----------------------------------------------------------------------------------------------

----------------------------------------------------------------------------------------------
Name                                           NCalls  Incl. Min  Incl. Avg  Incl. Max   Max %
----------------------------------------------------------------------------------------------
main()                                              1       4039       4039       4039 100.00%
ComputePhi_Rho()                                22578       3856       3856       3856  95.49%
MLMG::solve()                                   45362       3689       3689       3689  91.35%
MLMG::oneIter()                                136080       3669       3669       3669  90.85%
MLMG::mgVcycle()                               136080       3668       3668       3668  90.82%
MLMG::mgVcycle_bottom                          136080       3668       3668       3668  90.82%
MLMG::actualBottomSolve()                      136080       3668       3668       3668  90.82%
MLCGSolver::bicgstab                           136080       3666       3666       3666  90.78%
MLCellLinOp::apply()                         20055258       1099       1099       1099  27.21%
amrex::Dot()                                 39747632       1090       1090       1090  26.99%
MLABecLaplacian::Fapply()                    20055258      896.3      896.3      896.3  22.19%
MLABecLaplacian::normalize()                 20009896      645.5      645.5      645.5  15.98%
MLCGSolver::ParallelAllReduce                49868259      552.5      552.5      552.5  13.68%
FabArray::norminf()                          20281764      464.5      464.5      464.5  11.50%
MLCellLinOp::applyBC()                       20055258      200.1      200.1      200.1   4.96%
FabArray::FillBoundary()                     20235865      169.6      169.6      169.6   4.20%
FillBoundary_nowait()                        20235865      166.5      166.5      166.5   4.12%
FabArray::Saxpy_Saxpy()                       9984547      131.2      131.2      131.2   3.25%
FabArray::Saypy_Saxpy()                       9889269      121.5      121.5      121.5   3.01%
FabArray::Saxpy_Xpay()                        9848467      112.1      112.1      112.1   2.78%
Calculate_Landau()                              22532      85.37      85.37      85.37   2.11%
Calculate_Grad()                                22532       44.5       44.5       44.5   1.10%
ComputeEfromPhi()                               45064      40.23      40.23      40.23   1.00%
MLCellLinOp::solutionResidual()                181442      12.44      12.44      12.44   0.31%
FabArray::setVal()                             838763      9.992      9.992      9.992   0.25%
MLMG::computeResidual()                        136080      8.772      8.772      8.772   0.22%
Other                                        42468384      38.17      38.17      38.17   0.95%
----------------------------------------------------------------------------------------------

Device Memory Usage:
-------------------------------------------------------------------------
Name                                           Nalloc    AvgMem    MaxMem
-------------------------------------------------------------------------
The_Arena::Initialize()                             1     6   B    14 GiB
main()                                           1360   118 MiB   122 MiB
WritePlotfile()                                   752  4420   B    33 MiB
ResizeRandomSeed                                    2    13 MiB    13 MiB
MLCGSolver::bicgstab                         10886400  9622 KiB    10 MiB
MLMG::prepareForSolve()                            64  8135 KiB  8136 KiB
MLABecLaplacian::define()                          64  7823 KiB  7824 KiB
ComputePhi_Rho()                              5083840   152 KiB  7552 KiB
MultiFab::OverlapMask()                        774656  1817   B  1889 KiB
BndryData::define()                               192  1735 KiB  1736 KiB
MLCellLinOp::defineAuxData()                      192   815 KiB   816 KiB
FillBoundary_nowait()                          317531   176 KiB   180 KiB
VisMF::Write(FabArray)                          13536     5   B   144 KiB
FabArray::setVal()                             453644    74 KiB    74 KiB
MultiFab::max()                                 22580  2057   B    74 KiB
MultiFab::norm1                                 45568    16   B    72 KiB
FabArray::norminf()                          20281764  8408   B    72 KiB
amrex::Dot()                                 39747632    19 KiB    72 KiB
amrex::Copy()                                  227072    29 KiB    29 KiB
MLCellLinOp::applyBC()                       20100627    25 KiB    26 KiB
MLCellLinOp::prepareForSolve()                      1     0   B    15 KiB
FabArray::LinComb()                             45363  2048   B  4096   B
MLABecLaplacian::Fapply()                      272160  3683   B  4096   B
FabArray::setVal(val, thecmd, scomp, ncomp)         8     0   B  3328   B
MultiFab::Divide()                              45568     0   B  2048   B
MLCellLinOp::defineBC()                             1  1791   B  1792   B
-------------------------------------------------------------------------

Managed Memory Usage:
---------------------------------------------------------
Name                             Nalloc  AvgMem    MaxMem
---------------------------------------------------------
The_Managed_Arena::Initialize()       1   0   B  8192 KiB
main()                                1   0   B    31 KiB
---------------------------------------------------------

Pinned Memory Usage:
-------------------------------------------------------------------------
Name                                           Nalloc    AvgMem    MaxMem
-------------------------------------------------------------------------
The_Pinned_Arena::Initialize()                      1     0   B  8192 KiB
VisMF::Write(FabArray)                          14288   167   B  2124 KiB
FillBoundary_nowait()                          317531   176 KiB   180 KiB
FabArray::setVal()                             453644    74 KiB    74 KiB
amrex::Copy()                                  227072    29 KiB    29 KiB
MLCellLinOp::applyBC()                          45369    25 KiB    25 KiB
MLCellLinOp::prepareForSolve()                      1     0   B    15 KiB
FabArray::LinComb()                             45363  2048   B  4096   B
MLABecLaplacian::Fapply()                      272160  3683   B  4096   B
FabArray::setVal(val, thecmd, scomp, ncomp)         8     0   B  3328   B
MultiFab::max()                                 22580  2048   B  2304   B
MultiFab::Divide()                              45568     0   B  2048   B
MLCellLinOp::setLevelBC()                          47     0   B  1792   B
MultiFab::OverlapMask()                         45568     0   B  1792   B
amrex::Dot()                                 39747632    68   B   256   B
Unprofiled                                         15     0   B   256   B
MultiFab::norm1                                 45568     0   B   256   B
FabArray::norminf()                          20281764    29   B   256   B
-------------------------------------------------------------------------

Total GPU global memory (MB) spread across MPI: [20019 ... 20019]
Free  GPU global memory (MB) spread across MPI: [4636 ... 4636]
[The         Arena] max space (MB) allocated spread across MPI: [15014 ... 15014]
[The         Arena] max space (MB) used      spread across MPI: [183 ... 183]
[The Managed Arena] max space (MB) allocated spread across MPI: [8 ... 8]
[The Managed Arena] max space (MB) used      spread across MPI: [0 ... 0]
[The  Pinned Arena] max space (MB) allocated spread across MPI: [8 ... 8]
[The  Pinned Arena] max space (MB) used      spread across MPI: [2 ... 2]
AMReX (26.05-39-gbe2cc437644f) finalized

EXIT_CODE=0
Sat Jul 18 04:56:36 CST 2026
