1 iterations :: err = 1
MLMG: Initial rhs               = 477518247.7
MLMG: Initial residual (resid0) = 7665556535
MLMG: Final Iter. 3 resid, resid/resid0 = 0.006430886686, 8.389327841e-13
MLMG: Timers: Solve = 0.061219999 Iter = 0.061046996 Bottom = 0.060751667
2 iterations :: err = 1.973758251e-10
Steady state check : (phi(t) - phi(t-1)).norm0() = 1.014292349e-07
Advanced step 30992 in 0.138188558 seconds
 
MLMG: Initial rhs               = 477518248
MLMG: Initial residual (resid0) = 7665556534
MLMG: Final Iter. 3 resid, resid/resid0 = 0.002087398401, 2.72308787e-13
MLMG: Timers: Solve = 0.063214661 Iter = 0.063040846 Bottom = 0.062743554
1 iterations :: err = 1
MLMG: Initial rhs               = 477518248
MLMG: Initial residual (resid0) = 7665556534
MLMG: Final Iter. 3 resid, resid/resid0 = 0.002969031086, 3.873210083e-13
MLMG: Timers: Solve = 0.063390308 Iter = 0.063215582 Bottom = 0.062918037
2 iterations :: err = 3.066801969e-10
Steady state check : (phi(t) - phi(t-1)).norm0() = 1.002328035e-07
Advanced step 30993 in 0.141946538 seconds
 
MLMG: Initial rhs               = 477518248.2
MLMG: Initial residual (resid0) = 7665556533
MLMG: Final Iter. 3 resid, resid/resid0 = 0.003800027072, 4.957274864e-13
MLMG: Timers: Solve = 0.065085383 Iter = 0.064913471 Bottom = 0.064617087
1 iterations :: err = 1
MLMG: Initial rhs               = 477518248.2
MLMG: Initial residual (resid0) = 7665556533
MLMG: Final Iter. 3 resid, resid/resid0 = 0.003003067035, 3.917611228e-13
MLMG: Timers: Solve = 0.06231538 Iter = 0.062140914 Bottom = 0.061844511
2 iterations :: err = 1.924361897e-10
Steady state check : (phi(t) - phi(t-1)).norm0() = 9.921458859e-08
Advanced step 30994 in 0.142826379 seconds
 
step = 30994, Phi_Bc_hi = -4, num_Vapp = 46, sign = -1
MLMG: Initial rhs               = 477518248.4
MLMG: Initial residual (resid0) = 6815956533
MLMG: Final Iter. 3 resid, resid/resid0 = 0.004476100206, 6.567090305e-13
MLMG: Timers: Solve = 0.060953744 Iter = 0.060771726 Bottom = 0.060469696
1 iterations :: err = 1
MLMG: Initial rhs               = 477518248.4
MLMG: Initial residual (resid0) = 6815956533
MLMG: Final Iter. 3 resid, resid/resid0 = 0.004965155036, 7.284604901e-13
MLMG: Timers: Solve = 0.061802177 Iter = 0.061625107 Bottom = 0.061328735
2 iterations :: err = 2.43059242e-05
MLMG: Initial rhs               = 477518248.4
MLMG: Initial residual (resid0) = 6815956533
MLMG: Final Iter. 3 resid, resid/resid0 = 0.002856567502, 4.191000175e-13
MLMG: Timers: Solve = 0.059103723 Iter = 0.058934245 Bottom = 0.058640217
3 iterations :: err = 7.754772747e-09
voltage_sweep == 1 && num_Vapp == num_Vapp_max!
High-water FAB megabyte spread across MPI nodes: [171 ... 171]
Current     FAB megabyte spread across MPI nodes: [136 ... 136]
Total run time 4687.976036 seconds


TinyProfiler total time across processes [min...avg...max]: 4688 ... 4688 ... 4688

----------------------------------------------------------------------------------------------
Name                                           NCalls  Excl. Min  Excl. Avg  Excl. Max   Max %
----------------------------------------------------------------------------------------------
amrex::Dot()                                 45363344       1240       1240       1240  26.45%
MLABecLaplacian::Fapply()                    22930891       1024       1024       1024  21.84%
MLABecLaplacian::normalize()                 22868586      734.2      734.2      734.2  15.66%
FabArray::norminf()                          23242098      530.5      530.5      530.5  11.32%
ComputePhi_Rho()                                31040      214.3      214.3      214.3   4.57%
FillBoundary_nowait()                        23179213      187.6      187.6      187.6   4.00%
FabArray::Saxpy_Saxpy()                      11399566      149.1      149.1      149.1   3.18%
FabArray::Saypy_Saxpy()                      11282106      138.6      138.6      138.6   2.96%
FabArray::Saxpy_Xpay()                       11212652      127.7      127.7      127.7   2.72%
Calculate_Landau()                              30994      116.9      116.9      116.9   2.49%
Calculate_Grad()                                30994      61.62      61.62      61.62   1.31%
ComputeEfromPhi()                               61988      54.85      54.85      54.85   1.17%
MLCellLinOp::applyBC()                       22930891      36.62      36.62      36.62   0.78%
FabArray::setVal()                            1152195      13.62      13.62      13.62   0.29%
amrex::Copy()                                 1028582      11.11      11.11      11.11   0.24%
MLCGSolver::bicgstab                           186914      9.799      9.799      9.799   0.21%
MLCGSolver::ParallelAllReduce                56949824      5.219      5.219      5.219   0.11%
main()                                              1       4.35       4.35       4.35   0.09%
MLCellLinOp::apply()                         22930891      3.026      3.026      3.026   0.06%
FabArray::FillBoundary()                     23179213       2.58       2.58       2.58   0.06%
MLMG::solve()                                   62305     0.3728     0.3728     0.3728   0.01%
MLMG::actualBottomSolve()                      186914    0.06665    0.06665    0.06665   0.00%
MLCellLinOp::solutionResidual()                249219     0.0359     0.0359     0.0359   0.00%
MLMG::oneIter()                                186914    0.03027    0.03027    0.03027   0.00%
MLMG::computeResidual()                        186914    0.02216    0.02216    0.02216   0.00%
MLMG::mgVcycle_bottom                          186914    0.01863    0.01863    0.01863   0.00%
MLMG::mgVcycle()                               186914     0.0185     0.0185     0.0185   0.00%
Other                                        48072025      21.81      21.81      21.81   0.47%
----------------------------------------------------------------------------------------------

----------------------------------------------------------------------------------------------
Name                                           NCalls  Incl. Min  Incl. Avg  Incl. Max   Max %
----------------------------------------------------------------------------------------------
main()                                              1       4688       4688       4688 100.00%
ComputePhi_Rho()                                31040       4438       4438       4438  94.66%
MLMG::solve()                                   62305       4208       4208       4208  89.76%
MLMG::oneIter()                                186914       4181       4181       4181  89.18%
MLMG::mgVcycle()                               186914       4179       4179       4179  89.13%
MLMG::mgVcycle_bottom                          186914       4179       4179       4179  89.13%
MLMG::actualBottomSolve()                      186914       4179       4179       4179  89.13%
MLCGSolver::bicgstab                           186914       4177       4177       4177  89.09%
MLCellLinOp::apply()                         22930891       1254       1254       1254  26.75%
amrex::Dot()                                 45363344       1240       1240       1240  26.45%
MLABecLaplacian::Fapply()                    22930891       1024       1024       1024  21.84%
MLABecLaplacian::normalize()                 22868586      734.2      734.2      734.2  15.66%
MLCGSolver::ParallelAllReduce                56949824      629.5      629.5      629.5  13.43%
FabArray::norminf()                          23242098      530.5      530.5      530.5  11.32%
MLCellLinOp::applyBC()                       22930891      227.1      227.1      227.1   4.85%
FabArray::FillBoundary()                     23179213      192.8      192.8      192.8   4.11%
FillBoundary_nowait()                        23179213      188.9      188.9      188.9   4.03%
FabArray::Saxpy_Saxpy()                      11399566      149.1      149.1      149.1   3.18%
FabArray::Saypy_Saxpy()                      11282106      138.6      138.6      138.6   2.96%
FabArray::Saxpy_Xpay()                       11212652      127.7      127.7      127.7   2.72%
Calculate_Landau()                              30994      116.9      116.9      116.9   2.49%
Calculate_Grad()                                30994      61.62      61.62      61.62   1.31%
ComputeEfromPhi()                               61988      54.85      54.85      54.85   1.17%
MLCellLinOp::solutionResidual()                249219      16.95      16.95      16.95   0.36%
FabArray::setVal()                            1152195      13.62      13.62      13.62   0.29%
MLMG::computeResidual()                        186914      12.01      12.01      12.01   0.26%
amrex::Copy()                                 1028582      11.11      11.11      11.11   0.24%
Other                                        48072025      40.29      40.29      40.29   0.86%
----------------------------------------------------------------------------------------------

Device Memory Usage:
-------------------------------------------------------------------------
Name                                           Nalloc    AvgMem    MaxMem
-------------------------------------------------------------------------
The_Arena::Initialize()                             1     3   B    14 GiB
main()                                           1360   118 MiB   122 MiB
WritePlotfile()                                   752  3872   B    33 MiB
ResizeRandomSeed                                    2    13 MiB    13 MiB
MLCGSolver::bicgstab                         14953120  9441 KiB    10 MiB
MLMG::prepareForSolve()                            64  8135 KiB  8136 KiB
MLABecLaplacian::define()                          64  7823 KiB  7824 KiB
ComputePhi_Rho()                              6981760   180 KiB  7552 KiB
MultiFab::OverlapMask()                       1063010  2117   B  1889 KiB
BndryData::define()                               192  1735 KiB  1736 KiB
MLCellLinOp::defineAuxData()                      192   815 KiB   816 KiB
FillBoundary_nowait()                          436142   176 KiB   180 KiB
VisMF::Write(FabArray)                          13536     4   B   144 KiB
FabArray::setVal()                             623084    74 KiB    74 KiB
MultiFab::max()                                 31042  2059   B    74 KiB
MultiFab::norm1                                 62530    19   B    72 KiB
FabArray::norminf()                          23242098  8268   B    72 KiB
amrex::Dot()                                 45363344    18 KiB    72 KiB
amrex::Copy()                                  311811    29 KiB    29 KiB
MLCellLinOp::applyBC()                       22993203    25 KiB    26 KiB
MLCellLinOp::prepareForSolve()                      1     0   B    15 KiB
FabArray::LinComb()                             62306  2048   B  4096   B
MLABecLaplacian::Fapply()                      373828  3608   B  4096   B
FabArray::setVal(val, thecmd, scomp, ncomp)         8     0   B  3328   B
MultiFab::Divide()                              62530     1   B  2048   B
MLCellLinOp::defineBC()                             1  1791   B  1792   B
-------------------------------------------------------------------------

Managed Memory Usage:
---------------------------------------------------------
Name                             Nalloc  AvgMem    MaxMem
---------------------------------------------------------
The_Managed_Arena::Initialize()       1   0   B  8192 KiB
main()                                1   0   B    31 KiB
---------------------------------------------------------

Pinned Memory Usage:
-------------------------------------------------------------------------
Name                                           Nalloc    AvgMem    MaxMem
-------------------------------------------------------------------------
The_Pinned_Arena::Initialize()                      1     0   B  8192 KiB
VisMF::Write(FabArray)                          14288   146   B  2124 KiB
FillBoundary_nowait()                          436142   176 KiB   180 KiB
FabArray::setVal()                             623084    74 KiB    74 KiB
amrex::Copy()                                  311811    29 KiB    29 KiB
MLCellLinOp::applyBC()                          62312    25 KiB    25 KiB
MLCellLinOp::prepareForSolve()                      1     0   B    15 KiB
FabArray::LinComb()                             62306  2048   B  4096   B
MLABecLaplacian::Fapply()                      373828  3608   B  4096   B
FabArray::setVal(val, thecmd, scomp, ncomp)         8     0   B  3328   B
MultiFab::max()                                 31042  2048   B  2304   B
MultiFab::Divide()                              62530     1   B  2048   B
MLCellLinOp::setLevelBC()                          47     0   B  1792   B
MultiFab::OverlapMask()                         62530     0   B  1792   B
amrex::Dot()                                 45363344    67   B   256   B
Unprofiled                                         15     0   B   256   B
MultiFab::norm1                                 62530     0   B   256   B
FabArray::norminf()                          23242098    28   B   256   B
-------------------------------------------------------------------------

Total GPU global memory (MB) spread across MPI: [20019 ... 20019]
Free  GPU global memory (MB) spread across MPI: [4648 ... 4648]
[The         Arena] max space (MB) allocated spread across MPI: [15014 ... 15014]
[The         Arena] max space (MB) used      spread across MPI: [183 ... 183]
[The Managed Arena] max space (MB) allocated spread across MPI: [8 ... 8]
[The Managed Arena] max space (MB) used      spread across MPI: [0 ... 0]
[The  Pinned Arena] max space (MB) allocated spread across MPI: [8 ... 8]
[The  Pinned Arena] max space (MB) used      spread across MPI: [2 ... 2]
AMReX (26.05-39-gbe2cc437644f) finalized
EXIT_CODE=0
Fri Jun 26 22:53:19 CST 2026
