MLMG: Final Iter. 3 resid, resid/resid0 = 0.001152294499, 1.405323702e-13
MLMG: Timers: Solve = 0.144250421 Iter = 0.144048556 Bottom = 0.143696765
2 iterations :: err = 3.836709074e-11
Steady state check : (phi(t) - phi(t-1)).norm0() = 1.003760245e-07
Advanced step 67452 in 0.279069481 seconds
 
MLMG: Initial rhs               = 348376625.7
MLMG: Initial residual (resid0) = 8199495230
MLMG: Final Iter. 3 resid, resid/resid0 = 0.001580184727, 1.927173177e-13
MLMG: Timers: Solve = 0.117574619 Iter = 0.117355592 Bottom = 0.11699993
1 iterations :: err = 1
MLMG: Initial rhs               = 348376625.7
MLMG: Initial residual (resid0) = 8199495230
MLMG: Final Iter. 3 resid, resid/resid0 = 0.001263994766, 1.541551926e-13
MLMG: Timers: Solve = 0.122881328 Iter = 0.122678062 Bottom = 0.122321133
2 iterations :: err = 3.401968269e-11
Steady state check : (phi(t) - phi(t-1)).norm0() = 1.001235555e-07
Advanced step 67453 in 0.260880919 seconds
 
MLMG: Initial rhs               = 348376622.2
MLMG: Initial residual (resid0) = 8199495230
MLMG: Final Iter. 3 resid, resid/resid0 = 0.003126442432, 3.81296939e-13
MLMG: Timers: Solve = 0.107843944 Iter = 0.107624377 Bottom = 0.107269918
1 iterations :: err = 1
MLMG: Initial rhs               = 348376622.2
MLMG: Initial residual (resid0) = 8199495230
MLMG: Final Iter. 3 resid, resid/resid0 = 0.003510672642, 4.281571662e-13
MLMG: Timers: Solve = 0.098794992 Iter = 0.098586236 Bottom = 0.09823385401
2 iterations :: err = 9.890931817e-11
Steady state check : (phi(t) - phi(t-1)).norm0() = 9.986176354e-08
Advanced step 67454 in 0.280439968 seconds
 
step = 67454, Phi_Bc_hi = -4, num_Vapp = 46, sign = -1
MLMG: Initial rhs               = 348376618.7
MLMG: Initial residual (resid0) = 7289228193
MLMG: Final Iter. 3 resid, resid/resid0 = 0.001559825136, 2.139904384e-13
MLMG: Timers: Solve = 0.133708702 Iter = 0.133477792 Bottom = 0.133118624
1 iterations :: err = 1
MLMG: Initial rhs               = 348376618.7
MLMG: Initial residual (resid0) = 7289228193
MLMG: Final Iter. 3 resid, resid/resid0 = 0.0004277825356, 5.868694521e-14
MLMG: Timers: Solve = 0.133784104 Iter = 0.133581137 Bottom = 0.133225784
2 iterations :: err = 3.199629177e-05
MLMG: Initial rhs               = 348376618.7
MLMG: Initial residual (resid0) = 7289228193
MLMG: Final Iter. 3 resid, resid/resid0 = 0.00488840678, 6.706343457e-13
MLMG: Timers: Solve = 0.113715007 Iter = 0.113511687 Bottom = 0.113155246
3 iterations :: err = 1.558459471e-08
voltage_sweep == 1 && num_Vapp == num_Vapp_max!
High-water FAB megabyte spread across MPI nodes: [171 ... 171]
Current     FAB megabyte spread across MPI nodes: [136 ... 136]
Total run time 21115.91032 seconds


TinyProfiler total time across processes [min...avg...max]: 2.112e+04 ... 2.112e+04 ... 2.112e+04

-----------------------------------------------------------------------------------------------
Name                                            NCalls  Excl. Min  Excl. Avg  Excl. Max   Max %
-----------------------------------------------------------------------------------------------
amrex::Dot()                                  93904728       5481       5481       5481  25.96%
MLABecLaplacian::Fapply()                     47493032       4126       4126       4126  19.54%
MLABecLaplacian::normalize()                  47357865       3011       3011       3011  14.26%
FabArray::norminf()                           48168608       2598       2598       2598  12.30%
ComputePhi_Rho()                                 67500       1149       1149       1149   5.44%
FillBoundary_nowait()                         48032976      991.6      991.6      991.6   4.70%
FabArray::Saypy_Saxpy()                       23343518      660.4      660.4      660.4   3.13%
FabArray::Saxpy_Saxpy()                       23608846      643.8      643.8      643.8   3.05%
FabArray::Saxpy_Xpay()                        23203345      605.7      605.7      605.7   2.87%
Calculate_Landau()                               67454      465.5      465.5      465.5   2.20%
ComputeEfromPhi()                               134908      263.4      263.4      263.4   1.25%
Calculate_Grad()                                 67454      241.4      241.4      241.4   1.14%
MLCellLinOp::applyBC()                        47493032      232.7      232.7      232.7   1.10%
main()                                               1      187.2      187.2      187.2   0.89%
MLCGSolver::bicgstab                            405501      106.4      106.4      106.4   0.50%
FabArray::setVal()                             2500232      65.11      65.11      65.11   0.31%
amrex::Copy()                                  2230837      54.09      54.09      54.09   0.26%
CalculateTDGL_RHS()                              67454      35.28      35.28      35.28   0.17%
MLCGSolver::ParallelAllReduce                117919075      33.49      33.49      33.49   0.16%
MLCellLinOp::apply()                          47493032      26.84      26.84      26.84   0.13%
FabArray::FillBoundary()                      48032976       24.4       24.4       24.4   0.12%
MLMG::solve()                                   135167      6.577      6.577      6.577   0.03%
MLMG::actualBottomSolve()                       405501      1.416      1.416      1.416   0.01%
MLMG::oneIter()                                 405501     0.4442     0.4442     0.4442   0.00%
MLCellLinOp::solutionResidual()                 540668     0.3761     0.3761     0.3761   0.00%
MLMG::computeResidual()                         405501      0.331      0.331      0.331   0.00%
MLMG::mgVcycle_bottom                           405501     0.2561     0.2561     0.2561   0.00%
MLMG::mgVcycle()                                405501     0.2331     0.2331     0.2331   0.00%
Other                                         99715777      103.6      103.6      103.6   0.49%
-----------------------------------------------------------------------------------------------

-----------------------------------------------------------------------------------------------
Name                                            NCalls  Incl. Min  Incl. Avg  Incl. Max   Max %
-----------------------------------------------------------------------------------------------
main()                                               1  2.112e+04  2.112e+04  2.112e+04 100.00%
ComputePhi_Rho()                                 67500  1.988e+04  1.988e+04  1.988e+04  94.12%
MLMG::solve()                                   135167  1.865e+04  1.865e+04  1.865e+04  88.30%
MLMG::oneIter()                                 405501  1.852e+04  1.852e+04  1.852e+04  87.69%
MLMG::mgVcycle()                                405501  1.851e+04  1.851e+04  1.851e+04  87.65%
MLMG::mgVcycle_bottom                           405501  1.851e+04  1.851e+04  1.851e+04  87.65%
MLMG::actualBottomSolve()                       405501  1.851e+04  1.851e+04  1.851e+04  87.65%
MLCGSolver::bicgstab                            405501   1.85e+04   1.85e+04   1.85e+04  87.60%
amrex::Dot()                                  93904728       5481       5481       5481  25.96%
MLCellLinOp::apply()                          47493032       5407       5407       5407  25.61%
MLABecLaplacian::Fapply()                     47493032       4126       4126       4126  19.54%
MLABecLaplacian::normalize()                  47357865       3011       3011       3011  14.26%
MLCGSolver::ParallelAllReduce                117919075       2785       2785       2785  13.19%
FabArray::norminf()                           48168608       2598       2598       2598  12.30%
MLCellLinOp::applyBC()                        47493032       1255       1255       1255   5.94%
FabArray::FillBoundary()                      48032976       1034       1034       1034   4.90%
FillBoundary_nowait()                         48032976       1001       1001       1001   4.74%
FabArray::Saypy_Saxpy()                       23343518      660.4      660.4      660.4   3.13%
FabArray::Saxpy_Saxpy()                       23608846      643.8      643.8      643.8   3.05%
FabArray::Saxpy_Xpay()                        23203345      605.7      605.7      605.7   2.87%
Calculate_Landau()                               67454      465.5      465.5      465.5   2.20%
ComputeEfromPhi()                               134908      263.4      263.4      263.4   1.25%
Calculate_Grad()                                 67454      241.4      241.4      241.4   1.14%
MLCellLinOp::solutionResidual()                 540668      77.01      77.01      77.01   0.36%
FabArray::setVal()                             2500232      65.11      65.11      65.11   0.31%
MLMG::computeResidual()                         405501      58.17      58.17      58.17   0.28%
amrex::Copy()                                  2230837      54.09      54.09      54.09   0.26%
CalculateTDGL_RHS()                              67454      40.54      40.54      40.54   0.19%
Other                                         99715777      174.2      174.2      174.2   0.83%
-----------------------------------------------------------------------------------------------

Device Memory Usage:
-------------------------------------------------------------------------
Name                                           Nalloc    AvgMem    MaxMem
-------------------------------------------------------------------------
The_Arena::Initialize()                             1     1   B    16 GiB
main()                                           1360   118 MiB   122 MiB
WritePlotfile()                                   752  2985   B    33 MiB
ResizeRandomSeed                                    2    16 MiB    16 MiB
MLCGSolver::bicgstab                         32440080  9277 KiB    10 MiB
MLMG::prepareForSolve()                            64  8135 KiB  8136 KiB
MLABecLaplacian::define()                          64  7823 KiB  7824 KiB
ComputePhi_Rho()                             15141376   205 KiB  7552 KiB
MultiFab::OverlapMask()                       2300678  2667   B  1889 KiB
BndryData::define()                               192  1735 KiB  1736 KiB
MLCellLinOp::defineAuxData()                      192   815 KiB   816 KiB
FillBoundary_nowait()                          946178   175 KiB   180 KiB
VisMF::Write(FabArray)                          13536     4   B   174 KiB
MultiFab::max()                                 67502  2060   B    89 KiB
MultiFab::norm1                                135334    27   B    87 KiB
FabArray::norminf()                          48168608    10 KiB    87 KiB
amrex::Dot()                                 93904728    22 KiB    87 KiB
FabArray::setVal()                            1351706    74 KiB    74 KiB
amrex::Copy()                                  676064    29 KiB    29 KiB
MLCellLinOp::applyBC()                       47628206    25 KiB    26 KiB
MLCellLinOp::prepareForSolve()                      1     0   B    15 KiB
FabArray::LinComb()                            135168  2048   B  4096   B
MLABecLaplacian::Fapply()                      811002  3543   B  4096   B
FabArray::setVal(val, thecmd, scomp, ncomp)         8     0   B  3328   B
MultiFab::Divide()                             135334     1   B  2048   B
MLCellLinOp::defineBC()                             1  1791   B  1792   B
-------------------------------------------------------------------------

Managed Memory Usage:
---------------------------------------------------------
Name                             Nalloc  AvgMem    MaxMem
---------------------------------------------------------
The_Managed_Arena::Initialize()       1   0   B  8192 KiB
main()                                1   0   B    31 KiB
---------------------------------------------------------

Pinned Memory Usage:
-------------------------------------------------------------------------
Name                                           Nalloc    AvgMem    MaxMem
-------------------------------------------------------------------------
The_Pinned_Arena::Initialize()                      1     0   B  8192 KiB
VisMF::Write(FabArray)                          14288   109   B  2124 KiB
FillBoundary_nowait()                          946178   175 KiB   180 KiB
FabArray::setVal()                            1351706    74 KiB    74 KiB
amrex::Copy()                                  676064    29 KiB    29 KiB
MLCellLinOp::applyBC()                         135174    25 KiB    25 KiB
MLCellLinOp::prepareForSolve()                      1     0   B    15 KiB
FabArray::LinComb()                            135168  2048   B  4096   B
MLABecLaplacian::Fapply()                      811002  3543   B  4096   B
FabArray::setVal(val, thecmd, scomp, ncomp)         8     0   B  3328   B
MultiFab::max()                                 67502  2048   B  2304   B
MultiFab::Divide()                             135334     1   B  2048   B
MLCellLinOp::setLevelBC()                          47     0   B  1792   B
MultiFab::OverlapMask()                        135334     0   B  1792   B
amrex::Dot()                                 93904728    65   B   256   B
Unprofiled                                         15     0   B   256   B
MultiFab::norm1                                135334     0   B   256   B
FabArray::norminf()                          48168608    31   B   256   B
-------------------------------------------------------------------------

Total GPU global memory (MB) spread across MPI: [22491 ... 22491]
Free  GPU global memory (MB) spread across MPI: [5299 ... 5299]
[The         Arena] max space (MB) allocated spread across MPI: [16868 ... 16868]
[The         Arena] max space (MB) used      spread across MPI: [186 ... 186]
[The Managed Arena] max space (MB) allocated spread across MPI: [8 ... 8]
[The Managed Arena] max space (MB) used      spread across MPI: [0 ... 0]
[The  Pinned Arena] max space (MB) allocated spread across MPI: [8 ... 8]
[The  Pinned Arena] max space (MB) used      spread across MPI: [2 ... 2]
AMReX (26.05-39-gbe2cc437644f) finalized

EXIT_CODE=0
Wed Jul 22 17:10:35 UTC 2026
