2 iterations :: err = 1.557675423e-10
Steady state check : (phi(t) - phi(t-1)).norm0() = 1.057720119e-07
Advanced step 11945 in 0.116298173 seconds
 
MLMG: Initial rhs               = 352719986.4
MLMG: Initial residual (resid0) = 9460603922
MLMG: Final Iter. 3 resid, resid/resid0 = 0.000326720683, 3.453486539e-14
MLMG: Timers: Solve = 0.050604485 Iter = 0.050379852 Bottom = 0.050034615
1 iterations :: err = 1
MLMG: Initial rhs               = 352720008.5
MLMG: Initial residual (resid0) = 9460603922
MLMG: Final Iter. 3 resid, resid/resid0 = 0.002053120327, 2.170178927e-13
MLMG: Timers: Solve = 0.051858919 Iter = 0.051609859 Bottom = 0.051272465
2 iterations :: err = 6.538415729e-11
Steady state check : (phi(t) - phi(t-1)).norm0() = 1.000485034e-07
Advanced step 11946 in 0.118466983 seconds
 
MLMG: Initial rhs               = 352720008.5
MLMG: Initial residual (resid0) = 9460603921
MLMG: Final Iter. 3 resid, resid/resid0 = 0.001407511692, 1.487760934e-13
MLMG: Timers: Solve = 0.052037021 Iter = 0.051814852 Bottom = 0.0514547
1 iterations :: err = 1
MLMG: Initial rhs               = 352720029.3
MLMG: Initial residual (resid0) = 9460603921
MLMG: Final Iter. 3 resid, resid/resid0 = 0.001858470183, 1.964430811e-13
MLMG: Timers: Solve = 0.050173767 Iter = 0.049938528 Bottom = 0.049587463
2 iterations :: err = 2.017026017e-11
Steady state check : (phi(t) - phi(t-1)).norm0() = 9.463315834e-08
Advanced step 11947 in 0.118293067 seconds
 
step = 11947, Phi_Bc_hi = -4, num_Vapp = 46, sign = -1
MLMG: Initial rhs               = 352720029.3
MLMG: Initial residual (resid0) = 8407753225
MLMG: Final Iter. 3 resid, resid/resid0 = 0.001668412345, 1.98437359e-13
MLMG: Timers: Solve = 0.053049495 Iter = 0.052792142 Bottom = 0.052388557
1 iterations :: err = 1
MLMG: Initial rhs               = 338625355.1
MLMG: Initial residual (resid0) = 8407753225
MLMG: Final Iter. 3 resid, resid/resid0 = 0.0002227021387, 2.648771114e-14
MLMG: Timers: Solve = 0.053211002 Iter = 0.052974491 Bottom = 0.052603225
2 iterations :: err = 3.812237044e-05
MLMG: Initial rhs               = 338475860.5
MLMG: Initial residual (resid0) = 8407753225
MLMG: Final Iter. 3 resid, resid/resid0 = 0.002094790339, 2.491498363e-13
MLMG: Timers: Solve = 0.055718168 Iter = 0.055512915 Bottom = 0.055137301
3 iterations :: err = 1.597426242e-08
voltage_sweep == 1 && num_Vapp == num_Vapp_max!
High-water FAB megabyte spread across MPI nodes: [171 ... 171]
Current     FAB megabyte spread across MPI nodes: [136 ... 136]
Total run time 1654.167774 seconds


TinyProfiler total time across processes [min...avg...max]: 1654 ... 1654 ... 1654

----------------------------------------------------------------------------------------------
Name                                           NCalls  Excl. Min  Excl. Avg  Excl. Max   Max %
----------------------------------------------------------------------------------------------
amrex::Dot()                                 14336386      426.3      426.3      426.3  25.77%
MLABecLaplacian::Fapply()                     7264692      331.3      331.3      331.3  20.03%
MLABecLaplacian::normalize()                  7240565      246.8      246.8      246.8  14.92%
FabArray::norminf()                           7385085      186.3      186.3      186.3  11.26%
ComputePhi_Rho()                                11993      88.46      88.46      88.46   5.35%
FillBoundary_nowait()                         7360554      74.97      74.97      74.97   4.53%
FabArray::Saxpy_Saxpy()                       3604965      54.16      54.16      54.16   3.27%
FabArray::Saypy_Saxpy()                       3563228      50.65      50.65      50.65   3.06%
FabArray::Saxpy_Xpay()                        3532593      46.88      46.88      46.88   2.83%
Calculate_Landau()                              11947      45.15      45.15      45.15   2.73%
Calculate_Grad()                                11947      22.89      22.89      22.89   1.38%
ComputeEfromPhi()                               23894      22.09      22.09      22.09   1.34%
MLCellLinOp::applyBC()                        7264692      18.08      18.08      18.08   1.09%
FabArray::setVal()                             446004       7.12       7.12       7.12   0.43%
MLCGSolver::bicgstab                            72372      6.874      6.874      6.874   0.42%
amrex::Copy()                                  398663       5.65       5.65       5.65   0.34%
main()                                              1      2.482      2.482      2.482   0.15%
MLCGSolver::ParallelAllReduce                18013723      2.034      2.034      2.034   0.12%
MLCellLinOp::apply()                          7264692      1.283      1.283      1.283   0.08%
FabArray::FillBoundary()                      7360554      1.255      1.255      1.255   0.08%
MLMG::solve()                                   24127     0.9696     0.9696     0.9696   0.06%
MLMG::actualBottomSolve()                       72372     0.2056     0.2056     0.2056   0.01%
MLMG::oneIter()                                 72372    0.08617    0.08617    0.08617   0.01%
MLCellLinOp::solutionResidual()                 96499    0.04957    0.04957    0.04957   0.00%
MLMG::mgVcycle_bottom                           72372    0.04752    0.04752    0.04752   0.00%
MLMG::computeResidual()                         72372    0.04584    0.04584    0.04584   0.00%
MLMG::ResNormInf()                              96499    0.04514    0.04514    0.04514   0.00%
MLMG::mgVcycle()                                72372    0.02306    0.02306    0.02306   0.00%
MLMG::computeMLResidual()                       24127    0.01524    0.01524    0.01524   0.00%
Other                                        15264112      11.99      11.99      11.99   0.73%
----------------------------------------------------------------------------------------------

----------------------------------------------------------------------------------------------
Name                                           NCalls  Incl. Min  Incl. Avg  Incl. Max   Max %
----------------------------------------------------------------------------------------------
main()                                              1       1654       1654       1654 100.00%
ComputePhi_Rho()                                11993       1555       1555       1555  94.00%
MLMG::solve()                                   24127       1458       1458       1458  88.14%
MLMG::oneIter()                                 72372       1445       1445       1445  87.33%
MLMG::mgVcycle()                                72372       1443       1443       1443  87.26%
MLMG::mgVcycle_bottom                           72372       1443       1443       1443  87.26%
MLMG::actualBottomSolve()                       72372       1443       1443       1443  87.26%
MLCGSolver::bicgstab                            72372       1442       1442       1442  87.19%
MLCellLinOp::apply()                          7264692      426.9      426.9      426.9  25.81%
amrex::Dot()                                 14336386      426.3      426.3      426.3  25.77%
MLABecLaplacian::Fapply()                     7264692      331.3      331.3      331.3  20.03%
MLABecLaplacian::normalize()                  7240565      246.8      246.8      246.8  14.92%
MLCGSolver::ParallelAllReduce                18013723      216.7      216.7      216.7  13.10%
FabArray::norminf()                           7385085      186.3      186.3      186.3  11.26%
MLCellLinOp::applyBC()                        7264692      94.26      94.26      94.26   5.70%
FabArray::FillBoundary()                      7360554      77.33      77.33      77.33   4.67%
FillBoundary_nowait()                         7360554      75.58      75.58      75.58   4.57%
FabArray::Saxpy_Saxpy()                       3604965      54.16      54.16      54.16   3.27%
FabArray::Saypy_Saxpy()                       3563228      50.65      50.65      50.65   3.06%
FabArray::Saxpy_Xpay()                        3532593      46.88      46.88      46.88   2.83%
Calculate_Landau()                              11947      45.15      45.15      45.15   2.73%
Calculate_Grad()                                11947      22.89      22.89      22.89   1.38%
ComputeEfromPhi()                               23894      22.09      22.09      22.09   1.34%
MLCellLinOp::solutionResidual()                 96499      7.692      7.692      7.692   0.46%
FabArray::setVal()                             446004       7.12       7.12       7.12   0.43%
amrex::Copy()                                  398663       5.65       5.65       5.65   0.34%
MLMG::computeResidual()                         72372      5.273      5.273      5.273   0.32%
MLMG::ResNormInf()                              96499      2.576      2.576      2.576   0.16%
MLMG::computeMLResidual()                       24127       2.48       2.48       2.48   0.15%
Other                                        15264112      16.53      16.53      16.53   1.00%
----------------------------------------------------------------------------------------------

Device Memory Usage:
-------------------------------------------------------------------------
Name                                           Nalloc    AvgMem    MaxMem
-------------------------------------------------------------------------
The_Arena::Initialize()                             1    11   B    14 GiB
main()                                           1360   118 MiB   122 MiB
WritePlotfile()                                   752    15 KiB    33 MiB
ResizeRandomSeed                                    2    13 MiB    13 MiB
MLCGSolver::bicgstab                          5789760  9229 KiB    10 MiB
MLMG::prepareForSolve()                            64  8135 KiB  8136 KiB
MLABecLaplacian::define()                          64  7823 KiB  7824 KiB
ComputePhi_Rho()                              2704480   215 KiB  7552 KiB
MultiFab::OverlapMask()                        412556  3372   B  1889 KiB
BndryData::define()                               192  1735 KiB  1736 KiB
MLCellLinOp::defineAuxData()                      192   815 KiB   816 KiB
FillBoundary_nowait()                          168880   175 KiB   180 KiB
VisMF::Write(FabArray)                          13536    15   B   144 KiB
FabArray::setVal()                             241288    74 KiB    74 KiB
MultiFab::max()                                 11995  2062   B    74 KiB
MultiFab::norm1                                 24268    25   B    72 KiB
FabArray::norminf()                           7385085  8207   B    72 KiB
amrex::Dot()                                 14336386    18 KiB    72 KiB
amrex::Copy()                                  120829    29 KiB    29 KiB
MLCellLinOp::applyBC()                        7288826    25 KiB    26 KiB
MLCellLinOp::prepareForSolve()                      1     0   B    15 KiB
FabArray::LinComb()                             24128  2048   B  4096   B
MLABecLaplacian::Fapply()                      144744  3513   B  4096   B
FabArray::setVal(val, thecmd, scomp, ncomp)         8     0   B  3328   B
MultiFab::Divide()                              24268     1   B  2048   B
MLCellLinOp::defineBC()                             1  1791   B  1792   B
-------------------------------------------------------------------------

Managed Memory Usage:
---------------------------------------------------------
Name                             Nalloc  AvgMem    MaxMem
---------------------------------------------------------
The_Managed_Arena::Initialize()       1   0   B  8192 KiB
main()                                1   0   B    31 KiB
---------------------------------------------------------

Pinned Memory Usage:
-------------------------------------------------------------------------
Name                                           Nalloc    AvgMem    MaxMem
-------------------------------------------------------------------------
The_Pinned_Arena::Initialize()                      1     0   B  8192 KiB
VisMF::Write(FabArray)                          14288   627   B  2124 KiB
FillBoundary_nowait()                          168880   175 KiB   180 KiB
FabArray::setVal()                             241288    74 KiB    74 KiB
amrex::Copy()                                  120829    29 KiB    29 KiB
MLCellLinOp::applyBC()                          24134    25 KiB    25 KiB
MLCellLinOp::prepareForSolve()                      1     0   B    15 KiB
FabArray::LinComb()                             24128  2048   B  4096   B
MLABecLaplacian::Fapply()                      144744  3513   B  4096   B
FabArray::setVal(val, thecmd, scomp, ncomp)         8     0   B  3328   B
MultiFab::max()                                 11995  2048   B  2304   B
MultiFab::Divide()                              24268     1   B  2048   B
MLCellLinOp::setLevelBC()                          47     0   B  1792   B
MultiFab::OverlapMask()                         24268     0   B  1792   B
amrex::Dot()                                 14336386    65   B   256   B
Unprofiled                                         15     0   B   256   B
MultiFab::norm1                                 24268     0   B   256   B
FabArray::norminf()                           7385085    28   B   256   B
-------------------------------------------------------------------------

Total GPU global memory (MB) spread across MPI: [20019 ... 20019]
Free  GPU global memory (MB) spread across MPI: [4694 ... 4694]
[The         Arena] max space (MB) allocated spread across MPI: [15014 ... 15014]
[The         Arena] max space (MB) used      spread across MPI: [183 ... 183]
[The Managed Arena] max space (MB) allocated spread across MPI: [8 ... 8]
[The Managed Arena] max space (MB) used      spread across MPI: [0 ... 0]
[The  Pinned Arena] max space (MB) allocated spread across MPI: [8 ... 8]
[The  Pinned Arena] max space (MB) used      spread across MPI: [2 ... 2]
AMReX (26.05-39-gbe2cc437644f) finalized

EXIT_CODE=0
Sat Aug 08 09:40:16 CST 2026
