MLMG: Initial rhs               = 326147466.1
MLMG: Initial residual (resid0) = 8784072240
MLMG: Final Iter. 3 resid, resid/resid0 = 0.002047614037, 2.331053276e-13
MLMG: Timers: Solve = 0.044918688 Iter = 0.04474258 Bottom = 0.044445346
2 iterations :: err = 1.031402787e-10
Steady state check : (phi(t) - phi(t-1)).norm0() = 2.204919347e-07
Advanced step 9589 in 0.107923689 seconds
 
MLMG: Initial rhs               = 326147466.1
MLMG: Initial residual (resid0) = 8784072236
MLMG: Final Iter. 3 resid, resid/resid0 = 0.001626453101, 1.851593495e-13
MLMG: Timers: Solve = 0.046984016 Iter = 0.046810542 Bottom = 0.046514852
1 iterations :: err = 1
MLMG: Initial rhs               = 326147492.9
MLMG: Initial residual (resid0) = 8784072236
MLMG: Final Iter. 3 resid, resid/resid0 = 0.00370537769, 4.218291461e-13
MLMG: Timers: Solve = 0.04914438 Iter = 0.048968783 Bottom = 0.048673441
2 iterations :: err = 1.987064876e-10
Steady state check : (phi(t) - phi(t-1)).norm0() = 1.328954336e-07
Advanced step 9590 in 0.111671142 seconds
 
MLMG: Initial rhs               = 326147492.9
MLMG: Initial residual (resid0) = 8784072233
MLMG: Final Iter. 3 resid, resid/resid0 = 0.002680105785, 3.05109716e-13
MLMG: Timers: Solve = 0.04770798 Iter = 0.047532292 Bottom = 0.047234158
1 iterations :: err = 1
MLMG: Initial rhs               = 326147509.1
MLMG: Initial residual (resid0) = 8784072233
MLMG: Final Iter. 3 resid, resid/resid0 = 0.002942351296, 3.349643784e-13
MLMG: Timers: Solve = 0.045852852 Iter = 0.045675442 Bottom = 0.045376716
2 iterations :: err = 9.892223012e-11
Steady state check : (phi(t) - phi(t-1)).norm0() = 7.9956435e-08
Advanced step 9591 in 0.109244212 seconds
 
step = 9591, Phi_Bc_hi = -4, num_Vapp = 46, sign = -1
MLMG: Initial rhs               = 326147509.1
MLMG: Initial residual (resid0) = 7806400297
MLMG: Final Iter. 3 resid, resid/resid0 = 0.001171420532, 1.500589885e-13
MLMG: Timers: Solve = 0.049255149 Iter = 0.04907183 Bottom = 0.048773135
1 iterations :: err = 1
MLMG: Initial rhs               = 312926354.8
MLMG: Initial residual (resid0) = 7806400297
MLMG: Final Iter. 3 resid, resid/resid0 = 0.000434874557, 5.570743754e-14
MLMG: Timers: Solve = 0.048827217 Iter = 0.048650377 Bottom = 0.048349409
2 iterations :: err = 3.807114059e-05
MLMG: Initial rhs               = 312779335.8
MLMG: Initial residual (resid0) = 7806400297
MLMG: Final Iter. 3 resid, resid/resid0 = 0.001154113561, 1.478419652e-13
MLMG: Timers: Solve = 0.051552762 Iter = 0.051377635 Bottom = 0.051080201
3 iterations :: err = 1.693566097e-08
voltage_sweep == 1 && num_Vapp == num_Vapp_max!
High-water FAB megabyte spread across MPI nodes: [171 ... 171]
Current     FAB megabyte spread across MPI nodes: [136 ... 136]
Total run time 1513.852617 seconds


TinyProfiler total time across processes [min...avg...max]: 1514 ... 1514 ... 1514

----------------------------------------------------------------------------------------------
Name                                           NCalls  Excl. Min  Excl. Avg  Excl. Max   Max %
----------------------------------------------------------------------------------------------
amrex::Dot()                                 14666686      401.9      401.9      401.9  26.55%
MLABecLaplacian::Fapply()                     7410913      331.2      331.2      331.2  21.88%
MLABecLaplacian::normalize()                  7391519      238.2      238.2      238.2  15.74%
FabArray::norminf()                           7507665      171.7      171.7      171.7  11.34%
ComputePhi_Rho()                                 9637      68.78      68.78      68.78   4.54%
FillBoundary_nowait()                         7487906      61.11      61.11      61.11   4.04%
FabArray::Saxpy_Saxpy()                       3685665      48.39      48.39      48.39   3.20%
FabArray::Saypy_Saxpy()                       3647678       44.7       44.7       44.7   2.95%
FabArray::Saxpy_Xpay()                        3627489       41.2       41.2       41.2   2.72%
Calculate_Landau()                               9591      36.34      36.34      36.34   2.40%
Calculate_Grad()                                 9591       18.8       18.8       18.8   1.24%
ComputeEfromPhi()                               19182      17.16      17.16      17.16   1.13%
MLCellLinOp::applyBC()                        7410913      11.78      11.78      11.78   0.78%
FabArray::setVal()                             358484      4.268      4.268      4.268   0.28%
amrex::Copy()                                  320588      3.506      3.506      3.506   0.23%
MLCGSolver::bicgstab                            58176      3.058      3.058      3.058   0.20%
MLCGSolver::ParallelAllReduce                18410527      1.431      1.431      1.431   0.09%
main()                                              1      1.303      1.303      1.303   0.09%
MLCellLinOp::apply()                          7410913     0.8513     0.8513     0.8513   0.06%
FabArray::FillBoundary()                      7487906     0.8306     0.8306     0.8306   0.05%
MLMG::solve()                                   19394     0.1413     0.1413     0.1413   0.01%
MLMG::actualBottomSolve()                       58176    0.02038    0.02038    0.02038   0.00%
MLCellLinOp::solutionResidual()                 77570   0.009908   0.009908   0.009908   0.00%
MLMG::oneIter()                                 58176   0.009199   0.009199   0.009199   0.00%
MLMG::computeResidual()                         58176    0.00599    0.00599    0.00599   0.00%
MLMG::mgVcycle_bottom                           58176   0.005865   0.005865   0.005865   0.00%
MLMG::mgVcycle()                                58176   0.005084   0.005084   0.005084   0.00%
Other                                        15509286      7.156      7.156      7.156   0.47%
----------------------------------------------------------------------------------------------

----------------------------------------------------------------------------------------------
Name                                           NCalls  Incl. Min  Incl. Avg  Incl. Max   Max %
----------------------------------------------------------------------------------------------
main()                                              1       1514       1514       1514 100.00%
ComputePhi_Rho()                                 9637       1436       1436       1436  94.86%
MLMG::solve()                                   19394       1362       1362       1362  89.99%
MLMG::oneIter()                                 58176       1354       1354       1354  89.42%
MLMG::mgVcycle()                                58176       1353       1353       1353  89.38%
MLMG::mgVcycle_bottom                           58176       1353       1353       1353  89.38%
MLMG::actualBottomSolve()                       58176       1353       1353       1353  89.38%
MLCGSolver::bicgstab                            58176       1353       1353       1353  89.34%
MLCellLinOp::apply()                          7410913      405.8      405.8      405.8  26.81%
amrex::Dot()                                 14666686      401.9      401.9      401.9  26.55%
MLABecLaplacian::Fapply()                     7410913      331.2      331.2      331.2  21.88%
MLABecLaplacian::normalize()                  7391519      238.2      238.2      238.2  15.74%
MLCGSolver::ParallelAllReduce                18410527      203.8      203.8      203.8  13.46%
FabArray::norminf()                           7507665      171.7      171.7      171.7  11.34%
MLCellLinOp::applyBC()                        7410913      73.77      73.77      73.77   4.87%
FabArray::FillBoundary()                      7487906      62.71      62.71      62.71   4.14%
FillBoundary_nowait()                         7487906      61.54      61.54      61.54   4.07%
FabArray::Saxpy_Saxpy()                       3685665      48.39      48.39      48.39   3.20%
FabArray::Saypy_Saxpy()                       3647678       44.7       44.7       44.7   2.95%
FabArray::Saxpy_Xpay()                        3627489       41.2       41.2       41.2   2.72%
Calculate_Landau()                               9591      36.34      36.34      36.34   2.40%
Calculate_Grad()                                 9591       18.8       18.8       18.8   1.24%
ComputeEfromPhi()                               19182      17.16      17.16      17.16   1.13%
MLCellLinOp::solutionResidual()                 77570      5.309      5.309      5.309   0.35%
FabArray::setVal()                             358484      4.268      4.268      4.268   0.28%
MLMG::computeResidual()                         58176      3.745      3.745      3.745   0.25%
amrex::Copy()                                  320588      3.506      3.506      3.506   0.23%
Other                                        15509286      13.65      13.65      13.65   0.90%
----------------------------------------------------------------------------------------------

Device Memory Usage:
-------------------------------------------------------------------------
Name                                           Nalloc    AvgMem    MaxMem
-------------------------------------------------------------------------
The_Arena::Initialize()                             1    15   B    14 GiB
main()                                           1360   118 MiB   122 MiB
WritePlotfile()                                   752    11 KiB    33 MiB
ResizeRandomSeed                                    2    13 MiB    13 MiB
MLCGSolver::bicgstab                          4654080  9468 KiB    10 MiB
MLMG::prepareForSolve()                            64  8135 KiB  8136 KiB
MLABecLaplacian::define()                          64  7823 KiB  7824 KiB
ComputePhi_Rho()                              2174048   182 KiB  7552 KiB
MultiFab::OverlapMask()                        331738  2068   B  1889 KiB
BndryData::define()                               192  1735 KiB  1736 KiB
MLCellLinOp::defineAuxData()                      192   815 KiB   816 KiB
FillBoundary_nowait()                          135755   176 KiB   180 KiB
VisMF::Write(FabArray)                          13536    14   B   144 KiB
FabArray::setVal()                             193964    74 KiB    74 KiB
MultiFab::max()                                  9639  2058   B    74 KiB
MultiFab::norm1                                 19514    19   B    72 KiB
FabArray::norminf()                           7507665  8293   B    72 KiB
amrex::Dot()                                 14666686    18 KiB    72 KiB
amrex::Copy()                                   97146    29 KiB    29 KiB
MLCellLinOp::applyBC()                        7430314    25 KiB    26 KiB
MLCellLinOp::prepareForSolve()                      1     0   B    15 KiB
FabArray::LinComb()                             19395  2048   B  4096   B
MLABecLaplacian::Fapply()                      116352  3619   B  4096   B
FabArray::setVal(val, thecmd, scomp, ncomp)         8     0   B  3328   B
MultiFab::Divide()                              19514     1   B  2048   B
MLCellLinOp::defineBC()                             1  1791   B  1792   B
-------------------------------------------------------------------------

Managed Memory Usage:
---------------------------------------------------------
Name                             Nalloc  AvgMem    MaxMem
---------------------------------------------------------
The_Managed_Arena::Initialize()       1   0   B  8192 KiB
main()                                1   0   B    31 KiB
---------------------------------------------------------

Pinned Memory Usage:
-------------------------------------------------------------------------
Name                                           Nalloc    AvgMem    MaxMem
-------------------------------------------------------------------------
The_Pinned_Arena::Initialize()                      1     0   B  8192 KiB
VisMF::Write(FabArray)                          14288   465   B  2124 KiB
FillBoundary_nowait()                          135755   176 KiB   180 KiB
FabArray::setVal()                             193964    74 KiB    74 KiB
amrex::Copy()                                   97146    29 KiB    29 KiB
MLCellLinOp::applyBC()                          19401    25 KiB    25 KiB
MLCellLinOp::prepareForSolve()                      1     0   B    15 KiB
FabArray::LinComb()                             19395  2048   B  4096   B
MLABecLaplacian::Fapply()                      116352  3619   B  4096   B
FabArray::setVal(val, thecmd, scomp, ncomp)         8     0   B  3328   B
MultiFab::max()                                  9639  2048   B  2304   B
MultiFab::Divide()                              19514     1   B  2048   B
MLCellLinOp::setLevelBC()                          47     0   B  1792   B
MultiFab::OverlapMask()                         19514     0   B  1792   B
amrex::Dot()                                 14666686    67   B   256   B
Unprofiled                                         15     0   B   256   B
MultiFab::norm1                                 19514     0   B   256   B
FabArray::norminf()                           7507665    28   B   256   B
-------------------------------------------------------------------------

Total GPU global memory (MB) spread across MPI: [20019 ... 20019]
Free  GPU global memory (MB) spread across MPI: [4636 ... 4636]
[The         Arena] max space (MB) allocated spread across MPI: [15014 ... 15014]
[The         Arena] max space (MB) used      spread across MPI: [183 ... 183]
[The Managed Arena] max space (MB) allocated spread across MPI: [8 ... 8]
[The Managed Arena] max space (MB) used      spread across MPI: [0 ... 0]
[The  Pinned Arena] max space (MB) allocated spread across MPI: [8 ... 8]
[The  Pinned Arena] max space (MB) used      spread across MPI: [2 ... 2]
AMReX (26.05-39-gbe2cc437644f) finalized

EXIT_CODE=0
Sat Jul 18 14:00:10 CST 2026
