MLMG: Initial rhs               = 325521925.5
MLMG: Initial residual (resid0) = 9458009708
MLMG: Final Iter. 3 resid, resid/resid0 = 0.002308961739, 2.441276558e-13
MLMG: Timers: Solve = 0.099344037 Iter = 0.09914281 Bottom = 0.098793335
2 iterations :: err = 2.3580661e-10
Steady state check : (phi(t) - phi(t-1)).norm0() = 2.455054126e-07
Advanced step 9235 in 0.231952378 seconds
 
MLMG: Initial rhs               = 325521925.6
MLMG: Initial residual (resid0) = 9458009701
MLMG: Final Iter. 3 resid, resid/resid0 = 0.00135107761, 1.428500977e-13
MLMG: Timers: Solve = 0.096767819 Iter = 0.096554287 Bottom = 0.096209151
1 iterations :: err = 1
MLMG: Initial rhs               = 325521956.1
MLMG: Initial residual (resid0) = 9458009701
MLMG: Final Iter. 3 resid, resid/resid0 = 0.0005242167972, 5.542569883e-14
MLMG: Timers: Solve = 0.103748035 Iter = 0.103547538 Bottom = 0.103198298
2 iterations :: err = 1.316263701e-10
Steady state check : (phi(t) - phi(t-1)).norm0() = 1.461339796e-07
Advanced step 9236 in 0.230858711 seconds
 
MLMG: Initial rhs               = 325521956.1
MLMG: Initial residual (resid0) = 9458009698
MLMG: Final Iter. 3 resid, resid/resid0 = 0.00191565474, 2.025431143e-13
MLMG: Timers: Solve = 0.102443186 Iter = 0.102229867 Bottom = 0.101885475
1 iterations :: err = 1
MLMG: Initial rhs               = 325521974.2
MLMG: Initial residual (resid0) = 9458009698
MLMG: Final Iter. 3 resid, resid/resid0 = 0.001285207829, 1.358856536e-13
MLMG: Timers: Solve = 0.097098497 Iter = 0.096894354 Bottom = 0.09654635
2 iterations :: err = 2.489219295e-10
Steady state check : (phi(t) - phi(t-1)).norm0() = 8.687459981e-08
Advanced step 9237 in 0.226271292 seconds
 
step = 9237, Phi_Bc_hi = -4, num_Vapp = 46, sign = -1
MLMG: Initial rhs               = 325521974.2
MLMG: Initial residual (resid0) = 8405159001
MLMG: Final Iter. 3 resid, resid/resid0 = 0.002230376005, 2.653579789e-13
MLMG: Timers: Solve = 0.113645029 Iter = 0.113416094 Bottom = 0.113064994
1 iterations :: err = 1
MLMG: Initial rhs               = 310597108.1
MLMG: Initial residual (resid0) = 8405159001
MLMG: Final Iter. 3 resid, resid/resid0 = 0.0005903579295, 7.02375683e-14
MLMG: Timers: Solve = 0.108384543 Iter = 0.108187161 Bottom = 0.107840331
2 iterations :: err = 5.308257318e-05
MLMG: Initial rhs               = 310411149.2
MLMG: Initial residual (resid0) = 8405159001
MLMG: Final Iter. 3 resid, resid/resid0 = 0.001445220236, 1.719444255e-13
MLMG: Timers: Solve = 0.113102378 Iter = 0.112899978 Bottom = 0.112552082
3 iterations :: err = 3.19285596e-08
voltage_sweep == 1 && num_Vapp == num_Vapp_max!
High-water FAB megabyte spread across MPI nodes: [171 ... 171]
Current     FAB megabyte spread across MPI nodes: [136 ... 136]
Total run time 3184.836228 seconds


TinyProfiler total time across processes [min...avg...max]: 3185 ... 3185 ... 3185

----------------------------------------------------------------------------------------------
Name                                           NCalls  Excl. Min  Excl. Avg  Excl. Max   Max %
----------------------------------------------------------------------------------------------
amrex::Dot()                                 14756026      845.6      845.6      845.6  26.55%
MLABecLaplacian::Fapply()                     7452788      644.4      644.4      644.4  20.23%
MLABecLaplacian::normalize()                  7434094        453        453        453  14.22%
FabArray::norminf()                           7546037      384.2      384.2      384.2  12.06%
ComputePhi_Rho()                                 9283      172.5      172.5      172.5   5.42%
FillBoundary_nowait()                         7526957      140.6      140.6      140.6   4.41%
FabArray::Saypy_Saxpy()                       3670960      95.13      95.13      95.13   2.99%
FabArray::Saxpy_Saxpy()                       3707053      94.92      94.92      94.92   2.98%
FabArray::Saxpy_Xpay()                        3650972      86.45      86.45      86.45   2.71%
Calculate_Landau()                               9237      63.84      63.84      63.84   2.00%
main()                                              1      47.86      47.86      47.86   1.50%
Calculate_Grad()                                 9237      32.97      32.97      32.97   1.04%
MLCellLinOp::applyBC()                        7452788      32.08      32.08      32.08   1.01%
ComputeEfromPhi()                               18474      29.66      29.66      29.66   0.93%
MLCGSolver::bicgstab                            56081      15.64      15.64      15.64   0.49%
FabArray::setVal()                             345537      8.067      8.067      8.067   0.25%
amrex::Copy()                                  309049      6.803      6.803      6.803   0.21%
MLCGSolver::ParallelAllReduce                18519160      5.378      5.378      5.378   0.17%
MLCellLinOp::apply()                          7452788      3.766      3.766      3.766   0.12%
FabArray::FillBoundary()                      7526957      3.283      3.283      3.283   0.10%
MLMG::solve()                                   18694     0.8248     0.8248     0.8248   0.03%
MLMG::actualBottomSolve()                       56081     0.1248     0.1248     0.1248   0.00%
MLCellLinOp::solutionResidual()                 74775    0.05844    0.05844    0.05844   0.00%
MLMG::computeResidual()                         56081    0.03808    0.03808    0.03808   0.00%
MLMG::oneIter()                                 56081    0.03503    0.03503    0.03503   0.00%
MLMG::mgVcycle()                                56081    0.03132    0.03132    0.03132   0.00%
MLMG::mgVcycle_bottom                           56081    0.01694    0.01694    0.01694   0.00%
Other                                        15568162      17.57      17.57      17.57   0.55%
----------------------------------------------------------------------------------------------

----------------------------------------------------------------------------------------------
Name                                           NCalls  Incl. Min  Incl. Avg  Incl. Max   Max %
----------------------------------------------------------------------------------------------
main()                                              1       3185       3185       3185 100.00%
ComputePhi_Rho()                                 9283       3001       3001       3001  94.22%
MLMG::solve()                                   18694       2818       2818       2818  88.47%
MLMG::oneIter()                                 56081       2802       2802       2802  87.96%
MLMG::mgVcycle()                                56081       2800       2800       2800  87.93%
MLMG::mgVcycle_bottom                           56081       2800       2800       2800  87.93%
MLMG::actualBottomSolve()                       56081       2800       2800       2800  87.92%
MLCGSolver::bicgstab                            56081       2799       2799       2799  87.89%
amrex::Dot()                                 14756026      845.6      845.6      845.6  26.55%
MLCellLinOp::apply()                          7452788        825        825        825  25.91%
MLABecLaplacian::Fapply()                     7452788      644.4      644.4      644.4  20.23%
MLABecLaplacian::normalize()                  7434094        453        453        453  14.22%
MLCGSolver::ParallelAllReduce                18519160      415.4      415.4      415.4  13.04%
FabArray::norminf()                           7546037      384.2      384.2      384.2  12.06%
MLCellLinOp::applyBC()                        7452788      176.9      176.9      176.9   5.55%
FabArray::FillBoundary()                      7526957      146.4      146.4      146.4   4.60%
FillBoundary_nowait()                         7526957      141.9      141.9      141.9   4.46%
FabArray::Saypy_Saxpy()                       3670960      95.13      95.13      95.13   2.99%
FabArray::Saxpy_Saxpy()                       3707053      94.92      94.92      94.92   2.98%
FabArray::Saxpy_Xpay()                        3650972      86.45      86.45      86.45   2.71%
Calculate_Landau()                               9237      63.84      63.84      63.84   2.00%
Calculate_Grad()                                 9237      32.97      32.97      32.97   1.04%
ComputeEfromPhi()                               18474      29.66      29.66      29.66   0.93%
MLCellLinOp::solutionResidual()                 74775      9.574      9.574      9.574   0.30%
FabArray::setVal()                             345537      8.067      8.067      8.067   0.25%
MLMG::computeResidual()                         56081      7.524      7.524      7.524   0.24%
amrex::Copy()                                  309049      6.803      6.803      6.803   0.21%
Other                                        15568162      29.36      29.36      29.36   0.92%
----------------------------------------------------------------------------------------------

Device Memory Usage:
-------------------------------------------------------------------------
Name                                           Nalloc    AvgMem    MaxMem
-------------------------------------------------------------------------
The_Arena::Initialize()                             1     7   B    16 GiB
main()                                           1360   118 MiB   122 MiB
WritePlotfile()                                   752    16 KiB    33 MiB
ResizeRandomSeed                                    2    16 MiB    16 MiB
MLCGSolver::bicgstab                          4486480  9310 KiB    10 MiB
MLMG::prepareForSolve()                            64  8135 KiB  8136 KiB
MLABecLaplacian::define()                          64  7823 KiB  7824 KiB
ComputePhi_Rho()                              2095776   211 KiB  7552 KiB
MultiFab::OverlapMask()                        319974  2319   B  1889 KiB
BndryData::define()                               192  1735 KiB  1736 KiB
MLCellLinOp::defineAuxData()                      192   815 KiB   816 KiB
FillBoundary_nowait()                          130865   176 KiB   180 KiB
VisMF::Write(FabArray)                          13536    24   B   174 KiB
MultiFab::max()                                  9285  2056   B    89 KiB
MultiFab::norm1                                 18822    22   B    87 KiB
FabArray::norminf()                           7546037    10 KiB    87 KiB
amrex::Dot()                                 14756026    22 KiB    87 KiB
FabArray::setVal()                             186974    74 KiB    74 KiB
amrex::Copy()                                   93659    29 KiB    29 KiB
MLCellLinOp::applyBC()                        7471489    25 KiB    26 KiB
MLCellLinOp::prepareForSolve()                      1     0   B    15 KiB
FabArray::LinComb()                             18695  2048   B  4096   B
MLABecLaplacian::Fapply()                      112162  3563   B  4096   B
FabArray::setVal(val, thecmd, scomp, ncomp)         8     0   B  3328   B
MultiFab::Divide()                              18822     1   B  2048   B
MLCellLinOp::defineBC()                             1  1791   B  1792   B
-------------------------------------------------------------------------

Managed Memory Usage:
---------------------------------------------------------
Name                             Nalloc  AvgMem    MaxMem
---------------------------------------------------------
The_Managed_Arena::Initialize()       1   0   B  8192 KiB
main()                                1   0   B    31 KiB
---------------------------------------------------------

Pinned Memory Usage:
-------------------------------------------------------------------------
Name                                           Nalloc    AvgMem    MaxMem
-------------------------------------------------------------------------
The_Pinned_Arena::Initialize()                      1     0   B  8192 KiB
VisMF::Write(FabArray)                          14288   606   B  2124 KiB
FillBoundary_nowait()                          130865   176 KiB   180 KiB
FabArray::setVal()                             186974    74 KiB    74 KiB
amrex::Copy()                                   93659    29 KiB    29 KiB
MLCellLinOp::applyBC()                          18701    25 KiB    25 KiB
MLCellLinOp::prepareForSolve()                      1     0   B    15 KiB
FabArray::LinComb()                             18695  2048   B  4096   B
MLABecLaplacian::Fapply()                      112162  3563   B  4096   B
FabArray::setVal(val, thecmd, scomp, ncomp)         8     0   B  3328   B
MultiFab::max()                                  9285  2048   B  2304   B
MultiFab::Divide()                              18822     1   B  2048   B
MLCellLinOp::setLevelBC()                          47     0   B  1792   B
MultiFab::OverlapMask()                         18822     0   B  1792   B
amrex::Dot()                                 14756026    67   B   256   B
Unprofiled                                         15     0   B   256   B
MultiFab::norm1                                 18822     0   B   256   B
FabArray::norminf()                           7546037    30   B   256   B
-------------------------------------------------------------------------

Total GPU global memory (MB) spread across MPI: [22491 ... 22491]
Free  GPU global memory (MB) spread across MPI: [5299 ... 5299]
[The         Arena] max space (MB) allocated spread across MPI: [16868 ... 16868]
[The         Arena] max space (MB) used      spread across MPI: [186 ... 186]
[The Managed Arena] max space (MB) allocated spread across MPI: [8 ... 8]
[The Managed Arena] max space (MB) used      spread across MPI: [0 ... 0]
[The  Pinned Arena] max space (MB) allocated spread across MPI: [8 ... 8]
[The  Pinned Arena] max space (MB) used      spread across MPI: [2 ... 2]
AMReX (26.05-39-gbe2cc437644f) finalized

EXIT_CODE=0
Mon Jul 27 02:31:50 UTC 2026
