MLMG: Initial rhs               = 510001887.5
MLMG: Initial residual (resid0) = 7755917853
MLMG: Final Iter. 3 resid, resid/resid0 = 0.002239525318, 2.887505206e-13
MLMG: Timers: Solve = 0.125715438 Iter = 0.125515383 Bottom = 0.119429273
2 iterations :: err = 5.999231445e-11
Steady state check : (phi(t) - phi(t-1)).norm0() = 1.030146586e-07
Advanced step 36442 in 0.2558433 seconds
 
MLMG: Initial rhs               = 510001866.2
MLMG: Initial residual (resid0) = 7755917838
MLMG: Final Iter. 3 resid, resid/resid0 = 0.001517110963, 1.956068894e-13
MLMG: Timers: Solve = 0.109990334 Iter = 0.109775926 Bottom = 0.109426675
1 iterations :: err = 1
MLMG: Initial rhs               = 510001866.2
MLMG: Initial residual (resid0) = 7755917838
MLMG: Final Iter. 3 resid, resid/resid0 = 0.001852127371, 2.388018297e-13
MLMG: Timers: Solve = 0.123667708 Iter = 0.123470195 Bottom = 0.123124313
2 iterations :: err = 1.935515699e-11
Steady state check : (phi(t) - phi(t-1)).norm0() = 1.012995594e-07
Advanced step 36443 in 0.249354431 seconds
 
MLMG: Initial rhs               = 510001845.1
MLMG: Initial residual (resid0) = 7755917824
MLMG: Final Iter. 3 resid, resid/resid0 = 0.001568704844, 2.022590852e-13
MLMG: Timers: Solve = 0.121113401 Iter = 0.120900579 Bottom = 0.12055538
1 iterations :: err = 1
MLMG: Initial rhs               = 510001845.1
MLMG: Initial residual (resid0) = 7755917824
MLMG: Final Iter. 3 resid, resid/resid0 = 0.002095773816, 2.702160935e-13
MLMG: Timers: Solve = 0.121015249 Iter = 0.120815548 Bottom = 0.120471228
2 iterations :: err = 3.849399809e-11
Steady state check : (phi(t) - phi(t-1)).norm0() = 9.963146754e-08
Advanced step 36444 in 0.27223712 seconds
 
step = 36444, Phi_Bc_hi = -4, num_Vapp = 46, sign = -1
MLMG: Initial rhs               = 510001824.3
MLMG: Initial residual (resid0) = 6906317809
MLMG: Final Iter. 3 resid, resid/resid0 = 0.0001640489789, 2.375346508e-14
MLMG: Timers: Solve = 0.119305638 Iter = 0.119079185 Bottom = 0.118724363
1 iterations :: err = 1
MLMG: Initial rhs               = 510001824.3
MLMG: Initial residual (resid0) = 6906317809
MLMG: Final Iter. 3 resid, resid/resid0 = 0.001077718693, 1.560482334e-13
MLMG: Timers: Solve = 0.116528843 Iter = 0.116322333 Bottom = 0.115972795
2 iterations :: err = 2.646900832e-05
MLMG: Initial rhs               = 510001824.3
MLMG: Initial residual (resid0) = 6906317809
MLMG: Final Iter. 3 resid, resid/resid0 = 0.001226899269, 1.776488287e-13
MLMG: Timers: Solve = 0.110355948 Iter = 0.110157658 Bottom = 0.10980738
3 iterations :: err = 1.112735123e-08
voltage_sweep == 1 && num_Vapp == num_Vapp_max!
High-water FAB megabyte spread across MPI nodes: [171 ... 171]
Current     FAB megabyte spread across MPI nodes: [136 ... 136]
Total run time 11698.63666 seconds


TinyProfiler total time across processes [min...avg...max]: 1.17e+04 ... 1.17e+04 ... 1.17e+04

----------------------------------------------------------------------------------------------
Name                                           NCalls  Excl. Min  Excl. Avg  Excl. Max   Max %
----------------------------------------------------------------------------------------------
amrex::Dot()                                 53716278       3086       3086       3086  26.38%
MLABecLaplacian::Fapply()                    27150919       2403       2403       2403  20.54%
MLABecLaplacian::normalize()                 27077724       1717       1717       1717  14.68%
FabArray::norminf()                          27516587       1446       1446       1446  12.36%
FillBoundary_nowait()                        27442831      538.1      538.1      538.1   4.60%
ComputePhi_Rho()                                36490      504.2      504.2      504.2   4.31%
FabArray::Saypy_Saxpy()                      13365094      377.9      377.9      377.9   3.23%
FabArray::Saxpy_Saxpy()                      13493045      354.1      354.1      354.1   3.03%
FabArray::Saxpy_Xpay()                       13273460      333.6      333.6      333.6   2.85%
Calculate_Landau()                              36444      246.9      246.9      246.9   2.11%
Calculate_Grad()                                36444      134.2      134.2      134.2   1.15%
ComputeEfromPhi()                               72888      131.2      131.2      131.2   1.12%
MLCellLinOp::applyBC()                       27150919      121.7      121.7      121.7   1.04%
MLCGSolver::bicgstab                           219585      62.11      62.11      62.11   0.53%
main()                                              1      53.29      53.29      53.29   0.46%
FabArray::setVal()                            1353678      36.69      36.69      36.69   0.31%
amrex::Copy()                                 1208275      29.78      29.78      29.78   0.25%
MLCGSolver::ParallelAllReduce                67428908      19.37      19.37      19.37   0.17%
MLCellLinOp::apply()                         27150919      15.25      15.25      15.25   0.13%
FabArray::FillBoundary()                     27442831      13.72      13.72      13.72   0.12%
MLMG::solve()                                   73195       3.46       3.46       3.46   0.03%
MLMG::actualBottomSolve()                      219585     0.9429     0.9429     0.9429   0.01%
MLMG::oneIter()                                219585     0.2541     0.2541     0.2541   0.00%
MLCellLinOp::solutionResidual()                292780     0.2252     0.2252     0.2252   0.00%
MLMG::computeResidual()                        219585      0.166      0.166      0.166   0.00%
MLMG::mgVcycle_bottom                          219585     0.1094     0.1094     0.1094   0.00%
MLMG::mgVcycle()                               219585     0.1068     0.1068     0.1068   0.00%
Other                                        56898735      69.18      69.18      69.18   0.59%
----------------------------------------------------------------------------------------------

----------------------------------------------------------------------------------------------
Name                                           NCalls  Incl. Min  Incl. Avg  Incl. Max   Max %
----------------------------------------------------------------------------------------------
main()                                              1   1.17e+04   1.17e+04   1.17e+04 100.00%
ComputePhi_Rho()                                36490  1.109e+04  1.109e+04  1.109e+04  94.84%
MLMG::solve()                                   73195  1.055e+04  1.055e+04  1.055e+04  90.14%
MLMG::oneIter()                                219585  1.047e+04  1.047e+04  1.047e+04  89.50%
MLMG::mgVcycle()                               219585  1.047e+04  1.047e+04  1.047e+04  89.46%
MLMG::mgVcycle_bottom                          219585  1.047e+04  1.047e+04  1.047e+04  89.46%
MLMG::actualBottomSolve()                      219585  1.047e+04  1.047e+04  1.047e+04  89.46%
MLCGSolver::bicgstab                           219585  1.046e+04  1.046e+04  1.046e+04  89.41%
MLCellLinOp::apply()                         27150919       3095       3095       3095  26.45%
amrex::Dot()                                 53716278       3086       3086       3086  26.38%
MLABecLaplacian::Fapply()                    27150919       2403       2403       2403  20.54%
MLABecLaplacian::normalize()                 27077724       1717       1717       1717  14.68%
MLCGSolver::ParallelAllReduce                67428908       1544       1544       1544  13.20%
FabArray::norminf()                          27516587       1446       1446       1446  12.36%
MLCellLinOp::applyBC()                       27150919      676.3      676.3      676.3   5.78%
FabArray::FillBoundary()                     27442831      561.4      561.4      561.4   4.80%
FillBoundary_nowait()                        27442831      543.5      543.5      543.5   4.65%
FabArray::Saypy_Saxpy()                      13365094      377.9      377.9      377.9   3.23%
FabArray::Saxpy_Saxpy()                      13493045      354.1      354.1      354.1   3.03%
FabArray::Saxpy_Xpay()                       13273460      333.6      333.6      333.6   2.85%
Calculate_Landau()                              36444      246.9      246.9      246.9   2.11%
Calculate_Grad()                                36444      134.2      134.2      134.2   1.15%
ComputeEfromPhi()                               72888      131.2      131.2      131.2   1.12%
MLCellLinOp::solutionResidual()                292780      44.11      44.11      44.11   0.38%
FabArray::setVal()                            1353678      36.69      36.69      36.69   0.31%
MLMG::computeResidual()                        219585      31.71      31.71      31.71   0.27%
amrex::Copy()                                 1208275      29.78      29.78      29.78   0.25%
Other                                        56898735        117        117        117   1.00%
----------------------------------------------------------------------------------------------

Device Memory Usage:
-------------------------------------------------------------------------
Name                                           Nalloc    AvgMem    MaxMem
-------------------------------------------------------------------------
The_Arena::Initialize()                             1     1   B    16 GiB
main()                                           1360   118 MiB   122 MiB
WritePlotfile()                                   752  4630   B    33 MiB
ResizeRandomSeed                                    2    16 MiB    16 MiB
MLCGSolver::bicgstab                         17566800  9469 KiB    10 MiB
MLMG::prepareForSolve()                            64  8135 KiB  8136 KiB
MLABecLaplacian::define()                          64  7823 KiB  7824 KiB
ComputePhi_Rho()                              8201280   167 KiB  7552 KiB
MultiFab::OverlapMask()                       1247970  2539   B  1889 KiB
BndryData::define()                               192  1735 KiB  1736 KiB
MLCellLinOp::defineAuxData()                      192   815 KiB   816 KiB
FillBoundary_nowait()                          512374   176 KiB   180 KiB
VisMF::Write(FabArray)                          13536     4   B   174 KiB
MultiFab::max()                                 36492  2062   B    89 KiB
MultiFab::norm1                                 73410    27   B    87 KiB
FabArray::norminf()                          27516587    10 KiB    87 KiB
amrex::Dot()                                 53716278    22 KiB    87 KiB
FabArray::setVal()                             731986    74 KiB    74 KiB
amrex::Copy()                                  366252    29 KiB    29 KiB
MLCellLinOp::applyBC()                       27224121    25 KiB    26 KiB
MLCellLinOp::prepareForSolve()                      1     0   B    15 KiB
FabArray::LinComb()                             73196  2048   B  4096   B
MLABecLaplacian::Fapply()                      439170  3616   B  4096   B
FabArray::setVal(val, thecmd, scomp, ncomp)         8     0   B  3328   B
MultiFab::Divide()                              73410     1   B  2048   B
MLCellLinOp::defineBC()                             1  1791   B  1792   B
-------------------------------------------------------------------------

Managed Memory Usage:
---------------------------------------------------------
Name                             Nalloc  AvgMem    MaxMem
---------------------------------------------------------
The_Managed_Arena::Initialize()       1   0   B  8192 KiB
main()                                1   0   B    31 KiB
---------------------------------------------------------

Pinned Memory Usage:
-------------------------------------------------------------------------
Name                                           Nalloc    AvgMem    MaxMem
-------------------------------------------------------------------------
The_Pinned_Arena::Initialize()                      1     0   B  8192 KiB
VisMF::Write(FabArray)                          14288   196   B  2124 KiB
FillBoundary_nowait()                          512374   176 KiB   180 KiB
FabArray::setVal()                             731986    74 KiB    74 KiB
amrex::Copy()                                  366252    29 KiB    29 KiB
MLCellLinOp::applyBC()                          73202    25 KiB    25 KiB
MLCellLinOp::prepareForSolve()                      1     0   B    15 KiB
FabArray::LinComb()                             73196  2048   B  4096   B
MLABecLaplacian::Fapply()                      439170  3616   B  4096   B
FabArray::setVal(val, thecmd, scomp, ncomp)         8     0   B  3328   B
MultiFab::max()                                 36492  2048   B  2304   B
MultiFab::Divide()                              73410     1   B  2048   B
MLCellLinOp::setLevelBC()                          47     0   B  1792   B
MultiFab::OverlapMask()                         73410     0   B  1792   B
amrex::Dot()                                 53716278    66   B   256   B
Unprofiled                                         15     0   B   256   B
MultiFab::norm1                                 73410     0   B   256   B
FabArray::norminf()                          27516587    31   B   256   B
-------------------------------------------------------------------------

Total GPU global memory (MB) spread across MPI: [22491 ... 22491]
Free  GPU global memory (MB) spread across MPI: [5299 ... 5299]
[The         Arena] max space (MB) allocated spread across MPI: [16868 ... 16868]
[The         Arena] max space (MB) used      spread across MPI: [186 ... 186]
[The Managed Arena] max space (MB) allocated spread across MPI: [8 ... 8]
[The Managed Arena] max space (MB) used      spread across MPI: [0 ... 0]
[The  Pinned Arena] max space (MB) allocated spread across MPI: [8 ... 8]
[The  Pinned Arena] max space (MB) used      spread across MPI: [2 ... 2]
AMReX (26.05-39-gbe2cc437644f) finalized

EXIT_CODE=0
Sun Aug 09 22:12:04 UTC 2026
