MLMG: Initial rhs               = 288937072.5
MLMG: Initial residual (resid0) = 8778985503
MLMG: Final Iter. 3 resid, resid/resid0 = 0.0008695328142, 9.904707257e-14
MLMG: Timers: Solve = 0.10771521 Iter = 0.107517394 Bottom = 0.10716675
2 iterations :: err = 1.354276823e-10
Steady state check : (phi(t) - phi(t-1)).norm0() = 2.92688844e-07
Advanced step 19523 in 0.220883776 seconds
 
MLMG: Initial rhs               = 288937072.6
MLMG: Initial residual (resid0) = 8778985496
MLMG: Final Iter. 3 resid, resid/resid0 = 0.001643741265, 1.872359017e-13
MLMG: Timers: Solve = 0.102495333 Iter = 0.102280088 Bottom = 0.101931054
1 iterations :: err = 1
MLMG: Initial rhs               = 288937102.9
MLMG: Initial residual (resid0) = 8778985496
MLMG: Final Iter. 3 resid, resid/resid0 = 0.000373488987, 4.254352478e-14
MLMG: Timers: Solve = 0.106437323 Iter = 0.106236774 Bottom = 0.105887525
2 iterations :: err = 7.286804022e-11
Steady state check : (phi(t) - phi(t-1)).norm0() = 1.408552618e-07
Advanced step 19524 in 0.255499603 seconds
 
MLMG: Initial rhs               = 288937103
MLMG: Initial residual (resid0) = 8778985492
MLMG: Final Iter. 3 resid, resid/resid0 = 0.003585495055, 4.084179269e-13
MLMG: Timers: Solve = 0.112438229 Iter = 0.112224224 Bottom = 0.11187876
1 iterations :: err = 1
MLMG: Initial rhs               = 288937117.5
MLMG: Initial residual (resid0) = 8778985492
MLMG: Final Iter. 3 resid, resid/resid0 = 0.001839248206, 2.095057804e-13
MLMG: Timers: Solve = 0.098800077 Iter = 0.098599897 Bottom = 0.098251401
2 iterations :: err = 2.706884547e-11
Steady state check : (phi(t) - phi(t-1)).norm0() = 6.777950796e-08
Advanced step 19525 in 0.22683193 seconds
 
step = 19525, Phi_Bc_hi = -4, num_Vapp = 46, sign = -1
MLMG: Initial rhs               = 288937117.5
MLMG: Initial residual (resid0) = 7801313557
MLMG: Final Iter. 3 resid, resid/resid0 = 0.001071363368, 1.373311507e-13
MLMG: Timers: Solve = 0.086329799 Iter = 0.086095244 Bottom = 0.08574353
1 iterations :: err = 1
MLMG: Initial rhs               = 274485402.3
MLMG: Initial residual (resid0) = 7801313557
MLMG: Final Iter. 3 resid, resid/resid0 = 0.002428493004, 3.112928338e-13
MLMG: Timers: Solve = 0.113740039 Iter = 0.113541748 Bottom = 0.1131948
2 iterations :: err = 6.272406532e-05
MLMG: Initial rhs               = 274279050.9
MLMG: Initial residual (resid0) = 7801313557
MLMG: Final Iter. 3 resid, resid/resid0 = 0.00116032362, 1.487343909e-13
MLMG: Timers: Solve = 0.087358146 Iter = 0.08715596 Bottom = 0.086810595
3 iterations :: err = 4.917561579e-08
voltage_sweep == 1 && num_Vapp == num_Vapp_max!
High-water FAB megabyte spread across MPI nodes: [171 ... 171]
Current     FAB megabyte spread across MPI nodes: [136 ... 136]
Total run time 7002.275506 seconds


TinyProfiler total time across processes [min...avg...max]: 7002 ... 7002 ... 7002

----------------------------------------------------------------------------------------------
Name                                           NCalls  Excl. Min  Excl. Avg  Excl. Max   Max %
----------------------------------------------------------------------------------------------
amrex::Dot()                                 32562608       1887       1887       1887  26.95%
MLABecLaplacian::Fapply()                    16438295       1437       1437       1437  20.52%
MLABecLaplacian::normalize()                 16399047       1003       1003       1003  14.32%
FabArray::norminf()                          16634336      863.7      863.7      863.7  12.33%
FillBoundary_nowait()                        16594746      312.5      312.5      312.5   4.46%
ComputePhi_Rho()                                19571      311.6      311.6      311.6   4.45%
FabArray::Saypy_Saxpy()                       8103815      219.3      219.3      219.3   3.13%
FabArray::Saxpy_Saxpy()                       8177489        209        209        209   2.98%
FabArray::Saxpy_Xpay()                        8059746      199.5      199.5      199.5   2.85%
Calculate_Landau()                              19525      137.4      137.4      137.4   1.96%
main()                                              1      79.86      79.86      79.86   1.14%
MLCellLinOp::applyBC()                       16438295      72.03      72.03      72.03   1.03%
Calculate_Grad()                                19525      71.06      71.06      71.06   1.01%
ComputeEfromPhi()                               39050      65.56      65.56      65.56   0.94%
MLCGSolver::bicgstab                           117743      32.27      32.27      32.27   0.46%
FabArray::setVal()                             725819      19.14      19.14      19.14   0.27%
amrex::Copy()                                  648201      14.93      14.93      14.93   0.21%
MLCGSolver::ParallelAllReduce                40857840      12.02      12.02      12.02   0.17%
MLCellLinOp::apply()                         16438295      9.062      9.062      9.062   0.13%
FabArray::FillBoundary()                     16594746      7.338      7.338      7.338   0.10%
MLMG::solve()                                   39248       1.66       1.66       1.66   0.02%
MLMG::actualBottomSolve()                      117743     0.3927     0.3927     0.3927   0.01%
MLCellLinOp::solutionResidual()                156991     0.1845     0.1845     0.1845   0.00%
MLMG::oneIter()                                117743     0.1322     0.1322     0.1322   0.00%
MLMG::computeResidual()                        117743    0.08027    0.08027    0.08027   0.00%
MLMG::mgVcycle_bottom                          117743    0.05958    0.05958    0.05958   0.00%
MLMG::mgVcycle()                               117743    0.03277    0.03277    0.03277   0.00%
Other                                        34268964      36.75      36.75      36.75   0.52%
----------------------------------------------------------------------------------------------

----------------------------------------------------------------------------------------------
Name                                           NCalls  Incl. Min  Incl. Avg  Incl. Max   Max %
----------------------------------------------------------------------------------------------
main()                                              1       7002       7002       7002 100.00%
ComputePhi_Rho()                                19571       6629       6629       6629  94.66%
MLMG::solve()                                   39248       6293       6293       6293  89.87%
MLMG::oneIter()                                117743       6257       6257       6257  89.36%
MLMG::mgVcycle()                               117743       6254       6254       6254  89.32%
MLMG::mgVcycle_bottom                          117743       6254       6254       6254  89.32%
MLMG::actualBottomSolve()                      117743       6254       6254       6254  89.32%
MLCGSolver::bicgstab                           117743       6251       6251       6251  89.28%
amrex::Dot()                                 32562608       1887       1887       1887  26.95%
MLCellLinOp::apply()                         16438295       1841       1841       1841  26.28%
MLABecLaplacian::Fapply()                    16438295       1437       1437       1437  20.52%
MLABecLaplacian::normalize()                 16399047       1003       1003       1003  14.32%
MLCGSolver::ParallelAllReduce                40857840      932.7      932.7      932.7  13.32%
FabArray::norminf()                          16634336      863.7      863.7      863.7  12.33%
MLCellLinOp::applyBC()                       16438295      394.4      394.4      394.4   5.63%
FabArray::FillBoundary()                     16594746      325.6      325.6      325.6   4.65%
FillBoundary_nowait()                        16594746      315.4      315.4      315.4   4.50%
FabArray::Saypy_Saxpy()                       8103815      219.3      219.3      219.3   3.13%
FabArray::Saxpy_Saxpy()                       8177489        209        209        209   2.98%
FabArray::Saxpy_Xpay()                        8059746      199.5      199.5      199.5   2.85%
Calculate_Landau()                              19525      137.4      137.4      137.4   1.96%
Calculate_Grad()                                19525      71.06      71.06      71.06   1.01%
ComputeEfromPhi()                               39050      65.56      65.56      65.56   0.94%
MLCellLinOp::solutionResidual()                156991      21.41      21.41      21.41   0.31%
FabArray::setVal()                             725819      19.14      19.14      19.14   0.27%
MLMG::computeResidual()                        117743      16.06      16.06      16.06   0.23%
amrex::Copy()                                  648201      14.93      14.93      14.93   0.21%
Other                                        34268964      61.38      61.38      61.38   0.88%
----------------------------------------------------------------------------------------------

Device Memory Usage:
-------------------------------------------------------------------------
Name                                           Nalloc    AvgMem    MaxMem
-------------------------------------------------------------------------
The_Arena::Initialize()                             1     2   B    16 GiB
main()                                           1360   118 MiB   122 MiB
WritePlotfile()                                   752  7733   B    33 MiB
ResizeRandomSeed                                    2    16 MiB    16 MiB
MLCGSolver::bicgstab                          9419440  9457 KiB    10 MiB
MLMG::prepareForSolve()                            64  8135 KiB  8136 KiB
MLABecLaplacian::define()                          64  7823 KiB  7824 KiB
ComputePhi_Rho()                              4397472   171 KiB  7552 KiB
MultiFab::OverlapMask()                        669018  2309   B  1889 KiB
BndryData::define()                               192  1735 KiB  1736 KiB
MLCellLinOp::defineAuxData()                      192   815 KiB   816 KiB
FillBoundary_nowait()                          274743   176 KiB   180 KiB
VisMF::Write(FabArray)                          13536     7   B   174 KiB
MultiFab::max()                                 19573  2057   B    89 KiB
MultiFab::norm1                                 39354    25   B    87 KiB
FabArray::norminf()                          16634336    10 KiB    87 KiB
amrex::Dot()                                 32562608    23 KiB    87 KiB
FabArray::setVal()                             392514    74 KiB    74 KiB
amrex::Copy()                                  196407    29 KiB    29 KiB
MLCellLinOp::applyBC()                       16477550    25 KiB    26 KiB
MLCellLinOp::prepareForSolve()                      1     0   B    15 KiB
FabArray::LinComb()                             39249  2048   B  4096   B
MLABecLaplacian::Fapply()                      235486  3619   B  4096   B
FabArray::setVal(val, thecmd, scomp, ncomp)         8     0   B  3328   B
MultiFab::Divide()                              39354     1   B  2048   B
MLCellLinOp::defineBC()                             1  1791   B  1792   B
-------------------------------------------------------------------------

Managed Memory Usage:
---------------------------------------------------------
Name                             Nalloc  AvgMem    MaxMem
---------------------------------------------------------
The_Managed_Arena::Initialize()       1   0   B  8192 KiB
main()                                1   0   B    31 KiB
---------------------------------------------------------

Pinned Memory Usage:
-------------------------------------------------------------------------
Name                                           Nalloc    AvgMem    MaxMem
-------------------------------------------------------------------------
The_Pinned_Arena::Initialize()                      1     0   B  8192 KiB
VisMF::Write(FabArray)                          14288   341   B  2124 KiB
FillBoundary_nowait()                          274743   176 KiB   180 KiB
FabArray::setVal()                             392514    74 KiB    74 KiB
amrex::Copy()                                  196407    29 KiB    29 KiB
MLCellLinOp::applyBC()                          39255    25 KiB    25 KiB
MLCellLinOp::prepareForSolve()                      1     0   B    15 KiB
FabArray::LinComb()                             39249  2048   B  4096   B
MLABecLaplacian::Fapply()                      235486  3619   B  4096   B
FabArray::setVal(val, thecmd, scomp, ncomp)         8     0   B  3328   B
MultiFab::max()                                 19573  2048   B  2304   B
MultiFab::Divide()                              39354     1   B  2048   B
MLCellLinOp::setLevelBC()                          47     0   B  1792   B
MultiFab::OverlapMask()                         39354     0   B  1792   B
amrex::Dot()                                 32562608    68   B   256   B
Unprofiled                                         15     0   B   256   B
MultiFab::norm1                                 39354     0   B   256   B
FabArray::norminf()                          16634336    31   B   256   B
-------------------------------------------------------------------------

Total GPU global memory (MB) spread across MPI: [22491 ... 22491]
Free  GPU global memory (MB) spread across MPI: [5299 ... 5299]
[The         Arena] max space (MB) allocated spread across MPI: [16868 ... 16868]
[The         Arena] max space (MB) used      spread across MPI: [186 ... 186]
[The Managed Arena] max space (MB) allocated spread across MPI: [8 ... 8]
[The Managed Arena] max space (MB) used      spread across MPI: [0 ... 0]
[The  Pinned Arena] max space (MB) allocated spread across MPI: [8 ... 8]
[The  Pinned Arena] max space (MB) used      spread across MPI: [2 ... 2]
AMReX (26.05-39-gbe2cc437644f) finalized

EXIT_CODE=0
Mon Jul 27 11:51:53 UTC 2026
