2 iterations :: err = 5.700537711e-10
Steady state check : (phi(t) - phi(t-1)).norm0() = 1.034453073e-07
Advanced step 34965 in 0.160330054 seconds
 
MLMG: Initial rhs               = 614835191.5
MLMG: Initial residual (resid0) = 9508798966
MLMG: Final Iter. 3 resid, resid/resid0 = 0.004433211406, 4.662220141e-13
MLMG: Timers: Solve = 0.069351525 Iter = 0.068957053 Bottom = 0.068501389
1 iterations :: err = 1
MLMG: Initial rhs               = 614835191.5
MLMG: Initial residual (resid0) = 9508798966
MLMG: Final Iter. 3 resid, resid/resid0 = 0.004416284158, 4.644418474e-13
MLMG: Timers: Solve = 0.072409029 Iter = 0.072112216 Bottom = 0.071660197
2 iterations :: err = 3.235405285e-11
Steady state check : (phi(t) - phi(t-1)).norm0() = 1.015109909e-07
Advanced step 34966 in 0.162006251 seconds
 
MLMG: Initial rhs               = 614835191.2
MLMG: Initial residual (resid0) = 9508798966
MLMG: Final Iter. 3 resid, resid/resid0 = 0.00363792479, 3.825850986e-13
MLMG: Timers: Solve = 0.069593494 Iter = 0.069227606 Bottom = 0.068759542
1 iterations :: err = 1
MLMG: Initial rhs               = 614835191.2
MLMG: Initial residual (resid0) = 9508798966
MLMG: Final Iter. 3 resid, resid/resid0 = 0.005124401301, 5.389115197e-13
MLMG: Timers: Solve = 0.079042459 Iter = 0.078692335 Bottom = 0.078255879
2 iterations :: err = 8.879385859e-11
Steady state check : (phi(t) - phi(t-1)).norm0() = 9.960591248e-08
Advanced step 34967 in 0.172149056 seconds
 
step = 34967, Phi_Bc_hi = -4, num_Vapp = 46, sign = -1
MLMG: Initial rhs               = 614835191.2
MLMG: Initial residual (resid0) = 8455948272
MLMG: Final Iter. 3 resid, resid/resid0 = 0.00322729962, 3.816602841e-13
MLMG: Timers: Solve = 0.07522092 Iter = 0.074915754 Bottom = 0.074411214
1 iterations :: err = 1
MLMG: Initial rhs               = 614835191.2
MLMG: Initial residual (resid0) = 8455948272
MLMG: Final Iter. 3 resid, resid/resid0 = 0.007415145636, 8.769147347e-13
MLMG: Timers: Solve = 0.074895152 Iter = 0.074434589 Bottom = 0.073961067
2 iterations :: err = 3.844656956e-05
MLMG: Initial rhs               = 614835191.2
MLMG: Initial residual (resid0) = 8455948272
MLMG: Final Iter. 3 resid, resid/resid0 = 0.002663241485, 3.149547986e-13
MLMG: Timers: Solve = 0.083026568 Iter = 0.082702894 Bottom = 0.082219627
3 iterations :: err = 1.682026863e-08
voltage_sweep == 1 && num_Vapp == num_Vapp_max!
High-water FAB megabyte spread across MPI nodes: [171 ... 171]
Current     FAB megabyte spread across MPI nodes: [136 ... 136]
Total run time 6422.032447 seconds


TinyProfiler total time across processes [min...avg...max]: 6422 ... 6422 ... 6422

----------------------------------------------------------------------------------------------
Name                                           NCalls  Excl. Min  Excl. Avg  Excl. Max   Max %
----------------------------------------------------------------------------------------------
amrex::Dot()                                 52934008       1668       1668       1668  25.97%
MLABecLaplacian::Fapply()                    26747728       1235       1235       1235  19.24%
MLABecLaplacian::normalize()                 26677547        949        949        949  14.78%
FabArray::norminf()                          27098386        732        732        732  11.40%
ComputePhi_Rho()                                35013      322.4      322.4      322.4   5.02%
FillBoundary_nowait()                        27027764      314.1      314.1      314.1   4.89%
FabArray::Saxpy_Saxpy()                      13291806      218.9      218.9      218.9   3.41%
FabArray::Saypy_Saxpy()                      13175198      206.4      206.4      206.4   3.21%
FabArray::Saxpy_Xpay()                       13081263      192.4      192.4      192.4   3.00%
Calculate_Landau()                              34967      132.5      132.5      132.5   2.06%
ComputeEfromPhi()                               69934      97.98      97.98      97.98   1.53%
MLCellLinOp::applyBC()                       26747728       92.4       92.4       92.4   1.44%
Calculate_Grad()                                34967      67.44      67.44      67.44   1.05%
MLCGSolver::bicgstab                           210543      40.22      40.22      40.22   0.63%
FabArray::setVal()                            1298009      25.25      25.25      25.25   0.39%
CalculateTDGL_RHS()                             34967      23.38      23.38      23.38   0.36%
amrex::Copy()                                 1158574      19.73      19.73      19.73   0.31%
MLCGSolver::ParallelAllReduce                66436357      12.87      12.87      12.87   0.20%
main()                                              1      10.65      10.65      10.65   0.17%
MLCellLinOp::apply()                         26747728      7.555      7.555      7.555   0.12%
FabArray::FillBoundary()                     27027764      7.425      7.425      7.425   0.12%
MLMG::solve()                                   70181      5.071      5.071      5.071   0.08%
MLMG::actualBottomSolve()                      210543      1.001      1.001      1.001   0.02%
MLMG::oneIter()                                210543     0.4263     0.4263     0.4263   0.01%
MLCellLinOp::solutionResidual()                280724     0.3048     0.3048     0.3048   0.00%
MLMG::computeResidual()                        210543     0.2883     0.2883     0.2883   0.00%
MLMG::mgVcycle_bottom                          210543     0.2507     0.2507     0.2507   0.00%
MLMG::mgVcycle()                               210543     0.1444     0.1444     0.1444   0.00%
MLMG::computeMLResidual()                       70181    0.06961    0.06961    0.06961   0.00%
Other                                        55880538      38.82      38.82      38.82   0.60%
----------------------------------------------------------------------------------------------

----------------------------------------------------------------------------------------------
Name                                           NCalls  Incl. Min  Incl. Avg  Incl. Max   Max %
----------------------------------------------------------------------------------------------
main()                                              1       6422       6422       6422 100.00%
ComputePhi_Rho()                                35013       6075       6075       6075  94.59%
MLMG::solve()                                   70181       5721       5721       5721  89.09%
MLMG::oneIter()                                210543       5675       5675       5675  88.36%
MLMG::mgVcycle()                               210543       5671       5671       5671  88.30%
MLMG::mgVcycle_bottom                          210543       5671       5671       5671  88.30%
MLMG::actualBottomSolve()                      210543       5670       5670       5670  88.29%
MLCGSolver::bicgstab                           210543       5666       5666       5666  88.23%
amrex::Dot()                                 52934008       1668       1668       1668  25.97%
MLCellLinOp::apply()                         26747728       1660       1660       1660  25.85%
MLABecLaplacian::Fapply()                    26747728       1235       1235       1235  19.24%
MLABecLaplacian::normalize()                 26677547        949        949        949  14.78%
MLCGSolver::ParallelAllReduce                66436357      851.2      851.2      851.2  13.25%
FabArray::norminf()                          27098386        732        732        732  11.40%
MLCellLinOp::applyBC()                       26747728      416.9      416.9      416.9   6.49%
FabArray::FillBoundary()                     27027764      328.5      328.5      328.5   5.11%
FillBoundary_nowait()                        27027764      317.9      317.9      317.9   4.95%
FabArray::Saxpy_Saxpy()                      13291806      218.9      218.9      218.9   3.41%
FabArray::Saypy_Saxpy()                      13175198      206.4      206.4      206.4   3.21%
FabArray::Saxpy_Xpay()                       13081263      192.4      192.4      192.4   3.00%
Calculate_Landau()                              34967      132.5      132.5      132.5   2.06%
ComputeEfromPhi()                               69934      97.98      97.98      97.98   1.53%
Calculate_Grad()                                34967      67.44      67.44      67.44   1.05%
MLCellLinOp::solutionResidual()                280724      25.56      25.56      25.56   0.40%
FabArray::setVal()                            1298009      25.25      25.25      25.25   0.39%
CalculateTDGL_RHS()                             34967      25.04      25.04      25.04   0.39%
amrex::Copy()                                 1158574      19.73      19.73      19.73   0.31%
MLMG::computeResidual()                        210543         17         17         17   0.26%
MLMG::computeMLResidual()                       70181      8.918      8.918      8.918   0.14%
Other                                        55880538      57.03      57.03      57.03   0.89%
----------------------------------------------------------------------------------------------

Device Memory Usage:
-------------------------------------------------------------------------
Name                                           Nalloc    AvgMem    MaxMem
-------------------------------------------------------------------------
The_Arena::Initialize()                             1    16   B    14 GiB
main()                                           1360   118 MiB   122 MiB
WritePlotfile()                                   752  5168   B    33 MiB
ResizeRandomSeed                                    2    13 MiB    13 MiB
MLCGSolver::bicgstab                         16843440  9336 KiB    10 MiB
MLMG::prepareForSolve()                            64  8135 KiB  8136 KiB
MLABecLaplacian::define()                          64  7823 KiB  7824 KiB
ComputePhi_Rho()                              7862752   186 KiB  7552 KiB
MultiFab::OverlapMask()                       1195712  3140   B  1889 KiB
BndryData::define()                               192  1735 KiB  1736 KiB
MLCellLinOp::defineAuxData()                      192   815 KiB   816 KiB
FillBoundary_nowait()                          491276   176 KiB   180 KiB
VisMF::Write(FabArray)                          13536     4   B   144 KiB
FabArray::setVal()                             701846    74 KiB    74 KiB
MultiFab::max()                                 35015  2061   B    74 KiB
MultiFab::norm1                                 70336    20   B    72 KiB
FabArray::norminf()                          27098386  8243   B    72 KiB
amrex::Dot()                                 52934008    18 KiB    72 KiB
amrex::Copy()                                  351122    29 KiB    29 KiB
MLCellLinOp::applyBC()                       26817916    25 KiB    26 KiB
MLCellLinOp::prepareForSolve()                      1     0   B    15 KiB
FabArray::LinComb()                             70182  2048   B  4096   B
MLABecLaplacian::Fapply()                      421086  3560   B  4096   B
FabArray::setVal(val, thecmd, scomp, ncomp)         8     0   B  3328   B
MultiFab::Divide()                              70336     1   B  2048   B
MLCellLinOp::defineBC()                             1  1791   B  1792   B
-------------------------------------------------------------------------

Managed Memory Usage:
---------------------------------------------------------
Name                             Nalloc  AvgMem    MaxMem
---------------------------------------------------------
The_Managed_Arena::Initialize()       1   0   B  8192 KiB
main()                                1   0   B    31 KiB
---------------------------------------------------------

Pinned Memory Usage:
-------------------------------------------------------------------------
Name                                           Nalloc    AvgMem    MaxMem
-------------------------------------------------------------------------
The_Pinned_Arena::Initialize()                      1     0   B  8192 KiB
VisMF::Write(FabArray)                          14288   209   B  2124 KiB
FillBoundary_nowait()                          491276   176 KiB   180 KiB
FabArray::setVal()                             701846    74 KiB    74 KiB
amrex::Copy()                                  351122    29 KiB    29 KiB
MLCellLinOp::applyBC()                          70188    25 KiB    25 KiB
MLCellLinOp::prepareForSolve()                      1     0   B    15 KiB
FabArray::LinComb()                             70182  2048   B  4096   B
MLABecLaplacian::Fapply()                      421086  3560   B  4096   B
FabArray::setVal(val, thecmd, scomp, ncomp)         8     0   B  3328   B
MultiFab::max()                                 35015  2048   B  2304   B
MultiFab::Divide()                              70336     1   B  2048   B
MLCellLinOp::setLevelBC()                          47     0   B  1792   B
MultiFab::OverlapMask()                         70336     0   B  1792   B
amrex::Dot()                                 52934008    65   B   256   B
Unprofiled                                         15     0   B   256   B
MultiFab::norm1                                 70336     0   B   256   B
FabArray::norminf()                          27098386    28   B   256   B
-------------------------------------------------------------------------

Total GPU global memory (MB) spread across MPI: [20019 ... 20019]
Free  GPU global memory (MB) spread across MPI: [4762 ... 4762]
[The         Arena] max space (MB) allocated spread across MPI: [15014 ... 15014]
[The         Arena] max space (MB) used      spread across MPI: [183 ... 183]
[The Managed Arena] max space (MB) allocated spread across MPI: [8 ... 8]
[The Managed Arena] max space (MB) used      spread across MPI: [0 ... 0]
[The  Pinned Arena] max space (MB) allocated spread across MPI: [8 ... 8]
[The  Pinned Arena] max space (MB) used      spread across MPI: [2 ... 2]
AMReX (26.05-39-gbe2cc437644f) finalized

EXIT_CODE=0
Fri Jul 24 23:45:43 CST 2026
