MLMG: Final Iter. 3 resid, resid/resid0 = 0.002880085386, 3.036688423e-13
MLMG: Timers: Solve = 0.106402723 Iter = 0.106193916 Bottom = 0.105835703
2 iterations :: err = 3.828869431e-11
Steady state check : (phi(t) - phi(t-1)).norm0() = 1.006163497e-07
Advanced step 48820 in 0.277106695 seconds
 
MLMG: Initial rhs               = 426637718.6
MLMG: Initial residual (resid0) = 9484296656
MLMG: Final Iter. 3 resid, resid/resid0 = 0.002326667309, 2.453178547e-13
MLMG: Timers: Solve = 0.121242048 Iter = 0.121024761 Bottom = 0.108641183
1 iterations :: err = 1
MLMG: Initial rhs               = 426637718.6
MLMG: Initial residual (resid0) = 9484296656
MLMG: Final Iter. 3 resid, resid/resid0 = 0.001953002065, 2.059195464e-13
MLMG: Timers: Solve = 0.117917634 Iter = 0.117712352 Bottom = 0.117354853
2 iterations :: err = 6.32592792e-11
Steady state check : (phi(t) - phi(t-1)).norm0() = 1.000103812e-07
Advanced step 48821 in 0.26797845 seconds
 
MLMG: Initial rhs               = 426637718.8
MLMG: Initial residual (resid0) = 9484296654
MLMG: Final Iter. 3 resid, resid/resid0 = 0.002771245659, 2.921930598e-13
MLMG: Timers: Solve = 0.106465913 Iter = 0.106249155 Bottom = 0.105897559
1 iterations :: err = 1
MLMG: Initial rhs               = 426637718.8
MLMG: Initial residual (resid0) = 9484296654
MLMG: Final Iter. 3 resid, resid/resid0 = 0.002851361519, 3.006402713e-13
MLMG: Timers: Solve = 0.096052482 Iter = 0.095843492 Bottom = 0.095489349
2 iterations :: err = 9.880673695e-12
Steady state check : (phi(t) - phi(t-1)).norm0() = 9.94017878e-08
Advanced step 48822 in 0.247958708 seconds
 
step = 48822, Phi_Bc_hi = -4, num_Vapp = 46, sign = -1
MLMG: Initial rhs               = 426637718.6
MLMG: Initial residual (resid0) = 8431445959
MLMG: Final Iter. 3 resid, resid/resid0 = 0.002974033356, 3.527311176e-13
MLMG: Timers: Solve = 0.114524493 Iter = 0.114291952 Bottom = 0.113934763
1 iterations :: err = 1
MLMG: Initial rhs               = 426637718.6
MLMG: Initial residual (resid0) = 8431445959
MLMG: Final Iter. 3 resid, resid/resid0 = 0.002846051728, 3.375520334e-13
MLMG: Timers: Solve = 0.115239897 Iter = 0.115034971 Bottom = 0.114680473
2 iterations :: err = 3.326873205e-05
MLMG: Initial rhs               = 426637718.6
MLMG: Initial residual (resid0) = 8431445959
MLMG: Final Iter. 3 resid, resid/resid0 = 0.002852532923, 3.383207266e-13
MLMG: Timers: Solve = 0.124980105 Iter = 0.124773123 Bottom = 0.124416526
3 iterations :: err = 1.243588702e-08
voltage_sweep == 1 && num_Vapp == num_Vapp_max!
High-water FAB megabyte spread across MPI nodes: [171 ... 171]
Current     FAB megabyte spread across MPI nodes: [136 ... 136]
Total run time 14658.18821 seconds


TinyProfiler total time across processes [min...avg...max]: 1.466e+04 ... 1.466e+04 ... 1.466e+04

----------------------------------------------------------------------------------------------
Name                                           NCalls  Excl. Min  Excl. Avg  Excl. Max   Max %
----------------------------------------------------------------------------------------------
amrex::Dot()                                 64762590       3790       3790       3790  25.86%
MLABecLaplacian::Fapply()                    32772835       2830       2830       2830  19.30%
MLABecLaplacian::normalize()                 32674950       2076       2076       2076  14.16%
FabArray::norminf()                          33262019       1812       1812       1812  12.36%
ComputePhi_Rho()                                48868      884.9      884.9      884.9   6.04%
FillBoundary_nowait()                        33163705      665.4      665.4      665.4   4.54%
FabArray::Saypy_Saxpy()                      16097804      454.1      454.1      454.1   3.10%
FabArray::Saxpy_Saxpy()                      16283491      448.4      448.4      448.4   3.06%
FabArray::Saxpy_Xpay()                       15989836      405.2      405.2      405.2   2.76%
Calculate_Landau()                              48822      337.3      337.3      337.3   2.30%
ComputeEfromPhi()                               97644      192.2      192.2      192.2   1.31%
Calculate_Grad()                                48822      172.2      172.2      172.2   1.17%
MLCellLinOp::applyBC()                       32772835        153        153        153   1.04%
main()                                              1      102.9      102.9      102.9   0.70%
MLCGSolver::bicgstab                           293655      75.52      75.52      75.52   0.52%
FabArray::setVal()                            1810542         56         56         56   0.38%
amrex::Copy()                                 1615693      39.94      39.94      39.94   0.27%
CalculateTDGL_RHS()                             48822       25.3       25.3       25.3   0.17%
MLCGSolver::ParallelAllReduce                81339736      23.58      23.58      23.58   0.16%
MLCellLinOp::apply()                         32772835      17.06      17.06      17.06   0.12%
FabArray::FillBoundary()                     33163705      15.61      15.61      15.61   0.11%
MLMG::solve()                                   97885      4.378      4.378      4.378   0.03%
MLMG::actualBottomSolve()                      293655     0.8812     0.8812     0.8812   0.01%
MLMG::oneIter()                                293655     0.3449     0.3449     0.3449   0.00%
MLCellLinOp::solutionResidual()                391540     0.2633     0.2633     0.2633   0.00%
MLMG::computeResidual()                        293655     0.2321     0.2321     0.2321   0.00%
MLMG::mgVcycle_bottom                          293655     0.1744     0.1744     0.1744   0.00%
MLMG::mgVcycle()                               293655     0.1434     0.1434     0.1434   0.00%
Other                                        68970603      75.21      75.21      75.21   0.51%
----------------------------------------------------------------------------------------------

----------------------------------------------------------------------------------------------
Name                                           NCalls  Incl. Min  Incl. Avg  Incl. Max   Max %
----------------------------------------------------------------------------------------------
main()                                              1  1.466e+04  1.466e+04  1.466e+04 100.00%
ComputePhi_Rho()                                48868  1.379e+04  1.379e+04  1.379e+04  94.09%
MLMG::solve()                                   97885  1.285e+04  1.285e+04  1.285e+04  87.65%
MLMG::oneIter()                                293655  1.275e+04  1.275e+04  1.275e+04  87.01%
MLMG::mgVcycle()                               293655  1.275e+04  1.275e+04  1.275e+04  86.97%
MLMG::mgVcycle_bottom                          293655  1.275e+04  1.275e+04  1.275e+04  86.96%
MLMG::actualBottomSolve()                      293655  1.275e+04  1.275e+04  1.275e+04  86.96%
MLCGSolver::bicgstab                           293655  1.274e+04  1.274e+04  1.274e+04  86.91%
amrex::Dot()                                 64762590       3790       3790       3790  25.86%
MLCellLinOp::apply()                         32772835       3682       3682       3682  25.12%
MLABecLaplacian::Fapply()                    32772835       2830       2830       2830  19.30%
MLABecLaplacian::normalize()                 32674950       2076       2076       2076  14.16%
MLCGSolver::ParallelAllReduce                81339736       1924       1924       1924  13.12%
FabArray::norminf()                          33262019       1812       1812       1812  12.36%
MLCellLinOp::applyBC()                       32772835      835.6      835.6      835.6   5.70%
FabArray::FillBoundary()                     33163705      692.2      692.2      692.2   4.72%
FillBoundary_nowait()                        33163705      671.6      671.6      671.6   4.58%
FabArray::Saypy_Saxpy()                      16097804      454.1      454.1      454.1   3.10%
FabArray::Saxpy_Saxpy()                      16283491      448.4      448.4      448.4   3.06%
FabArray::Saxpy_Xpay()                       15989836      405.2      405.2      405.2   2.76%
Calculate_Landau()                              48822      337.3      337.3      337.3   2.30%
ComputeEfromPhi()                               97644      192.2      192.2      192.2   1.31%
Calculate_Grad()                                48822      172.2      172.2      172.2   1.17%
FabArray::setVal()                            1810542         56         56         56   0.38%
MLCellLinOp::solutionResidual()                391540      55.84      55.84      55.84   0.38%
MLMG::computeResidual()                        293655      41.95      41.95      41.95   0.29%
amrex::Copy()                                 1615693      39.94      39.94      39.94   0.27%
CalculateTDGL_RHS()                             48822      29.21      29.21      29.21   0.20%
Other                                        68970603      128.8      128.8      128.8   0.88%
----------------------------------------------------------------------------------------------

Device Memory Usage:
-------------------------------------------------------------------------
Name                                           Nalloc    AvgMem    MaxMem
-------------------------------------------------------------------------
The_Arena::Initialize()                             1     1   B    16 GiB
main()                                           1360   118 MiB   122 MiB
WritePlotfile()                                   752  4276   B    33 MiB
ResizeRandomSeed                                    2    16 MiB    16 MiB
MLCGSolver::bicgstab                         23492400  9199 KiB    10 MiB
MLMG::prepareForSolve()                            64  8135 KiB  8136 KiB
MLABecLaplacian::define()                          64  7823 KiB  7824 KiB
ComputePhi_Rho()                             10965504   230 KiB  7552 KiB
MultiFab::OverlapMask()                       1666578  2878   B  1889 KiB
BndryData::define()                               192  1735 KiB  1736 KiB
MLCellLinOp::defineAuxData()                      192   815 KiB   816 KiB
FillBoundary_nowait()                          685204   175 KiB   180 KiB
VisMF::Write(FabArray)                          13536     4   B   174 KiB
MultiFab::max()                                 48870  2062   B    89 KiB
MultiFab::norm1                                 98034    29   B    87 KiB
FabArray::norminf()                          33262019    10 KiB    87 KiB
amrex::Dot()                                 64762590    22 KiB    87 KiB
FabArray::setVal()                             978886    74 KiB    74 KiB
amrex::Copy()                                  489636    29 KiB    29 KiB
MLCellLinOp::applyBC()                       32870727    25 KiB    26 KiB
MLCellLinOp::prepareForSolve()                      1     0   B    15 KiB
FabArray::LinComb()                             97886  2048   B  4096   B
MLABecLaplacian::Fapply()                      587310  3510   B  4096   B
FabArray::setVal(val, thecmd, scomp, ncomp)         8     0   B  3328   B
MultiFab::Divide()                              98034     1   B  2048   B
MLCellLinOp::defineBC()                             1  1791   B  1792   B
-------------------------------------------------------------------------

Managed Memory Usage:
---------------------------------------------------------
Name                             Nalloc  AvgMem    MaxMem
---------------------------------------------------------
The_Managed_Arena::Initialize()       1   0   B  8192 KiB
main()                                1   0   B    31 KiB
---------------------------------------------------------

Pinned Memory Usage:
-------------------------------------------------------------------------
Name                                           Nalloc    AvgMem    MaxMem
-------------------------------------------------------------------------
The_Pinned_Arena::Initialize()                      1     0   B  8192 KiB
VisMF::Write(FabArray)                          14288   163   B  2124 KiB
FillBoundary_nowait()                          685204   175 KiB   180 KiB
FabArray::setVal()                             978886    74 KiB    74 KiB
amrex::Copy()                                  489636    29 KiB    29 KiB
MLCellLinOp::applyBC()                          97892    25 KiB    25 KiB
MLCellLinOp::prepareForSolve()                      1     0   B    15 KiB
FabArray::LinComb()                             97886  2048   B  4096   B
MLABecLaplacian::Fapply()                      587310  3510   B  4096   B
FabArray::setVal(val, thecmd, scomp, ncomp)         8     0   B  3328   B
MultiFab::max()                                 48870  2048   B  2304   B
MultiFab::Divide()                              98034     1   B  2048   B
MLCellLinOp::setLevelBC()                          47     0   B  1792   B
MultiFab::OverlapMask()                         98034     0   B  1792   B
amrex::Dot()                                 64762590    65   B   256   B
Unprofiled                                         15     0   B   256   B
MultiFab::norm1                                 98034     0   B   256   B
FabArray::norminf()                          33262019    31   B   256   B
-------------------------------------------------------------------------

Total GPU global memory (MB) spread across MPI: [22491 ... 22491]
Free  GPU global memory (MB) spread across MPI: [5299 ... 5299]
[The         Arena] max space (MB) allocated spread across MPI: [16868 ... 16868]
[The         Arena] max space (MB) used      spread across MPI: [186 ... 186]
[The Managed Arena] max space (MB) allocated spread across MPI: [8 ... 8]
[The Managed Arena] max space (MB) used      spread across MPI: [0 ... 0]
[The  Pinned Arena] max space (MB) allocated spread across MPI: [8 ... 8]
[The  Pinned Arena] max space (MB) used      spread across MPI: [2 ... 2]
AMReX (26.05-39-gbe2cc437644f) finalized

EXIT_CODE=0
Sat Jul 25 00:43:23 UTC 2026
