MLMG: Final Iter. 3 resid, resid/resid0 = 0.00309285894, 3.246164545e-13
MLMG: Timers: Solve = 0.068229044 Iter = 0.068008677 Bottom = 0.067615136
2 iterations :: err = 1.803779716e-10
Steady state check : (phi(t) - phi(t-1)).norm0() = 1.059156707e-07
Advanced step 22920 in 0.152985394 seconds
 
MLMG: Initial rhs               = 734579788.6
MLMG: Initial residual (resid0) = 9527733105
MLMG: Final Iter. 3 resid, resid/resid0 = 0.00381281214, 4.001804099e-13
MLMG: Timers: Solve = 0.068341716 Iter = 0.068049851 Bottom = 0.067639333
1 iterations :: err = 1
MLMG: Initial rhs               = 734579788.6
MLMG: Initial residual (resid0) = 9527733105
MLMG: Final Iter. 3 resid, resid/resid0 = 0.001855373383, 1.947339794e-13
MLMG: Timers: Solve = 0.07267719 Iter = 0.072392857 Bottom = 0.071980327
2 iterations :: err = 2.093727217e-10
Steady state check : (phi(t) - phi(t-1)).norm0() = 1.027953181e-07
Advanced step 22921 in 0.157701029 seconds
 
MLMG: Initial rhs               = 734579788.2
MLMG: Initial residual (resid0) = 9527733105
MLMG: Final Iter. 3 resid, resid/resid0 = 0.002804726362, 2.943749926e-13
MLMG: Timers: Solve = 0.067521835 Iter = 0.067267376 Bottom = 0.066878003
1 iterations :: err = 1
MLMG: Initial rhs               = 734579788.2
MLMG: Initial residual (resid0) = 9527733105
MLMG: Final Iter. 3 resid, resid/resid0 = 0.001069374382, 1.122380708e-13
MLMG: Timers: Solve = 0.075021888 Iter = 0.074739818 Bottom = 0.074291553
2 iterations :: err = 2.07805851e-10
Steady state check : (phi(t) - phi(t-1)).norm0() = 9.978286123e-08
Advanced step 22922 in 0.183746329 seconds
 
step = 22922, Phi_Bc_hi = -4, num_Vapp = 46, sign = -1
MLMG: Initial rhs               = 734579787.8
MLMG: Initial residual (resid0) = 8474882411
MLMG: Final Iter. 3 resid, resid/resid0 = 0.003565467413, 4.207099568e-13
MLMG: Timers: Solve = 0.07536342 Iter = 0.075117424 Bottom = 0.074703501
1 iterations :: err = 1
MLMG: Initial rhs               = 734579787.8
MLMG: Initial residual (resid0) = 8474882411
MLMG: Final Iter. 3 resid, resid/resid0 = 0.002712829048, 3.201022642e-13
MLMG: Timers: Solve = 0.07801792 Iter = 0.077737401 Bottom = 0.077196427
2 iterations :: err = 4.079856665e-05
MLMG: Initial rhs               = 734579787.8
MLMG: Initial residual (resid0) = 8474882411
MLMG: Final Iter. 3 resid, resid/resid0 = 0.003474025322, 4.099201799e-13
MLMG: Timers: Solve = 0.074103907 Iter = 0.073691639 Bottom = 0.073247151
3 iterations :: err = 2.128686497e-08
voltage_sweep == 1 && num_Vapp == num_Vapp_max!
High-water FAB megabyte spread across MPI nodes: [171 ... 171]
Current     FAB megabyte spread across MPI nodes: [136 ... 136]
Total run time 4249.085786 seconds


TinyProfiler total time across processes [min...avg...max]: 4249 ... 4249 ... 4249

----------------------------------------------------------------------------------------------
Name                                           NCalls  Excl. Min  Excl. Avg  Excl. Max   Max %
----------------------------------------------------------------------------------------------
amrex::Dot()                                 35841460       1114       1114       1114  26.23%
MLABecLaplacian::Fapply()                    18105250      833.6      833.6      833.6  19.62%
MLABecLaplacian::normalize()                 18059120      636.6      636.6      636.6  14.98%
FabArray::norminf()                          18335614      487.5      487.5      487.5  11.47%
FillBoundary_nowait()                        18288965      206.4      206.4      206.4   4.86%
ComputePhi_Rho()                                22968      198.5      198.5      198.5   4.67%
FabArray::Saxpy_Saxpy()                       8999981      145.3      145.3      145.3   3.42%
FabArray::Saypy_Saxpy()                       8920749      137.1      137.1      137.1   3.23%
FabArray::Saxpy_Xpay()                        8861591      127.6      127.6      127.6   3.00%
Calculate_Landau()                              22922       86.8       86.8       86.8   2.04%
MLCellLinOp::applyBC()                       18105250      58.19      58.19      58.19   1.37%
ComputeEfromPhi()                               45844      57.58      57.58      57.58   1.36%
Calculate_Grad()                                22922      44.14      44.14      44.14   1.04%
MLCGSolver::bicgstab                           138390      23.91      23.91      23.91   0.56%
FabArray::setVal()                             853007      15.87      15.87      15.87   0.37%
amrex::Copy()                                  761713      12.43      12.43      12.43   0.29%
CalculateTDGL_RHS()                             22922      11.25      11.25      11.25   0.26%
MLCGSolver::ParallelAllReduce                44979831      7.701      7.701      7.701   0.18%
main()                                              1      6.389      6.389      6.389   0.15%
MLCellLinOp::apply()                         18105250      4.583      4.583      4.583   0.11%
FabArray::FillBoundary()                     18288965      4.453      4.453      4.453   0.10%
MLMG::solve()                                   46130      2.956      2.956      2.956   0.07%
MLMG::actualBottomSolve()                      138390      0.569      0.569      0.569   0.01%
MLMG::oneIter()                                138390     0.2424     0.2424     0.2424   0.01%
MLCellLinOp::solutionResidual()                184520     0.1739     0.1739     0.1739   0.00%
MLMG::computeResidual()                        138390     0.1615     0.1615     0.1615   0.00%
MLMG::mgVcycle_bottom                          138390     0.1507     0.1507     0.1507   0.00%
MLMG::mgVcycle()                               138390     0.0813     0.0813     0.0813   0.00%
Other                                        37823783      24.39      24.39      24.39   0.57%
----------------------------------------------------------------------------------------------

----------------------------------------------------------------------------------------------
Name                                           NCalls  Incl. Min  Incl. Avg  Incl. Max   Max %
----------------------------------------------------------------------------------------------
main()                                              1       4249       4249       4249 100.00%
ComputePhi_Rho()                                22968       4033       4033       4033  94.91%
MLMG::solve()                                   46130       3815       3815       3815  89.78%
MLMG::oneIter()                                138390       3786       3786       3786  89.09%
MLMG::mgVcycle()                               138390       3783       3783       3783  89.04%
MLMG::mgVcycle_bottom                          138390       3783       3783       3783  89.03%
MLMG::actualBottomSolve()                      138390       3783       3783       3783  89.03%
MLCGSolver::bicgstab                           138390       3780       3780       3780  88.97%
amrex::Dot()                                 35841460       1114       1114       1114  26.23%
MLCellLinOp::apply()                         18105250       1109       1109       1109  26.09%
MLABecLaplacian::Fapply()                    18105250      833.6      833.6      833.6  19.62%
MLABecLaplacian::normalize()                 18059120      636.6      636.6      636.6  14.98%
MLCGSolver::ParallelAllReduce                44979831        568        568        568  13.37%
FabArray::norminf()                          18335614      487.5      487.5      487.5  11.47%
MLCellLinOp::applyBC()                       18105250      270.6      270.6      270.6   6.37%
FabArray::FillBoundary()                     18288965      214.9      214.9      214.9   5.06%
FillBoundary_nowait()                        18288965      208.6      208.6      208.6   4.91%
FabArray::Saxpy_Saxpy()                       8999981      145.3      145.3      145.3   3.42%
FabArray::Saypy_Saxpy()                       8920749      137.1      137.1      137.1   3.23%
FabArray::Saxpy_Xpay()                        8861591      127.6      127.6      127.6   3.00%
Calculate_Landau()                              22922       86.8       86.8       86.8   2.04%
ComputeEfromPhi()                               45844      57.58      57.58      57.58   1.36%
Calculate_Grad()                                22922      44.14      44.14      44.14   1.04%
MLCellLinOp::solutionResidual()                184520      16.19      16.19      16.19   0.38%
FabArray::setVal()                             853007      15.87      15.87      15.87   0.37%
amrex::Copy()                                  761713      12.43      12.43      12.43   0.29%
CalculateTDGL_RHS()                             22922      12.31      12.31      12.31   0.29%
MLMG::computeResidual()                        138390      10.89      10.89      10.89   0.26%
Other                                        37823783      42.21      42.21      42.21   0.99%
----------------------------------------------------------------------------------------------

Device Memory Usage:
-------------------------------------------------------------------------
Name                                           Nalloc    AvgMem    MaxMem
-------------------------------------------------------------------------
The_Arena::Initialize()                             1    11   B    14 GiB
main()                                           1360   118 MiB   122 MiB
WritePlotfile()                                   752  7860   B    33 MiB
ResizeRandomSeed                                    2    13 MiB    13 MiB
MLCGSolver::bicgstab                         11071200  9416 KiB    10 MiB
MLMG::prepareForSolve()                            64  8135 KiB  8136 KiB
MLABecLaplacian::define()                          64  7823 KiB  7824 KiB
ComputePhi_Rho()                              5169664   178 KiB  7552 KiB
MultiFab::OverlapMask()                        787508  2980   B  1889 KiB
BndryData::define()                               192  1735 KiB  1736 KiB
MLCellLinOp::defineAuxData()                      192   815 KiB   816 KiB
FillBoundary_nowait()                          322919   176 KiB   180 KiB
VisMF::Write(FabArray)                          13536     6   B   144 KiB
FabArray::setVal()                             461336    74 KiB    74 KiB
MultiFab::max()                                 22970  2060   B    74 KiB
MultiFab::norm1                                 46324    20   B    72 KiB
FabArray::norminf()                          18335614  8312   B    72 KiB
amrex::Dot()                                 35841460    18 KiB    72 KiB
amrex::Copy()                                  230906    29 KiB    29 KiB
MLCellLinOp::applyBC()                       18151387    25 KiB    26 KiB
MLCellLinOp::prepareForSolve()                      1     0   B    15 KiB
FabArray::LinComb()                             46131  2048   B  4096   B
MLABecLaplacian::Fapply()                      276780  3593   B  4096   B
FabArray::setVal(val, thecmd, scomp, ncomp)         8     0   B  3328   B
MultiFab::Divide()                              46324     1   B  2048   B
MLCellLinOp::defineBC()                             1  1791   B  1792   B
-------------------------------------------------------------------------

Managed Memory Usage:
---------------------------------------------------------
Name                             Nalloc  AvgMem    MaxMem
---------------------------------------------------------
The_Managed_Arena::Initialize()       1   0   B  8192 KiB
main()                                1   0   B    31 KiB
---------------------------------------------------------

Pinned Memory Usage:
-------------------------------------------------------------------------
Name                                           Nalloc    AvgMem    MaxMem
-------------------------------------------------------------------------
The_Pinned_Arena::Initialize()                      1     0   B  8192 KiB
VisMF::Write(FabArray)                          14288   320   B  2124 KiB
FillBoundary_nowait()                          322919   176 KiB   180 KiB
FabArray::setVal()                             461336    74 KiB    74 KiB
amrex::Copy()                                  230906    29 KiB    29 KiB
MLCellLinOp::applyBC()                          46137    25 KiB    25 KiB
MLCellLinOp::prepareForSolve()                      1     0   B    15 KiB
FabArray::LinComb()                             46131  2048   B  4096   B
MLABecLaplacian::Fapply()                      276780  3593   B  4096   B
FabArray::setVal(val, thecmd, scomp, ncomp)         8     0   B  3328   B
MultiFab::max()                                 22970  2048   B  2304   B
MultiFab::Divide()                              46324     1   B  2048   B
MLCellLinOp::setLevelBC()                          47     0   B  1792   B
MultiFab::OverlapMask()                         46324     0   B  1792   B
amrex::Dot()                                 35841460    66   B   256   B
Unprofiled                                         15     0   B   256   B
MultiFab::norm1                                 46324     0   B   256   B
FabArray::norminf()                          18335614    28   B   256   B
-------------------------------------------------------------------------

Total GPU global memory (MB) spread across MPI: [20019 ... 20019]
Free  GPU global memory (MB) spread across MPI: [4722 ... 4722]
[The         Arena] max space (MB) allocated spread across MPI: [15014 ... 15014]
[The         Arena] max space (MB) used      spread across MPI: [183 ... 183]
[The Managed Arena] max space (MB) allocated spread across MPI: [8 ... 8]
[The Managed Arena] max space (MB) used      spread across MPI: [0 ... 0]
[The  Pinned Arena] max space (MB) allocated spread across MPI: [8 ... 8]
[The  Pinned Arena] max space (MB) used      spread across MPI: [2 ... 2]
AMReX (26.05-39-gbe2cc437644f) finalized

EXIT_CODE=0
Fri Jul 24 00:25:03 CST 2026
