MLMG: Final Iter. 3 resid, resid/resid0 = 0.002116746281, 2.56952405e-13
MLMG: Timers: Solve = 0.149333455 Iter = 0.149131956 Bottom = 0.148777908
2 iterations :: err = 1.1101496e-10
Steady state check : (phi(t) - phi(t-1)).norm0() = 1.024344418e-07
Advanced step 18787 in 0.309149 seconds
 
MLMG: Initial rhs               = 673190857.1
MLMG: Initial residual (resid0) = 8237892465
MLMG: Final Iter. 3 resid, resid/resid0 = 0.004677459598, 5.677980888e-13
MLMG: Timers: Solve = 0.131575052 Iter = 0.131354376 Bottom = 0.131000619
1 iterations :: err = 1
MLMG: Initial rhs               = 673190857.1
MLMG: Initial residual (resid0) = 8237892465
MLMG: Final Iter. 3 resid, resid/resid0 = 0.002314686775, 2.809804553e-13
MLMG: Timers: Solve = 0.126643022 Iter = 0.12643592 Bottom = 0.126081372
2 iterations :: err = 7.974130861e-11
Steady state check : (phi(t) - phi(t-1)).norm0() = 1.001833107e-07
Advanced step 18788 in 0.300001307 seconds
 
MLMG: Initial rhs               = 673190853.8
MLMG: Initial residual (resid0) = 8237892465
MLMG: Final Iter. 3 resid, resid/resid0 = 0.005601793528, 6.800032352e-13
MLMG: Timers: Solve = 0.13218607 Iter = 0.131968496 Bottom = 0.131617886
1 iterations :: err = 1
MLMG: Initial rhs               = 673190853.8
MLMG: Initial residual (resid0) = 8237892465
MLMG: Final Iter. 3 resid, resid/resid0 = 0.001705499493, 2.070310458e-13
MLMG: Timers: Solve = 0.14781956 Iter = 0.147609202 Bottom = 0.147253677
2 iterations :: err = 1.426026709e-10
Steady state check : (phi(t) - phi(t-1)).norm0() = 9.799024923e-08
Advanced step 18789 in 0.31170566 seconds
 
step = 18789, Phi_Bc_hi = -4, num_Vapp = 46, sign = -1
MLMG: Initial rhs               = 673190851.6
MLMG: Initial residual (resid0) = 7327625429
MLMG: Final Iter. 3 resid, resid/resid0 = 0.00341963768, 4.666774678e-13
MLMG: Timers: Solve = 0.143448394 Iter = 0.143217922 Bottom = 0.14285498
1 iterations :: err = 1
MLMG: Initial rhs               = 673190851.6
MLMG: Initial residual (resid0) = 7327625429
MLMG: Final Iter. 3 resid, resid/resid0 = 0.002911741663, 3.973649706e-13
MLMG: Timers: Solve = 0.116510038 Iter = 0.116304571 Bottom = 0.115948274
2 iterations :: err = 6.377971952e-05
MLMG: Initial rhs               = 673190851.6
MLMG: Initial residual (resid0) = 7327625429
MLMG: Final Iter. 3 resid, resid/resid0 = 0.001412990551, 1.928306195e-13
MLMG: Timers: Solve = 0.140190976 Iter = 0.139981591 Bottom = 0.139628273
3 iterations :: err = 1.159597243e-07
voltage_sweep == 1 && num_Vapp == num_Vapp_max!
High-water FAB megabyte spread across MPI nodes: [171 ... 171]
Current     FAB megabyte spread across MPI nodes: [136 ... 136]
Total run time 6401.185256 seconds


TinyProfiler total time across processes [min...avg...max]: 6401 ... 6401 ... 6401

----------------------------------------------------------------------------------------------
Name                                           NCalls  Excl. Min  Excl. Avg  Excl. Max   Max %
----------------------------------------------------------------------------------------------
amrex::Dot()                                 28757842       1690       1690       1690  26.40%
MLABecLaplacian::Fapply()                    14530497       1263       1263       1263  19.73%
MLABecLaplacian::normalize()                 14492603      918.5      918.5      918.5  14.35%
FabArray::norminf()                          14719651      794.2      794.2      794.2  12.41%
ComputePhi_Rho()                                18835      342.5      342.5      342.5   5.35%
FillBoundary_nowait()                        14681178      300.9      300.9      300.9   4.70%
FabArray::Saypy_Saxpy()                       7152259      201.4      201.4      201.4   3.15%
FabArray::Saxpy_Saxpy()                       7226662        199        199        199   3.11%
FabArray::Saxpy_Xpay()                        7112980      185.8      185.8      185.8   2.90%
Calculate_Landau()                              18789      130.3      130.3      130.3   2.03%
ComputeEfromPhi()                               37578      71.42      71.42      71.42   1.12%
MLCellLinOp::applyBC()                       14530497      68.66      68.66      68.66   1.07%
Calculate_Grad()                                18789      67.38      67.38      67.38   1.05%
main()                                              1       34.1       34.1       34.1   0.53%
MLCGSolver::bicgstab                           113682      30.78      30.78      30.78   0.48%
FabArray::setVal()                             700596      18.81      18.81      18.81   0.29%
amrex::Copy()                                  625804      15.75      15.75      15.75   0.25%
MLCGSolver::ParallelAllReduce                36098186      10.57      10.57      10.57   0.17%
CalculateTDGL_RHS()                             18789       10.4       10.4       10.4   0.16%
MLCellLinOp::apply()                         14530497      7.392      7.392      7.392   0.12%
FabArray::FillBoundary()                     14681178      6.832      6.832      6.832   0.11%
MLMG::solve()                                   37894      1.968      1.968      1.968   0.03%
MLMG::actualBottomSolve()                      113682     0.3864     0.3864     0.3864   0.01%
MLMG::oneIter()                                113682     0.1303     0.1303     0.1303   0.00%
MLMG::computeResidual()                        113682     0.1034     0.1034     0.1034   0.00%
MLCellLinOp::solutionResidual()                151576    0.08847    0.08847    0.08847   0.00%
MLMG::mgVcycle_bottom                          113682    0.05413    0.05413    0.05413   0.00%
MLMG::mgVcycle()                               113682    0.04775    0.04775    0.04775   0.00%
Other                                        30385867      30.51      30.51      30.51   0.48%
----------------------------------------------------------------------------------------------

----------------------------------------------------------------------------------------------
Name                                           NCalls  Incl. Min  Incl. Avg  Incl. Max   Max %
----------------------------------------------------------------------------------------------
main()                                              1       6401       6401       6401 100.00%
ComputePhi_Rho()                                18835       6073       6073       6073  94.88%
MLMG::solve()                                   37894       5708       5708       5708  89.16%
MLMG::oneIter()                                113682       5670       5670       5670  88.58%
MLMG::mgVcycle()                               113682       5668       5668       5668  88.54%
MLMG::mgVcycle_bottom                          113682       5667       5667       5667  88.54%
MLMG::actualBottomSolve()                      113682       5667       5667       5667  88.54%
MLCGSolver::bicgstab                           113682       5665       5665       5665  88.49%
amrex::Dot()                                 28757842       1690       1690       1690  26.40%
MLCellLinOp::apply()                         14530497       1649       1649       1649  25.76%
MLABecLaplacian::Fapply()                    14530497       1263       1263       1263  19.73%
MLABecLaplacian::normalize()                 14492603      918.5      918.5      918.5  14.35%
MLCGSolver::ParallelAllReduce                36098186      864.9      864.9      864.9  13.51%
FabArray::norminf()                          14719651      794.2      794.2      794.2  12.41%
MLCellLinOp::applyBC()                       14530497      378.5      378.5      378.5   5.91%
FabArray::FillBoundary()                     14681178      313.1      313.1      313.1   4.89%
FillBoundary_nowait()                        14681178      303.9      303.9      303.9   4.75%
FabArray::Saypy_Saxpy()                       7152259      201.4      201.4      201.4   3.15%
FabArray::Saxpy_Saxpy()                       7226662        199        199        199   3.11%
FabArray::Saxpy_Xpay()                        7112980      185.8      185.8      185.8   2.90%
Calculate_Landau()                              18789      130.3      130.3      130.3   2.03%
ComputeEfromPhi()                               37578      71.42      71.42      71.42   1.12%
Calculate_Grad()                                18789      67.38      67.38      67.38   1.05%
MLCellLinOp::solutionResidual()                151576      22.77      22.77      22.77   0.36%
FabArray::setVal()                             700596      18.81      18.81      18.81   0.29%
MLMG::computeResidual()                        113682      17.33      17.33      17.33   0.27%
amrex::Copy()                                  625804      15.75      15.75      15.75   0.25%
CalculateTDGL_RHS()                             18789      11.87      11.87      11.87   0.19%
Other                                        30385867       53.1       53.1       53.1   0.83%
----------------------------------------------------------------------------------------------

Device Memory Usage:
-------------------------------------------------------------------------
Name                                           Nalloc    AvgMem    MaxMem
-------------------------------------------------------------------------
The_Arena::Initialize()                             1     3   B    16 GiB
main()                                           1360   118 MiB   122 MiB
WritePlotfile()                                   752  9874   B    33 MiB
ResizeRandomSeed                                    2    16 MiB    16 MiB
MLCGSolver::bicgstab                          9094560  9374 KiB    10 MiB
MLMG::prepareForSolve()                            64  8135 KiB  8136 KiB
MLABecLaplacian::define()                          64  7823 KiB  7824 KiB
ComputePhi_Rho()                              4247712   199 KiB  7552 KiB
MultiFab::OverlapMask()                        648006  2492   B  1889 KiB
BndryData::define()                               192  1735 KiB  1736 KiB
MLCellLinOp::defineAuxData()                      192   815 KiB   816 KiB
FillBoundary_nowait()                          265267   176 KiB   180 KiB
VisMF::Write(FabArray)                          13536    11   B   174 KiB
MultiFab::max()                                 18837  2058   B    89 KiB
MultiFab::norm1                                 38118    25   B    87 KiB
FabArray::norminf()                          14719651    10 KiB    87 KiB
amrex::Dot()                                 28757842    22 KiB    87 KiB
FabArray::setVal()                             378976    74 KiB    74 KiB
amrex::Copy()                                  189756    29 KiB    29 KiB
MLCellLinOp::applyBC()                       14568398    25 KiB    26 KiB
MLCellLinOp::prepareForSolve()                      1     0   B    15 KiB
FabArray::LinComb()                             37895  2048   B  4096   B
MLABecLaplacian::Fapply()                      227364  3583   B  4096   B
FabArray::setVal(val, thecmd, scomp, ncomp)         8     0   B  3328   B
MultiFab::Divide()                              38118     1   B  2048   B
MLCellLinOp::defineBC()                             1  1791   B  1792   B
-------------------------------------------------------------------------

Managed Memory Usage:
---------------------------------------------------------
Name                             Nalloc  AvgMem    MaxMem
---------------------------------------------------------
The_Managed_Arena::Initialize()       1   0   B  8192 KiB
main()                                1   0   B    31 KiB
---------------------------------------------------------

Pinned Memory Usage:
-------------------------------------------------------------------------
Name                                           Nalloc    AvgMem    MaxMem
-------------------------------------------------------------------------
The_Pinned_Arena::Initialize()                      1     0   B  8192 KiB
VisMF::Write(FabArray)                          14288   401   B  2124 KiB
FillBoundary_nowait()                          265267   176 KiB   180 KiB
FabArray::setVal()                             378976    74 KiB    74 KiB
amrex::Copy()                                  189756    29 KiB    29 KiB
MLCellLinOp::applyBC()                          37901    25 KiB    25 KiB
MLCellLinOp::prepareForSolve()                      1     0   B    15 KiB
FabArray::LinComb()                             37895  2048   B  4096   B
MLABecLaplacian::Fapply()                      227364  3583   B  4096   B
FabArray::setVal(val, thecmd, scomp, ncomp)         8     0   B  3328   B
MultiFab::max()                                 18837  2048   B  2304   B
MultiFab::Divide()                              38118     1   B  2048   B
MLCellLinOp::setLevelBC()                          47     0   B  1792   B
MultiFab::OverlapMask()                         38118     0   B  1792   B
amrex::Dot()                                 28757842    66   B   256   B
Unprofiled                                         15     0   B   256   B
MultiFab::norm1                                 38118     0   B   256   B
FabArray::norminf()                          14719651    31   B   256   B
-------------------------------------------------------------------------

Total GPU global memory (MB) spread across MPI: [22491 ... 22491]
Free  GPU global memory (MB) spread across MPI: [5299 ... 5299]
[The         Arena] max space (MB) allocated spread across MPI: [16868 ... 16868]
[The         Arena] max space (MB) used      spread across MPI: [186 ... 186]
[The Managed Arena] max space (MB) allocated spread across MPI: [8 ... 8]
[The Managed Arena] max space (MB) used      spread across MPI: [0 ... 0]
[The  Pinned Arena] max space (MB) allocated spread across MPI: [8 ... 8]
[The  Pinned Arena] max space (MB) used      spread across MPI: [2 ... 2]
AMReX (26.05-39-gbe2cc437644f) finalized

EXIT_CODE=0
Tue Aug 11 19:03:56 UTC 2026
