MLMG: Final Iter. 3 resid, resid/resid0 = 0.005470082164, 6.642828991e-13
MLMG: Timers: Solve = 0.130176197 Iter = 0.129968201 Bottom = 0.129613629
2 iterations :: err = 1.39926891e-10
Steady state check : (phi(t) - phi(t-1)).norm0() = 1.047381846e-07
Advanced step 29436 in 0.291174819 seconds
 
MLMG: Initial rhs               = 648121110.2
MLMG: Initial residual (resid0) = 8234567187
MLMG: Final Iter. 3 resid, resid/resid0 = 0.003462364816, 4.204671281e-13
MLMG: Timers: Solve = 0.148888726 Iter = 0.148672026 Bottom = 0.14831555
1 iterations :: err = 1
MLMG: Initial rhs               = 648121110.2
MLMG: Initial residual (resid0) = 8234567187
MLMG: Final Iter. 3 resid, resid/resid0 = 0.003862058744, 4.690056753e-13
MLMG: Timers: Solve = 0.141271004 Iter = 0.141063429 Bottom = 0.140710136
2 iterations :: err = 2.211597363e-10
Steady state check : (phi(t) - phi(t-1)).norm0() = 1.022957719e-07
Advanced step 29437 in 0.322245083 seconds
 
MLMG: Initial rhs               = 648121109.9
MLMG: Initial residual (resid0) = 8234567186
MLMG: Final Iter. 3 resid, resid/resid0 = 0.002240042008, 2.72029113e-13
MLMG: Timers: Solve = 0.124756105 Iter = 0.124533304 Bottom = 0.124175156
1 iterations :: err = 1
MLMG: Initial rhs               = 648121109.9
MLMG: Initial residual (resid0) = 8234567186
MLMG: Final Iter. 3 resid, resid/resid0 = 0.00550660491, 6.687181955e-13
MLMG: Timers: Solve = 0.1345687 Iter = 0.134364815 Bottom = 0.134008568
2 iterations :: err = 3.650764355e-11
Steady state check : (phi(t) - phi(t-1)).norm0() = 9.987141419e-08
Advanced step 29438 in 0.304706177 seconds
 
step = 29438, Phi_Bc_hi = -4, num_Vapp = 46, sign = -1
MLMG: Initial rhs               = 648121109.8
MLMG: Initial residual (resid0) = 7324300150
MLMG: Final Iter. 3 resid, resid/resid0 = 0.003155159033, 4.307795923e-13
MLMG: Timers: Solve = 0.141409881 Iter = 0.141176488 Bottom = 0.140816035
1 iterations :: err = 1
MLMG: Initial rhs               = 648121109.8
MLMG: Initial residual (resid0) = 7324300150
MLMG: Final Iter. 3 resid, resid/resid0 = 0.002592764389, 3.539948304e-13
MLMG: Timers: Solve = 0.130231505 Iter = 0.130021607 Bottom = 0.129670595
2 iterations :: err = 3.194303839e-05
MLMG: Initial rhs               = 648121109.8
MLMG: Initial residual (resid0) = 7324300150
MLMG: Final Iter. 3 resid, resid/resid0 = 0.002746645685, 3.750045232e-13
MLMG: Timers: Solve = 0.14419506 Iter = 0.143990103 Bottom = 0.143633373
3 iterations :: err = 1.924974815e-08
voltage_sweep == 1 && num_Vapp == num_Vapp_max!
High-water FAB megabyte spread across MPI nodes: [171 ... 171]
Current     FAB megabyte spread across MPI nodes: [136 ... 136]
Total run time 10210.99937 seconds


TinyProfiler total time across processes [min...avg...max]: 1.021e+04 ... 1.021e+04 ... 1.021e+04

----------------------------------------------------------------------------------------------
Name                                           NCalls  Excl. Min  Excl. Avg  Excl. Max   Max %
----------------------------------------------------------------------------------------------
amrex::Dot()                                 46143090       2725       2725       2725  26.69%
MLABecLaplacian::Fapply()                    23308197       2051       2051       2051  20.09%
MLABecLaplacian::normalize()                 23249034       1535       1535       1535  15.04%
FabArray::norminf()                          23603725       1270       1270       1270  12.43%
FillBoundary_nowait()                        23544041      475.8      475.8      475.8   4.66%
ComputePhi_Rho()                                29484      439.9      439.9      439.9   4.31%
FabArray::Saxpy_Saxpy()                      11590513      338.3      338.3      338.3   3.31%
FabArray::Saypy_Saxpy()                      11481032      311.6      311.6      311.6   3.05%
FabArray::Saxpy_Xpay()                       11413024      297.9      297.9      297.9   2.92%
Calculate_Landau()                              29438        203        203        203   1.99%
ComputeEfromPhi()                               58876      116.8      116.8      116.8   1.14%
MLCellLinOp::applyBC()                       23308197      116.1      116.1      116.1   1.14%
Calculate_Grad()                                29438      104.1      104.1      104.1   1.02%
MLCGSolver::bicgstab                           177489      51.19      51.19      51.19   0.50%
FabArray::setVal()                            1094116      32.37      32.37      32.37   0.32%
amrex::Copy()                                  976757      26.19      26.19      26.19   0.26%
MLCGSolver::ParallelAllReduce                57911092      18.03      18.03      18.03   0.18%
CalculateTDGL_RHS()                             29438      15.55      15.55      15.55   0.15%
MLCellLinOp::apply()                         23308197      11.65      11.65      11.65   0.11%
FabArray::FillBoundary()                     23544041      10.78      10.78      10.78   0.11%
main()                                              1      7.538      7.538      7.538   0.07%
MLMG::solve()                                   59163      2.593      2.593      2.593   0.03%
MLMG::actualBottomSolve()                      177489     0.5961     0.5961     0.5961   0.01%
MLMG::oneIter()                                177489     0.3225     0.3225     0.3225   0.00%
MLMG::computeResidual()                        177489     0.2085     0.2085     0.2085   0.00%
MLCellLinOp::solutionResidual()                236652     0.1895     0.1895     0.1895   0.00%
MLMG::mgVcycle()                               177489    0.09706    0.09706    0.09706   0.00%
MLMG::mgVcycle_bottom                          177489    0.08695    0.08695    0.08695   0.00%
Other                                        48685827      48.39      48.39      48.39   0.47%
----------------------------------------------------------------------------------------------

----------------------------------------------------------------------------------------------
Name                                           NCalls  Incl. Min  Incl. Avg  Incl. Max   Max %
----------------------------------------------------------------------------------------------
main()                                              1  1.021e+04  1.021e+04  1.021e+04 100.00%
ComputePhi_Rho()                                29484       9742       9742       9742  95.41%
MLMG::solve()                                   59163       9264       9264       9264  90.73%
MLMG::oneIter()                                177489       9201       9201       9201  90.11%
MLMG::mgVcycle()                               177489       9196       9196       9196  90.06%
MLMG::mgVcycle_bottom                          177489       9196       9196       9196  90.06%
MLMG::actualBottomSolve()                      177489       9196       9196       9196  90.06%
MLCGSolver::bicgstab                           177489       9191       9191       9191  90.02%
amrex::Dot()                                 46143090       2725       2725       2725  26.69%
MLCellLinOp::apply()                         23308197       2668       2668       2668  26.13%
MLABecLaplacian::Fapply()                    23308197       2051       2051       2051  20.09%
MLABecLaplacian::normalize()                 23249034       1535       1535       1535  15.04%
MLCGSolver::ParallelAllReduce                57911092       1408       1408       1408  13.79%
FabArray::norminf()                          23603725       1270       1270       1270  12.43%
MLCellLinOp::applyBC()                       23308197      605.3      605.3      605.3   5.93%
FabArray::FillBoundary()                     23544041      494.7      494.7      494.7   4.84%
FillBoundary_nowait()                        23544041      480.2      480.2      480.2   4.70%
FabArray::Saxpy_Saxpy()                      11590513      338.3      338.3      338.3   3.31%
FabArray::Saypy_Saxpy()                      11481032      311.6      311.6      311.6   3.05%
FabArray::Saxpy_Xpay()                       11413024      297.9      297.9      297.9   2.92%
Calculate_Landau()                              29438        203        203        203   1.99%
ComputeEfromPhi()                               58876      116.8      116.8      116.8   1.14%
Calculate_Grad()                                29438      104.1      104.1      104.1   1.02%
MLCellLinOp::solutionResidual()                236652      38.25      38.25      38.25   0.37%
FabArray::setVal()                            1094116      32.37      32.37      32.37   0.32%
MLMG::computeResidual()                        177489      27.61      27.61      27.61   0.27%
amrex::Copy()                                  976757      26.19      26.19      26.19   0.26%
CalculateTDGL_RHS()                             29438      18.04      18.04      18.04   0.18%
Other                                        48685827      86.94      86.94      86.94   0.85%
----------------------------------------------------------------------------------------------

Device Memory Usage:
-------------------------------------------------------------------------
Name                                           Nalloc    AvgMem    MaxMem
-------------------------------------------------------------------------
The_Arena::Initialize()                             1     1   B    16 GiB
main()                                           1360   118 MiB   122 MiB
WritePlotfile()                                   752  6105   B    33 MiB
ResizeRandomSeed                                    2    16 MiB    16 MiB
MLCGSolver::bicgstab                         14199120  9534 KiB    10 MiB
MLMG::prepareForSolve()                            64  8135 KiB  8136 KiB
MLABecLaplacian::define()                          64  7823 KiB  7824 KiB
ComputePhi_Rho()                              6629376   164 KiB  7552 KiB
MultiFab::OverlapMask()                       1009086  2358   B  1889 KiB
BndryData::define()                               192  1735 KiB  1736 KiB
MLCellLinOp::defineAuxData()                      192   815 KiB   816 KiB
FillBoundary_nowait()                          414150   176 KiB   180 KiB
VisMF::Write(FabArray)                          13536     5   B   174 KiB
MultiFab::max()                                 29486  2062   B    89 KiB
MultiFab::norm1                                 59358    23   B    87 KiB
FabArray::norminf()                          23603725    10 KiB    87 KiB
amrex::Dot()                                 46143090    22 KiB    87 KiB
FabArray::setVal()                             591666    74 KiB    74 KiB
amrex::Copy()                                  296072    29 KiB    29 KiB
MLCellLinOp::applyBC()                       23367367    25 KiB    26 KiB
MLCellLinOp::prepareForSolve()                      1     0   B    15 KiB
FabArray::LinComb()                             59164  2048   B  4096   B
MLABecLaplacian::Fapply()                      354978  3642   B  4096   B
FabArray::setVal(val, thecmd, scomp, ncomp)         8     0   B  3328   B
MultiFab::Divide()                              59358     1   B  2048   B
MLCellLinOp::defineBC()                             1  1791   B  1792   B
-------------------------------------------------------------------------

Managed Memory Usage:
---------------------------------------------------------
Name                             Nalloc  AvgMem    MaxMem
---------------------------------------------------------
The_Managed_Arena::Initialize()       1   0   B  8192 KiB
main()                                1   0   B    31 KiB
---------------------------------------------------------

Pinned Memory Usage:
-------------------------------------------------------------------------
Name                                           Nalloc    AvgMem    MaxMem
-------------------------------------------------------------------------
The_Pinned_Arena::Initialize()                      1     0   B  8192 KiB
VisMF::Write(FabArray)                          14288   234   B  2124 KiB
FillBoundary_nowait()                          414150   176 KiB   180 KiB
FabArray::setVal()                             591666    74 KiB    74 KiB
amrex::Copy()                                  296072    29 KiB    29 KiB
MLCellLinOp::applyBC()                          59170    25 KiB    25 KiB
MLCellLinOp::prepareForSolve()                      1     0   B    15 KiB
FabArray::LinComb()                             59164  2048   B  4096   B
MLABecLaplacian::Fapply()                      354978  3642   B  4096   B
FabArray::setVal(val, thecmd, scomp, ncomp)         8     0   B  3328   B
MultiFab::max()                                 29486  2048   B  2304   B
MultiFab::Divide()                              59358     1   B  2048   B
MLCellLinOp::setLevelBC()                          47     0   B  1792   B
MultiFab::OverlapMask()                         59358     0   B  1792   B
amrex::Dot()                                 46143090    67   B   256   B
Unprofiled                                         15     0   B   256   B
MultiFab::norm1                                 59358     0   B   256   B
FabArray::norminf()                          23603725    31   B   256   B
-------------------------------------------------------------------------

Total GPU global memory (MB) spread across MPI: [22491 ... 22491]
Free  GPU global memory (MB) spread across MPI: [5299 ... 5299]
[The         Arena] max space (MB) allocated spread across MPI: [16868 ... 16868]
[The         Arena] max space (MB) used      spread across MPI: [186 ... 186]
[The Managed Arena] max space (MB) allocated spread across MPI: [8 ... 8]
[The Managed Arena] max space (MB) used      spread across MPI: [0 ... 0]
[The  Pinned Arena] max space (MB) allocated spread across MPI: [8 ... 8]
[The  Pinned Arena] max space (MB) used      spread across MPI: [2 ... 2]
AMReX (26.05-39-gbe2cc437644f) finalized

EXIT_CODE=0
Sun Jul 19 23:47:49 UTC 2026
