MLMG: Final Iter. 3 resid, resid/resid0 = 0.002687135482, 3.519895841e-13
MLMG: Timers: Solve = 0.099024595 Iter = 0.098824584 Bottom = 0.098475747
2 iterations :: err = 1.409090558e-11
Steady state check : (phi(t) - phi(t-1)).norm0() = 2.393239957e-07
Advanced step 12424 in 0.252607489 seconds
 
MLMG: Initial rhs               = 312617106.4
MLMG: Initial residual (resid0) = 7634133513
MLMG: Final Iter. 3 resid, resid/resid0 = 0.001195731886, 1.566296796e-13
MLMG: Timers: Solve = 0.101104048 Iter = 0.100891192 Bottom = 0.100547744
1 iterations :: err = 1
MLMG: Initial rhs               = 312617133.2
MLMG: Initial residual (resid0) = 7634133513
MLMG: Final Iter. 3 resid, resid/resid0 = 8.333832031e-05, 1.091653953e-14
MLMG: Timers: Solve = 0.12482171 Iter = 0.124627619 Bottom = 0.124280126
2 iterations :: err = 2.224975695e-11
Steady state check : (phi(t) - phi(t-1)).norm0() = 1.407445307e-07
Advanced step 12425 in 0.257345148 seconds
 
MLMG: Initial rhs               = 312617133.2
MLMG: Initial residual (resid0) = 7634133511
MLMG: Final Iter. 3 resid, resid/resid0 = 0.002368066122, 3.101944862e-13
MLMG: Timers: Solve = 0.089825641 Iter = 0.089614165 Bottom = 0.08926827
1 iterations :: err = 1
MLMG: Initial rhs               = 312617148.9
MLMG: Initial residual (resid0) = 7634133511
MLMG: Final Iter. 3 resid, resid/resid0 = 0.00113452707, 1.486124218e-13
MLMG: Timers: Solve = 0.120773475 Iter = 0.120579726 Bottom = 0.120233777
2 iterations :: err = 1.555854304e-10
Steady state check : (phi(t) - phi(t-1)).norm0() = 8.261180814e-08
Advanced step 12426 in 0.226300669 seconds
 
step = 12426, Phi_Bc_hi = -4, num_Vapp = 46, sign = -1
MLMG: Initial rhs               = 312617148.9
MLMG: Initial residual (resid0) = 6784533510
MLMG: Final Iter. 3 resid, resid/resid0 = 0.0009446442127, 1.392349542e-13
MLMG: Timers: Solve = 0.115455408 Iter = 0.115214899 Bottom = 0.114860423
1 iterations :: err = 1
MLMG: Initial rhs               = 301386698.3
MLMG: Initial residual (resid0) = 6784533510
MLMG: Final Iter. 3 resid, resid/resid0 = 0.002220380071, 3.272708533e-13
MLMG: Timers: Solve = 0.088811337 Iter = 0.088608321 Bottom = 0.08826172
2 iterations :: err = 2.719625633e-05
MLMG: Initial rhs               = 301272563.4
MLMG: Initial residual (resid0) = 6784533510
MLMG: Final Iter. 3 resid, resid/resid0 = 0.002791795558, 4.11494107e-13
MLMG: Timers: Solve = 0.119073836 Iter = 0.118877242 Bottom = 0.118531805
3 iterations :: err = 9.313517051e-09
voltage_sweep == 1 && num_Vapp == num_Vapp_max!
High-water FAB megabyte spread across MPI nodes: [171 ... 171]
Current     FAB megabyte spread across MPI nodes: [136 ... 136]
Total run time 4020.729278 seconds


TinyProfiler total time across processes [min...avg...max]: 4021 ... 4021 ... 4021

----------------------------------------------------------------------------------------------
Name                                           NCalls  Excl. Min  Excl. Avg  Excl. Max   Max %
----------------------------------------------------------------------------------------------
amrex::Dot()                                 18526710       1050       1050       1050  26.11%
MLABecLaplacian::Fapply()                     9363638      805.5      805.5      805.5  20.03%
MLABecLaplacian::normalize()                  9338567      588.1      588.1      588.1  14.63%
FabArray::norminf()                           9488773      489.7      489.7      489.7  12.18%
ComputePhi_Rho()                                12472      202.2      202.2      202.2   5.03%
FillBoundary_nowait()                         9463318      177.5      177.5      177.5   4.41%
FabArray::Saypy_Saxpy()                       4611252        123        123        123   3.06%
FabArray::Saxpy_Saxpy()                       4652103      122.7      122.7      122.7   3.05%
FabArray::Saxpy_Xpay()                        4576891      109.7      109.7      109.7   2.73%
Calculate_Landau()                              12426      85.48      85.48      85.48   2.13%
main()                                              1      56.17      56.17      56.17   1.40%
Calculate_Grad()                                12426      45.27      45.27      45.27   1.13%
ComputeEfromPhi()                               24852       41.6       41.6       41.6   1.03%
MLCellLinOp::applyBC()                        9363638      40.04      40.04      40.04   1.00%
MLCGSolver::bicgstab                            75212      20.62      20.62      20.62   0.51%
FabArray::setVal()                             463513      11.16      11.16      11.16   0.28%
amrex::Copy()                                  414270      9.556      9.556      9.556   0.24%
MLCGSolver::ParallelAllReduce                23254025      6.616      6.616      6.616   0.16%
MLCellLinOp::apply()                          9363638      5.392      5.392      5.392   0.13%
FabArray::FillBoundary()                      9463318      4.347      4.347      4.347   0.11%
CalculateTDGL_RHS()                             12426      4.186      4.186      4.186   0.10%
MLMG::solve()                                   25071      1.241      1.241      1.241   0.03%
MLMG::actualBottomSolve()                       75212     0.2689     0.2689     0.2689   0.01%
MLMG::oneIter()                                 75212     0.1628     0.1628     0.1628   0.00%
MLCellLinOp::solutionResidual()                100283    0.08394    0.08394    0.08394   0.00%
MLMG::mgVcycle_bottom                           75212    0.05487    0.05487    0.05487   0.00%
MLMG::computeResidual()                         75212    0.04448    0.04448    0.04448   0.00%
MLMG::mgVcycle()                                75212    0.02066    0.02066    0.02066   0.00%
Other                                        19603825      20.29      20.29      20.29   0.50%
----------------------------------------------------------------------------------------------

----------------------------------------------------------------------------------------------
Name                                           NCalls  Incl. Min  Incl. Avg  Incl. Max   Max %
----------------------------------------------------------------------------------------------
main()                                              1       4021       4021       4021 100.00%
ComputePhi_Rho()                                12472       3778       3778       3778  93.96%
MLMG::solve()                                   25071       3561       3561       3561  88.58%
MLMG::oneIter()                                 75212       3538       3538       3538  88.00%
MLMG::mgVcycle()                                75212       3536       3536       3536  87.95%
MLMG::mgVcycle_bottom                           75212       3536       3536       3536  87.95%
MLMG::actualBottomSolve()                       75212       3536       3536       3536  87.95%
MLCGSolver::bicgstab                            75212       3534       3534       3534  87.91%
amrex::Dot()                                 18526710       1050       1050       1050  26.11%
MLCellLinOp::apply()                          9363638       1034       1034       1034  25.71%
MLABecLaplacian::Fapply()                     9363638      805.5      805.5      805.5  20.03%
MLABecLaplacian::normalize()                  9338567      588.1      588.1      588.1  14.63%
MLCGSolver::ParallelAllReduce                23254025      543.2      543.2      543.2  13.51%
FabArray::norminf()                           9488773      489.7      489.7      489.7  12.18%
MLCellLinOp::applyBC()                        9363638        223        223        223   5.55%
FabArray::FillBoundary()                      9463318      184.9      184.9      184.9   4.60%
FillBoundary_nowait()                         9463318      179.1      179.1      179.1   4.45%
FabArray::Saypy_Saxpy()                       4611252        123        123        123   3.06%
FabArray::Saxpy_Saxpy()                       4652103      122.7      122.7      122.7   3.05%
FabArray::Saxpy_Xpay()                        4576891      109.7      109.7      109.7   2.73%
Calculate_Landau()                              12426      85.48      85.48      85.48   2.13%
Calculate_Grad()                                12426      45.27      45.27      45.27   1.13%
ComputeEfromPhi()                               24852       41.6       41.6       41.6   1.03%
MLCellLinOp::solutionResidual()                100283      14.47      14.47      14.47   0.36%
FabArray::setVal()                             463513      11.16      11.16      11.16   0.28%
MLMG::computeResidual()                         75212      11.11      11.11      11.11   0.28%
amrex::Copy()                                  414270      9.556      9.556      9.556   0.24%
CalculateTDGL_RHS()                             12426      5.342      5.342      5.342   0.13%
Other                                        19603825      35.64      35.64      35.64   0.89%
----------------------------------------------------------------------------------------------

Device Memory Usage:
-------------------------------------------------------------------------
Name                                           Nalloc    AvgMem    MaxMem
-------------------------------------------------------------------------
The_Arena::Initialize()                             1     5   B    16 GiB
main()                                           1360   118 MiB   122 MiB
WritePlotfile()                                   752    17 KiB    33 MiB
ResizeRandomSeed                                    2    16 MiB    16 MiB
MLCGSolver::bicgstab                          6016960  9311 KiB    10 MiB
MLMG::prepareForSolve()                            64  8135 KiB  8136 KiB
MLABecLaplacian::define()                          64  7823 KiB  7824 KiB
ComputePhi_Rho()                              2809984   193 KiB  7552 KiB
MultiFab::OverlapMask()                        428366  2574   B  1889 KiB
BndryData::define()                               192  1735 KiB  1736 KiB
MLCellLinOp::defineAuxData()                      192   815 KiB   816 KiB
FillBoundary_nowait()                          175504   176 KiB   180 KiB
VisMF::Write(FabArray)                          13536    12   B   174 KiB
MultiFab::max()                                 12474  2057   B    89 KiB
MultiFab::norm1                                 25198    28   B    87 KiB
FabArray::norminf()                           9488773    10 KiB    87 KiB
amrex::Dot()                                 18526710    22 KiB    87 KiB
FabArray::setVal()                             250744    74 KiB    74 KiB
amrex::Copy()                                  125543    29 KiB    29 KiB
MLCellLinOp::applyBC()                        9388716    25 KiB    26 KiB
MLCellLinOp::prepareForSolve()                      1     0   B    15 KiB
FabArray::LinComb()                             25072  2048   B  4096   B
MLABecLaplacian::Fapply()                      150424  3559   B  4096   B
FabArray::setVal(val, thecmd, scomp, ncomp)         8     0   B  3328   B
MultiFab::Divide()                              25198     1   B  2048   B
MLCellLinOp::defineBC()                             1  1791   B  1792   B
-------------------------------------------------------------------------

Managed Memory Usage:
---------------------------------------------------------
Name                             Nalloc  AvgMem    MaxMem
---------------------------------------------------------
The_Managed_Arena::Initialize()       1   0   B  8192 KiB
main()                                1   0   B    31 KiB
---------------------------------------------------------

Pinned Memory Usage:
-------------------------------------------------------------------------
Name                                           Nalloc    AvgMem    MaxMem
-------------------------------------------------------------------------
The_Pinned_Arena::Initialize()                      1     0   B  8192 KiB
VisMF::Write(FabArray)                          14288   792   B  2124 KiB
FillBoundary_nowait()                          175504   176 KiB   180 KiB
FabArray::setVal()                             250744    74 KiB    74 KiB
amrex::Copy()                                  125543    29 KiB    29 KiB
MLCellLinOp::applyBC()                          25078    25 KiB    25 KiB
MLCellLinOp::prepareForSolve()                      1     0   B    15 KiB
FabArray::LinComb()                             25072  2048   B  4096   B
MLABecLaplacian::Fapply()                      150424  3559   B  4096   B
FabArray::setVal(val, thecmd, scomp, ncomp)         8     0   B  3328   B
MultiFab::max()                                 12474  2048   B  2304   B
MultiFab::Divide()                              25198     1   B  2048   B
MLCellLinOp::setLevelBC()                          47     0   B  1792   B
MultiFab::OverlapMask()                         25198     0   B  1792   B
amrex::Dot()                                 18526710    66   B   256   B
Unprofiled                                         15     0   B   256   B
MultiFab::norm1                                 25198     0   B   256   B
FabArray::norminf()                           9488773    30   B   256   B
-------------------------------------------------------------------------

Total GPU global memory (MB) spread across MPI: [22491 ... 22491]
Free  GPU global memory (MB) spread across MPI: [5299 ... 5299]
[The         Arena] max space (MB) allocated spread across MPI: [16868 ... 16868]
[The         Arena] max space (MB) used      spread across MPI: [186 ... 186]
[The Managed Arena] max space (MB) allocated spread across MPI: [8 ... 8]
[The Managed Arena] max space (MB) used      spread across MPI: [0 ... 0]
[The  Pinned Arena] max space (MB) allocated spread across MPI: [8 ... 8]
[The  Pinned Arena] max space (MB) used      spread across MPI: [2 ... 2]
AMReX (26.05-39-gbe2cc437644f) finalized

EXIT_CODE=0
Mon Jul 13 18:13:53 UTC 2026
