1 iterations :: err = 1
MLMG: Initial rhs               = 344278478.1
MLMG: Initial residual (resid0) = 7637636146
MLMG: Final Iter. 3 resid, resid/resid0 = 0.0006189390642, 8.10380401e-14
MLMG: Timers: Solve = 0.052067933 Iter = 0.051892646 Bottom = 0.051593441
2 iterations :: err = 8.009554947e-11
Steady state check : (phi(t) - phi(t-1)).norm0() = 2.964278561e-07
Advanced step 17584 in 0.120288391 seconds
 
MLMG: Initial rhs               = 344278478
MLMG: Initial residual (resid0) = 7637636140
MLMG: Final Iter. 3 resid, resid/resid0 = 0.0025683231, 3.362719895e-13
MLMG: Timers: Solve = 0.047515133 Iter = 0.04734197 Bottom = 0.047044556
1 iterations :: err = 1
MLMG: Initial rhs               = 344278513.4
MLMG: Initial residual (resid0) = 7637636140
MLMG: Final Iter. 3 resid, resid/resid0 = 0.00295266428, 3.865939967e-13
MLMG: Timers: Solve = 0.04821527 Iter = 0.048041415 Bottom = 0.047744093
2 iterations :: err = 7.365505394e-11
Steady state check : (phi(t) - phi(t-1)).norm0() = 1.698979053e-07
Advanced step 17585 in 0.111146784 seconds
 
MLMG: Initial rhs               = 344278513.3
MLMG: Initial residual (resid0) = 7637636136
MLMG: Final Iter. 3 resid, resid/resid0 = 0.000302488095, 3.960493661e-14
MLMG: Timers: Solve = 0.053183073 Iter = 0.053008908 Bottom = 0.052712186
1 iterations :: err = 1
MLMG: Initial rhs               = 344278533.5
MLMG: Initial residual (resid0) = 7637636136
MLMG: Final Iter. 3 resid, resid/resid0 = 0.0002920507515, 3.823836934e-14
MLMG: Timers: Solve = 0.04803822 Iter = 0.047864165 Bottom = 0.047568024
2 iterations :: err = 2.554156073e-11
Steady state check : (phi(t) - phi(t-1)).norm0() = 9.687057109e-08
Advanced step 17586 in 0.116672468 seconds
 
step = 17586, Phi_Bc_hi = -4, num_Vapp = 46, sign = -1
MLMG: Initial rhs               = 344278533.5
MLMG: Initial residual (resid0) = 6788036133
MLMG: Final Iter. 3 resid, resid/resid0 = 0.001786633987, 2.632033702e-13
MLMG: Timers: Solve = 0.048643042 Iter = 0.048461496 Bottom = 0.048163932
1 iterations :: err = 1
MLMG: Initial rhs               = 333824710.9
MLMG: Initial residual (resid0) = 6788036133
MLMG: Final Iter. 3 resid, resid/resid0 = 0.003532931209, 5.204644081e-13
MLMG: Timers: Solve = 0.049903995 Iter = 0.049727095 Bottom = 0.049429221
2 iterations :: err = 1.839993379e-05
MLMG: Initial rhs               = 333737421.9
MLMG: Initial residual (resid0) = 6788036133
MLMG: Final Iter. 3 resid, resid/resid0 = 0.0005232095718, 7.707819486e-14
MLMG: Timers: Solve = 0.050456207 Iter = 0.050284675 Bottom = 0.049987923
3 iterations :: err = 3.878639963e-09
voltage_sweep == 1 && num_Vapp == num_Vapp_max!
High-water FAB megabyte spread across MPI nodes: [171 ... 171]
Current     FAB megabyte spread across MPI nodes: [136 ... 136]
Total run time 2546.733223 seconds


TinyProfiler total time across processes [min...avg...max]: 2547 ... 2547 ... 2547

----------------------------------------------------------------------------------------------
Name                                           NCalls  Excl. Min  Excl. Avg  Excl. Max   Max %
----------------------------------------------------------------------------------------------
amrex::Dot()                                 24495448      669.9      669.9      669.9  26.31%
MLABecLaplacian::Fapply()                    12389336      553.1      553.1      553.1  21.72%
MLABecLaplacian::normalize()                 12353933      396.6      396.6      396.6  15.57%
FabArray::norminf()                          12566120        287        287        287  11.27%
ComputePhi_Rho()                                17632      121.7      121.7      121.7   4.78%
FillBoundary_nowait()                        12530308      101.5      101.5      101.5   3.99%
FabArray::Saxpy_Saxpy()                       6152223      80.51      80.51      80.51   3.16%
FabArray::Saypy_Saxpy()                       6095501      75.02      75.02      75.02   2.95%
FabArray::Saxpy_Xpay()                        6046014      68.89      68.89      68.89   2.70%
Calculate_Landau()                              17586      66.35      66.35      66.35   2.61%
Calculate_Grad()                                17586      34.96      34.96      34.96   1.37%
ComputeEfromPhi()                               35172      31.14      31.14      31.14   1.22%
MLCellLinOp::applyBC()                       12389336      19.62      19.62      19.62   0.77%
FabArray::setVal()                             654640      7.755      7.755      7.755   0.30%
amrex::Copy()                                  584745      6.326      6.326      6.326   0.25%
MLCGSolver::bicgstab                           106209      5.312      5.312      5.312   0.21%
MLCGSolver::ParallelAllReduce                30753880        2.8        2.8        2.8   0.11%
main()                                              1      2.362      2.362      2.362   0.09%
MLCellLinOp::apply()                         12389336      1.626      1.626      1.626   0.06%
FabArray::FillBoundary()                     12530308      1.398      1.398      1.398   0.05%
MLMG::solve()                                   35403     0.2091     0.2091     0.2091   0.01%
MLMG::actualBottomSolve()                      106209    0.03665    0.03665    0.03665   0.00%
MLCellLinOp::solutionResidual()                141612    0.02019    0.02019    0.02019   0.00%
MLMG::oneIter()                                106209    0.01793    0.01793    0.01793   0.00%
MLMG::mgVcycle_bottom                          106209    0.01308    0.01308    0.01308   0.00%
MLMG::computeResidual()                        106209    0.01279    0.01279    0.01279   0.00%
MLMG::mgVcycle()                               106209    0.01043    0.01043    0.01043   0.00%
Other                                        26034371      12.52      12.52      12.52   0.49%
----------------------------------------------------------------------------------------------

----------------------------------------------------------------------------------------------
Name                                           NCalls  Incl. Min  Incl. Avg  Incl. Max   Max %
----------------------------------------------------------------------------------------------
main()                                              1       2547       2547       2547 100.00%
ComputePhi_Rho()                                17632       2405       2405       2405  94.42%
MLMG::solve()                                   35403       2274       2274       2274  89.29%
MLMG::oneIter()                                106209       2259       2259       2259  88.68%
MLMG::mgVcycle()                               106209       2257       2257       2257  88.64%
MLMG::mgVcycle_bottom                          106209       2257       2257       2257  88.64%
MLMG::actualBottomSolve()                      106209       2257       2257       2257  88.64%
MLCGSolver::bicgstab                           106209       2256       2256       2256  88.60%
MLCellLinOp::apply()                         12389336      677.3      677.3      677.3  26.60%
amrex::Dot()                                 24495448      669.9      669.9      669.9  26.31%
MLABecLaplacian::Fapply()                    12389336      553.1      553.1      553.1  21.72%
MLABecLaplacian::normalize()                 12353933      396.6      396.6      396.6  15.57%
MLCGSolver::ParallelAllReduce                30753880      339.9      339.9      339.9  13.35%
FabArray::norminf()                          12566120        287        287        287  11.27%
MLCellLinOp::applyBC()                       12389336      122.6      122.6      122.6   4.82%
FabArray::FillBoundary()                     12530308      104.3      104.3      104.3   4.10%
FillBoundary_nowait()                        12530308      102.2      102.2      102.2   4.01%
FabArray::Saxpy_Saxpy()                       6152223      80.51      80.51      80.51   3.16%
FabArray::Saypy_Saxpy()                       6095501      75.02      75.02      75.02   2.95%
FabArray::Saxpy_Xpay()                        6046014      68.89      68.89      68.89   2.70%
Calculate_Landau()                              17586      66.35      66.35      66.35   2.61%
Calculate_Grad()                                17586      34.96      34.96      34.96   1.37%
ComputeEfromPhi()                               35172      31.14      31.14      31.14   1.22%
MLCellLinOp::solutionResidual()                141612      9.625      9.625      9.625   0.38%
FabArray::setVal()                             654640      7.755      7.755      7.755   0.30%
MLMG::computeResidual()                        106209      6.821      6.821      6.821   0.27%
amrex::Copy()                                  584745      6.326      6.326      6.326   0.25%
Other                                        26034371      23.45      23.45      23.45   0.92%
----------------------------------------------------------------------------------------------

Device Memory Usage:
-------------------------------------------------------------------------
Name                                           Nalloc    AvgMem    MaxMem
-------------------------------------------------------------------------
The_Arena::Initialize()                             1     5   B    14 GiB
main()                                           1360   118 MiB   122 MiB
WritePlotfile()                                   752  7097   B    33 MiB
ResizeRandomSeed                                    2    13 MiB    13 MiB
MLCGSolver::bicgstab                          8496720  9388 KiB    10 MiB
MLMG::prepareForSolve()                            64  8135 KiB  8136 KiB
MLABecLaplacian::define()                          64  7823 KiB  7824 KiB
ComputePhi_Rho()                              3967360   188 KiB  7552 KiB
MultiFab::OverlapMask()                        604214  2216   B  1889 KiB
BndryData::define()                               192  1735 KiB  1736 KiB
MLCellLinOp::defineAuxData()                      192   815 KiB   816 KiB
FillBoundary_nowait()                          247830   176 KiB   180 KiB
VisMF::Write(FabArray)                          13536     8   B   144 KiB
FabArray::setVal()                             354066    74 KiB    74 KiB
MultiFab::max()                                 17634  2059   B    74 KiB
MultiFab::norm1                                 35542    20   B    72 KiB
FabArray::norminf()                          12566120  8235   B    72 KiB
amrex::Dot()                                 24495448    18 KiB    72 KiB
amrex::Copy()                                  177216    29 KiB    29 KiB
MLCellLinOp::applyBC()                       12424746    25 KiB    26 KiB
MLCellLinOp::prepareForSolve()                      1     0   B    15 KiB
FabArray::LinComb()                             35404  2048   B  4096   B
MLABecLaplacian::Fapply()                      212418  3585   B  4096   B
FabArray::setVal(val, thecmd, scomp, ncomp)         8     0   B  3328   B
MultiFab::Divide()                              35542     1   B  2048   B
MLCellLinOp::defineBC()                             1  1791   B  1792   B
-------------------------------------------------------------------------

Managed Memory Usage:
---------------------------------------------------------
Name                             Nalloc  AvgMem    MaxMem
---------------------------------------------------------
The_Managed_Arena::Initialize()       1   0   B  8192 KiB
main()                                1   0   B    31 KiB
---------------------------------------------------------

Pinned Memory Usage:
-------------------------------------------------------------------------
Name                                           Nalloc    AvgMem    MaxMem
-------------------------------------------------------------------------
The_Pinned_Arena::Initialize()                      1     0   B  8192 KiB
VisMF::Write(FabArray)                          14288   268   B  2124 KiB
FillBoundary_nowait()                          247830   176 KiB   180 KiB
FabArray::setVal()                             354066    74 KiB    74 KiB
amrex::Copy()                                  177216    29 KiB    29 KiB
MLCellLinOp::applyBC()                          35410    25 KiB    25 KiB
MLCellLinOp::prepareForSolve()                      1     0   B    15 KiB
FabArray::LinComb()                             35404  2048   B  4096   B
MLABecLaplacian::Fapply()                      212418  3585   B  4096   B
FabArray::setVal(val, thecmd, scomp, ncomp)         8     0   B  3328   B
MultiFab::max()                                 17634  2048   B  2304   B
MultiFab::Divide()                              35542     1   B  2048   B
MLCellLinOp::setLevelBC()                          47     0   B  1792   B
MultiFab::OverlapMask()                         35542     0   B  1792   B
amrex::Dot()                                 24495448    66   B   256   B
Unprofiled                                         15     0   B   256   B
MultiFab::norm1                                 35542     0   B   256   B
FabArray::norminf()                          12566120    28   B   256   B
-------------------------------------------------------------------------

Total GPU global memory (MB) spread across MPI: [20019 ... 20019]
Free  GPU global memory (MB) spread across MPI: [4648 ... 4648]
[The         Arena] max space (MB) allocated spread across MPI: [15014 ... 15014]
[The         Arena] max space (MB) used      spread across MPI: [183 ... 183]
[The Managed Arena] max space (MB) allocated spread across MPI: [8 ... 8]
[The Managed Arena] max space (MB) used      spread across MPI: [0 ... 0]
[The  Pinned Arena] max space (MB) allocated spread across MPI: [8 ... 8]
[The  Pinned Arena] max space (MB) used      spread across MPI: [2 ... 2]
AMReX (26.05-39-gbe2cc437644f) finalized
EXIT_CODE=0
Sat Jun 27 22:02:48 CST 2026
