2 iterations :: err = 2.547031148e-10
Steady state check : (phi(t) - phi(t-1)).norm0() = 1.056629106e-07
Advanced step 18303 in 0.153559655 seconds
 
MLMG: Initial rhs               = 702899504.2
MLMG: Initial residual (resid0) = 9517981278
MLMG: Final Iter. 3 resid, resid/resid0 = 0.003316193819, 3.484135682e-13
MLMG: Timers: Solve = 0.069546011 Iter = 0.069321719 Bottom = 0.068958013
1 iterations :: err = 1
MLMG: Initial rhs               = 702899504.2
MLMG: Initial residual (resid0) = 9517981278
MLMG: Final Iter. 3 resid, resid/resid0 = 0.004403412342, 4.626414166e-13
MLMG: Timers: Solve = 0.067464195 Iter = 0.067241174 Bottom = 0.066892391
2 iterations :: err = 2.944251938e-10
Steady state check : (phi(t) - phi(t-1)).norm0() = 1.017964701e-07
Advanced step 18304 in 0.153098402 seconds
 
MLMG: Initial rhs               = 702899503.2
MLMG: Initial residual (resid0) = 9517981278
MLMG: Final Iter. 3 resid, resid/resid0 = 0.003114640713, 3.27237533e-13
MLMG: Timers: Solve = 0.067305542 Iter = 0.067066197 Bottom = 0.066719208
1 iterations :: err = 1
MLMG: Initial rhs               = 702899503.2
MLMG: Initial residual (resid0) = 9517981278
MLMG: Final Iter. 3 resid, resid/resid0 = 0.002991465641, 3.142962309e-13
MLMG: Timers: Solve = 0.063624486 Iter = 0.063418191 Bottom = 0.063082188
2 iterations :: err = 1.571385137e-10
Steady state check : (phi(t) - phi(t-1)).norm0() = 9.80756639e-08
Advanced step 18305 in 0.146952956 seconds
 
step = 18305, Phi_Bc_hi = -4, num_Vapp = 46, sign = -1
MLMG: Initial rhs               = 702899501.9
MLMG: Initial residual (resid0) = 8465130584
MLMG: Final Iter. 3 resid, resid/resid0 = 0.003998398781, 4.723375193e-13
MLMG: Timers: Solve = 0.065473967 Iter = 0.065260051 Bottom = 0.064894544
1 iterations :: err = 1
MLMG: Initial rhs               = 702899502
MLMG: Initial residual (resid0) = 8465130584
MLMG: Final Iter. 3 resid, resid/resid0 = 0.002890445649, 3.414531672e-13
MLMG: Timers: Solve = 0.065370099 Iter = 0.065168031 Bottom = 0.064796654
2 iterations :: err = 4.410632557e-05
MLMG: Initial rhs               = 702899502
MLMG: Initial residual (resid0) = 8465130584
MLMG: Final Iter. 3 resid, resid/resid0 = 0.001370056837, 1.618471001e-13
MLMG: Timers: Solve = 0.070704559 Iter = 0.070446665 Bottom = 0.070067846
3 iterations :: err = 2.409448849e-08
voltage_sweep == 1 && num_Vapp == num_Vapp_max!
High-water FAB megabyte spread across MPI nodes: [171 ... 171]
Current     FAB megabyte spread across MPI nodes: [136 ... 136]
Total run time 3419.007095 seconds


TinyProfiler total time across processes [min...avg...max]: 3419 ... 3419 ... 3419

----------------------------------------------------------------------------------------------
Name                                           NCalls  Excl. Min  Excl. Avg  Excl. Max   Max %
----------------------------------------------------------------------------------------------
amrex::Dot()                                 28255978      891.5      891.5      891.5  26.08%
MLABecLaplacian::Fapply()                    14275485      659.6      659.6      659.6  19.29%
MLABecLaplacian::normalize()                 14238611      506.4      506.4      506.4  14.81%
FabArray::norminf()                          14459591        391        391        391  11.44%
ComputePhi_Rho()                                18351      167.8      167.8      167.8   4.91%
FillBoundary_nowait()                        14422242      167.4      167.4      167.4   4.90%
FabArray::Saxpy_Saxpy()                       7095071      116.8      116.8      116.8   3.42%
FabArray::Saypy_Saxpy()                       7032918      110.3      110.3      110.3   3.23%
FabArray::Saxpy_Xpay()                        6984449      102.8      102.8      102.8   3.01%
Calculate_Landau()                              18305      69.57      69.57      69.57   2.03%
ComputeEfromPhi()                               36610      49.83      49.83      49.83   1.46%
MLCellLinOp::applyBC()                       14275485      48.85      48.85      48.85   1.43%
Calculate_Grad()                                18305       35.3       35.3       35.3   1.03%
MLCGSolver::bicgstab                           110622      21.56      21.56      21.56   0.63%
FabArray::setVal()                             681804      13.34      13.34      13.34   0.39%
CalculateTDGL_RHS()                             18305      11.89      11.89      11.89   0.35%
amrex::Copy()                                  609000      10.39      10.39      10.39   0.30%
MLCGSolver::ParallelAllReduce                35461671      6.846      6.846      6.846   0.20%
main()                                              1      4.991      4.991      4.991   0.15%
MLCellLinOp::apply()                         14275485       3.99       3.99       3.99   0.12%
FabArray::FillBoundary()                     14422242      3.936      3.936      3.936   0.12%
MLMG::solve()                                   36874      2.739      2.739      2.739   0.08%
MLMG::actualBottomSolve()                      110622     0.5211     0.5211     0.5211   0.02%
MLMG::oneIter()                                110622     0.2199     0.2199     0.2199   0.01%
MLCellLinOp::solutionResidual()                147496     0.1589     0.1589     0.1589   0.00%
MLMG::computeResidual()                        110622     0.1476     0.1476     0.1476   0.00%
MLMG::mgVcycle_bottom                          110622     0.1362     0.1362     0.1362   0.00%
MLMG::mgVcycle()                               110622    0.07003    0.07003    0.07003   0.00%
MLMG::computeMLResidual()                       36874    0.03855    0.03855    0.03855   0.00%
Other                                        29803529      20.78      20.78      20.78   0.61%
----------------------------------------------------------------------------------------------

----------------------------------------------------------------------------------------------
Name                                           NCalls  Incl. Min  Incl. Avg  Incl. Max   Max %
----------------------------------------------------------------------------------------------
main()                                              1       3419       3419       3419 100.00%
ComputePhi_Rho()                                18351       3239       3239       3239  94.73%
MLMG::solve()                                   36874       3055       3055       3055  89.35%
MLMG::oneIter()                                110622       3030       3030       3030  88.63%
MLMG::mgVcycle()                               110622       3028       3028       3028  88.57%
MLMG::mgVcycle_bottom                          110622       3028       3028       3028  88.57%
MLMG::actualBottomSolve()                      110622       3028       3028       3028  88.57%
MLCGSolver::bicgstab                           110622       3026       3026       3026  88.50%
amrex::Dot()                                 28255978      891.5      891.5      891.5  26.08%
MLCellLinOp::apply()                         14275485      885.3      885.3      885.3  25.89%
MLABecLaplacian::Fapply()                    14275485      659.6      659.6      659.6  19.29%
MLABecLaplacian::normalize()                 14238611      506.4      506.4      506.4  14.81%
MLCGSolver::ParallelAllReduce                35461671        455        455        455  13.31%
FabArray::norminf()                          14459591        391        391        391  11.44%
MLCellLinOp::applyBC()                       14275485      221.7      221.7      221.7   6.48%
FabArray::FillBoundary()                     14422242      174.9      174.9      174.9   5.12%
FillBoundary_nowait()                        14422242      169.3      169.3      169.3   4.95%
FabArray::Saxpy_Saxpy()                       7095071      116.8      116.8      116.8   3.42%
FabArray::Saypy_Saxpy()                       7032918      110.3      110.3      110.3   3.23%
FabArray::Saxpy_Xpay()                        6984449      102.8      102.8      102.8   3.01%
Calculate_Landau()                              18305      69.57      69.57      69.57   2.03%
ComputeEfromPhi()                               36610      49.83      49.83      49.83   1.46%
Calculate_Grad()                                18305       35.3       35.3       35.3   1.03%
FabArray::setVal()                             681804      13.34      13.34      13.34   0.39%
MLCellLinOp::solutionResidual()                147496      13.32      13.32      13.32   0.39%
CalculateTDGL_RHS()                             18305      12.77      12.77      12.77   0.37%
amrex::Copy()                                  609000      10.39      10.39      10.39   0.30%
MLMG::computeResidual()                        110622      8.929      8.929      8.929   0.26%
MLMG::computeMLResidual()                       36874      4.578      4.578      4.578   0.13%
Other                                        29803529      31.23      31.23      31.23   0.91%
----------------------------------------------------------------------------------------------

Device Memory Usage:
-------------------------------------------------------------------------
Name                                           Nalloc    AvgMem    MaxMem
-------------------------------------------------------------------------
The_Arena::Initialize()                             1    79   B    14 GiB
main()                                           1360   118 MiB   122 MiB
WritePlotfile()                                   752  9682   B    33 MiB
ResizeRandomSeed                                    2    13 MiB    13 MiB
MLCGSolver::bicgstab                          8849760  9365 KiB    10 MiB
MLMG::prepareForSolve()                            64  8135 KiB  8136 KiB
MLABecLaplacian::define()                          64  7823 KiB  7824 KiB
ComputePhi_Rho()                              4132640   183 KiB  7552 KiB
MultiFab::OverlapMask()                        629782  3101   B  1889 KiB
BndryData::define()                               192  1735 KiB  1736 KiB
MLCellLinOp::defineAuxData()                      192   815 KiB   816 KiB
FillBoundary_nowait()                          258127   176 KiB   180 KiB
VisMF::Write(FabArray)                          13536     8   B   144 KiB
FabArray::setVal()                             368776    74 KiB    74 KiB
MultiFab::max()                                 18353  2060   B    74 KiB
MultiFab::norm1                                 37046    20   B    72 KiB
FabArray::norminf()                          14459591  8272   B    72 KiB
amrex::Dot()                                 28255978    18 KiB    72 KiB
amrex::Copy()                                  184604    29 KiB    29 KiB
MLCellLinOp::applyBC()                       14312366    25 KiB    26 KiB
MLCellLinOp::prepareForSolve()                      1     0   B    15 KiB
FabArray::LinComb()                             36875  2048   B  4096   B
MLABecLaplacian::Fapply()                      221244  3572   B  4096   B
FabArray::setVal(val, thecmd, scomp, ncomp)         8     0   B  3328   B
MultiFab::Divide()                              37046     1   B  2048   B
MLCellLinOp::defineBC()                             1  1791   B  1792   B
-------------------------------------------------------------------------

Managed Memory Usage:
---------------------------------------------------------
Name                             Nalloc  AvgMem    MaxMem
---------------------------------------------------------
The_Managed_Arena::Initialize()       1   0   B  8192 KiB
main()                                1   0   B    31 KiB
---------------------------------------------------------

Pinned Memory Usage:
-------------------------------------------------------------------------
Name                                           Nalloc    AvgMem    MaxMem
-------------------------------------------------------------------------
The_Pinned_Arena::Initialize()                      1     0   B  8192 KiB
VisMF::Write(FabArray)                          14288   389   B  2124 KiB
FillBoundary_nowait()                          258127   176 KiB   180 KiB
FabArray::setVal()                             368776    74 KiB    74 KiB
amrex::Copy()                                  184604    29 KiB    29 KiB
MLCellLinOp::applyBC()                          36881    25 KiB    25 KiB
MLCellLinOp::prepareForSolve()                      1     0   B    15 KiB
FabArray::LinComb()                             36875  2048   B  4096   B
MLABecLaplacian::Fapply()                      221244  3572   B  4096   B
FabArray::setVal(val, thecmd, scomp, ncomp)         8     0   B  3328   B
MultiFab::max()                                 18353  2048   B  2304   B
MultiFab::Divide()                              37046     1   B  2048   B
MLCellLinOp::setLevelBC()                          47     0   B  1792   B
MultiFab::OverlapMask()                         37046     0   B  1792   B
amrex::Dot()                                 28255978    65   B   256   B
Unprofiled                                         15     0   B   256   B
MultiFab::norm1                                 37046     0   B   256   B
FabArray::norminf()                          14459591    28   B   256   B
-------------------------------------------------------------------------

Total GPU global memory (MB) spread across MPI: [20019 ... 20019]
Free  GPU global memory (MB) spread across MPI: [4774 ... 4774]
[The         Arena] max space (MB) allocated spread across MPI: [15014 ... 15014]
[The         Arena] max space (MB) used      spread across MPI: [183 ... 183]
[The Managed Arena] max space (MB) allocated spread across MPI: [8 ... 8]
[The Managed Arena] max space (MB) used      spread across MPI: [0 ... 0]
[The  Pinned Arena] max space (MB) allocated spread across MPI: [8 ... 8]
[The  Pinned Arena] max space (MB) used      spread across MPI: [2 ... 2]
AMReX (26.05-39-gbe2cc437644f) finalized

EXIT_CODE=0
Sat Jul 25 02:34:29 CST 2026
