MLMG: Initial rhs               = 403068379.3
MLMG: Initial residual (resid0) = 8810354038
MLMG: Final Iter. 3 resid, resid/resid0 = 0.001929904371, 2.190495822e-13
MLMG: Timers: Solve = 0.056458927 Iter = 0.05628406 Bottom = 0.055986277
2 iterations :: err = 3.381024539e-11
Steady state check : (phi(t) - phi(t-1)).norm0() = 1.006647073e-07
Advanced step 38762 in 0.12868971 seconds
 
MLMG: Initial rhs               = 403068379.4
MLMG: Initial residual (resid0) = 8810354040
MLMG: Final Iter. 3 resid, resid/resid0 = 0.002097584847, 2.380817884e-13
MLMG: Timers: Solve = 0.055570262 Iter = 0.055397649 Bottom = 0.055101076
1 iterations :: err = 1
MLMG: Initial rhs               = 403068379.4
MLMG: Initial residual (resid0) = 8810354040
MLMG: Final Iter. 3 resid, resid/resid0 = 0.001908106629, 2.16575477e-13
MLMG: Timers: Solve = 0.054638101 Iter = 0.054462563 Bottom = 0.054167815
2 iterations :: err = 6.78022799e-11
Steady state check : (phi(t) - phi(t-1)).norm0() = 1.001950981e-07
Advanced step 38763 in 0.125741675 seconds
 
MLMG: Initial rhs               = 403068379.6
MLMG: Initial residual (resid0) = 8810354041
MLMG: Final Iter. 3 resid, resid/resid0 = 0.003792405821, 4.304487428e-13
MLMG: Timers: Solve = 0.054655216 Iter = 0.054482744 Bottom = 0.054187174
1 iterations :: err = 1
MLMG: Initial rhs               = 403068379.6
MLMG: Initial residual (resid0) = 8810354041
MLMG: Final Iter. 3 resid, resid/resid0 = 0.00263723731, 2.993338631e-13
MLMG: Timers: Solve = 0.05684812 Iter = 0.056673234 Bottom = 0.056377152
2 iterations :: err = 1.089430708e-10
Steady state check : (phi(t) - phi(t-1)).norm0() = 9.971905991e-08
Advanced step 38764 in 0.127097082 seconds
 
step = 38764, Phi_Bc_hi = -4, num_Vapp = 46, sign = -1
MLMG: Initial rhs               = 403068379.4
MLMG: Initial residual (resid0) = 7832682110
MLMG: Final Iter. 3 resid, resid/resid0 = 0.001576900301, 2.013231583e-13
MLMG: Timers: Solve = 0.054504147 Iter = 0.054317492 Bottom = 0.054017033
1 iterations :: err = 1
MLMG: Initial rhs               = 403068379.4
MLMG: Initial residual (resid0) = 7832682110
MLMG: Final Iter. 3 resid, resid/resid0 = 0.001680060819, 2.144936811e-13
MLMG: Timers: Solve = 0.054458507 Iter = 0.054281276 Bottom = 0.053983803
2 iterations :: err = 2.896186153e-05
MLMG: Initial rhs               = 403068379.4
MLMG: Initial residual (resid0) = 7832682110
MLMG: Final Iter. 3 resid, resid/resid0 = 0.001867901534, 2.384753406e-13
MLMG: Timers: Solve = 0.056121292 Iter = 0.055947678 Bottom = 0.055652606
3 iterations :: err = 9.496351951e-09
voltage_sweep == 1 && num_Vapp == num_Vapp_max!
High-water FAB megabyte spread across MPI nodes: [171 ... 171]
Current     FAB megabyte spread across MPI nodes: [136 ... 136]
Total run time 5630.026734 seconds


TinyProfiler total time across processes [min...avg...max]: 5630 ... 5630 ... 5630

----------------------------------------------------------------------------------------------
Name                                           NCalls  Excl. Min  Excl. Avg  Excl. Max   Max %
----------------------------------------------------------------------------------------------
amrex::Dot()                                 54033908       1481       1481       1481  26.30%
MLABecLaplacian::Fapply()                    27328282       1220       1220       1220  21.66%
MLABecLaplacian::normalize()                 27250450      878.6      878.6      878.6  15.61%
FabArray::norminf()                          27717138      633.8      633.8      633.8  11.26%
ComputePhi_Rho()                                38810      274.8      274.8      274.8   4.88%
FillBoundary_nowait()                        27638751      225.8      225.8      225.8   4.01%
FabArray::Saxpy_Saxpy()                      13583589      178.2      178.2      178.2   3.16%
FabArray::Saypy_Saxpy()                      13433365      165.5      165.5      165.5   2.94%
FabArray::Saxpy_Xpay()                       13350093      151.8      151.8      151.8   2.70%
Calculate_Landau()                              38764        147        147        147   2.61%
Calculate_Grad()                                38764      75.94      75.94      75.94   1.35%
ComputeEfromPhi()                               77528      68.78      68.78      68.78   1.22%
MLCellLinOp::applyBC()                       27328282      43.21      43.21      43.21   0.77%
FabArray::setVal()                            1439467      16.96      16.96      16.96   0.30%
amrex::Copy()                                 1284787      13.99      13.99      13.99   0.25%
MLCGSolver::bicgstab                           233496       11.6       11.6       11.6   0.21%
MLCGSolver::ParallelAllReduce                67850993      5.065      5.065      5.065   0.09%
main()                                              1      4.958      4.958      4.958   0.09%
MLCellLinOp::apply()                         27328282      3.167      3.167      3.167   0.06%
FabArray::FillBoundary()                     27638751      3.072      3.072      3.072   0.05%
MLMG::solve()                                   77832     0.4521     0.4521     0.4521   0.01%
MLMG::actualBottomSolve()                      233496    0.08483    0.08483    0.08483   0.00%
MLCellLinOp::solutionResidual()                311328     0.0381     0.0381     0.0381   0.00%
MLMG::oneIter()                                233496    0.03708    0.03708    0.03708   0.00%
MLMG::mgVcycle_bottom                          233496    0.02384    0.02384    0.02384   0.00%
MLMG::computeResidual()                        233496     0.0232     0.0232     0.0232   0.00%
MLMG::mgVcycle()                               233496    0.02046    0.02046    0.02046   0.00%
Other                                        57418091      26.55      26.55      26.55   0.47%
----------------------------------------------------------------------------------------------

----------------------------------------------------------------------------------------------
Name                                           NCalls  Incl. Min  Incl. Avg  Incl. Max   Max %
----------------------------------------------------------------------------------------------
main()                                              1       5630       5630       5630 100.00%
ComputePhi_Rho()                                38810       5318       5318       5318  94.46%
MLMG::solve()                                   77832       5024       5024       5024  89.23%
MLMG::oneIter()                                233496       4989       4989       4989  88.62%
MLMG::mgVcycle()                               233496       4987       4987       4987  88.58%
MLMG::mgVcycle_bottom                          233496       4987       4987       4987  88.58%
MLMG::actualBottomSolve()                      233496       4987       4987       4987  88.58%
MLCGSolver::bicgstab                           233496       4985       4985       4985  88.54%
MLCellLinOp::apply()                         27328282       1495       1495       1495  26.55%
amrex::Dot()                                 54033908       1481       1481       1481  26.30%
MLABecLaplacian::Fapply()                    27328282       1220       1220       1220  21.66%
MLABecLaplacian::normalize()                 27250450      878.6      878.6      878.6  15.61%
MLCGSolver::ParallelAllReduce                67850993      750.9      750.9      750.9  13.34%
FabArray::norminf()                          27717138      633.8      633.8      633.8  11.26%
MLCellLinOp::applyBC()                       27328282      271.9      271.9      271.9   4.83%
FabArray::FillBoundary()                     27638751      231.6      231.6      231.6   4.11%
FillBoundary_nowait()                        27638751      227.3      227.3      227.3   4.04%
FabArray::Saxpy_Saxpy()                      13583589      178.2      178.2      178.2   3.16%
FabArray::Saypy_Saxpy()                      13433365      165.5      165.5      165.5   2.94%
FabArray::Saxpy_Xpay()                       13350093      151.8      151.8      151.8   2.70%
Calculate_Landau()                              38764        147        147        147   2.61%
Calculate_Grad()                                38764      75.94      75.94      75.94   1.35%
ComputeEfromPhi()                               77528      68.78      68.78      68.78   1.22%
MLCellLinOp::solutionResidual()                311328      21.27      21.27      21.27   0.38%
FabArray::setVal()                            1439467      16.96      16.96      16.96   0.30%
MLMG::computeResidual()                        233496      15.03      15.03      15.03   0.27%
amrex::Copy()                                 1284787      13.99      13.99      13.99   0.25%
Other                                        57418091      49.39      49.39      49.39   0.88%
----------------------------------------------------------------------------------------------

Device Memory Usage:
-------------------------------------------------------------------------
Name                                           Nalloc    AvgMem    MaxMem
-------------------------------------------------------------------------
The_Arena::Initialize()                             1     2   B    14 GiB
main()                                           1360   118 MiB   122 MiB
WritePlotfile()                                   752  3241   B    33 MiB
ResizeRandomSeed                                    2    13 MiB    13 MiB
MLCGSolver::bicgstab                         18679680  9382 KiB    10 MiB
MLMG::prepareForSolve()                            64  8135 KiB  8136 KiB
MLABecLaplacian::define()                          64  7823 KiB  7824 KiB
ComputePhi_Rho()                              8720576   196 KiB  7552 KiB
MultiFab::OverlapMask()                       1326748  2211   B  1889 KiB
BndryData::define()                               192  1735 KiB  1736 KiB
MLCellLinOp::defineAuxData()                      192   815 KiB   816 KiB
FillBoundary_nowait()                          544833   176 KiB   180 KiB
VisMF::Write(FabArray)                          13536     3   B   144 KiB
FabArray::setVal()                             778356    74 KiB    74 KiB
MultiFab::max()                                 38812  2059   B    74 KiB
MultiFab::norm1                                 78044    20   B    72 KiB
FabArray::norminf()                          27717138  8230   B    72 KiB
amrex::Dot()                                 54033908    18 KiB    72 KiB
amrex::Copy()                                  389434    29 KiB    29 KiB
MLCellLinOp::applyBC()                       27406121    25 KiB    26 KiB
MLCellLinOp::prepareForSolve()                      1     0   B    15 KiB
FabArray::LinComb()                             77833  2048   B  4096   B
MLABecLaplacian::Fapply()                      466992  3583   B  4096   B
FabArray::setVal(val, thecmd, scomp, ncomp)         8     0   B  3328   B
MultiFab::Divide()                              78044     1   B  2048   B
MLCellLinOp::defineBC()                             1  1791   B  1792   B
-------------------------------------------------------------------------

Managed Memory Usage:
---------------------------------------------------------
Name                             Nalloc  AvgMem    MaxMem
---------------------------------------------------------
The_Managed_Arena::Initialize()       1   0   B  8192 KiB
main()                                1   0   B    31 KiB
---------------------------------------------------------

Pinned Memory Usage:
-------------------------------------------------------------------------
Name                                           Nalloc    AvgMem    MaxMem
-------------------------------------------------------------------------
The_Pinned_Arena::Initialize()                      1     0   B  8192 KiB
VisMF::Write(FabArray)                          14288   119   B  2124 KiB
FillBoundary_nowait()                          544833   176 KiB   180 KiB
FabArray::setVal()                             778356    74 KiB    74 KiB
amrex::Copy()                                  389434    29 KiB    29 KiB
MLCellLinOp::applyBC()                          77839    25 KiB    25 KiB
MLCellLinOp::prepareForSolve()                      1     0   B    15 KiB
FabArray::LinComb()                             77833  2048   B  4096   B
MLABecLaplacian::Fapply()                      466992  3583   B  4096   B
FabArray::setVal(val, thecmd, scomp, ncomp)         8     0   B  3328   B
MultiFab::max()                                 38812  2048   B  2304   B
MultiFab::Divide()                              78044     1   B  2048   B
MLCellLinOp::setLevelBC()                          47     0   B  1792   B
MultiFab::OverlapMask()                         78044     0   B  1792   B
amrex::Dot()                                 54033908    66   B   256   B
Unprofiled                                         15     0   B   256   B
MultiFab::norm1                                 78044     0   B   256   B
FabArray::norminf()                          27717138    28   B   256   B
-------------------------------------------------------------------------

Total GPU global memory (MB) spread across MPI: [20019 ... 20019]
Free  GPU global memory (MB) spread across MPI: [4658 ... 4658]
[The         Arena] max space (MB) allocated spread across MPI: [15014 ... 15014]
[The         Arena] max space (MB) used      spread across MPI: [183 ... 183]
[The Managed Arena] max space (MB) allocated spread across MPI: [8 ... 8]
[The Managed Arena] max space (MB) used      spread across MPI: [0 ... 0]
[The  Pinned Arena] max space (MB) allocated spread across MPI: [8 ... 8]
[The  Pinned Arena] max space (MB) used      spread across MPI: [2 ... 2]
AMReX (26.05-39-gbe2cc437644f) finalized

EXIT_CODE=0
Wed Jul 22 03:05:21 CST 2026
