2 iterations :: err = 3.561902548e-11
Steady state check : (phi(t) - phi(t-1)).norm0() = 1.004293895e-07
Advanced step 33436 in 0.152103369 seconds
 
MLMG: Initial rhs               = 418722440.4
MLMG: Initial residual (resid0) = 9479558946
MLMG: Final Iter. 3 resid, resid/resid0 = 0.002052517608, 2.165203697e-13
MLMG: Timers: Solve = 0.065909609 Iter = 0.065680299 Bottom = 0.065232635
1 iterations :: err = 1
MLMG: Initial rhs               = 418722440.4
MLMG: Initial residual (resid0) = 9479558946
MLMG: Final Iter. 3 resid, resid/resid0 = 0.003965501211, 4.183212777e-13
MLMG: Timers: Solve = 0.059539819 Iter = 0.059259722 Bottom = 0.058892572
2 iterations :: err = 8.749294328e-11
Steady state check : (phi(t) - phi(t-1)).norm0() = 1.001266071e-07
Advanced step 33437 in 0.141805156 seconds
 
MLMG: Initial rhs               = 418722440.3
MLMG: Initial residual (resid0) = 9479558944
MLMG: Final Iter. 3 resid, resid/resid0 = 0.003563389182, 3.759024236e-13
MLMG: Timers: Solve = 0.061888994 Iter = 0.061598501 Bottom = 0.061214004
1 iterations :: err = 1
MLMG: Initial rhs               = 418722440.3
MLMG: Initial residual (resid0) = 9479558944
MLMG: Final Iter. 3 resid, resid/resid0 = 0.003608838796, 3.806969098e-13
MLMG: Timers: Solve = 0.062412493 Iter = 0.062170323 Bottom = 0.061790304
2 iterations :: err = 1.409801038e-10
Steady state check : (phi(t) - phi(t-1)).norm0() = 9.982370425e-08
Advanced step 33438 in 0.140791298 seconds
 
step = 33438, Phi_Bc_hi = -4, num_Vapp = 46, sign = -1
MLMG: Initial rhs               = 418722440.5
MLMG: Initial residual (resid0) = 8426708249
MLMG: Final Iter. 3 resid, resid/resid0 = 0.003125621241, 3.709184119e-13
MLMG: Timers: Solve = 0.063385448 Iter = 0.06307892 Bottom = 0.062694633
1 iterations :: err = 1
MLMG: Initial rhs               = 418722440.5
MLMG: Initial residual (resid0) = 8426708249
MLMG: Final Iter. 3 resid, resid/resid0 = 0.001589233635, 1.88594833e-13
MLMG: Timers: Solve = 0.063304845 Iter = 0.063012929 Bottom = 0.062612918
2 iterations :: err = 3.524720872e-05
MLMG: Initial rhs               = 418722440.5
MLMG: Initial residual (resid0) = 8426708249
MLMG: Final Iter. 3 resid, resid/resid0 = 0.002509400249, 2.977912815e-13
MLMG: Timers: Solve = 0.063150379 Iter = 0.062892215 Bottom = 0.062489712
3 iterations :: err = 1.328353004e-08
voltage_sweep == 1 && num_Vapp == num_Vapp_max!
High-water FAB megabyte spread across MPI nodes: [171 ... 171]
Current     FAB megabyte spread across MPI nodes: [136 ... 136]
Total run time 5550.792691 seconds


TinyProfiler total time across processes [min...avg...max]: 5551 ... 5551 ... 5551

----------------------------------------------------------------------------------------------
Name                                           NCalls  Excl. Min  Excl. Avg  Excl. Max   Max %
----------------------------------------------------------------------------------------------
amrex::Dot()                                 44804092       1370       1370       1370  24.69%
MLABecLaplacian::Fapply()                    22670722       1033       1033       1033  18.61%
MLABecLaplacian::normalize()                 22603553      786.3      786.3      786.3  14.17%
FabArray::norminf()                          23006274      600.3      600.3      600.3  10.82%
ComputePhi_Rho()                                33484      410.6      410.6      410.6   7.40%
FillBoundary_nowait()                        22938572        249        249        249   4.49%
FabArray::Saxpy_Saxpy()                      11257923      176.9      176.9      176.9   3.19%
FabArray::Saypy_Saxpy()                      11144123      166.5      166.5      166.5   3.00%
FabArray::Saxpy_Xpay()                       11056416      154.4      154.4      154.4   2.78%
ComputeEfromPhi()                               66876        150        150        150   2.70%
Calculate_Landau()                              33438      126.7      126.7      126.7   2.28%
MLCellLinOp::applyBC()                       22670722      74.51      74.51      74.51   1.34%
Calculate_Grad()                                33438      64.32      64.32      64.32   1.16%
CalculateTDGL_RHS()                             33438      41.47      41.47      41.47   0.75%
MLCGSolver::bicgstab                           201507      34.28      34.28      34.28   0.62%
FabArray::setVal()                            1242218      22.17      22.17      22.17   0.40%
amrex::Copy()                                 1108853      17.38      17.38      17.38   0.31%
MLCGSolver::ParallelAllReduce                56263522      10.89      10.89      10.89   0.20%
main()                                              1      9.149      9.149      9.149   0.16%
MLCellLinOp::apply()                         22670722      6.476      6.476      6.476   0.12%
FabArray::FillBoundary()                     22938572       6.15       6.15       6.15   0.11%
MLMG::solve()                                   67169      4.242      4.242      4.242   0.08%
MLMG::actualBottomSolve()                      201507     0.8393     0.8393     0.8393   0.02%
MLMG::oneIter()                                201507     0.3462     0.3462     0.3462   0.01%
MLCellLinOp::solutionResidual()                268676     0.2404     0.2404     0.2404   0.00%
MLMG::mgVcycle_bottom                          201507     0.2285     0.2285     0.2285   0.00%
MLMG::computeResidual()                        201507     0.2244     0.2244     0.2244   0.00%
MLMG::mgVcycle()                               201507     0.1172     0.1172     0.1172   0.00%
MLMG::computeMLResidual()                       67169    0.05972    0.05972    0.05972   0.00%
Other                                        47623888      33.66      33.66      33.66   0.61%
----------------------------------------------------------------------------------------------

----------------------------------------------------------------------------------------------
Name                                           NCalls  Incl. Min  Incl. Avg  Incl. Max   Max %
----------------------------------------------------------------------------------------------
main()                                              1       5551       5551       5551 100.00%
ComputePhi_Rho()                                33484       5145       5145       5145  92.70%
MLMG::solve()                                   67169       4708       4708       4708  84.81%
MLMG::oneIter()                                201507       4666       4666       4666  84.06%
MLMG::mgVcycle()                               201507       4663       4663       4663  84.00%
MLMG::mgVcycle_bottom                          201507       4662       4662       4662  84.00%
MLMG::actualBottomSolve()                      201507       4662       4662       4662  83.99%
MLCGSolver::bicgstab                           201507       4659       4659       4659  83.93%
MLCellLinOp::apply()                         22670722       1371       1371       1371  24.70%
amrex::Dot()                                 44804092       1370       1370       1370  24.69%
MLABecLaplacian::Fapply()                    22670722       1033       1033       1033  18.61%
MLABecLaplacian::normalize()                 22603553      786.3      786.3      786.3  14.17%
MLCGSolver::ParallelAllReduce                56263522      700.4      700.4      700.4  12.62%
FabArray::norminf()                          23006274      600.3      600.3      600.3  10.82%
MLCellLinOp::applyBC()                       22670722      331.9      331.9      331.9   5.98%
FabArray::FillBoundary()                     22938572      260.9      260.9      260.9   4.70%
FillBoundary_nowait()                        22938572      252.1      252.1      252.1   4.54%
FabArray::Saxpy_Saxpy()                      11257923      176.9      176.9      176.9   3.19%
FabArray::Saypy_Saxpy()                      11144123      166.5      166.5      166.5   3.00%
FabArray::Saxpy_Xpay()                       11056416      154.4      154.4      154.4   2.78%
ComputeEfromPhi()                               66876        150        150        150   2.70%
Calculate_Landau()                              33438      126.7      126.7      126.7   2.28%
Calculate_Grad()                                33438      64.32      64.32      64.32   1.16%
CalculateTDGL_RHS()                             33438      42.94      42.94      42.94   0.77%
MLCellLinOp::solutionResidual()                268676      23.02      23.02      23.02   0.41%
FabArray::setVal()                            1242218      22.17      22.17      22.17   0.40%
amrex::Copy()                                 1108853      17.38      17.38      17.38   0.31%
MLMG::computeResidual()                        201507      15.58      15.58      15.58   0.28%
MLMG::computeMLResidual()                       67169      7.721      7.721      7.721   0.14%
Other                                        47623888      50.35      50.35      50.35   0.91%
----------------------------------------------------------------------------------------------

Device Memory Usage:
-------------------------------------------------------------------------
Name                                           Nalloc    AvgMem    MaxMem
-------------------------------------------------------------------------
The_Arena::Initialize()                             1     9   B    14 GiB
main()                                           1360   118 MiB   122 MiB
WritePlotfile()                                   752  5700   B    33 MiB
ResizeRandomSeed                                    2    13 MiB    13 MiB
MLCGSolver::bicgstab                         16120560  8880 KiB    10 MiB
MLMG::prepareForSolve()                            64  8135 KiB  8136 KiB
MLABecLaplacian::define()                          64  7823 KiB  7824 KiB
ComputePhi_Rho()                              7526144   246 KiB  7552 KiB
MultiFab::OverlapMask()                       1145290  3190   B  1889 KiB
BndryData::define()                               192  1735 KiB  1736 KiB
MLCellLinOp::defineAuxData()                      192   815 KiB   816 KiB
FillBoundary_nowait()                          470192   174 KiB   180 KiB
VisMF::Write(FabArray)                          13536     4   B   144 KiB
FabArray::setVal()                             671726    73 KiB    74 KiB
MultiFab::max()                                 33486  2061   B    74 KiB
MultiFab::norm1                                 67370    22   B    72 KiB
FabArray::norminf()                          23006274  7817   B    72 KiB
amrex::Dot()                                 44804092    17 KiB    72 KiB
amrex::Copy()                                  336108    29 KiB    29 KiB
MLCellLinOp::applyBC()                       22737898    25 KiB    26 KiB
MLCellLinOp::prepareForSolve()                      1     0   B    15 KiB
FabArray::LinComb()                             67170  2048   B  4096   B
MLABecLaplacian::Fapply()                      403014  3382   B  4096   B
FabArray::setVal(val, thecmd, scomp, ncomp)         8     0   B  3328   B
MultiFab::Divide()                              67370     1   B  2048   B
MLCellLinOp::defineBC()                             1  1791   B  1792   B
-------------------------------------------------------------------------

Managed Memory Usage:
---------------------------------------------------------
Name                             Nalloc  AvgMem    MaxMem
---------------------------------------------------------
The_Managed_Arena::Initialize()       1   0   B  8192 KiB
main()                                1   0   B    31 KiB
---------------------------------------------------------

Pinned Memory Usage:
-------------------------------------------------------------------------
Name                                           Nalloc    AvgMem    MaxMem
-------------------------------------------------------------------------
The_Pinned_Arena::Initialize()                      1     0   B  8192 KiB
VisMF::Write(FabArray)                          14288   224   B  2124 KiB
FillBoundary_nowait()                          470192   174 KiB   180 KiB
FabArray::setVal()                             671726    73 KiB    74 KiB
amrex::Copy()                                  336108    29 KiB    29 KiB
MLCellLinOp::applyBC()                          67176    25 KiB    25 KiB
MLCellLinOp::prepareForSolve()                      1     0   B    15 KiB
FabArray::LinComb()                             67170  2048   B  4096   B
MLABecLaplacian::Fapply()                      403014  3382   B  4096   B
FabArray::setVal(val, thecmd, scomp, ncomp)         8     0   B  3328   B
MultiFab::max()                                 33486  2048   B  2304   B
MultiFab::Divide()                              67370     1   B  2048   B
MLCellLinOp::setLevelBC()                          47     0   B  1792   B
MultiFab::OverlapMask()                         67370     0   B  1792   B
amrex::Dot()                                 44804092    62   B   256   B
Unprofiled                                         15     0   B   256   B
MultiFab::norm1                                 67370     0   B   256   B
FabArray::norminf()                          23006274    27   B   256   B
-------------------------------------------------------------------------

Total GPU global memory (MB) spread across MPI: [20019 ... 20019]
Free  GPU global memory (MB) spread across MPI: [4678 ... 4678]
[The         Arena] max space (MB) allocated spread across MPI: [15014 ... 15014]
[The         Arena] max space (MB) used      spread across MPI: [183 ... 183]
[The Managed Arena] max space (MB) allocated spread across MPI: [8 ... 8]
[The Managed Arena] max space (MB) used      spread across MPI: [0 ... 0]
[The  Pinned Arena] max space (MB) allocated spread across MPI: [8 ... 8]
[The  Pinned Arena] max space (MB) used      spread across MPI: [2 ... 2]
AMReX (26.05-39-gbe2cc437644f) finalized

EXIT_CODE=0
Thu Jul 23 00:38:43 CST 2026
