MLMG: Initial rhs               = 288462142.7
MLMG: Initial residual (resid0) = 8778781236
MLMG: Final Iter. 3 resid, resid/resid0 = 0.003279375544, 3.735570412e-13
MLMG: Timers: Solve = 0.046041667 Iter = 0.045865329 Bottom = 0.045569146
2 iterations :: err = 1.150620594e-10
Steady state check : (phi(t) - phi(t-1)).norm0() = 2.751410439e-07
Advanced step 8476 in 0.107039975 seconds
 
MLMG: Initial rhs               = 288462142.7
MLMG: Initial residual (resid0) = 8778781229
MLMG: Final Iter. 3 resid, resid/resid0 = 0.001172231658, 1.33530114e-13
MLMG: Timers: Solve = 0.046604396 Iter = 0.046428747 Bottom = 0.046131613
1 iterations :: err = 1
MLMG: Initial rhs               = 288462169.3
MLMG: Initial residual (resid0) = 8778781229
MLMG: Final Iter. 3 resid, resid/resid0 = 0.0003886967897, 4.427685115e-14
MLMG: Timers: Solve = 0.049352724 Iter = 0.049174693 Bottom = 0.048878211
2 iterations :: err = 8.941243755e-11
Steady state check : (phi(t) - phi(t-1)).norm0() = 1.236055369e-07
Advanced step 8477 in 0.1114979 seconds
 
MLMG: Initial rhs               = 288462169.3
MLMG: Initial residual (resid0) = 8778781226
MLMG: Final Iter. 3 resid, resid/resid0 = 0.002460621466, 2.802919224e-13
MLMG: Timers: Solve = 0.047487291 Iter = 0.047313276 Bottom = 0.047016864
1 iterations :: err = 1
MLMG: Initial rhs               = 288462181.3
MLMG: Initial residual (resid0) = 8778781226
MLMG: Final Iter. 3 resid, resid/resid0 = 0.002875372767, 3.275366698e-13
MLMG: Timers: Solve = 0.049143095 Iter = 0.048967858 Bottom = 0.048671887
2 iterations :: err = 1.203023684e-10
Steady state check : (phi(t) - phi(t-1)).norm0() = 5.553743559e-08
Advanced step 8478 in 0.112273934 seconds
 
step = 8478, Phi_Bc_hi = -4, num_Vapp = 46, sign = -1
MLMG: Initial rhs               = 288462181.3
MLMG: Initial residual (resid0) = 7801109291
MLMG: Final Iter. 3 resid, resid/resid0 = 0.001342437253, 1.720828671e-13
MLMG: Timers: Solve = 0.051981041 Iter = 0.051800836 Bottom = 0.051501852
1 iterations :: err = 1
MLMG: Initial rhs               = 273993579.9
MLMG: Initial residual (resid0) = 7801109291
MLMG: Final Iter. 3 resid, resid/resid0 = 0.003021003766, 3.872531012e-13
MLMG: Timers: Solve = 0.049169275 Iter = 0.048990913 Bottom = 0.048694621
2 iterations :: err = 6.315921133e-05
MLMG: Initial rhs               = 273786277.9
MLMG: Initial residual (resid0) = 7801109291
MLMG: Final Iter. 3 resid, resid/resid0 = 0.001210313296, 1.551463069e-13
MLMG: Timers: Solve = 0.048818811 Iter = 0.048645046 Bottom = 0.048348563
3 iterations :: err = 5.034927917e-08
voltage_sweep == 1 && num_Vapp == num_Vapp_max!
High-water FAB megabyte spread across MPI nodes: [171 ... 171]
Current     FAB megabyte spread across MPI nodes: [136 ... 136]
Total run time 1489.332855 seconds


TinyProfiler total time across processes [min...avg...max]: 1489 ... 1489 ... 1489

----------------------------------------------------------------------------------------------
Name                                           NCalls  Excl. Min  Excl. Avg  Excl. Max   Max %
----------------------------------------------------------------------------------------------
amrex::Dot()                                 14620016      400.1      400.1      400.1  26.86%
MLABecLaplacian::Fapply()                     7379273      329.5      329.5      329.5  22.13%
MLABecLaplacian::normalize()                  7361956      237.1      237.1      237.1  15.92%
FabArray::norminf()                           7465494      170.5      170.5      170.5  11.45%
ComputePhi_Rho()                                 8524      61.43      61.43      61.43   4.12%
FillBoundary_nowait()                         7447511      60.53      60.53      60.53   4.06%
FabArray::Saxpy_Saxpy()                       3671426      48.11      48.11      48.11   3.23%
FabArray::Saypy_Saxpy()                       3638582      44.51      44.51      44.51   2.99%
FabArray::Saxpy_Xpay()                        3619478      41.03      41.03      41.03   2.76%
Calculate_Landau()                               8478      32.13      32.13      32.13   2.16%
Calculate_Grad()                                 8478      16.61      16.61      16.61   1.12%
ComputeEfromPhi()                               16956      15.19      15.19      15.19   1.02%
MLCellLinOp::applyBC()                        7379273      11.68      11.68      11.68   0.78%
FabArray::setVal()                             319845      3.797      3.797      3.797   0.25%
amrex::Copy()                                  286252      3.122      3.122      3.122   0.21%
MLCGSolver::bicgstab                            51948      3.006      3.006      3.006   0.20%
MLCGSolver::ParallelAllReduce                18343390       1.43       1.43       1.43   0.10%
main()                                              1      1.129      1.129      1.129   0.08%
FabArray::FillBoundary()                      7447511     0.9707     0.9707     0.9707   0.07%
MLCellLinOp::apply()                          7379273     0.8507     0.8507     0.8507   0.06%
MLMG::solve()                                   17317     0.1072     0.1072     0.1072   0.01%
MLMG::actualBottomSolve()                       51948    0.01927    0.01927    0.01927   0.00%
MLCellLinOp::solutionResidual()                 69265   0.008833   0.008833   0.008833   0.00%
MLMG::oneIter()                                 51948   0.008108   0.008108   0.008108   0.00%
MLMG::mgVcycle_bottom                           51948   0.005863   0.005863   0.005863   0.00%
MLMG::computeResidual()                         51948   0.005181   0.005181   0.005181   0.00%
MLMG::mgVcycle()                                51948   0.004563   0.004563   0.004563   0.00%
Other                                        15371465      6.491      6.491      6.491   0.44%
----------------------------------------------------------------------------------------------

----------------------------------------------------------------------------------------------
Name                                           NCalls  Incl. Min  Incl. Avg  Incl. Max   Max %
----------------------------------------------------------------------------------------------
main()                                              1       1489       1489       1489 100.00%
ComputePhi_Rho()                                 8524       1420       1420       1420  95.38%
MLMG::solve()                                   17317       1355       1355       1355  90.96%
MLMG::oneIter()                                 51948       1347       1347       1347  90.44%
MLMG::mgVcycle()                                51948       1347       1347       1347  90.41%
MLMG::mgVcycle_bottom                           51948       1346       1346       1346  90.41%
MLMG::actualBottomSolve()                       51948       1346       1346       1346  90.41%
MLCGSolver::bicgstab                            51948       1346       1346       1346  90.37%
MLCellLinOp::apply()                          7379273      403.7      403.7      403.7  27.11%
amrex::Dot()                                 14620016      400.1      400.1      400.1  26.86%
MLABecLaplacian::Fapply()                     7379273      329.5      329.5      329.5  22.13%
MLABecLaplacian::normalize()                  7361956      237.1      237.1      237.1  15.92%
MLCGSolver::ParallelAllReduce                18343390      202.7      202.7      202.7  13.61%
FabArray::norminf()                           7465494      170.5      170.5      170.5  11.45%
MLCellLinOp::applyBC()                        7379273      73.34      73.34      73.34   4.92%
FabArray::FillBoundary()                      7447511      62.29      62.29      62.29   4.18%
FillBoundary_nowait()                         7447511      60.98      60.98      60.98   4.09%
FabArray::Saxpy_Saxpy()                       3671426      48.11      48.11      48.11   3.23%
FabArray::Saypy_Saxpy()                       3638582      44.51      44.51      44.51   2.99%
FabArray::Saxpy_Xpay()                        3619478      41.03      41.03      41.03   2.76%
Calculate_Landau()                               8478      32.13      32.13      32.13   2.16%
Calculate_Grad()                                 8478      16.61      16.61      16.61   1.12%
ComputeEfromPhi()                               16956      15.19      15.19      15.19   1.02%
MLCellLinOp::solutionResidual()                 69265      4.736      4.736      4.736   0.32%
FabArray::setVal()                             319845      3.797      3.797      3.797   0.25%
MLMG::computeResidual()                         51948      3.341      3.341      3.341   0.22%
amrex::Copy()                                  286252      3.122      3.122      3.122   0.21%
Other                                        15371465      12.35      12.35      12.35   0.83%
----------------------------------------------------------------------------------------------

Device Memory Usage:
-------------------------------------------------------------------------
Name                                           Nalloc    AvgMem    MaxMem
-------------------------------------------------------------------------
The_Arena::Initialize()                             1     7   B    14 GiB
main()                                           1360   118 MiB   122 MiB
WritePlotfile()                                   752    11 KiB    33 MiB
ResizeRandomSeed                                    2    13 MiB    13 MiB
MLCGSolver::bicgstab                          4155840  9578 KiB    10 MiB
MLMG::prepareForSolve()                            64  8135 KiB  8136 KiB
MLABecLaplacian::define()                          64  7823 KiB  7824 KiB
ComputePhi_Rho()                              1943808   165 KiB  7552 KiB
MultiFab::OverlapMask()                        298962  1892   B  1889 KiB
BndryData::define()                               192  1735 KiB  1736 KiB
MLCellLinOp::defineAuxData()                      192   815 KiB   816 KiB
FillBoundary_nowait()                          121222   176 KiB   180 KiB
VisMF::Write(FabArray)                          13536    14   B   144 KiB
FabArray::setVal()                             173200    74 KiB    74 KiB
MultiFab::max()                                  8526  2057   B    74 KiB
MultiFab::norm1                                 17586    17   B    72 KiB
FabArray::norminf()                           7465494  8369   B    72 KiB
amrex::Dot()                                 14620016    19 KiB    72 KiB
amrex::Copy()                                   86913    29 KiB    29 KiB
MLCellLinOp::applyBC()                        7396597    25 KiB    26 KiB
MLCellLinOp::prepareForSolve()                      1     0   B    15 KiB
FabArray::LinComb()                             17318  2048   B  4096   B
MLABecLaplacian::Fapply()                      103896  3665   B  4096   B
FabArray::setVal(val, thecmd, scomp, ncomp)         8     0   B  3328   B
MultiFab::Divide()                              17586     0   B  2048   B
MLCellLinOp::defineBC()                             1  1791   B  1792   B
-------------------------------------------------------------------------

Managed Memory Usage:
---------------------------------------------------------
Name                             Nalloc  AvgMem    MaxMem
---------------------------------------------------------
The_Managed_Arena::Initialize()       1   0   B  8192 KiB
main()                                1   0   B    31 KiB
---------------------------------------------------------

Pinned Memory Usage:
-------------------------------------------------------------------------
Name                                           Nalloc    AvgMem    MaxMem
-------------------------------------------------------------------------
The_Pinned_Arena::Initialize()                      1     0   B  8192 KiB
VisMF::Write(FabArray)                          14288   451   B  2124 KiB
FillBoundary_nowait()                          121222   176 KiB   180 KiB
FabArray::setVal()                             173200    74 KiB    74 KiB
amrex::Copy()                                   86913    29 KiB    29 KiB
MLCellLinOp::applyBC()                          17324    25 KiB    25 KiB
MLCellLinOp::prepareForSolve()                      1     0   B    15 KiB
FabArray::LinComb()                             17318  2048   B  4096   B
MLABecLaplacian::Fapply()                      103896  3665   B  4096   B
FabArray::setVal(val, thecmd, scomp, ncomp)         8     0   B  3328   B
MultiFab::max()                                  8526  2048   B  2304   B
MultiFab::Divide()                              17586     0   B  2048   B
MLCellLinOp::setLevelBC()                          47     0   B  1792   B
MultiFab::OverlapMask()                         17586     0   B  1792   B
amrex::Dot()                                 14620016    68   B   256   B
Unprofiled                                         15     0   B   256   B
MultiFab::norm1                                 17586     0   B   256   B
FabArray::norminf()                           7465494    29   B   256   B
-------------------------------------------------------------------------

Total GPU global memory (MB) spread across MPI: [20019 ... 20019]
Free  GPU global memory (MB) spread across MPI: [4636 ... 4636]
[The         Arena] max space (MB) allocated spread across MPI: [15014 ... 15014]
[The         Arena] max space (MB) used      spread across MPI: [183 ... 183]
[The Managed Arena] max space (MB) allocated spread across MPI: [8 ... 8]
[The Managed Arena] max space (MB) used      spread across MPI: [0 ... 0]
[The  Pinned Arena] max space (MB) allocated spread across MPI: [8 ... 8]
[The  Pinned Arena] max space (MB) used      spread across MPI: [2 ... 2]
AMReX (26.05-39-gbe2cc437644f) finalized

EXIT_CODE=0
Sat Jul 18 22:29:22 CST 2026
