MLMG: Initial rhs               = 637181972.1
MLMG: Initial residual (resid0) = 8836621887
MLMG: Final Iter. 3 resid, resid/resid0 = 0.002031071456, 2.298470481e-13
MLMG: Timers: Solve = 0.063365326 Iter = 0.063168604 Bottom = 0.062828892
2 iterations :: err = 1.02792736e-10
Steady state check : (phi(t) - phi(t-1)).norm0() = 1.008228526e-07
Advanced step 55040 in 0.143342501 seconds
 
MLMG: Initial rhs               = 637181972.3
MLMG: Initial residual (resid0) = 8836621886
MLMG: Final Iter. 3 resid, resid/resid0 = 0.002930147706, 3.315913868e-13
MLMG: Timers: Solve = 0.062781128 Iter = 0.06257526 Bottom = 0.062232791
1 iterations :: err = 1
MLMG: Initial rhs               = 637181972.3
MLMG: Initial residual (resid0) = 8836621886
MLMG: Final Iter. 3 resid, resid/resid0 = 0.001136124134, 1.285699613e-13
MLMG: Timers: Solve = 0.063745225 Iter = 0.063549746 Bottom = 0.063205589
2 iterations :: err = 1.656069256e-10
Steady state check : (phi(t) - phi(t-1)).norm0() = 1.002360148e-07
Advanced step 55041 in 0.142768358 seconds
 
MLMG: Initial rhs               = 637181972.2
MLMG: Initial residual (resid0) = 8836621886
MLMG: Final Iter. 3 resid, resid/resid0 = 0.003101854613, 3.510226706e-13
MLMG: Timers: Solve = 0.062358799 Iter = 0.062147149 Bottom = 0.061806295
1 iterations :: err = 1
MLMG: Initial rhs               = 637181972.2
MLMG: Initial residual (resid0) = 8836621886
MLMG: Final Iter. 3 resid, resid/resid0 = 0.002847201239, 3.222047153e-13
MLMG: Timers: Solve = 0.063342315 Iter = 0.063144062 Bottom = 0.062799696
2 iterations :: err = 1.790662006e-10
Steady state check : (phi(t) - phi(t-1)).norm0() = 9.965993368e-08
Advanced step 55042 in 0.142078632 seconds
 
step = 55042, Phi_Bc_hi = -4, num_Vapp = 46, sign = -1
MLMG: Initial rhs               = 637181972.3
MLMG: Initial residual (resid0) = 7858949951
MLMG: Final Iter. 3 resid, resid/resid0 = 0.001239823867, 1.577594813e-13
MLMG: Timers: Solve = 0.066184609 Iter = 0.06595713 Bottom = 0.065607805
1 iterations :: err = 1
MLMG: Initial rhs               = 637181972.3
MLMG: Initial residual (resid0) = 7858949951
MLMG: Final Iter. 3 resid, resid/resid0 = 0.003314912319, 4.218009199e-13
MLMG: Timers: Solve = 0.0628275 Iter = 0.062627574 Bottom = 0.062282728
2 iterations :: err = 2.854351144e-05
MLMG: Initial rhs               = 637181972.3
MLMG: Initial residual (resid0) = 7858949951
MLMG: Final Iter. 3 resid, resid/resid0 = 0.00164192915, 2.089247495e-13
MLMG: Timers: Solve = 0.06396752 Iter = 0.063769457 Bottom = 0.063421745
3 iterations :: err = 1.061267727e-08
voltage_sweep == 1 && num_Vapp == num_Vapp_max!
High-water FAB megabyte spread across MPI nodes: [171 ... 171]
Current     FAB megabyte spread across MPI nodes: [136 ... 136]
Total run time 17022.53063 seconds


TinyProfiler total time across processes [min...avg...max]: 1.702e+04 ... 1.702e+04 ... 1.702e+04

-----------------------------------------------------------------------------------------------
Name                                            NCalls  Excl. Min  Excl. Avg  Excl. Max   Max %
-----------------------------------------------------------------------------------------------
amrex::Dot()                                  81026136       4440       4440       4440  26.08%
MLABecLaplacian::Fapply()                     40954620       3359       3359       3359  19.73%
MLABecLaplacian::normalize()                  40844232       2445       2445       2445  14.37%
FabArray::norminf()                           41506256       2126       2126       2126  12.49%
ComputePhi_Rho()                                 55088      914.9      914.9      914.9   5.37%
FillBoundary_nowait()                         41395313      781.6      781.6      781.6   4.59%
FabArray::Saxpy_Saxpy()                       20356663      530.3      530.3      530.3   3.12%
FabArray::Saypy_Saxpy()                       20156405      530.1      530.1      530.1   3.11%
FabArray::Saxpy_Xpay()                        20025499      486.6      486.6      486.6   2.86%
Calculate_Landau()                               55042      357.8      357.8      357.8   2.10%
ComputeEfromPhi()                               110084      193.9      193.9      193.9   1.14%
Calculate_Grad()                                 55042      185.5      185.5      185.5   1.09%
MLCellLinOp::applyBC()                        40954620      184.1      184.1      184.1   1.08%
main()                                               1      134.3      134.3      134.3   0.79%
MLCGSolver::bicgstab                            331164      82.28      82.28      82.28   0.48%
FabArray::setVal()                             2041753      48.95      48.95      48.95   0.29%
amrex::Copy()                                  1821961      40.85      40.85      40.85   0.24%
MLCGSolver::ParallelAllReduce                101713963      28.79      28.79      28.79   0.17%
MLCellLinOp::apply()                          40954620      20.78      20.78      20.78   0.12%
FabArray::FillBoundary()                      41395313      17.14      17.14      17.14   0.10%
MLMG::solve()                                   110388      4.587      4.587      4.587   0.03%
MLMG::actualBottomSolve()                       331164      1.115      1.115      1.115   0.01%
MLMG::oneIter()                                 331164     0.4082     0.4082     0.4082   0.00%
MLCellLinOp::solutionResidual()                 441552     0.2972     0.2972     0.2972   0.00%
MLMG::computeResidual()                         331164     0.2053     0.2053     0.2053   0.00%
MLMG::mgVcycle_bottom                           331164     0.1704     0.1704     0.1704   0.00%
MLMG::mgVcycle()                                331164     0.1288     0.1288     0.1288   0.00%
Other                                         85826505        107        107        107   0.63%
-----------------------------------------------------------------------------------------------

-----------------------------------------------------------------------------------------------
Name                                            NCalls  Incl. Min  Incl. Avg  Incl. Max   Max %
-----------------------------------------------------------------------------------------------
main()                                               1  1.702e+04  1.702e+04  1.702e+04 100.00%
ComputePhi_Rho()                                 55088  1.609e+04  1.609e+04  1.609e+04  94.51%
MLMG::solve()                                   110388  1.511e+04  1.511e+04  1.511e+04  88.77%
MLMG::oneIter()                                 331164  1.502e+04  1.502e+04  1.502e+04  88.21%
MLMG::mgVcycle()                                331164  1.501e+04  1.501e+04  1.501e+04  88.16%
MLMG::mgVcycle_bottom                           331164  1.501e+04  1.501e+04  1.501e+04  88.16%
MLMG::actualBottomSolve()                       331164  1.501e+04  1.501e+04  1.501e+04  88.16%
MLCGSolver::bicgstab                            331164    1.5e+04    1.5e+04    1.5e+04  88.12%
amrex::Dot()                                  81026136       4440       4440       4440  26.08%
MLCellLinOp::apply()                          40954620       4368       4368       4368  25.66%
MLABecLaplacian::Fapply()                     40954620       3359       3359       3359  19.73%
MLABecLaplacian::normalize()                  40844232       2445       2445       2445  14.37%
MLCGSolver::ParallelAllReduce                101713963       2277       2277       2277  13.37%
FabArray::norminf()                           41506256       2126       2126       2126  12.49%
MLCellLinOp::applyBC()                        40954620      988.2      988.2      988.2   5.81%
FabArray::FillBoundary()                      41395313      813.3      813.3      813.3   4.78%
FillBoundary_nowait()                         41395313      790.1      790.1      790.1   4.64%
FabArray::Saxpy_Saxpy()                       20356663      530.3      530.3      530.3   3.12%
FabArray::Saypy_Saxpy()                       20156405      530.1      530.1      530.1   3.11%
FabArray::Saxpy_Xpay()                        20025499      486.6      486.6      486.6   2.86%
Calculate_Landau()                               55042      357.8      357.8      357.8   2.10%
ComputeEfromPhi()                               110084      193.9      193.9      193.9   1.14%
Calculate_Grad()                                 55042      185.5      185.5      185.5   1.09%
MLCellLinOp::solutionResidual()                 441552      58.22      58.22      58.22   0.34%
FabArray::setVal()                             2041753      48.95      48.95      48.95   0.29%
MLMG::computeResidual()                         331164      44.32      44.32      44.32   0.26%
amrex::Copy()                                  1821961      40.85      40.85      40.85   0.24%
Other                                         85826505      163.6      163.6      163.6   0.96%
-----------------------------------------------------------------------------------------------

Device Memory Usage:
-------------------------------------------------------------------------
Name                                           Nalloc    AvgMem    MaxMem
-------------------------------------------------------------------------
The_Arena::Initialize()                             1     1   B    16 GiB
main()                                           1360   118 MiB   122 MiB
WritePlotfile()                                   752  3511   B    33 MiB
ResizeRandomSeed                                    2    16 MiB    16 MiB
MLCGSolver::bicgstab                         26493120  9334 KiB    10 MiB
MLMG::prepareForSolve()                            64  8135 KiB  8136 KiB
MLABecLaplacian::define()                          64  7823 KiB  7824 KiB
ComputePhi_Rho()                             12366848   202 KiB  7552 KiB
MultiFab::OverlapMask()                       1880200  2479   B  1889 KiB
BndryData::define()                               192  1735 KiB  1736 KiB
MLCellLinOp::defineAuxData()                      192   815 KiB   816 KiB
FillBoundary_nowait()                          772725   176 KiB   180 KiB
VisMF::Write(FabArray)                          13536     4   B   174 KiB
MultiFab::max()                                 55090  2060   B    89 KiB
MultiFab::norm1                                110600    25   B    87 KiB
FabArray::norminf()                          41506256    10 KiB    87 KiB
amrex::Dot()                                 81026136    22 KiB    87 KiB
FabArray::setVal()                            1103916    74 KiB    74 KiB
amrex::Copy()                                  552214    29 KiB    29 KiB
MLCellLinOp::applyBC()                       41065015    25 KiB    26 KiB
MLCellLinOp::prepareForSolve()                      1     0   B    15 KiB
FabArray::LinComb()                            110389  2048   B  4096   B
MLABecLaplacian::Fapply()                      662328  3567   B  4096   B
FabArray::setVal(val, thecmd, scomp, ncomp)         8     0   B  3328   B
MultiFab::Divide()                             110600     1   B  2048   B
MLCellLinOp::defineBC()                             1  1791   B  1792   B
-------------------------------------------------------------------------

Managed Memory Usage:
---------------------------------------------------------
Name                             Nalloc  AvgMem    MaxMem
---------------------------------------------------------
The_Managed_Arena::Initialize()       1   0   B  8192 KiB
main()                                1   0   B    31 KiB
---------------------------------------------------------

Pinned Memory Usage:
-------------------------------------------------------------------------
Name                                           Nalloc    AvgMem    MaxMem
-------------------------------------------------------------------------
The_Pinned_Arena::Initialize()                      1     0   B  8192 KiB
VisMF::Write(FabArray)                          14288   132   B  2124 KiB
FillBoundary_nowait()                          772725   176 KiB   180 KiB
FabArray::setVal()                            1103916    74 KiB    74 KiB
amrex::Copy()                                  552214    29 KiB    29 KiB
MLCellLinOp::applyBC()                         110395    25 KiB    25 KiB
MLCellLinOp::prepareForSolve()                      1     0   B    15 KiB
FabArray::LinComb()                            110389  2048   B  4096   B
MLABecLaplacian::Fapply()                      662328  3567   B  4096   B
FabArray::setVal(val, thecmd, scomp, ncomp)         8     0   B  3328   B
MultiFab::max()                                 55090  2048   B  2304   B
MultiFab::Divide()                             110600     1   B  2048   B
MLCellLinOp::setLevelBC()                          47     0   B  1792   B
MultiFab::OverlapMask()                        110600     0   B  1792   B
amrex::Dot()                                 81026136    65   B   256   B
Unprofiled                                         15     0   B   256   B
MultiFab::norm1                                110600     0   B   256   B
FabArray::norminf()                          41506256    31   B   256   B
-------------------------------------------------------------------------

Total GPU global memory (MB) spread across MPI: [22491 ... 22491]
Free  GPU global memory (MB) spread across MPI: [5299 ... 5299]
[The         Arena] max space (MB) allocated spread across MPI: [16868 ... 16868]
[The         Arena] max space (MB) used      spread across MPI: [186 ... 186]
[The Managed Arena] max space (MB) allocated spread across MPI: [8 ... 8]
[The Managed Arena] max space (MB) used      spread across MPI: [0 ... 0]
[The  Pinned Arena] max space (MB) allocated spread across MPI: [8 ... 8]
[The  Pinned Arena] max space (MB) used      spread across MPI: [2 ... 2]
AMReX (26.05-39-gbe2cc437644f) finalized

EXIT_CODE=0
Fri Jul 24 06:22:06 UTC 2026
