MLMG: Initial rhs               = 573113564.1
MLMG: Initial residual (resid0) = 8238663859
MLMG: Final Iter. 3 resid, resid/resid0 = 0.003476475365, 4.21970774e-13
MLMG: Timers: Solve = 0.118225354 Iter = 0.118026288 Bottom = 0.117677433
2 iterations :: err = 2.917556586e-10
Steady state check : (phi(t) - phi(t-1)).norm0() = 1.00237239e-07
Advanced step 69525 in 0.284233988 seconds
 
MLMG: Initial rhs               = 573113563.8
MLMG: Initial residual (resid0) = 8238663860
MLMG: Final Iter. 3 resid, resid/resid0 = 0.003345123995, 4.060274884e-13
MLMG: Timers: Solve = 0.123059422 Iter = 0.12284294 Bottom = 0.122501872
1 iterations :: err = 1
MLMG: Initial rhs               = 573113563.8
MLMG: Initial residual (resid0) = 8238663860
MLMG: Final Iter. 3 resid, resid/resid0 = 0.00376914782, 4.574950362e-13
MLMG: Timers: Solve = 0.123118576 Iter = 0.122920053 Bottom = 0.122578318
2 iterations :: err = 2.13775395e-11
Steady state check : (phi(t) - phi(t-1)).norm0() = 1.000166328e-07
Advanced step 69526 in 0.309133374 seconds
 
MLMG: Initial rhs               = 573113563.5
MLMG: Initial residual (resid0) = 8238663860
MLMG: Final Iter. 3 resid, resid/resid0 = 0.004660248756, 5.656558922e-13
MLMG: Timers: Solve = 0.124623956 Iter = 0.124409325 Bottom = 0.124066195
1 iterations :: err = 1
MLMG: Initial rhs               = 573113563.5
MLMG: Initial residual (resid0) = 8238663860
MLMG: Final Iter. 3 resid, resid/resid0 = 0.005058065057, 6.139423992e-13
MLMG: Timers: Solve = 0.130349131 Iter = 0.130152794 Bottom = 0.129805426
2 iterations :: err = 4.021252121e-11
Steady state check : (phi(t) - phi(t-1)).norm0() = 9.979528357e-08
Advanced step 69527 in 0.270393284 seconds
 
step = 69527, Phi_Bc_hi = -4, num_Vapp = 46, sign = -1
MLMG: Initial rhs               = 573113564.3
MLMG: Initial residual (resid0) = 7328396825
MLMG: Final Iter. 3 resid, resid/resid0 = 0.003868877888, 5.279296386e-13
MLMG: Timers: Solve = 0.131464899 Iter = 0.131237123 Bottom = 0.130888414
1 iterations :: err = 1
MLMG: Initial rhs               = 573113564.3
MLMG: Initial residual (resid0) = 7328396825
MLMG: Final Iter. 3 resid, resid/resid0 = 0.0023359538, 3.187537269e-13
MLMG: Timers: Solve = 0.146192757 Iter = 0.145993998 Bottom = 0.145649472
2 iterations :: err = 3.320420509e-05
MLMG: Initial rhs               = 573113564.3
MLMG: Initial residual (resid0) = 7328396825
MLMG: Final Iter. 3 resid, resid/resid0 = 0.003740780056, 5.104499858e-13
MLMG: Timers: Solve = 0.126425998 Iter = 0.126224699 Bottom = 0.125876025
3 iterations :: err = 1.966973029e-08
voltage_sweep == 1 && num_Vapp == num_Vapp_max!
High-water FAB megabyte spread across MPI nodes: [171 ... 171]
Current     FAB megabyte spread across MPI nodes: [136 ... 136]
Total run time 22812.30627 seconds


TinyProfiler total time across processes [min...avg...max]: 2.281e+04 ... 2.281e+04 ... 2.281e+04

-----------------------------------------------------------------------------------------------
Name                                            NCalls  Excl. Min  Excl. Avg  Excl. Max   Max %
-----------------------------------------------------------------------------------------------
amrex::Dot()                                 104864166       6113       6113       6113  26.80%
MLABecLaplacian::Fapply()                     52989399       4672       4672       4672  20.48%
MLABecLaplacian::normalize()                  52850070       3407       3407       3407  14.94%
FabArray::norminf()                           53685769       2775       2775       2775  12.16%
FillBoundary_nowait()                         53545943       1038       1038       1038   4.55%
ComputePhi_Rho()                                 69573      940.3      940.3      940.3   4.12%
FabArray::Saxpy_Saxpy()                       26340017      717.9      717.9      717.9   3.15%
FabArray::Saypy_Saxpy()                       26092066      697.1      697.1      697.1   3.06%
FabArray::Saxpy_Xpay()                        25922030      661.4      661.4      661.4   2.90%
Calculate_Landau()                               69527      475.2      475.2      475.2   2.08%
Calculate_Grad()                                 69527      254.5      254.5      254.5   1.12%
ComputeEfromPhi()                               139054        252        252        252   1.10%
MLCellLinOp::applyBC()                        52989399      233.1      233.1      233.1   1.02%
MLCGSolver::bicgstab                            417987      117.6      117.6      117.6   0.52%
main()                                               1       95.6       95.6       95.6   0.42%
FabArray::setVal()                             2577205       69.7       69.7       69.7   0.31%
amrex::Copy()                                  2299502       58.4       58.4       58.4   0.26%
MLCGSolver::ParallelAllReduce                131622170       42.4       42.4       42.4   0.19%
MLCellLinOp::apply()                          52989399      28.16      28.16      28.16   0.12%
FabArray::FillBoundary()                      53545943      25.16      25.16      25.16   0.11%
MLMG::solve()                                   139329      6.914      6.914      6.914   0.03%
MLMG::actualBottomSolve()                       417987      1.552      1.552      1.552   0.01%
MLMG::oneIter()                                 417987     0.5529     0.5529     0.5529   0.00%
MLCellLinOp::solutionResidual()                 557316     0.3168     0.3168     0.3168   0.00%
MLMG::computeResidual()                         417987     0.3011     0.3011     0.3011   0.00%
MLMG::mgVcycle()                                417987     0.2346     0.2346     0.2346   0.00%
MLMG::mgVcycle_bottom                           417987     0.1896     0.1896     0.1896   0.00%
Other                                        110923628      130.1      130.1      130.1   0.57%
-----------------------------------------------------------------------------------------------

-----------------------------------------------------------------------------------------------
Name                                            NCalls  Incl. Min  Incl. Avg  Incl. Max   Max %
-----------------------------------------------------------------------------------------------
main()                                               1  2.281e+04  2.281e+04  2.281e+04 100.00%
ComputePhi_Rho()                                 69573  2.166e+04  2.166e+04  2.166e+04  94.96%
MLMG::solve()                                   139329  2.064e+04  2.064e+04  2.064e+04  90.47%
MLMG::oneIter()                                 417987  2.049e+04  2.049e+04  2.049e+04  89.83%
MLMG::mgVcycle()                                417987  2.048e+04  2.048e+04  2.048e+04  89.79%
MLMG::mgVcycle_bottom                           417987  2.048e+04  2.048e+04  2.048e+04  89.79%
MLMG::actualBottomSolve()                       417987  2.048e+04  2.048e+04  2.048e+04  89.79%
MLCGSolver::bicgstab                            417987  2.047e+04  2.047e+04  2.047e+04  89.74%
amrex::Dot()                                 104864166       6113       6113       6113  26.80%
MLCellLinOp::apply()                          52989399       6001       6001       6001  26.30%
MLABecLaplacian::Fapply()                     52989399       4672       4672       4672  20.48%
MLABecLaplacian::normalize()                  52850070       3407       3407       3407  14.94%
MLCGSolver::ParallelAllReduce                131622170       3162       3162       3162  13.86%
FabArray::norminf()                           53685769       2775       2775       2775  12.16%
MLCellLinOp::applyBC()                        52989399       1301       1301       1301   5.70%
FabArray::FillBoundary()                      53545943       1081       1081       1081   4.74%
FillBoundary_nowait()                         53545943       1048       1048       1048   4.59%
FabArray::Saxpy_Saxpy()                       26340017      717.9      717.9      717.9   3.15%
FabArray::Saypy_Saxpy()                       26092066      697.1      697.1      697.1   3.06%
FabArray::Saxpy_Xpay()                        25922030      661.4      661.4      661.4   2.90%
Calculate_Landau()                               69527      475.2      475.2      475.2   2.08%
Calculate_Grad()                                 69527      254.5      254.5      254.5   1.12%
ComputeEfromPhi()                               139054        252        252        252   1.10%
MLCellLinOp::solutionResidual()                 557316      87.82      87.82      87.82   0.38%
FabArray::setVal()                             2577205       69.7       69.7       69.7   0.31%
MLMG::computeResidual()                         417987      62.63      62.63      62.63   0.27%
amrex::Copy()                                  2299502       58.4       58.4       58.4   0.26%
Other                                        110923628      218.9      218.9      218.9   0.96%
-----------------------------------------------------------------------------------------------

Device Memory Usage:
--------------------------------------------------------------------------
Name                                            Nalloc    AvgMem    MaxMem
--------------------------------------------------------------------------
The_Arena::Initialize()                              1     1   B    16 GiB
main()                                            1360   118 MiB   122 MiB
WritePlotfile()                                    752  2534   B    33 MiB
ResizeRandomSeed                                     2    16 MiB    16 MiB
MLCGSolver::bicgstab                          33438960  9505 KiB    10 MiB
MLMG::prepareForSolve()                             64  8135 KiB  8136 KiB
MLABecLaplacian::define()                           64  7823 KiB  7824 KiB
ComputePhi_Rho()                              15607776   161 KiB  7552 KiB
MultiFab::OverlapMask()                        2371704  2402   B  1889 KiB
BndryData::define()                                192  1735 KiB  1736 KiB
MLCellLinOp::defineAuxData()                       192   815 KiB   816 KiB
FillBoundary_nowait()                           975312   176 KiB   180 KiB
VisMF::Write(FabArray)                           13536     2   B   174 KiB
MultiFab::max()                                  69575  2062   B    89 KiB
MultiFab::norm1                                 139512    25   B    87 KiB
FabArray::norminf()                           53685769    10 KiB    87 KiB
amrex::Dot()                                 104864166    23 KiB    87 KiB
FabArray::setVal()                             1393326    74 KiB    74 KiB
amrex::Copy()                                   696890    29 KiB    29 KiB
MLCellLinOp::applyBC()                        53128735    25 KiB    26 KiB
MLCellLinOp::prepareForSolve()                       1     0   B    15 KiB
FabArray::LinComb()                             139330  2048   B  4096   B
MLABecLaplacian::Fapply()                       835974  3631   B  4096   B
FabArray::setVal(val, thecmd, scomp, ncomp)          8     0   B  3328   B
MultiFab::Divide()                              139512     1   B  2048   B
MLCellLinOp::defineBC()                              1  1791   B  1792   B
--------------------------------------------------------------------------

Managed Memory Usage:
---------------------------------------------------------
Name                             Nalloc  AvgMem    MaxMem
---------------------------------------------------------
The_Managed_Arena::Initialize()       1   0   B  8192 KiB
main()                                1   0   B    31 KiB
---------------------------------------------------------

Pinned Memory Usage:
--------------------------------------------------------------------------
Name                                            Nalloc    AvgMem    MaxMem
--------------------------------------------------------------------------
The_Pinned_Arena::Initialize()                       1     0   B  8192 KiB
VisMF::Write(FabArray)                           14288   101   B  2124 KiB
FillBoundary_nowait()                           975312   176 KiB   180 KiB
FabArray::setVal()                             1393326    74 KiB    74 KiB
amrex::Copy()                                   696890    29 KiB    29 KiB
MLCellLinOp::applyBC()                          139336    25 KiB    25 KiB
MLCellLinOp::prepareForSolve()                       1     0   B    15 KiB
FabArray::LinComb()                             139330  2048   B  4096   B
MLABecLaplacian::Fapply()                       835974  3631   B  4096   B
FabArray::setVal(val, thecmd, scomp, ncomp)          8     0   B  3328   B
MultiFab::max()                                  69575  2048   B  2304   B
MultiFab::Divide()                              139512     1   B  2048   B
MLCellLinOp::setLevelBC()                           47     0   B  1792   B
MultiFab::OverlapMask()                         139512     0   B  1792   B
amrex::Dot()                                 104864166    67   B   256   B
Unprofiled                                          15     0   B   256   B
MultiFab::norm1                                 139512     0   B   256   B
FabArray::norminf()                           53685769    30   B   256   B
--------------------------------------------------------------------------

Total GPU global memory (MB) spread across MPI: [22491 ... 22491]
Free  GPU global memory (MB) spread across MPI: [5299 ... 5299]
[The         Arena] max space (MB) allocated spread across MPI: [16868 ... 16868]
[The         Arena] max space (MB) used      spread across MPI: [186 ... 186]
[The Managed Arena] max space (MB) allocated spread across MPI: [8 ... 8]
[The Managed Arena] max space (MB) used      spread across MPI: [0 ... 0]
[The  Pinned Arena] max space (MB) allocated spread across MPI: [8 ... 8]
[The  Pinned Arena] max space (MB) used      spread across MPI: [2 ... 2]
AMReX (26.05-39-gbe2cc437644f) finalized

EXIT_CODE=0
Sun Jul 19 22:43:19 UTC 2026
