1 iterations :: err = 1
MLMG: Initial rhs               = 383516914.2
MLMG: Initial residual (resid0) = 8806969102
MLMG: Final Iter. 3 resid, resid/resid0 = 0.001582644203, 1.79703617e-13
MLMG: Timers: Solve = 0.060794992 Iter = 0.060621548 Bottom = 0.060322643
2 iterations :: err = 6.807241057e-11
Steady state check : (phi(t) - phi(t-1)).norm0() = 1.007503138e-07
Advanced step 59858 in 0.134817451 seconds
 
MLMG: Initial rhs               = 383516914
MLMG: Initial residual (resid0) = 8806969104
MLMG: Final Iter. 3 resid, resid/resid0 = 0.002619288569, 2.974108956e-13
MLMG: Timers: Solve = 0.061155853 Iter = 0.060981687 Bottom = 0.060684505
1 iterations :: err = 1
MLMG: Initial rhs               = 383516913.7
MLMG: Initial residual (resid0) = 8806969104
MLMG: Final Iter. 3 resid, resid/resid0 = 0.003393732099, 3.853462024e-13
MLMG: Timers: Solve = 0.064452098 Iter = 0.064275499 Bottom = 0.063978046
2 iterations :: err = 3.134215098e-10
Steady state check : (phi(t) - phi(t-1)).norm0() = 1.001461562e-07
Advanced step 59859 in 0.141208383 seconds
 
MLMG: Initial rhs               = 383516913.7
MLMG: Initial residual (resid0) = 8806969106
MLMG: Final Iter. 3 resid, resid/resid0 = 0.002932325006, 3.329550689e-13
MLMG: Timers: Solve = 0.058726269 Iter = 0.058552875 Bottom = 0.05825451
1 iterations :: err = 1
MLMG: Initial rhs               = 383516914.2
MLMG: Initial residual (resid0) = 8806969106
MLMG: Final Iter. 3 resid, resid/resid0 = 0.003072798235, 3.489053041e-13
MLMG: Timers: Solve = 0.056022007 Iter = 0.055846618 Bottom = 0.055549676
2 iterations :: err = 1.212431803e-10
Steady state check : (phi(t) - phi(t-1)).norm0() = 9.954618861e-08
Advanced step 59860 in 0.130407298 seconds
 
step = 59860, Phi_Bc_hi = -4, num_Vapp = 46, sign = -1
MLMG: Initial rhs               = 383516914
MLMG: Initial residual (resid0) = 7829297175
MLMG: Final Iter. 3 resid, resid/resid0 = 0.002996406672, 3.827171973e-13
MLMG: Timers: Solve = 0.05895631 Iter = 0.058770837 Bottom = 0.058472243
1 iterations :: err = 1
MLMG: Initial rhs               = 382060608.8
MLMG: Initial residual (resid0) = 7829297175
MLMG: Final Iter. 3 resid, resid/resid0 = 0.003096229492, 3.954671055e-13
MLMG: Timers: Solve = 0.057681656 Iter = 0.057503885 Bottom = 0.057206032
2 iterations :: err = 2.647384309e-05
MLMG: Initial rhs               = 382060608.8
MLMG: Initial residual (resid0) = 7829297175
MLMG: Final Iter. 3 resid, resid/resid0 = 0.002776708421, 3.546561536e-13
MLMG: Timers: Solve = 0.058054655 Iter = 0.05788078 Bottom = 0.057582345
3 iterations :: err = 7.600789499e-09
voltage_sweep == 1 && num_Vapp == num_Vapp_max!
High-water FAB megabyte spread across MPI nodes: [171 ... 171]
Current     FAB megabyte spread across MPI nodes: [136 ... 136]
Total run time 8886.932116 seconds


TinyProfiler total time across processes [min...avg...max]: 8887 ... 8887 ... 8887

-----------------------------------------------------------------------------------------------
Name                                            NCalls  Excl. Min  Excl. Avg  Excl. Max   Max %
-----------------------------------------------------------------------------------------------
amrex::Dot()                                  85372574       2342       2342       2342  26.35%
MLABecLaplacian::Fapply()                     43166523       1934       1934       1934  21.77%
MLABecLaplacian::normalize()                  43046464       1388       1388       1388  15.62%
FabArray::norminf()                           43766479       1003       1003       1003  11.28%
ComputePhi_Rho()                                 59906      424.5      424.5      424.5   4.78%
FillBoundary_nowait()                         43645795      356.9      356.9      356.9   4.02%
FabArray::Saxpy_Saxpy()                       21455880      281.8      281.8      281.8   3.17%
FabArray::Saypy_Saxpy()                       21230407      262.2      262.2      262.2   2.95%
FabArray::Saxpy_Xpay()                        21095703      240.9      240.9      240.9   2.71%
Calculate_Landau()                               59860      226.8      226.8      226.8   2.55%
Calculate_Grad()                                 59860      117.3      117.3      117.3   1.32%
ComputeEfromPhi()                               119720      106.3      106.3      106.3   1.20%
MLCellLinOp::applyBC()                        43166523      68.22      68.22      68.22   0.77%
FabArray::setVal()                             2220614       26.6       26.6       26.6   0.30%
amrex::Copy()                                  1981515      21.49      21.49      21.49   0.24%
MLCGSolver::bicgstab                            360177      18.26      18.26      18.26   0.21%
MLCGSolver::ParallelAllReduce                107188631      8.335      8.335      8.335   0.09%
main()                                               1      8.011      8.011      8.011   0.09%
MLCellLinOp::apply()                          43166523      5.049      5.049      5.049   0.06%
FabArray::FillBoundary()                      43645795      4.839      4.839      4.839   0.05%
MLMG::solve()                                   120059     0.7108     0.7108     0.7108   0.01%
MLMG::actualBottomSolve()                       360177     0.1314     0.1314     0.1314   0.00%
MLCellLinOp::solutionResidual()                 480236     0.0608     0.0608     0.0608   0.00%
MLMG::oneIter()                                 360177    0.05832    0.05832    0.05832   0.00%
MLMG::computeResidual()                         360177    0.03851    0.03851    0.03851   0.00%
MLMG::mgVcycle_bottom                           360177    0.03597    0.03597    0.03597   0.00%
MLMG::mgVcycle()                                360177    0.03116    0.03116    0.03116   0.00%
Other                                         90593439      41.21      41.21      41.21   0.46%
-----------------------------------------------------------------------------------------------

-----------------------------------------------------------------------------------------------
Name                                            NCalls  Incl. Min  Incl. Avg  Incl. Max   Max %
-----------------------------------------------------------------------------------------------
main()                                               1       8887       8887       8887 100.00%
ComputePhi_Rho()                                 59906       8405       8405       8405  94.57%
MLMG::solve()                                   120059       7950       7950       7950  89.46%
MLMG::oneIter()                                 360177       7897       7897       7897  88.86%
MLMG::mgVcycle()                                360177       7893       7893       7893  88.82%
MLMG::mgVcycle_bottom                           360177       7893       7893       7893  88.82%
MLMG::actualBottomSolve()                       360177       7893       7893       7893  88.82%
MLCGSolver::bicgstab                            360177       7890       7890       7890  88.78%
MLCellLinOp::apply()                          43166523       2369       2369       2369  26.66%
amrex::Dot()                                  85372574       2342       2342       2342  26.35%
MLABecLaplacian::Fapply()                     43166523       1934       1934       1934  21.77%
MLABecLaplacian::normalize()                  43046464       1388       1388       1388  15.62%
MLCGSolver::ParallelAllReduce                107188631       1187       1187       1187  13.36%
FabArray::norminf()                           43766479       1003       1003       1003  11.28%
MLCellLinOp::applyBC()                        43166523      429.9      429.9      429.9   4.84%
FabArray::FillBoundary()                      43645795      366.2      366.2      366.2   4.12%
FillBoundary_nowait()                         43645795      359.4      359.4      359.4   4.04%
FabArray::Saxpy_Saxpy()                       21455880      281.8      281.8      281.8   3.17%
FabArray::Saypy_Saxpy()                       21230407      262.2      262.2      262.2   2.95%
FabArray::Saxpy_Xpay()                        21095703      240.9      240.9      240.9   2.71%
Calculate_Landau()                               59860      226.8      226.8      226.8   2.55%
Calculate_Grad()                                 59860      117.3      117.3      117.3   1.32%
ComputeEfromPhi()                               119720      106.3      106.3      106.3   1.20%
MLCellLinOp::solutionResidual()                 480236      32.91      32.91      32.91   0.37%
FabArray::setVal()                             2220614       26.6       26.6       26.6   0.30%
MLMG::computeResidual()                         360177      23.24      23.24      23.24   0.26%
amrex::Copy()                                  1981515      21.49      21.49      21.49   0.24%
Other                                         90593439      76.05      76.05      76.05   0.86%
-----------------------------------------------------------------------------------------------

Device Memory Usage:
-------------------------------------------------------------------------
Name                                           Nalloc    AvgMem    MaxMem
-------------------------------------------------------------------------
The_Arena::Initialize()                             1     1   B    14 GiB
main()                                           1360   118 MiB   122 MiB
WritePlotfile()                                   752  2042   B    33 MiB
ResizeRandomSeed                                    2    13 MiB    13 MiB
MLCGSolver::bicgstab                         28814160  9407 KiB    10 MiB
MLMG::prepareForSolve()                            64  8135 KiB  8136 KiB
MLABecLaplacian::define()                          64  7823 KiB  7824 KiB
ComputePhi_Rho()                             13450560   192 KiB  7552 KiB
MultiFab::OverlapMask()                       2045202  2170   B  1889 KiB
BndryData::define()                               192  1735 KiB  1736 KiB
MLCellLinOp::defineAuxData()                      192   815 KiB   816 KiB
FillBoundary_nowait()                          840422   176 KiB   180 KiB
VisMF::Write(FabArray)                          13536     2   B   144 KiB
FabArray::setVal()                            1200626    74 KiB    74 KiB
MultiFab::max()                                 59908  2059   B    74 KiB
MultiFab::norm1                                120306    20   B    72 KiB
FabArray::norminf()                          43766479  8248   B    72 KiB
amrex::Dot()                                 85372574    18 KiB    72 KiB
amrex::Copy()                                  600604    29 KiB    29 KiB
MLCellLinOp::applyBC()                       43286589    25 KiB    26 KiB
MLCellLinOp::prepareForSolve()                      1     0   B    15 KiB
FabArray::LinComb()                            120060  2048   B  4096   B
MLABecLaplacian::Fapply()                      720354  3594   B  4096   B
FabArray::setVal(val, thecmd, scomp, ncomp)         8     0   B  3328   B
MultiFab::Divide()                             120306     1   B  2048   B
MLCellLinOp::defineBC()                             1  1791   B  1792   B
-------------------------------------------------------------------------

Managed Memory Usage:
---------------------------------------------------------
Name                             Nalloc  AvgMem    MaxMem
---------------------------------------------------------
The_Managed_Arena::Initialize()       1   0   B  8192 KiB
main()                                1   0   B    31 KiB
---------------------------------------------------------

Pinned Memory Usage:
-------------------------------------------------------------------------
Name                                           Nalloc    AvgMem    MaxMem
-------------------------------------------------------------------------
The_Pinned_Arena::Initialize()                      1     0   B  8192 KiB
VisMF::Write(FabArray)                          14288    77   B  2124 KiB
FillBoundary_nowait()                          840422   176 KiB   180 KiB
FabArray::setVal()                            1200626    74 KiB    74 KiB
amrex::Copy()                                  600604    29 KiB    29 KiB
MLCellLinOp::applyBC()                         120066    25 KiB    25 KiB
MLCellLinOp::prepareForSolve()                      1     0   B    15 KiB
FabArray::LinComb()                            120060  2048   B  4096   B
MLABecLaplacian::Fapply()                      720354  3594   B  4096   B
FabArray::setVal(val, thecmd, scomp, ncomp)         8     0   B  3328   B
MultiFab::max()                                 59908  2048   B  2304   B
MultiFab::Divide()                             120306     1   B  2048   B
MLCellLinOp::setLevelBC()                          47     0   B  1792   B
MultiFab::OverlapMask()                        120306     0   B  1792   B
amrex::Dot()                                 85372574    67   B   256   B
Unprofiled                                         15     0   B   256   B
MultiFab::norm1                                120306     0   B   256   B
FabArray::norminf()                          43766479    28   B   256   B
-------------------------------------------------------------------------

Total GPU global memory (MB) spread across MPI: [20019 ... 20019]
Free  GPU global memory (MB) spread across MPI: [4469 ... 4469]
[The         Arena] max space (MB) allocated spread across MPI: [15014 ... 15014]
[The         Arena] max space (MB) used      spread across MPI: [183 ... 183]
[The Managed Arena] max space (MB) allocated spread across MPI: [8 ... 8]
[The Managed Arena] max space (MB) used      spread across MPI: [0 ... 0]
[The  Pinned Arena] max space (MB) allocated spread across MPI: [8 ... 8]
[The  Pinned Arena] max space (MB) used      spread across MPI: [2 ... 2]
AMReX (26.05-39-gbe2cc437644f) finalized
EXIT_CODE=0
Tue Jul 14 17:22:00 CST 2026
