MLMG: Initial rhs               = 574557295.2
MLMG: Initial residual (resid0) = 7688357432
MLMG: Final Iter. 3 resid, resid/resid0 = 0.002489533081, 3.238055857e-13
MLMG: Timers: Solve = 0.131128165 Iter = 0.130921151 Bottom = 0.130573016
2 iterations :: err = 2.799953842e-10
Steady state check : (phi(t) - phi(t-1)).norm0() = 1.00466229e-07
Advanced step 72978 in 0.312670765 seconds
 
MLMG: Initial rhs               = 574557294.6
MLMG: Initial residual (resid0) = 7688357432
MLMG: Final Iter. 3 resid, resid/resid0 = 0.005159407854, 6.71067637e-13
MLMG: Timers: Solve = 0.121789598 Iter = 0.121567945 Bottom = 0.121214324
1 iterations :: err = 1
MLMG: Initial rhs               = 574557294.6
MLMG: Initial residual (resid0) = 7688357432
MLMG: Final Iter. 3 resid, resid/resid0 = 0.002367764711, 3.079675643e-13
MLMG: Timers: Solve = 0.146052896 Iter = 0.14584808 Bottom = 0.145495994
2 iterations :: err = 5.624929293e-11
Steady state check : (phi(t) - phi(t-1)).norm0() = 1.000376611e-07
Advanced step 72979 in 0.306614852 seconds
 
MLMG: Initial rhs               = 574557294.3
MLMG: Initial residual (resid0) = 7688357432
MLMG: Final Iter. 3 resid, resid/resid0 = 0.003383444702, 4.40073804e-13
MLMG: Timers: Solve = 0.140055844 Iter = 0.139833803 Bottom = 0.139479808
1 iterations :: err = 1
MLMG: Initial rhs               = 574557294.3
MLMG: Initial residual (resid0) = 7688357432
MLMG: Final Iter. 3 resid, resid/resid0 = 0.0050368011, 6.551205696e-13
MLMG: Timers: Solve = 0.128817102 Iter = 0.128616584 Bottom = 0.128264936
2 iterations :: err = 9.180176755e-11
Steady state check : (phi(t) - phi(t-1)).norm0() = 9.960414377e-08
Advanced step 72980 in 0.311698629 seconds
 
step = 72980, Phi_Bc_hi = -4, num_Vapp = 46, sign = -1
MLMG: Initial rhs               = 574557294.4
MLMG: Initial residual (resid0) = 6838757431
MLMG: Final Iter. 3 resid, resid/resid0 = 0.002388540655, 3.492652985e-13
MLMG: Timers: Solve = 0.122831511 Iter = 0.122591291 Bottom = 0.122236807
1 iterations :: err = 1
MLMG: Initial rhs               = 574557294.4
MLMG: Initial residual (resid0) = 6838757431
MLMG: Final Iter. 3 resid, resid/resid0 = 0.00222172735, 3.248729571e-13
MLMG: Timers: Solve = 0.144377168 Iter = 0.144166907 Bottom = 0.143812809
2 iterations :: err = 2.204366373e-05
MLMG: Initial rhs               = 574557294.4
MLMG: Initial residual (resid0) = 6838757431
MLMG: Final Iter. 3 resid, resid/resid0 = 0.001770954579, 2.589585311e-13
MLMG: Timers: Solve = 0.138640927 Iter = 0.138436673 Bottom = 0.138079308
3 iterations :: err = 6.547559111e-09
voltage_sweep == 1 && num_Vapp == num_Vapp_max!
High-water FAB megabyte spread across MPI nodes: [171 ... 171]
Current     FAB megabyte spread across MPI nodes: [136 ... 136]
Total run time 24422.10415 seconds


TinyProfiler total time across processes [min...avg...max]: 2.442e+04 ... 2.442e+04 ... 2.442e+04

-----------------------------------------------------------------------------------------------
Name                                            NCalls  Excl. Min  Excl. Avg  Excl. Max   Max %
-----------------------------------------------------------------------------------------------
amrex::Dot()                                 110092718       6340       6340       6340  25.96%
MLABecLaplacian::Fapply()                     55631691       4812       4812       4812  19.71%
MLABecLaplacian::normalize()                  55485358       3528       3528       3528  14.45%
FabArray::norminf()                           56362983       3010       3010       3010  12.32%
ComputePhi_Rho()                                 73026       1309       1309       1309   5.36%
FillBoundary_nowait()                         56215957       1142       1142       1142   4.68%
FabArray::Saxpy_Saxpy()                       27657238      800.3      800.3      800.3   3.28%
FabArray::Saxpy_Xpay()                        27218239        752        752        752   3.08%
FabArray::Saypy_Saxpy()                       27389121      732.6      732.6      732.6   3.00%
Calculate_Landau()                               72980      503.8      503.8      503.8   2.06%
ComputeEfromPhi()                               145960      278.5      278.5      278.5   1.14%
MLCellLinOp::applyBC()                        55631691      266.7      266.7      266.7   1.09%
Calculate_Grad()                                 72980      260.9      260.9      260.9   1.07%
main()                                               1      186.1      186.1      186.1   0.76%
MLCGSolver::bicgstab                            438999      114.3      114.3      114.3   0.47%
FabArray::setVal()                             2706632      70.22      70.22      70.22   0.29%
amrex::Copy()                                  2415019      59.34      59.34      59.34   0.24%
MLCGSolver::ParallelAllReduce                138188955      39.04      39.04      39.04   0.16%
MLCellLinOp::apply()                          55631691       29.2       29.2       29.2   0.12%
FabArray::FillBoundary()                      56215957      24.77      24.77      24.77   0.10%
MLMG::solve()                                   146333      6.575      6.575      6.575   0.03%
MLMG::actualBottomSolve()                       438999      1.293      1.293      1.293   0.01%
MLCellLinOp::solutionResidual()                 585332     0.5755     0.5755     0.5755   0.00%
MLMG::oneIter()                                 438999     0.5625     0.5625     0.5625   0.00%
MLMG::computeResidual()                         438999     0.3814     0.3814     0.3814   0.00%
MLMG::mgVcycle_bottom                           438999     0.3354     0.3354     0.3354   0.00%
MLMG::mgVcycle()                                438999     0.2005     0.2005     0.2005   0.00%
Other                                        116456315      152.7      152.7      152.7   0.63%
-----------------------------------------------------------------------------------------------

-----------------------------------------------------------------------------------------------
Name                                            NCalls  Incl. Min  Incl. Avg  Incl. Max   Max %
-----------------------------------------------------------------------------------------------
main()                                               1  2.442e+04  2.442e+04  2.442e+04 100.00%
ComputePhi_Rho()                                 73026   2.31e+04   2.31e+04   2.31e+04  94.60%
MLMG::solve()                                   146333   2.17e+04   2.17e+04   2.17e+04  88.87%
MLMG::oneIter()                                 438999  2.157e+04  2.157e+04  2.157e+04  88.30%
MLMG::mgVcycle()                                438999  2.156e+04  2.156e+04  2.156e+04  88.26%
MLMG::mgVcycle_bottom                           438999  2.156e+04  2.156e+04  2.156e+04  88.26%
MLMG::actualBottomSolve()                       438999  2.156e+04  2.156e+04  2.156e+04  88.26%
MLCGSolver::bicgstab                            438999  2.154e+04  2.154e+04  2.154e+04  88.22%
amrex::Dot()                                 110092718       6340       6340       6340  25.96%
MLCellLinOp::apply()                          55631691       6283       6283       6283  25.73%
MLABecLaplacian::Fapply()                     55631691       4812       4812       4812  19.71%
MLABecLaplacian::normalize()                  55485358       3528       3528       3528  14.45%
MLCGSolver::ParallelAllReduce                138188955       3253       3253       3253  13.32%
FabArray::norminf()                           56362983       3010       3010       3010  12.32%
MLCellLinOp::applyBC()                        55631691       1441       1441       1441   5.90%
FabArray::FillBoundary()                      56215957       1187       1187       1187   4.86%
FillBoundary_nowait()                         56215957       1154       1154       1154   4.72%
FabArray::Saxpy_Saxpy()                       27657238      800.3      800.3      800.3   3.28%
FabArray::Saxpy_Xpay()                        27218239        752        752        752   3.08%
FabArray::Saypy_Saxpy()                       27389121      732.6      732.6      732.6   3.00%
Calculate_Landau()                               72980      503.8      503.8      503.8   2.06%
ComputeEfromPhi()                               145960      278.5      278.5      278.5   1.14%
Calculate_Grad()                                 72980      260.9      260.9      260.9   1.07%
MLCellLinOp::solutionResidual()                 585332      83.25      83.25      83.25   0.34%
FabArray::setVal()                             2706632      70.22      70.22      70.22   0.29%
MLMG::computeResidual()                         438999      63.57      63.57      63.57   0.26%
amrex::Copy()                                  2415019      59.34      59.34      59.34   0.24%
Other                                        116456315      234.5      234.5      234.5   0.96%
-----------------------------------------------------------------------------------------------

Device Memory Usage:
--------------------------------------------------------------------------
Name                                            Nalloc    AvgMem    MaxMem
--------------------------------------------------------------------------
The_Arena::Initialize()                              1     0   B    16 GiB
main()                                            1360   118 MiB   122 MiB
WritePlotfile()                                    752  2922   B    33 MiB
ResizeRandomSeed                                     2    16 MiB    16 MiB
MLCGSolver::bicgstab                          35119920  9344 KiB    10 MiB
MLMG::prepareForSolve()                             64  8135 KiB  8136 KiB
MLABecLaplacian::define()                           64  7823 KiB  7824 KiB
ComputePhi_Rho()                              16393792   202 KiB  7552 KiB
MultiFab::OverlapMask()                        2492438  2580   B  1889 KiB
BndryData::define()                                192  1735 KiB  1736 KiB
MLCellLinOp::defineAuxData()                       192   815 KiB   816 KiB
FillBoundary_nowait()                          1024340   176 KiB   180 KiB
VisMF::Write(FabArray)                           13536     2   B   174 KiB
MultiFab::max()                                  73028  2060   B    89 KiB
MultiFab::norm1                                 146614    25   B    87 KiB
FabArray::norminf()                           56362983    10 KiB    87 KiB
amrex::Dot()                                 110092718    22 KiB    87 KiB
FabArray::setVal()                             1463366    74 KiB    74 KiB
amrex::Copy()                                   732008    29 KiB    29 KiB
MLCellLinOp::applyBC()                        55778031    25 KiB    26 KiB
MLCellLinOp::prepareForSolve()                       1     0   B    15 KiB
FabArray::LinComb()                             146334  2048   B  4096   B
MLABecLaplacian::Fapply()                       877998  3571   B  4096   B
FabArray::setVal(val, thecmd, scomp, ncomp)          8     0   B  3328   B
MultiFab::Divide()                              146614     1   B  2048   B
MLCellLinOp::defineBC()                              1  1791   B  1792   B
--------------------------------------------------------------------------

Managed Memory Usage:
---------------------------------------------------------
Name                             Nalloc  AvgMem    MaxMem
---------------------------------------------------------
The_Managed_Arena::Initialize()       1   0   B  8192 KiB
main()                                1   0   B    31 KiB
---------------------------------------------------------

Pinned Memory Usage:
--------------------------------------------------------------------------
Name                                            Nalloc    AvgMem    MaxMem
--------------------------------------------------------------------------
The_Pinned_Arena::Initialize()                       1     0   B  8192 KiB
VisMF::Write(FabArray)                           14288   131   B  2124 KiB
FillBoundary_nowait()                          1024340   176 KiB   180 KiB
FabArray::setVal()                             1463366    74 KiB    74 KiB
amrex::Copy()                                   732008    29 KiB    29 KiB
MLCellLinOp::applyBC()                          146340    25 KiB    25 KiB
MLCellLinOp::prepareForSolve()                       1     0   B    15 KiB
FabArray::LinComb()                             146334  2048   B  4096   B
MLABecLaplacian::Fapply()                       877998  3571   B  4096   B
FabArray::setVal(val, thecmd, scomp, ncomp)          8     0   B  3328   B
MultiFab::max()                                  73028  2048   B  2304   B
MultiFab::Divide()                              146614     1   B  2048   B
MLCellLinOp::setLevelBC()                           47     0   B  1792   B
MultiFab::OverlapMask()                         146614     0   B  1792   B
amrex::Dot()                                 110092718    65   B   256   B
Unprofiled                                          15     0   B   256   B
MultiFab::norm1                                 146614     0   B   256   B
FabArray::norminf()                           56362983    31   B   256   B
--------------------------------------------------------------------------

Total GPU global memory (MB) spread across MPI: [22491 ... 22491]
Free  GPU global memory (MB) spread across MPI: [5299 ... 5299]
[The         Arena] max space (MB) allocated spread across MPI: [16868 ... 16868]
[The         Arena] max space (MB) used      spread across MPI: [186 ... 186]
[The Managed Arena] max space (MB) allocated spread across MPI: [8 ... 8]
[The Managed Arena] max space (MB) used      spread across MPI: [0 ... 0]
[The  Pinned Arena] max space (MB) allocated spread across MPI: [8 ... 8]
[The  Pinned Arena] max space (MB) used      spread across MPI: [2 ... 2]
AMReX (26.05-39-gbe2cc437644f) finalized

EXIT_CODE=0
Thu Jul 16 19:31:27 UTC 2026
