MLMG: Initial rhs               = 540890987.2
MLMG: Initial residual (resid0) = 8225771618
MLMG: Final Iter. 3 resid, resid/resid0 = 0.001352583219, 1.644323818e-13
MLMG: Timers: Solve = 0.138866973 Iter = 0.138662417 Bottom = 0.13831737
2 iterations :: err = 3.066538796e-11
Steady state check : (phi(t) - phi(t-1)).norm0() = 1.001422241e-07
Advanced step 59644 in 0.311646906 seconds
 
MLMG: Initial rhs               = 540890987.1
MLMG: Initial residual (resid0) = 8225771619
MLMG: Final Iter. 3 resid, resid/resid0 = 0.000736201865, 8.949942925e-14
MLMG: Timers: Solve = 0.130607779 Iter = 0.130390851 Bottom = 0.130041058
1 iterations :: err = 1
MLMG: Initial rhs               = 540890987.1
MLMG: Initial residual (resid0) = 8225771619
MLMG: Final Iter. 3 resid, resid/resid0 = 0.004620343447, 5.616911897e-13
MLMG: Timers: Solve = 0.112757858 Iter = 0.112552582 Bottom = 0.112206514
2 iterations :: err = 1.795012833e-10
Steady state check : (phi(t) - phi(t-1)).norm0() = 1.000733036e-07
Advanced step 59645 in 0.286791198 seconds
 
MLMG: Initial rhs               = 540890987
MLMG: Initial residual (resid0) = 8225771620
MLMG: Final Iter. 3 resid, resid/resid0 = 0.003233253956, 3.9306391e-13
MLMG: Timers: Solve = 0.120507815 Iter = 0.120295076 Bottom = 0.119949286
1 iterations :: err = 1
MLMG: Initial rhs               = 540890987
MLMG: Initial residual (resid0) = 8225771620
MLMG: Final Iter. 3 resid, resid/resid0 = 0.005003406666, 6.082598566e-13
MLMG: Timers: Solve = 0.136190615 Iter = 0.135985545 Bottom = 0.135634173
2 iterations :: err = 2.116389771e-11
Steady state check : (phi(t) - phi(t-1)).norm0() = 9.997392817e-08
Advanced step 59646 in 0.290131288 seconds
 
step = 59646, Phi_Bc_hi = -4, num_Vapp = 46, sign = -1
MLMG: Initial rhs               = 540890987.1
MLMG: Initial residual (resid0) = 7315504585
MLMG: Final Iter. 3 resid, resid/resid0 = 0.002667349928, 3.646159875e-13
MLMG: Timers: Solve = 0.145603666 Iter = 0.145373559 Bottom = 0.145021044
1 iterations :: err = 1
MLMG: Initial rhs               = 540890987.1
MLMG: Initial residual (resid0) = 7315504585
MLMG: Final Iter. 3 resid, resid/resid0 = 0.001901321113, 2.599029351e-13
MLMG: Timers: Solve = 0.134742908 Iter = 0.13453948 Bottom = 0.134193085
2 iterations :: err = 3.239748867e-05
MLMG: Initial rhs               = 540890987.1
MLMG: Initial residual (resid0) = 7315504585
MLMG: Final Iter. 3 resid, resid/resid0 = 0.0030626546, 4.186525433e-13
MLMG: Timers: Solve = 0.121741382 Iter = 0.121540857 Bottom = 0.121190163
3 iterations :: err = 1.792017817e-08
voltage_sweep == 1 && num_Vapp == num_Vapp_max!
High-water FAB megabyte spread across MPI nodes: [171 ... 171]
Current     FAB megabyte spread across MPI nodes: [136 ... 136]
Total run time 19027.50821 seconds


TinyProfiler total time across processes [min...avg...max]: 1.903e+04 ... 1.903e+04 ... 1.903e+04

-----------------------------------------------------------------------------------------------
Name                                            NCalls  Excl. Min  Excl. Avg  Excl. Max   Max %
-----------------------------------------------------------------------------------------------
amrex::Dot()                                  87337698       4918       4918       4918  25.85%
MLABecLaplacian::Fapply()                     44147169       3772       3772       3772  19.82%
MLABecLaplacian::normalize()                  44027589       2742       2742       2742  14.41%
FabArray::norminf()                           44744781       2310       2310       2310  12.14%
ComputePhi_Rho()                                 59692       1053       1053       1053   5.54%
FillBoundary_nowait()                         44624678      828.4      828.4      828.4   4.35%
FabArray::Saypy_Saxpy()                       21723466      612.7      612.7      612.7   3.22%
FabArray::Saxpy_Saxpy()                       21945383      562.4      562.4      562.4   2.96%
FabArray::Saxpy_Xpay()                        21586643      517.4      517.4      517.4   2.72%
Calculate_Landau()                               59646      410.5      410.5      410.5   2.16%
main()                                               1      321.5      321.5      321.5   1.69%
Calculate_Grad()                                 59646      220.3      220.3      220.3   1.16%
ComputeEfromPhi()                               119292      192.9      192.9      192.9   1.01%
MLCellLinOp::applyBC()                        44147169      190.1      190.1      190.1   1.00%
MLCGSolver::bicgstab                            358740      99.62      99.62      99.62   0.52%
FabArray::setVal()                             2211829      48.71      48.71      48.71   0.26%
amrex::Copy()                                  1973637      42.46      42.46      42.46   0.22%
MLCGSolver::ParallelAllReduce                109641821      31.37      31.37      31.37   0.16%
MLCellLinOp::apply()                          44147169      22.32      22.32      22.32   0.12%
FabArray::FillBoundary()                      44624678      20.66      20.66      20.66   0.11%
MLMG::solve()                                   119580      5.168      5.168      5.168   0.03%
MLMG::actualBottomSolve()                       358740      1.083      1.083      1.083   0.01%
MLMG::oneIter()                                 358740     0.4478     0.4478     0.4478   0.00%
MLCellLinOp::solutionResidual()                 478320     0.3764     0.3764     0.3764   0.00%
MLMG::computeResidual()                         358740     0.3391     0.3391     0.3391   0.00%
MLMG::mgVcycle_bottom                           358740     0.2174     0.2174     0.2174   0.00%
MLMG::mgVcycle()                                358740     0.2133     0.2133     0.2133   0.00%
Other                                         92538007      103.4      103.4      103.4   0.54%
-----------------------------------------------------------------------------------------------

-----------------------------------------------------------------------------------------------
Name                                            NCalls  Incl. Min  Incl. Avg  Incl. Max   Max %
-----------------------------------------------------------------------------------------------
main()                                               1  1.903e+04  1.903e+04  1.903e+04 100.00%
ComputePhi_Rho()                                 59692  1.783e+04  1.783e+04  1.783e+04  93.69%
MLMG::solve()                                   119580  1.671e+04  1.671e+04  1.671e+04  87.81%
MLMG::oneIter()                                 358740   1.66e+04   1.66e+04   1.66e+04  87.27%
MLMG::mgVcycle()                                358740   1.66e+04   1.66e+04   1.66e+04  87.22%
MLMG::mgVcycle_bottom                           358740   1.66e+04   1.66e+04   1.66e+04  87.22%
MLMG::actualBottomSolve()                       358740   1.66e+04   1.66e+04   1.66e+04  87.22%
MLCGSolver::bicgstab                            358740  1.659e+04  1.659e+04  1.659e+04  87.18%
amrex::Dot()                                  87337698       4918       4918       4918  25.85%
MLCellLinOp::apply()                          44147169       4840       4840       4840  25.44%
MLABecLaplacian::Fapply()                     44147169       3772       3772       3772  19.82%
MLABecLaplacian::normalize()                  44027589       2742       2742       2742  14.41%
MLCGSolver::ParallelAllReduce                109641821       2464       2464       2464  12.95%
FabArray::norminf()                           44744781       2310       2310       2310  12.14%
MLCellLinOp::applyBC()                        44147169       1046       1046       1046   5.50%
FabArray::FillBoundary()                      44624678      864.9      864.9      864.9   4.55%
FillBoundary_nowait()                         44624678      837.1      837.1      837.1   4.40%
FabArray::Saypy_Saxpy()                       21723466      612.7      612.7      612.7   3.22%
FabArray::Saxpy_Saxpy()                       21945383      562.4      562.4      562.4   2.96%
FabArray::Saxpy_Xpay()                        21586643      517.4      517.4      517.4   2.72%
Calculate_Landau()                               59646      410.5      410.5      410.5   2.16%
Calculate_Grad()                                 59646      220.3      220.3      220.3   1.16%
ComputeEfromPhi()                               119292      192.9      192.9      192.9   1.01%
MLCellLinOp::solutionResidual()                 478320      64.28      64.28      64.28   0.34%
MLMG::computeResidual()                         358740      50.92      50.92      50.92   0.27%
FabArray::setVal()                             2211829      48.71      48.71      48.71   0.26%
amrex::Copy()                                  1973637      42.46      42.46      42.46   0.22%
Other                                         92538007      161.5      161.5      161.5   0.85%
-----------------------------------------------------------------------------------------------

Device Memory Usage:
-------------------------------------------------------------------------
Name                                           Nalloc    AvgMem    MaxMem
-------------------------------------------------------------------------
The_Arena::Initialize()                             1     1   B    16 GiB
main()                                           1360   118 MiB   122 MiB
WritePlotfile()                                   752  2870   B    33 MiB
ResizeRandomSeed                                    2    16 MiB    16 MiB
MLCGSolver::bicgstab                         28699200  9235 KiB    10 MiB
MLMG::prepareForSolve()                            64  8135 KiB  8136 KiB
MLABecLaplacian::define()                          64  7823 KiB  7824 KiB
ComputePhi_Rho()                             13396096   212 KiB  7552 KiB
MultiFab::OverlapMask()                       2036192  2454   B  1889 KiB
BndryData::define()                               192  1735 KiB  1736 KiB
MLCellLinOp::defineAuxData()                      192   815 KiB   816 KiB
FillBoundary_nowait()                          837069   175 KiB   180 KiB
VisMF::Write(FabArray)                          13536     4   B   174 KiB
MultiFab::max()                                 59694  2057   B    89 KiB
MultiFab::norm1                                119776    24   B    87 KiB
FabArray::norminf()                          44744781    10 KiB    87 KiB
amrex::Dot()                                 87337698    22 KiB    87 KiB
FabArray::setVal()                            1195836    74 KiB    74 KiB
amrex::Copy()                                  598158    29 KiB    29 KiB
MLCellLinOp::applyBC()                       44266756    25 KiB    26 KiB
MLCellLinOp::prepareForSolve()                      1     0   B    15 KiB
FabArray::LinComb()                            119581  2048   B  4096   B
MLABecLaplacian::Fapply()                      717480  3531   B  4096   B
FabArray::setVal(val, thecmd, scomp, ncomp)         8     0   B  3328   B
MultiFab::Divide()                             119776     1   B  2048   B
MLCellLinOp::defineBC()                             1  1791   B  1792   B
-------------------------------------------------------------------------

Managed Memory Usage:
---------------------------------------------------------
Name                             Nalloc  AvgMem    MaxMem
---------------------------------------------------------
The_Managed_Arena::Initialize()       1   0   B  8192 KiB
main()                                1   0   B    31 KiB
---------------------------------------------------------

Pinned Memory Usage:
-------------------------------------------------------------------------
Name                                           Nalloc    AvgMem    MaxMem
-------------------------------------------------------------------------
The_Pinned_Arena::Initialize()                      1     0   B  8192 KiB
VisMF::Write(FabArray)                          14288   102   B  2124 KiB
FillBoundary_nowait()                          837069   175 KiB   180 KiB
FabArray::setVal()                            1195836    74 KiB    74 KiB
amrex::Copy()                                  598158    29 KiB    29 KiB
MLCellLinOp::applyBC()                         119587    25 KiB    25 KiB
MLCellLinOp::prepareForSolve()                      1     0   B    15 KiB
FabArray::LinComb()                            119581  2048   B  4096   B
MLABecLaplacian::Fapply()                      717480  3531   B  4096   B
FabArray::setVal(val, thecmd, scomp, ncomp)         8     0   B  3328   B
MultiFab::max()                                 59694  2048   B  2304   B
MultiFab::Divide()                             119776     1   B  2048   B
MLCellLinOp::setLevelBC()                          47     0   B  1792   B
MultiFab::OverlapMask()                        119776     0   B  1792   B
amrex::Dot()                                 87337698    65   B   256   B
Unprofiled                                         15     0   B   256   B
MultiFab::norm1                                119776     0   B   256   B
FabArray::norminf()                          44744781    30   B   256   B
-------------------------------------------------------------------------

Total GPU global memory (MB) spread across MPI: [22491 ... 22491]
Free  GPU global memory (MB) spread across MPI: [5299 ... 5299]
[The         Arena] max space (MB) allocated spread across MPI: [16868 ... 16868]
[The         Arena] max space (MB) used      spread across MPI: [186 ... 186]
[The Managed Arena] max space (MB) allocated spread across MPI: [8 ... 8]
[The Managed Arena] max space (MB) used      spread across MPI: [0 ... 0]
[The  Pinned Arena] max space (MB) allocated spread across MPI: [8 ... 8]
[The  Pinned Arena] max space (MB) used      spread across MPI: [2 ... 2]
AMReX (26.05-39-gbe2cc437644f) finalized

EXIT_CODE=0
Mon Jul 20 06:03:35 UTC 2026
