MLMG: Final Iter. 3 resid, resid/resid0 = 0.006040880457, 7.339436701e-13
MLMG: Timers: Solve = 0.118924378 Iter = 0.118721011 Bottom = 0.11837175
2 iterations :: err = 4.570067237e-11
Steady state check : (phi(t) - phi(t-1)).norm0() = 1.034154977e-07
Advanced step 25420 in 0.282014234 seconds
 
MLMG: Initial rhs               = 614998752.5
MLMG: Initial residual (resid0) = 8230714021
MLMG: Final Iter. 3 resid, resid/resid0 = 0.002390287551, 2.904107159e-13
MLMG: Timers: Solve = 0.139907712 Iter = 0.139689269 Bottom = 0.139334245
1 iterations :: err = 1
MLMG: Initial rhs               = 614998752.5
MLMG: Initial residual (resid0) = 8230714021
MLMG: Final Iter. 3 resid, resid/resid0 = 0.003582297592, 4.352353372e-13
MLMG: Timers: Solve = 0.143674837 Iter = 0.143472301 Bottom = 0.143116175
2 iterations :: err = 9.055763593e-11
Steady state check : (phi(t) - phi(t-1)).norm0() = 1.011626304e-07
Advanced step 25421 in 0.315984402 seconds
 
MLMG: Initial rhs               = 614998753.2
MLMG: Initial residual (resid0) = 8230714021
MLMG: Final Iter. 3 resid, resid/resid0 = 0.003117829561, 3.788042633e-13
MLMG: Timers: Solve = 0.147572586 Iter = 0.147354836 Bottom = 0.147000524
1 iterations :: err = 1
MLMG: Initial rhs               = 614998753.2
MLMG: Initial residual (resid0) = 8230714021
MLMG: Final Iter. 3 resid, resid/resid0 = 0.002477047509, 3.00951716e-13
MLMG: Timers: Solve = 0.155732508 Iter = 0.155528446 Bottom = 0.155172298
2 iterations :: err = 1.245329849e-10
Steady state check : (phi(t) - phi(t-1)).norm0() = 9.898305906e-08
Advanced step 25422 in 0.319768615 seconds
 
step = 25422, Phi_Bc_hi = -4, num_Vapp = 46, sign = -1
MLMG: Initial rhs               = 614998752.8
MLMG: Initial residual (resid0) = 7320446985
MLMG: Final Iter. 3 resid, resid/resid0 = 0.002414331382, 3.298065524e-13
MLMG: Timers: Solve = 0.143542979 Iter = 0.143313181 Bottom = 0.142955756
1 iterations :: err = 1
MLMG: Initial rhs               = 614998752.8
MLMG: Initial residual (resid0) = 7320446985
MLMG: Final Iter. 3 resid, resid/resid0 = 0.003100536764, 4.23544733e-13
MLMG: Timers: Solve = 0.13185204 Iter = 0.131641322 Bottom = 0.115278408
2 iterations :: err = 4.997856748e-05
MLMG: Initial rhs               = 614998752.8
MLMG: Initial residual (resid0) = 7320446985
MLMG: Final Iter. 3 resid, resid/resid0 = 0.005039393902, 6.883997537e-13
MLMG: Timers: Solve = 0.128284717 Iter = 0.128078471 Bottom = 0.127729176
3 iterations :: err = 5.196327841e-08
voltage_sweep == 1 && num_Vapp == num_Vapp_max!
High-water FAB megabyte spread across MPI nodes: [171 ... 171]
Current     FAB megabyte spread across MPI nodes: [136 ... 136]
Total run time 8555.505504 seconds


TinyProfiler total time across processes [min...avg...max]: 8556 ... 8556 ... 8556

----------------------------------------------------------------------------------------------
Name                                           NCalls  Excl. Min  Excl. Avg  Excl. Max   Max %
----------------------------------------------------------------------------------------------
amrex::Dot()                                 38520256       2260       2260       2260  26.41%
MLABecLaplacian::Fapply()                    19464796       1712       1712       1712  20.01%
MLABecLaplacian::normalize()                 19413629       1265       1265       1265  14.79%
FabArray::norminf()                          19720308       1077       1077       1077  12.58%
FillBoundary_nowait()                        19668548      401.7      401.7      401.7   4.70%
ComputePhi_Rho()                                25468      379.5      379.5      379.5   4.44%
FabArray::Saxpy_Saxpy()                       9674596      283.4      283.4      283.4   3.31%
FabArray::Saypy_Saxpy()                       9585532      264.3      264.3      264.3   3.09%
FabArray::Saxpy_Xpay()                        9521095      251.8      251.8      251.8   2.94%
Calculate_Landau()                              25422      175.7      175.7      175.7   2.05%
ComputeEfromPhi()                               50844      102.5      102.5      102.5   1.20%
Calculate_Grad()                                25422      92.22      92.22      92.22   1.08%
MLCellLinOp::applyBC()                       19464796      91.73      91.73      91.73   1.07%
MLCGSolver::bicgstab                           153501      44.79      44.79      44.79   0.52%
FabArray::setVal()                             946136      27.65      27.65      27.65   0.32%
amrex::Copy()                                  844805      22.75      22.75      22.75   0.27%
MLCGSolver::ParallelAllReduce                48348353      15.72      15.72      15.72   0.18%
CalculateTDGL_RHS()                             25422      13.76      13.76      13.76   0.16%
MLCellLinOp::apply()                         19464796      10.54      10.54      10.54   0.12%
FabArray::FillBoundary()                     19668548      8.998      8.998      8.998   0.11%
main()                                              1      8.799      8.799      8.799   0.10%
MLMG::solve()                                   51167      2.487      2.487      2.487   0.03%
MLMG::actualBottomSolve()                      153501     0.4958     0.4958     0.4958   0.01%
MLMG::oneIter()                                153501     0.1569     0.1569     0.1569   0.00%
MLMG::computeResidual()                        153501     0.1486     0.1486     0.1486   0.00%
MLCellLinOp::solutionResidual()                204668     0.1062     0.1062     0.1062   0.00%
MLMG::mgVcycle_bottom                          153501    0.08961    0.08961    0.08961   0.00%
MLMG::mgVcycle()                               153501    0.05625    0.05625    0.05625   0.00%
Other                                        40718985      42.98      42.98      42.98   0.50%
----------------------------------------------------------------------------------------------

----------------------------------------------------------------------------------------------
Name                                           NCalls  Incl. Min  Incl. Avg  Incl. Max   Max %
----------------------------------------------------------------------------------------------
main()                                              1       8556       8556       8556 100.00%
ComputePhi_Rho()                                25468       8143       8143       8143  95.18%
MLMG::solve()                                   51167       7730       7730       7730  90.35%
MLMG::oneIter()                                153501       7677       7677       7677  89.73%
MLMG::mgVcycle()                               153501       7673       7673       7673  89.68%
MLMG::mgVcycle_bottom                          153501       7673       7673       7673  89.68%
MLMG::actualBottomSolve()                      153501       7673       7673       7673  89.68%
MLCGSolver::bicgstab                           153501       7669       7669       7669  89.64%
amrex::Dot()                                 38520256       2260       2260       2260  26.41%
MLCellLinOp::apply()                         19464796       2227       2227       2227  26.03%
MLABecLaplacian::Fapply()                    19464796       1712       1712       1712  20.01%
MLABecLaplacian::normalize()                 19413629       1265       1265       1265  14.79%
MLCGSolver::ParallelAllReduce                48348353       1167       1167       1167  13.64%
FabArray::norminf()                          19720308       1077       1077       1077  12.58%
MLCellLinOp::applyBC()                       19464796      504.6      504.6      504.6   5.90%
FabArray::FillBoundary()                     19668548      417.5      417.5      417.5   4.88%
FillBoundary_nowait()                        19668548      405.5      405.5      405.5   4.74%
FabArray::Saxpy_Saxpy()                       9674596      283.4      283.4      283.4   3.31%
FabArray::Saypy_Saxpy()                       9585532      264.3      264.3      264.3   3.09%
FabArray::Saxpy_Xpay()                        9521095      251.8      251.8      251.8   2.94%
Calculate_Landau()                              25422      175.7      175.7      175.7   2.05%
ComputeEfromPhi()                               50844      102.5      102.5      102.5   1.20%
Calculate_Grad()                                25422      92.22      92.22      92.22   1.08%
MLCellLinOp::solutionResidual()                204668      30.81      30.81      30.81   0.36%
FabArray::setVal()                             946136      27.65      27.65      27.65   0.32%
amrex::Copy()                                  844805      22.75      22.75      22.75   0.27%
MLMG::computeResidual()                        153501      21.96      21.96      21.96   0.26%
CalculateTDGL_RHS()                             25422      15.91      15.91      15.91   0.19%
Other                                        40718985      76.64      76.64      76.64   0.90%
----------------------------------------------------------------------------------------------

Device Memory Usage:
-------------------------------------------------------------------------
Name                                           Nalloc    AvgMem    MaxMem
-------------------------------------------------------------------------
The_Arena::Initialize()                             1     1   B    16 GiB
main()                                           1360   118 MiB   122 MiB
WritePlotfile()                                   752  7573   B    33 MiB
ResizeRandomSeed                                    2    16 MiB    16 MiB
MLCGSolver::bicgstab                         12280080  9493 KiB    10 MiB
MLMG::prepareForSolve()                            64  8135 KiB  8136 KiB
MLABecLaplacian::define()                          64  7823 KiB  7824 KiB
ComputePhi_Rho()                              5734400   169 KiB  7552 KiB
MultiFab::OverlapMask()                        873766  2570   B  1889 KiB
BndryData::define()                               192  1735 KiB  1736 KiB
MLCellLinOp::defineAuxData()                      192   815 KiB   816 KiB
FillBoundary_nowait()                          358178   176 KiB   180 KiB
VisMF::Write(FabArray)                          13536     8   B   174 KiB
MultiFab::max()                                 25470  2061   B    89 KiB
MultiFab::norm1                                 51398    25   B    87 KiB
FabArray::norminf()                          19720308    10 KiB    87 KiB
amrex::Dot()                                 38520256    22 KiB    87 KiB
FabArray::setVal()                             511706    74 KiB    74 KiB
amrex::Copy()                                  256128    29 KiB    29 KiB
MLCellLinOp::applyBC()                       19515970    25 KiB    26 KiB
MLCellLinOp::prepareForSolve()                      1     0   B    15 KiB
FabArray::LinComb()                             51168  2048   B  4096   B
MLABecLaplacian::Fapply()                      307002  3624   B  4096   B
FabArray::setVal(val, thecmd, scomp, ncomp)         8     0   B  3328   B
MultiFab::Divide()                              51398     1   B  2048   B
MLCellLinOp::defineBC()                             1  1791   B  1792   B
-------------------------------------------------------------------------

Managed Memory Usage:
---------------------------------------------------------
Name                             Nalloc  AvgMem    MaxMem
---------------------------------------------------------
The_Managed_Arena::Initialize()       1   0   B  8192 KiB
main()                                1   0   B    31 KiB
---------------------------------------------------------

Pinned Memory Usage:
-------------------------------------------------------------------------
Name                                           Nalloc    AvgMem    MaxMem
-------------------------------------------------------------------------
The_Pinned_Arena::Initialize()                      1     0   B  8192 KiB
VisMF::Write(FabArray)                          14288   300   B  2124 KiB
FillBoundary_nowait()                          358178   176 KiB   180 KiB
FabArray::setVal()                             511706    74 KiB    74 KiB
amrex::Copy()                                  256128    29 KiB    29 KiB
MLCellLinOp::applyBC()                          51174    25 KiB    25 KiB
MLCellLinOp::prepareForSolve()                      1     0   B    15 KiB
FabArray::LinComb()                             51168  2048   B  4096   B
MLABecLaplacian::Fapply()                      307002  3624   B  4096   B
FabArray::setVal(val, thecmd, scomp, ncomp)         8     0   B  3328   B
MultiFab::max()                                 25470  2048   B  2304   B
MultiFab::Divide()                              51398     1   B  2048   B
MLCellLinOp::setLevelBC()                          47     0   B  1792   B
MultiFab::OverlapMask()                         51398     0   B  1792   B
amrex::Dot()                                 38520256    66   B   256   B
Unprofiled                                         15     0   B   256   B
MultiFab::norm1                                 51398     0   B   256   B
FabArray::norminf()                          19720308    31   B   256   B
-------------------------------------------------------------------------

Total GPU global memory (MB) spread across MPI: [22491 ... 22491]
Free  GPU global memory (MB) spread across MPI: [5299 ... 5299]
[The         Arena] max space (MB) allocated spread across MPI: [16868 ... 16868]
[The         Arena] max space (MB) used      spread across MPI: [186 ... 186]
[The Managed Arena] max space (MB) allocated spread across MPI: [8 ... 8]
[The Managed Arena] max space (MB) used      spread across MPI: [0 ... 0]
[The  Pinned Arena] max space (MB) allocated spread across MPI: [8 ... 8]
[The  Pinned Arena] max space (MB) used      spread across MPI: [2 ... 2]
AMReX (26.05-39-gbe2cc437644f) finalized

EXIT_CODE=0
Tue Aug 11 21:26:41 UTC 2026
