MLMG: Final Iter. 3 resid, resid/resid0 = 0.006552649662, 6.911994042e-13
MLMG: Timers: Solve = 0.059299187 Iter = 0.059002073 Bottom = 0.058608342
2 iterations :: err = 2.189615866e-10
Steady state check : (phi(t) - phi(t-1)).norm0() = 1.005211484e-07
Advanced step 47669 in 0.152857826 seconds
 
MLMG: Initial rhs               = 412603299.5
MLMG: Initial residual (resid0) = 9480114743
MLMG: Final Iter. 3 resid, resid/resid0 = 0.002748658114, 2.899393297e-13
MLMG: Timers: Solve = 0.059552203 Iter = 0.05930749 Bottom = 0.058910402
1 iterations :: err = 1
MLMG: Initial rhs               = 412603299.5
MLMG: Initial residual (resid0) = 9480114743
MLMG: Final Iter. 3 resid, resid/resid0 = 0.003723631203, 3.927833475e-13
MLMG: Timers: Solve = 0.063759864 Iter = 0.063528151 Bottom = 0.063119187
2 iterations :: err = 2.771835357e-11
Steady state check : (phi(t) - phi(t-1)).norm0() = 1.001285272e-07
Advanced step 47670 in 0.139862945 seconds
 
MLMG: Initial rhs               = 412603299.7
MLMG: Initial residual (resid0) = 9480114743
MLMG: Final Iter. 3 resid, resid/resid0 = 0.00351285509, 3.705498494e-13
MLMG: Timers: Solve = 0.066162561 Iter = 0.065865658 Bottom = 0.065417793
1 iterations :: err = 1
MLMG: Initial rhs               = 412603299.7
MLMG: Initial residual (resid0) = 9480114743
MLMG: Final Iter. 3 resid, resid/resid0 = 0.004118372982, 4.344222717e-13
MLMG: Timers: Solve = 0.062304203 Iter = 0.061947968 Bottom = 0.061554268
2 iterations :: err = 4.530075086e-11
Steady state check : (phi(t) - phi(t-1)).norm0() = 9.96165111e-08
Advanced step 47671 in 0.160453999 seconds
 
step = 47671, Phi_Bc_hi = -4, num_Vapp = 46, sign = -1
MLMG: Initial rhs               = 412603299.4
MLMG: Initial residual (resid0) = 8427264049
MLMG: Final Iter. 3 resid, resid/resid0 = 0.004548259079, 5.397076742e-13
MLMG: Timers: Solve = 0.063314194 Iter = 0.063017642 Bottom = 0.062634506
1 iterations :: err = 1
MLMG: Initial rhs               = 412603299.4
MLMG: Initial residual (resid0) = 8427264049
MLMG: Final Iter. 3 resid, resid/resid0 = 0.002185429835, 2.593285107e-13
MLMG: Timers: Solve = 0.066261431 Iter = 0.06603083 Bottom = 0.065568674
2 iterations :: err = 3.189480562e-05
MLMG: Initial rhs               = 412603299.4
MLMG: Initial residual (resid0) = 8427264049
MLMG: Final Iter. 3 resid, resid/resid0 = 0.002718653046, 3.226020961e-13
MLMG: Timers: Solve = 0.070008009 Iter = 0.069609611 Bottom = 0.06920203
3 iterations :: err = 1.091215748e-08
voltage_sweep == 1 && num_Vapp == num_Vapp_max!
High-water FAB megabyte spread across MPI nodes: [171 ... 171]
Current     FAB megabyte spread across MPI nodes: [136 ... 136]
Total run time 7980.567302 seconds


TinyProfiler total time across processes [min...avg...max]: 7981 ... 7981 ... 7981

----------------------------------------------------------------------------------------------
Name                                           NCalls  Excl. Min  Excl. Avg  Excl. Max   Max %
----------------------------------------------------------------------------------------------
amrex::Dot()                                 66559452       1995       1995       1995  24.99%
MLABecLaplacian::Fapply()                    33662177       1527       1527       1527  19.13%
MLABecLaplacian::normalize()                 33566564       1151       1151       1151  14.42%
FabArray::norminf()                          34139970        869        869        869  10.89%
ComputePhi_Rho()                                47717      556.9      556.9      556.9   6.98%
FillBoundary_nowait()                        34043869      348.9      348.9      348.9   4.37%
FabArray::Saxpy_Saxpy()                      16722844        253        253        253   3.17%
FabArray::Saypy_Saxpy()                      16556882      237.3      237.3      237.3   2.97%
FabArray::Saxpy_Xpay()                       16436006        220        220        220   2.76%
ComputeEfromPhi()                               95342      198.2      198.2      198.2   2.48%
Calculate_Landau()                              47671        183        183        183   2.29%
MLCellLinOp::applyBC()                       33662177      101.3      101.3      101.3   1.27%
Calculate_Grad()                                47671      91.88      91.88      91.88   1.15%
CalculateTDGL_RHS()                             47671      51.46      51.46      51.46   0.64%
MLCGSolver::bicgstab                           286838      46.31      46.31      46.31   0.58%
FabArray::setVal()                            1768462      29.59      29.59      29.59   0.37%
amrex::Copy()                                 1578187      23.18      23.18      23.18   0.29%
MLCGSolver::ParallelAllReduce                83569134      14.96      14.96      14.96   0.19%
main()                                              1       11.9       11.9       11.9   0.15%
MLCellLinOp::apply()                         33662177      8.935      8.935      8.935   0.11%
FabArray::FillBoundary()                     34043869      8.517      8.517      8.517   0.11%
MLMG::solve()                                   95613      5.715      5.715      5.715   0.07%
MLMG::actualBottomSolve()                      286838      1.119      1.119      1.119   0.01%
MLMG::oneIter()                                286838     0.4327     0.4327     0.4327   0.01%
MLCellLinOp::solutionResidual()                382451     0.3102     0.3102     0.3102   0.00%
MLMG::computeResidual()                        286838     0.2937     0.2937     0.2937   0.00%
MLMG::mgVcycle_bottom                          286838     0.2831     0.2831     0.2831   0.00%
MLMG::mgVcycle()                               286838     0.1683     0.1683     0.1683   0.00%
Other                                        70669613      45.07      45.07      45.07   0.56%
----------------------------------------------------------------------------------------------

----------------------------------------------------------------------------------------------
Name                                           NCalls  Incl. Min  Incl. Avg  Incl. Max   Max %
----------------------------------------------------------------------------------------------
main()                                              1       7981       7981       7981 100.00%
ComputePhi_Rho()                                47717       7426       7426       7426  93.05%
MLMG::solve()                                   95613       6833       6833       6833  85.62%
MLMG::oneIter()                                286838       6776       6776       6776  84.90%
MLMG::mgVcycle()                               286838       6771       6771       6771  84.85%
MLMG::mgVcycle_bottom                          286838       6771       6771       6771  84.84%
MLMG::actualBottomSolve()                      286838       6771       6771       6771  84.84%
MLCGSolver::bicgstab                           286838       6766       6766       6766  84.78%
MLCellLinOp::apply()                         33662177       1998       1998       1998  25.03%
amrex::Dot()                                 66559452       1995       1995       1995  24.99%
MLABecLaplacian::Fapply()                    33662177       1527       1527       1527  19.13%
MLABecLaplacian::normalize()                 33566564       1151       1151       1151  14.42%
MLCGSolver::ParallelAllReduce                83569134       1018       1018       1018  12.76%
FabArray::norminf()                          34139970        869        869        869  10.89%
MLCellLinOp::applyBC()                       33662177      461.9      461.9      461.9   5.79%
FabArray::FillBoundary()                     34043869      365.3      365.3      365.3   4.58%
FillBoundary_nowait()                        34043869      353.1      353.1      353.1   4.42%
FabArray::Saxpy_Saxpy()                      16722844        253        253        253   3.17%
FabArray::Saypy_Saxpy()                      16556882      237.3      237.3      237.3   2.97%
FabArray::Saxpy_Xpay()                       16436006        220        220        220   2.76%
ComputeEfromPhi()                               95342      198.2      198.2      198.2   2.48%
Calculate_Landau()                              47671        183        183        183   2.29%
Calculate_Grad()                                47671      91.88      91.88      91.88   1.15%
CalculateTDGL_RHS()                             47671      53.47      53.47      53.47   0.67%
MLCellLinOp::solutionResidual()                382451      31.72      31.72      31.72   0.40%
FabArray::setVal()                            1768462      29.59      29.59      29.59   0.37%
amrex::Copy()                                 1578187      23.18      23.18      23.18   0.29%
MLMG::computeResidual()                        286838      21.65      21.65      21.65   0.27%
Other                                        70669613      77.62      77.62      77.62   0.97%
----------------------------------------------------------------------------------------------

Device Memory Usage:
-------------------------------------------------------------------------
Name                                           Nalloc    AvgMem    MaxMem
-------------------------------------------------------------------------
The_Arena::Initialize()                             1     4   B    14 GiB
main()                                           1360   118 MiB   122 MiB
WritePlotfile()                                   752  3724   B    33 MiB
ResizeRandomSeed                                    2    13 MiB    13 MiB
MLCGSolver::bicgstab                         22947040  8972 KiB    10 MiB
MLMG::prepareForSolve()                            64  8135 KiB  8136 KiB
MLABecLaplacian::define()                          64  7823 KiB  7824 KiB
ComputePhi_Rho()                             10711520   234 KiB  7552 KiB
MultiFab::OverlapMask()                       1628464  2961   B  1889 KiB
BndryData::define()                               192  1735 KiB  1736 KiB
MLCellLinOp::defineAuxData()                      192   815 KiB   816 KiB
FillBoundary_nowait()                          669298   175 KiB   180 KiB
VisMF::Write(FabArray)                          13536     3   B   144 KiB
FabArray::setVal()                             956164    73 KiB    74 KiB
MultiFab::max()                                 47719  2061   B    74 KiB
MultiFab::norm1                                 95792    21   B    72 KiB
FabArray::norminf()                          34139970  7878   B    72 KiB
amrex::Dot()                                 66559452    17 KiB    72 KiB
amrex::Copy()                                  478305    29 KiB    29 KiB
MLCellLinOp::applyBC()                       33757797    25 KiB    26 KiB
MLCellLinOp::prepareForSolve()                      1     0   B    15 KiB
FabArray::LinComb()                             95614  2048   B  4096   B
MLABecLaplacian::Fapply()                      573676  3420   B  4096   B
FabArray::setVal(val, thecmd, scomp, ncomp)         8     0   B  3328   B
MultiFab::Divide()                              95792     1   B  2048   B
MLCellLinOp::defineBC()                             1  1791   B  1792   B
-------------------------------------------------------------------------

Managed Memory Usage:
---------------------------------------------------------
Name                             Nalloc  AvgMem    MaxMem
---------------------------------------------------------
The_Managed_Arena::Initialize()       1   0   B  8192 KiB
main()                                1   0   B    31 KiB
---------------------------------------------------------

Pinned Memory Usage:
-------------------------------------------------------------------------
Name                                           Nalloc    AvgMem    MaxMem
-------------------------------------------------------------------------
The_Pinned_Arena::Initialize()                      1     0   B  8192 KiB
VisMF::Write(FabArray)                          14288   146   B  2124 KiB
FillBoundary_nowait()                          669298   175 KiB   180 KiB
FabArray::setVal()                             956164    73 KiB    74 KiB
amrex::Copy()                                  478305    29 KiB    29 KiB
MLCellLinOp::applyBC()                          95620    25 KiB    25 KiB
MLCellLinOp::prepareForSolve()                      1     0   B    15 KiB
FabArray::LinComb()                             95614  2048   B  4096   B
MLABecLaplacian::Fapply()                      573676  3420   B  4096   B
FabArray::setVal(val, thecmd, scomp, ncomp)         8     0   B  3328   B
MultiFab::max()                                 47719  2048   B  2304   B
MultiFab::Divide()                              95792     1   B  2048   B
MLCellLinOp::setLevelBC()                          47     0   B  1792   B
MultiFab::OverlapMask()                         95792     0   B  1792   B
amrex::Dot()                                 66559452    63   B   256   B
Unprofiled                                         15     0   B   256   B
MultiFab::norm1                                 95792     0   B   256   B
FabArray::norminf()                          34139970    27   B   256   B
-------------------------------------------------------------------------

Total GPU global memory (MB) spread across MPI: [20019 ... 20019]
Free  GPU global memory (MB) spread across MPI: [4666 ... 4666]
[The         Arena] max space (MB) allocated spread across MPI: [15014 ... 15014]
[The         Arena] max space (MB) used      spread across MPI: [183 ... 183]
[The Managed Arena] max space (MB) allocated spread across MPI: [8 ... 8]
[The Managed Arena] max space (MB) used      spread across MPI: [0 ... 0]
[The  Pinned Arena] max space (MB) allocated spread across MPI: [8 ... 8]
[The  Pinned Arena] max space (MB) used      spread across MPI: [2 ... 2]
AMReX (26.05-39-gbe2cc437644f) finalized

EXIT_CODE=0
Wed Jul 22 19:16:42 CST 2026
