MLMG: Initial rhs               = 310357877.2
MLMG: Initial residual (resid0) = 7633914357
MLMG: Final Iter. 3 resid, resid/resid0 = 0.0003250140594, 4.257502039e-14
MLMG: Timers: Solve = 0.097961212 Iter = 0.097758684 Bottom = 0.085019061
2 iterations :: err = 7.137572407e-11
Steady state check : (phi(t) - phi(t-1)).norm0() = 2.069606219e-07
Advanced step 15781 in 0.24394604 seconds
 
MLMG: Initial rhs               = 310357877.2
MLMG: Initial residual (resid0) = 7633914354
MLMG: Final Iter. 3 resid, resid/resid0 = 0.0007522712198, 9.854331407e-14
MLMG: Timers: Solve = 0.094832105 Iter = 0.09462309 Bottom = 0.094274021
1 iterations :: err = 1
MLMG: Initial rhs               = 310357900.7
MLMG: Initial residual (resid0) = 7633914354
MLMG: Final Iter. 3 resid, resid/resid0 = 0.001058396503, 1.386440107e-13
MLMG: Timers: Solve = 0.10604383 Iter = 0.105842699 Bottom = 0.105495556
2 iterations :: err = 6.448536135e-12
Steady state check : (phi(t) - phi(t-1)).norm0() = 1.243047316e-07
Advanced step 15782 in 0.232738515 seconds
 
MLMG: Initial rhs               = 310357900.7
MLMG: Initial residual (resid0) = 7633914352
MLMG: Final Iter. 3 resid, resid/resid0 = 0.00220138055, 2.883685156e-13
MLMG: Timers: Solve = 0.107423141 Iter = 0.107205917 Bottom = 0.106854395
1 iterations :: err = 1
MLMG: Initial rhs               = 310357914.8
MLMG: Initial residual (resid0) = 7633914352
MLMG: Final Iter. 3 resid, resid/resid0 = 0.001942961703, 2.545170949e-13
MLMG: Timers: Solve = 0.09823419 Iter = 0.098041235 Bottom = 0.097696862
2 iterations :: err = 2.48356881e-11
Steady state check : (phi(t) - phi(t-1)).norm0() = 7.455306561e-08
Advanced step 15783 in 0.237326721 seconds
 
step = 15783, Phi_Bc_hi = -4, num_Vapp = 46, sign = -1
MLMG: Initial rhs               = 310357914.7
MLMG: Initial residual (resid0) = 6784314351
MLMG: Final Iter. 3 resid, resid/resid0 = 0.0004300269065, 6.338546304e-14
MLMG: Timers: Solve = 0.103370831 Iter = 0.103132441 Bottom = 0.102777974
1 iterations :: err = 1
MLMG: Initial rhs               = 299065803.2
MLMG: Initial residual (resid0) = 6784314351
MLMG: Final Iter. 3 resid, resid/resid0 = 0.00104467044, 1.53983201e-13
MLMG: Timers: Solve = 0.105522488 Iter = 0.105319692 Bottom = 0.10496783
2 iterations :: err = 2.801352116e-05
MLMG: Initial rhs               = 298949304.7
MLMG: Initial residual (resid0) = 6784314351
MLMG: Final Iter. 3 resid, resid/resid0 = 8.599484408e-05, 1.267553943e-14
MLMG: Timers: Solve = 0.113162332 Iter = 0.112960305 Bottom = 0.112608719
3 iterations :: err = 9.717460787e-09
voltage_sweep == 1 && num_Vapp == num_Vapp_max!
High-water FAB megabyte spread across MPI nodes: [171 ... 171]
Current     FAB megabyte spread across MPI nodes: [136 ... 136]
Total run time 5098.775072 seconds


TinyProfiler total time across processes [min...avg...max]: 5099 ... 5099 ... 5099

----------------------------------------------------------------------------------------------
Name                                           NCalls  Excl. Min  Excl. Avg  Excl. Max   Max %
----------------------------------------------------------------------------------------------
amrex::Dot()                                 23426916       1335       1335       1335  26.19%
MLABecLaplacian::Fapply()                    11840603       1022       1022       1022  20.05%
MLABecLaplacian::normalize()                 11808816      722.2      722.2      722.2  14.16%
FabArray::norminf()                          11999314      608.9      608.9      608.9  11.94%
ComputePhi_Rho()                                15829      286.6      286.6      286.6   5.62%
FillBoundary_nowait()                        11967141      221.4      221.4      221.4   4.34%
FabArray::Saxpy_Saxpy()                       5887231      154.8      154.8      154.8   3.04%
FabArray::Saypy_Saxpy()                       5826227      151.6      151.6      151.6   2.97%
FabArray::Saxpy_Xpay()                        5791873      138.9      138.9      138.9   2.72%
Calculate_Landau()                              15783      110.7      110.7      110.7   2.17%
main()                                              1      84.77      84.77      84.77   1.66%
Calculate_Grad()                                15783      57.63      57.63      57.63   1.13%
MLCellLinOp::applyBC()                       11840603      52.17      52.17      52.17   1.02%
ComputeEfromPhi()                               31566      51.27      51.27      51.27   1.01%
MLCGSolver::bicgstab                            95358      24.92      24.92      24.92   0.49%
FabArray::setVal()                             587750      13.97      13.97      13.97   0.27%
amrex::Copy()                                  525077      10.84      10.84      10.84   0.21%
MLCGSolver::ParallelAllReduce                29409505      8.396      8.396      8.396   0.16%
MLCellLinOp::apply()                         11840603      5.852      5.852      5.852   0.11%
FabArray::FillBoundary()                     11967141      5.375      5.375      5.375   0.11%
MLMG::solve()                                   31787      1.424      1.424      1.424   0.03%
MLMG::actualBottomSolve()                       95358     0.2038     0.2038     0.2038   0.00%
MLMG::oneIter()                                 95358     0.1166     0.1166     0.1166   0.00%
MLMG::computeResidual()                         95358    0.09304    0.09304    0.09304   0.00%
MLCellLinOp::solutionResidual()                127145    0.07661    0.07661    0.07661   0.00%
MLMG::mgVcycle_bottom                           95358    0.04645    0.04645    0.04645   0.00%
MLMG::mgVcycle()                                95358    0.04079    0.04079    0.04079   0.00%
Other                                        24808580      29.09      29.09      29.09   0.57%
----------------------------------------------------------------------------------------------

----------------------------------------------------------------------------------------------
Name                                           NCalls  Incl. Min  Incl. Avg  Incl. Max   Max %
----------------------------------------------------------------------------------------------
main()                                              1       5099       5099       5099 100.00%
ComputePhi_Rho()                                15829       4779       4779       4779  93.72%
MLMG::solve()                                   31787       4474       4474       4474  87.75%
MLMG::oneIter()                                 95358       4447       4447       4447  87.21%
MLMG::mgVcycle()                                95358       4444       4444       4444  87.16%
MLMG::mgVcycle_bottom                           95358       4444       4444       4444  87.16%
MLMG::actualBottomSolve()                       95358       4444       4444       4444  87.16%
MLCGSolver::bicgstab                            95358       4442       4442       4442  87.12%
amrex::Dot()                                 23426916       1335       1335       1335  26.19%
MLCellLinOp::apply()                         11840603       1309       1309       1309  25.66%
MLABecLaplacian::Fapply()                    11840603       1022       1022       1022  20.05%
MLABecLaplacian::normalize()                 11808816      722.2      722.2      722.2  14.16%
MLCGSolver::ParallelAllReduce                29409505        652        652        652  12.79%
FabArray::norminf()                          11999314      608.9      608.9      608.9  11.94%
MLCellLinOp::applyBC()                       11840603      280.6      280.6      280.6   5.50%
FabArray::FillBoundary()                     11967141      230.6      230.6      230.6   4.52%
FillBoundary_nowait()                        11967141      223.4      223.4      223.4   4.38%
FabArray::Saxpy_Saxpy()                       5887231      154.8      154.8      154.8   3.04%
FabArray::Saypy_Saxpy()                       5826227      151.6      151.6      151.6   2.97%
FabArray::Saxpy_Xpay()                        5791873      138.9      138.9      138.9   2.72%
Calculate_Landau()                              15783      110.7      110.7      110.7   2.17%
Calculate_Grad()                                15783      57.63      57.63      57.63   1.13%
ComputeEfromPhi()                               31566      51.27      51.27      51.27   1.01%
MLCellLinOp::solutionResidual()                127145      16.96      16.96      16.96   0.33%
FabArray::setVal()                             587750      13.97      13.97      13.97   0.27%
MLMG::computeResidual()                         95358      13.38      13.38      13.38   0.26%
amrex::Copy()                                  525077      10.84      10.84      10.84   0.21%
Other                                        24808580      47.84      47.84      47.84   0.94%
----------------------------------------------------------------------------------------------

Device Memory Usage:
-------------------------------------------------------------------------
Name                                           Nalloc    AvgMem    MaxMem
-------------------------------------------------------------------------
The_Arena::Initialize()                             1     4   B    16 GiB
main()                                           1360   118 MiB   122 MiB
WritePlotfile()                                   752    13 KiB    33 MiB
ResizeRandomSeed                                    2    16 MiB    16 MiB
MLCGSolver::bicgstab                          7628640  9229 KiB    10 MiB
MLMG::prepareForSolve()                            64  8135 KiB  8136 KiB
MLABecLaplacian::define()                          64  7823 KiB  7824 KiB
ComputePhi_Rho()                              3562208   216 KiB  7552 KiB
MultiFab::OverlapMask()                        542572  2467   B  1889 KiB
BndryData::define()                               192  1735 KiB  1736 KiB
MLCellLinOp::defineAuxData()                      192   815 KiB   816 KiB
FillBoundary_nowait()                          222512   175 KiB   180 KiB
VisMF::Write(FabArray)                          13536    11   B   174 KiB
MultiFab::max()                                 15831  2057   B    89 KiB
MultiFab::norm1                                 31916    26   B    87 KiB
FabArray::norminf()                          11999314    10 KiB    87 KiB
amrex::Dot()                                 23426916    22 KiB    87 KiB
FabArray::setVal()                             317900    74 KiB    74 KiB
amrex::Copy()                                  159123    29 KiB    29 KiB
MLCellLinOp::applyBC()                       11872397    25 KiB    26 KiB
MLCellLinOp::prepareForSolve()                      1     0   B    15 KiB
FabArray::LinComb()                             31788  2048   B  4096   B
MLABecLaplacian::Fapply()                      190716  3530   B  4096   B
FabArray::setVal(val, thecmd, scomp, ncomp)         8     0   B  3328   B
MultiFab::Divide()                              31916     1   B  2048   B
MLCellLinOp::defineBC()                             1  1791   B  1792   B
-------------------------------------------------------------------------

Managed Memory Usage:
---------------------------------------------------------
Name                             Nalloc  AvgMem    MaxMem
---------------------------------------------------------
The_Managed_Arena::Initialize()       1   0   B  8192 KiB
main()                                1   0   B    31 KiB
---------------------------------------------------------

Pinned Memory Usage:
-------------------------------------------------------------------------
Name                                           Nalloc    AvgMem    MaxMem
-------------------------------------------------------------------------
The_Pinned_Arena::Initialize()                      1     0   B  8192 KiB
VisMF::Write(FabArray)                          14288   583   B  2124 KiB
FillBoundary_nowait()                          222512   175 KiB   180 KiB
FabArray::setVal()                             317900    74 KiB    74 KiB
amrex::Copy()                                  159123    29 KiB    29 KiB
MLCellLinOp::applyBC()                          31794    25 KiB    25 KiB
MLCellLinOp::prepareForSolve()                      1     0   B    15 KiB
FabArray::LinComb()                             31788  2048   B  4096   B
MLABecLaplacian::Fapply()                      190716  3530   B  4096   B
FabArray::setVal(val, thecmd, scomp, ncomp)         8     0   B  3328   B
MultiFab::max()                                 15831  2048   B  2304   B
MultiFab::Divide()                              31916     1   B  2048   B
MLCellLinOp::setLevelBC()                          47     0   B  1792   B
MultiFab::OverlapMask()                         31916     0   B  1792   B
amrex::Dot()                                 23426916    66   B   256   B
Unprofiled                                         15     0   B   256   B
MultiFab::norm1                                 31916     0   B   256   B
FabArray::norminf()                          11999314    30   B   256   B
-------------------------------------------------------------------------

Total GPU global memory (MB) spread across MPI: [22491 ... 22491]
Free  GPU global memory (MB) spread across MPI: [5299 ... 5299]
[The         Arena] max space (MB) allocated spread across MPI: [16868 ... 16868]
[The         Arena] max space (MB) used      spread across MPI: [186 ... 186]
[The Managed Arena] max space (MB) allocated spread across MPI: [8 ... 8]
[The Managed Arena] max space (MB) used      spread across MPI: [0 ... 0]
[The  Pinned Arena] max space (MB) allocated spread across MPI: [8 ... 8]
[The  Pinned Arena] max space (MB) used      spread across MPI: [2 ... 2]
AMReX (26.05-39-gbe2cc437644f) finalized

EXIT_CODE=0
Mon Jul 13 13:46:52 UTC 2026
