MLMG: Initial rhs               = 288937383.6
MLMG: Initial residual (resid0) = 8778985608
MLMG: Final Iter. 3 resid, resid/resid0 = 0.001623407469, 1.849197095e-13
MLMG: Timers: Solve = 0.112051528 Iter = 0.111849365 Bottom = 0.111502327
2 iterations :: err = 1.757168026e-10
Steady state check : (phi(t) - phi(t-1)).norm0() = 2.927917023e-07
Advanced step 20993 in 0.233903652 seconds
 
MLMG: Initial rhs               = 288937383.6
MLMG: Initial residual (resid0) = 8778985601
MLMG: Final Iter. 3 resid, resid/resid0 = 0.004112046518, 4.683965443e-13
MLMG: Timers: Solve = 0.106104441 Iter = 0.105891251 Bottom = 0.105541451
1 iterations :: err = 1
MLMG: Initial rhs               = 288937413.9
MLMG: Initial residual (resid0) = 8778985601
MLMG: Final Iter. 3 resid, resid/resid0 = 0.00189572759, 2.159392527e-13
MLMG: Timers: Solve = 0.122107009 Iter = 0.121910843 Bottom = 0.121559716
2 iterations :: err = 3.501068824e-11
Steady state check : (phi(t) - phi(t-1)).norm0() = 1.409026137e-07
Advanced step 20994 in 0.243787411 seconds
 
MLMG: Initial rhs               = 288937413.9
MLMG: Initial residual (resid0) = 8778985597
MLMG: Final Iter. 3 resid, resid/resid0 = 0.003379175122, 3.849163533e-13
MLMG: Timers: Solve = 0.094842926 Iter = 0.094626534 Bottom = 0.094281757
1 iterations :: err = 1
MLMG: Initial rhs               = 288937428.5
MLMG: Initial residual (resid0) = 8778985597
MLMG: Final Iter. 3 resid, resid/resid0 = 0.001345641827, 1.532798764e-13
MLMG: Timers: Solve = 0.113938644 Iter = 0.113744945 Bottom = 0.11339914
2 iterations :: err = 1.935177318e-10
Steady state check : (phi(t) - phi(t-1)).norm0() = 6.780383847e-08
Advanced step 20995 in 0.224538126 seconds
 
step = 20995, Phi_Bc_hi = -4, num_Vapp = 46, sign = -1
MLMG: Initial rhs               = 288937428.4
MLMG: Initial residual (resid0) = 7801313661
MLMG: Final Iter. 3 resid, resid/resid0 = 0.002086132993, 2.674079115e-13
MLMG: Timers: Solve = 0.090148378 Iter = 0.089917214 Bottom = 0.089569547
1 iterations :: err = 1
MLMG: Initial rhs               = 274485724.4
MLMG: Initial residual (resid0) = 7801313661
MLMG: Final Iter. 3 resid, resid/resid0 = 0.001617755683, 2.0736965e-13
MLMG: Timers: Solve = 0.114047465 Iter = 0.113848745 Bottom = 0.113501028
2 iterations :: err = 6.27236697e-05
MLMG: Initial rhs               = 274279373.6
MLMG: Initial residual (resid0) = 7801313661
MLMG: Final Iter. 3 resid, resid/resid0 = 0.0001422191772, 1.823015755e-14
MLMG: Timers: Solve = 0.110829535 Iter = 0.110630868 Bottom = 0.110283074
3 iterations :: err = 4.953834669e-08
voltage_sweep == 1 && num_Vapp == num_Vapp_max!
High-water FAB megabyte spread across MPI nodes: [171 ... 171]
Current     FAB megabyte spread across MPI nodes: [136 ... 136]
Total run time 7682.539432 seconds


TinyProfiler total time across processes [min...avg...max]: 7683 ... 7683 ... 7683

----------------------------------------------------------------------------------------------
Name                                           NCalls  Excl. Min  Excl. Avg  Excl. Max   Max %
----------------------------------------------------------------------------------------------
amrex::Dot()                                 35869890       2026       2026       2026  26.37%
MLABecLaplacian::Fapply()                    18103694       1567       1567       1567  20.40%
MLABecLaplacian::normalize()                 18061506       1127       1127       1127  14.67%
FabArray::norminf()                          18314433      946.4      946.4      946.4  12.32%
ComputePhi_Rho()                                21041      347.4      347.4      347.4   4.52%
FillBoundary_nowait()                        18271905      345.1      345.1      345.1   4.49%
FabArray::Saypy_Saxpy()                       8927834      247.8      247.8      247.8   3.23%
FabArray::Saxpy_Saxpy()                       9007111      235.1      235.1      235.1   3.06%
FabArray::Saxpy_Xpay()                        8880550      216.8      216.8      216.8   2.82%
Calculate_Landau()                              20995      144.7      144.7      144.7   1.88%
main()                                              1      114.2      114.2      114.2   1.49%
MLCellLinOp::applyBC()                       18103694      77.65      77.65      77.65   1.01%
Calculate_Grad()                                20995      75.33      75.33      75.33   0.98%
ComputeEfromPhi()                               41990      69.97      69.97      69.97   0.91%
MLCGSolver::bicgstab                           126561      36.72      36.72      36.72   0.48%
FabArray::setVal()                             780203      18.46      18.46      18.46   0.24%
amrex::Copy()                                  696705      15.02      15.02      15.02   0.20%
MLCGSolver::ParallelAllReduce                45003562      12.49      12.49      12.49   0.16%
MLCellLinOp::apply()                         18103694      8.998      8.998      8.998   0.12%
FabArray::FillBoundary()                     18271905       8.46       8.46       8.46   0.11%
MLMG::solve()                                   42188      1.864      1.864      1.864   0.02%
MLMG::actualBottomSolve()                      126561     0.3715     0.3715     0.3715   0.00%
MLMG::oneIter()                                126561     0.1654     0.1654     0.1654   0.00%
MLMG::computeResidual()                        126561     0.1097     0.1097     0.1097   0.00%
MLCellLinOp::solutionResidual()                168749     0.1015     0.1015     0.1015   0.00%
MLMG::mgVcycle()                               126561    0.06803    0.06803    0.06803   0.00%
MLMG::mgVcycle_bottom                          126561    0.05481    0.05481    0.05481   0.00%
Other                                        37704124         39         39         39   0.51%
----------------------------------------------------------------------------------------------

----------------------------------------------------------------------------------------------
Name                                           NCalls  Incl. Min  Incl. Avg  Incl. Max   Max %
----------------------------------------------------------------------------------------------
main()                                              1       7683       7683       7683 100.00%
ComputePhi_Rho()                                21041       7257       7257       7257  94.47%
MLMG::solve()                                   42188       6887       6887       6887  89.65%
MLMG::oneIter()                                126561       6849       6849       6849  89.15%
MLMG::mgVcycle()                               126561       6846       6846       6846  89.12%
MLMG::mgVcycle_bottom                          126561       6846       6846       6846  89.12%
MLMG::actualBottomSolve()                      126561       6846       6846       6846  89.12%
MLCGSolver::bicgstab                           126561       6843       6843       6843  89.08%
amrex::Dot()                                 35869890       2026       2026       2026  26.37%
MLCellLinOp::apply()                         18103694       2011       2011       2011  26.18%
MLABecLaplacian::Fapply()                    18103694       1567       1567       1567  20.40%
MLABecLaplacian::normalize()                 18061506       1127       1127       1127  14.67%
MLCGSolver::ParallelAllReduce                45003562       1019       1019       1019  13.26%
FabArray::norminf()                          18314433      946.4      946.4      946.4  12.32%
MLCellLinOp::applyBC()                       18103694      434.9      434.9      434.9   5.66%
FabArray::FillBoundary()                     18271905      360.5      360.5      360.5   4.69%
FillBoundary_nowait()                        18271905      349.3      349.3      349.3   4.55%
FabArray::Saypy_Saxpy()                       8927834      247.8      247.8      247.8   3.23%
FabArray::Saxpy_Saxpy()                       9007111      235.1      235.1      235.1   3.06%
FabArray::Saxpy_Xpay()                        8880550      216.8      216.8      216.8   2.82%
Calculate_Landau()                              20995      144.7      144.7      144.7   1.88%
Calculate_Grad()                                20995      75.33      75.33      75.33   0.98%
ComputeEfromPhi()                               41990      69.97      69.97      69.97   0.91%
MLCellLinOp::solutionResidual()                168749      23.58      23.58      23.58   0.31%
FabArray::setVal()                             780203      18.46      18.46      18.46   0.24%
MLMG::computeResidual()                        126561      18.25      18.25      18.25   0.24%
amrex::Copy()                                  696705      15.02      15.02      15.02   0.20%
Other                                        37704124      62.65      62.65      62.65   0.82%
----------------------------------------------------------------------------------------------

Device Memory Usage:
-------------------------------------------------------------------------
Name                                           Nalloc    AvgMem    MaxMem
-------------------------------------------------------------------------
The_Arena::Initialize()                             1     3   B    16 GiB
main()                                           1360   118 MiB   122 MiB
WritePlotfile()                                   752  6937   B    33 MiB
ResizeRandomSeed                                    2    16 MiB    16 MiB
MLCGSolver::bicgstab                         10124880  9437 KiB    10 MiB
MLMG::prepareForSolve()                            64  8135 KiB  8136 KiB
MLABecLaplacian::define()                          64  7823 KiB  7824 KiB
ComputePhi_Rho()                              4726752   173 KiB  7552 KiB
MultiFab::OverlapMask()                        718998  2098   B  1889 KiB
BndryData::define()                               192  1735 KiB  1736 KiB
MLCellLinOp::defineAuxData()                      192   815 KiB   816 KiB
FillBoundary_nowait()                          295319   176 KiB   180 KiB
VisMF::Write(FabArray)                          13536     9   B   174 KiB
MultiFab::max()                                 21043  2056   B    89 KiB
MultiFab::norm1                                 42294    22   B    87 KiB
FabArray::norminf()                          18314433    10 KiB    87 KiB
amrex::Dot()                                 35869890    22 KiB    87 KiB
FabArray::setVal()                             421910    74 KiB    74 KiB
amrex::Copy()                                  211105    29 KiB    29 KiB
MLCellLinOp::applyBC()                       18145889    25 KiB    26 KiB
MLCellLinOp::prepareForSolve()                      1     0   B    15 KiB
FabArray::LinComb()                             42189  2048   B  4096   B
MLABecLaplacian::Fapply()                      253122  3613   B  4096   B
FabArray::setVal(val, thecmd, scomp, ncomp)         8     0   B  3328   B
MultiFab::Divide()                              42294     1   B  2048   B
MLCellLinOp::defineBC()                             1  1791   B  1792   B
-------------------------------------------------------------------------

Managed Memory Usage:
---------------------------------------------------------
Name                             Nalloc  AvgMem    MaxMem
---------------------------------------------------------
The_Managed_Arena::Initialize()       1   0   B  8192 KiB
main()                                1   0   B    31 KiB
---------------------------------------------------------

Pinned Memory Usage:
-------------------------------------------------------------------------
Name                                           Nalloc    AvgMem    MaxMem
-------------------------------------------------------------------------
The_Pinned_Arena::Initialize()                      1     0   B  8192 KiB
VisMF::Write(FabArray)                          14288   260   B  2124 KiB
FillBoundary_nowait()                          295319   176 KiB   180 KiB
FabArray::setVal()                             421910    74 KiB    74 KiB
amrex::Copy()                                  211105    29 KiB    29 KiB
MLCellLinOp::applyBC()                          42195    25 KiB    25 KiB
MLCellLinOp::prepareForSolve()                      1     0   B    15 KiB
FabArray::LinComb()                             42189  2048   B  4096   B
MLABecLaplacian::Fapply()                      253122  3613   B  4096   B
FabArray::setVal(val, thecmd, scomp, ncomp)         8     0   B  3328   B
MultiFab::max()                                 21043  2048   B  2304   B
MultiFab::Divide()                              42294     1   B  2048   B
MLCellLinOp::setLevelBC()                          47     0   B  1792   B
MultiFab::OverlapMask()                         42294     0   B  1792   B
amrex::Dot()                                 35869890    66   B   256   B
Unprofiled                                         15     0   B   256   B
MultiFab::norm1                                 42294     0   B   256   B
FabArray::norminf()                          18314433    31   B   256   B
-------------------------------------------------------------------------

Total GPU global memory (MB) spread across MPI: [22491 ... 22491]
Free  GPU global memory (MB) spread across MPI: [5299 ... 5299]
[The         Arena] max space (MB) allocated spread across MPI: [16868 ... 16868]
[The         Arena] max space (MB) used      spread across MPI: [186 ... 186]
[The Managed Arena] max space (MB) allocated spread across MPI: [8 ... 8]
[The Managed Arena] max space (MB) used      spread across MPI: [0 ... 0]
[The  Pinned Arena] max space (MB) allocated spread across MPI: [8 ... 8]
[The  Pinned Arena] max space (MB) used      spread across MPI: [2 ... 2]
AMReX (26.05-39-gbe2cc437644f) finalized

EXIT_CODE=0
Sun Jul 26 22:36:20 UTC 2026
