MLMG: Final Iter. 3 resid, resid/resid0 = 0.001816299342, 2.373719474e-13
MLMG: Timers: Solve = 0.140322147 Iter = 0.140117345 Bottom = 0.139762829
2 iterations :: err = 8.567908755e-11
Steady state check : (phi(t) - phi(t-1)).norm0() = 1.038695119e-07
Advanced step 51133 in 0.27289131 seconds
 
MLMG: Initial rhs               = 369858632.3
MLMG: Initial residual (resid0) = 7651701737
MLMG: Final Iter. 3 resid, resid/resid0 = 0.002357486635, 3.080996511e-13
MLMG: Timers: Solve = 0.121723382 Iter = 0.121502144 Bottom = 0.121150099
1 iterations :: err = 1
MLMG: Initial rhs               = 369858634.5
MLMG: Initial residual (resid0) = 7651701737
MLMG: Final Iter. 3 resid, resid/resid0 = 0.001258598239, 1.644860559e-13
MLMG: Timers: Solve = 0.108985812 Iter = 0.10877616 Bottom = 0.108426496
2 iterations :: err = 1.431251619e-10
Steady state check : (phi(t) - phi(t-1)).norm0() = 1.016178626e-07
Advanced step 51134 in 0.27298423 seconds
 
MLMG: Initial rhs               = 369858634.5
MLMG: Initial residual (resid0) = 7651701737
MLMG: Final Iter. 3 resid, resid/resid0 = 0.002622218131, 3.426973791e-13
MLMG: Timers: Solve = 0.125106177 Iter = 0.124888718 Bottom = 0.124535407
1 iterations :: err = 1
MLMG: Initial rhs               = 369858636.6
MLMG: Initial residual (resid0) = 7651701737
MLMG: Final Iter. 3 resid, resid/resid0 = 0.00295644952, 3.8637804e-13
MLMG: Timers: Solve = 0.133509646 Iter = 0.12110113 Bottom = 0.120748558
2 iterations :: err = 3.844772334e-11
Steady state check : (phi(t) - phi(t-1)).norm0() = 9.945079623e-08
Advanced step 51135 in 0.275027852 seconds
 
step = 51135, Phi_Bc_hi = -4, num_Vapp = 46, sign = -1
MLMG: Initial rhs               = 369858636.5
MLMG: Initial residual (resid0) = 6802101738
MLMG: Final Iter. 3 resid, resid/resid0 = 0.001078577759, 1.585653671e-13
MLMG: Timers: Solve = 0.106675545 Iter = 0.106444561 Bottom = 0.106087555
1 iterations :: err = 1
MLMG: Initial rhs               = 359903024.8
MLMG: Initial residual (resid0) = 6802101738
MLMG: Final Iter. 3 resid, resid/resid0 = 0.003038250392, 4.466634739e-13
MLMG: Timers: Solve = 0.105007607 Iter = 0.104802963 Bottom = 0.104446825
2 iterations :: err = 1.812643672e-05
MLMG: Initial rhs               = 359830319.7
MLMG: Initial residual (resid0) = 6802101738
MLMG: Final Iter. 3 resid, resid/resid0 = 0.0007577937663, 1.114058265e-13
MLMG: Timers: Solve = 0.123276168 Iter = 0.123069782 Bottom = 0.122716512
3 iterations :: err = 3.717500024e-09
voltage_sweep == 1 && num_Vapp == num_Vapp_max!
High-water FAB megabyte spread across MPI nodes: [171 ... 171]
Current     FAB megabyte spread across MPI nodes: [136 ... 136]
Total run time 16325.5862 seconds


TinyProfiler total time across processes [min...avg...max]: 1.633e+04 ... 1.633e+04 ... 1.633e+04

----------------------------------------------------------------------------------------------
Name                                           NCalls  Excl. Min  Excl. Avg  Excl. Max   Max %
----------------------------------------------------------------------------------------------
amrex::Dot()                                 72936976       4227       4227       4227  25.89%
MLABecLaplacian::Fapply()                    36878626       3241       3241       3241  19.85%
MLABecLaplacian::normalize()                 36776091       2345       2345       2345  14.36%
FabArray::norminf()                          37391034       2056       2056       2056  12.60%
ComputePhi_Rho()                                51181      842.5      842.5      842.5   5.16%
FillBoundary_nowait()                        37288024      771.4      771.4      771.4   4.73%
FabArray::Saxpy_Saxpy()                      18326582      509.2      509.2      509.2   3.12%
FabArray::Saypy_Saxpy()                      18141906      506.8      506.8      506.8   3.10%
FabArray::Saxpy_Xpay()                       18018979      465.4      465.4      465.4   2.85%
Calculate_Landau()                              51135      351.1      351.1      351.1   2.15%
ComputeEfromPhi()                              102270      198.5      198.5      198.5   1.22%
MLCellLinOp::applyBC()                       36878626        183        183        183   1.12%
Calculate_Grad()                                51135        183        183        183   1.12%
main()                                              1      87.49      87.49      87.49   0.54%
MLCGSolver::bicgstab                           307603      82.68      82.68      82.68   0.51%
FabArray::setVal()                            1896525       51.8       51.8       51.8   0.32%
amrex::Copy()                                 1692400      42.92      42.92      42.92   0.26%
MLCGSolver::ParallelAllReduce                91571161      27.87      27.87      27.87   0.17%
CalculateTDGL_RHS()                             51135      27.16      27.16      27.16   0.17%
MLCellLinOp::apply()                         36878626      19.96      19.96      19.96   0.12%
FabArray::FillBoundary()                     37288024      18.06      18.06      18.06   0.11%
MLMG::solve()                                  102535      4.272      4.272      4.272   0.03%
MLMG::actualBottomSolve()                      307603      1.132      1.132      1.132   0.01%
MLMG::oneIter()                                307603     0.2856     0.2856     0.2856   0.00%
MLCellLinOp::solutionResidual()                410138     0.2576     0.2576     0.2576   0.00%
MLMG::mgVcycle_bottom                          307603     0.2178     0.2178     0.2178   0.00%
MLMG::computeResidual()                        307603     0.1526     0.1526     0.1526   0.00%
MLMG::mgVcycle()                               307603     0.1065     0.1065     0.1065   0.00%
Other                                        77344807      81.09      81.09      81.09   0.50%
----------------------------------------------------------------------------------------------

----------------------------------------------------------------------------------------------
Name                                           NCalls  Incl. Min  Incl. Avg  Incl. Max   Max %
----------------------------------------------------------------------------------------------
main()                                              1  1.633e+04  1.633e+04  1.633e+04 100.00%
ComputePhi_Rho()                                51181  1.544e+04  1.544e+04  1.544e+04  94.59%
MLMG::solve()                                  102535  1.454e+04  1.454e+04  1.454e+04  89.03%
MLMG::oneIter()                                307603  1.443e+04  1.443e+04  1.443e+04  88.42%
MLMG::mgVcycle()                               307603  1.443e+04  1.443e+04  1.443e+04  88.37%
MLMG::mgVcycle_bottom                          307603  1.443e+04  1.443e+04  1.443e+04  88.37%
MLMG::actualBottomSolve()                      307603  1.443e+04  1.443e+04  1.443e+04  88.37%
MLCGSolver::bicgstab                           307603  1.442e+04  1.442e+04  1.442e+04  88.32%
MLCellLinOp::apply()                         36878626       4238       4238       4238  25.96%
amrex::Dot()                                 72936976       4227       4227       4227  25.89%
MLABecLaplacian::Fapply()                    36878626       3241       3241       3241  19.85%
MLABecLaplacian::normalize()                 36776091       2345       2345       2345  14.36%
MLCGSolver::ParallelAllReduce                91571161       2171       2171       2171  13.30%
FabArray::norminf()                          37391034       2056       2056       2056  12.60%
MLCellLinOp::applyBC()                       36878626      977.1      977.1      977.1   5.98%
FabArray::FillBoundary()                     37288024      803.7      803.7      803.7   4.92%
FillBoundary_nowait()                        37288024      778.9      778.9      778.9   4.77%
FabArray::Saxpy_Saxpy()                      18326582      509.2      509.2      509.2   3.12%
FabArray::Saypy_Saxpy()                      18141906      506.8      506.8      506.8   3.10%
FabArray::Saxpy_Xpay()                       18018979      465.4      465.4      465.4   2.85%
Calculate_Landau()                              51135      351.1      351.1      351.1   2.15%
ComputeEfromPhi()                              102270      198.5      198.5      198.5   1.22%
Calculate_Grad()                                51135        183        183        183   1.12%
MLCellLinOp::solutionResidual()                410138      61.29      61.29      61.29   0.38%
FabArray::setVal()                            1896525       51.8       51.8       51.8   0.32%
MLMG::computeResidual()                        307603      45.22      45.22      45.22   0.28%
amrex::Copy()                                 1692400      42.92      42.92      42.92   0.26%
CalculateTDGL_RHS()                             51135      30.82      30.82      30.82   0.19%
Other                                        77344807      139.1      139.1      139.1   0.85%
----------------------------------------------------------------------------------------------

Device Memory Usage:
-------------------------------------------------------------------------
Name                                           Nalloc    AvgMem    MaxMem
-------------------------------------------------------------------------
The_Arena::Initialize()                             1     1   B    16 GiB
main()                                           1360   118 MiB   122 MiB
WritePlotfile()                                   752  4395   B    33 MiB
ResizeRandomSeed                                    2    16 MiB    16 MiB
MLCGSolver::bicgstab                         24608240  9353 KiB    10 MiB
MLMG::prepareForSolve()                            64  8135 KiB  8136 KiB
MLABecLaplacian::define()                          64  7823 KiB  7824 KiB
ComputePhi_Rho()                             11486688   196 KiB  7552 KiB
MultiFab::OverlapMask()                       1746036  2645   B  1889 KiB
BndryData::define()                               192  1735 KiB  1736 KiB
MLCellLinOp::defineAuxData()                      192   815 KiB   816 KiB
FillBoundary_nowait()                          717750   176 KiB   180 KiB
VisMF::Write(FabArray)                          13536     3   B   174 KiB
MultiFab::max()                                 51183  2061   B    89 KiB
MultiFab::norm1                                102708    28   B    87 KiB
FabArray::norminf()                          37391034    10 KiB    87 KiB
amrex::Dot()                                 72936976    22 KiB    87 KiB
FabArray::setVal()                            1025382    74 KiB    74 KiB
amrex::Copy()                                  512908    29 KiB    29 KiB
MLCellLinOp::applyBC()                       36981168    25 KiB    26 KiB
MLCellLinOp::prepareForSolve()                      1     0   B    15 KiB
FabArray::LinComb()                            102536  2048   B  4096   B
MLABecLaplacian::Fapply()                      615206  3572   B  4096   B
FabArray::setVal(val, thecmd, scomp, ncomp)         8     0   B  3328   B
MultiFab::Divide()                             102708     1   B  2048   B
MLCellLinOp::defineBC()                             1  1791   B  1792   B
-------------------------------------------------------------------------

Managed Memory Usage:
---------------------------------------------------------
Name                             Nalloc  AvgMem    MaxMem
---------------------------------------------------------
The_Managed_Arena::Initialize()       1   0   B  8192 KiB
main()                                1   0   B    31 KiB
---------------------------------------------------------

Pinned Memory Usage:
-------------------------------------------------------------------------
Name                                           Nalloc    AvgMem    MaxMem
-------------------------------------------------------------------------
The_Pinned_Arena::Initialize()                      1     0   B  8192 KiB
VisMF::Write(FabArray)                          14288   203   B  2124 KiB
FillBoundary_nowait()                          717750   176 KiB   180 KiB
FabArray::setVal()                            1025382    74 KiB    74 KiB
amrex::Copy()                                  512908    29 KiB    29 KiB
MLCellLinOp::applyBC()                         102542    25 KiB    25 KiB
MLCellLinOp::prepareForSolve()                      1     0   B    15 KiB
FabArray::LinComb()                            102536  2048   B  4096   B
MLABecLaplacian::Fapply()                      615206  3572   B  4096   B
FabArray::setVal(val, thecmd, scomp, ncomp)         8     0   B  3328   B
MultiFab::max()                                 51183  2048   B  2304   B
MultiFab::Divide()                             102708     1   B  2048   B
MLCellLinOp::setLevelBC()                          47     0   B  1792   B
MultiFab::OverlapMask()                        102708     0   B  1792   B
amrex::Dot()                                 72936976    65   B   256   B
Unprofiled                                         15     0   B   256   B
MultiFab::norm1                                102708     0   B   256   B
FabArray::norminf()                          37391034    31   B   256   B
-------------------------------------------------------------------------

Total GPU global memory (MB) spread across MPI: [22491 ... 22491]
Free  GPU global memory (MB) spread across MPI: [5299 ... 5299]
[The         Arena] max space (MB) allocated spread across MPI: [16868 ... 16868]
[The         Arena] max space (MB) used      spread across MPI: [186 ... 186]
[The Managed Arena] max space (MB) allocated spread across MPI: [8 ... 8]
[The Managed Arena] max space (MB) used      spread across MPI: [0 ... 0]
[The  Pinned Arena] max space (MB) allocated spread across MPI: [8 ... 8]
[The  Pinned Arena] max space (MB) used      spread across MPI: [2 ... 2]
AMReX (26.05-39-gbe2cc437644f) finalized

EXIT_CODE=0
Sat Jul 18 01:14:47 UTC 2026
