MLMG: Initial rhs               = 292296559.6
MLMG: Initial residual (resid0) = 8176118218
MLMG: Final Iter. 3 resid, resid/resid0 = 0.0006188750267, 7.56930135e-14
MLMG: Timers: Solve = 0.102501362 Iter = 0.102300613 Bottom = 0.101945816
2 iterations :: err = 7.601883956e-12
Steady state check : (phi(t) - phi(t-1)).norm0() = 1.157237441e-07
Advanced step 45748 in 0.248576009 seconds
 
MLMG: Initial rhs               = 292296559.6
MLMG: Initial residual (resid0) = 8176118217
MLMG: Final Iter. 3 resid, resid/resid0 = 0.003126314143, 3.823714457e-13
MLMG: Timers: Solve = 0.110401785 Iter = 0.110178943 Bottom = 0.109824591
1 iterations :: err = 1
MLMG: Initial rhs               = 292296577.7
MLMG: Initial residual (resid0) = 8176118217
MLMG: Final Iter. 3 resid, resid/resid0 = 0.001697081499, 2.075656753e-13
MLMG: Timers: Solve = 0.098299903 Iter = 0.098099493 Bottom = 0.097734027
2 iterations :: err = 3.960899295e-11
Steady state check : (phi(t) - phi(t-1)).norm0() = 1.047376802e-07
Advanced step 45749 in 0.234154535 seconds
 
MLMG: Initial rhs               = 292296577.7
MLMG: Initial residual (resid0) = 8176118217
MLMG: Final Iter. 3 resid, resid/resid0 = 0.001397923836, 1.709764706e-13
MLMG: Timers: Solve = 0.102956882 Iter = 0.102735119 Bottom = 0.102383199
1 iterations :: err = 1
MLMG: Initial rhs               = 292296594.2
MLMG: Initial residual (resid0) = 8176118217
MLMG: Final Iter. 3 resid, resid/resid0 = 0.001123322443, 1.373906801e-13
MLMG: Timers: Solve = 0.11668562 Iter = 0.116484564 Bottom = 0.116128541
2 iterations :: err = 1.144959891e-10
Steady state check : (phi(t) - phi(t-1)).norm0() = 9.479911882e-08
Advanced step 45750 in 0.251972847 seconds
 
step = 45750, Phi_Bc_hi = -4, num_Vapp = 46, sign = -1
MLMG: Initial rhs               = 292296594.2
MLMG: Initial residual (resid0) = 7265851180
MLMG: Final Iter. 3 resid, resid/resid0 = 0.001294759802, 1.781979523e-13
MLMG: Timers: Solve = 0.114825473 Iter = 0.11459734 Bottom = 0.11423628
1 iterations :: err = 1
MLMG: Initial rhs               = 281241183.9
MLMG: Initial residual (resid0) = 7265851180
MLMG: Final Iter. 3 resid, resid/resid0 = 0.001303405793, 1.793879011e-13
MLMG: Timers: Solve = 0.08659866 Iter = 0.086397366 Bottom = 0.086042461
2 iterations :: err = 2.880779833e-05
MLMG: Initial rhs               = 281121150.8
MLMG: Initial residual (resid0) = 7265851180
MLMG: Final Iter. 3 resid, resid/resid0 = 0.0007612007903, 1.047641593e-13
MLMG: Timers: Solve = 0.099844427 Iter = 0.099630132 Bottom = 0.099276838
3 iterations :: err = 1.217984329e-08
voltage_sweep == 1 && num_Vapp == num_Vapp_max!
High-water FAB megabyte spread across MPI nodes: [171 ... 171]
Current     FAB megabyte spread across MPI nodes: [136 ... 136]
Total run time 15043.58094 seconds


TinyProfiler total time across processes [min...avg...max]: 1.504e+04 ... 1.504e+04 ... 1.504e+04

----------------------------------------------------------------------------------------------
Name                                           NCalls  Excl. Min  Excl. Avg  Excl. Max   Max %
----------------------------------------------------------------------------------------------
amrex::Dot()                                 67552560       3924       3924       3924  26.09%
MLABecLaplacian::Fapply()                    34143248       2941       2941       2941  19.55%
MLABecLaplacian::normalize()                 34051503       2175       2175       2175  14.46%
FabArray::norminf()                          34601716       1837       1837       1837  12.21%
ComputePhi_Rho()                                45796      809.2      809.2      809.2   5.38%
FillBoundary_nowait()                        34509546      696.4      696.4      696.4   4.63%
FabArray::Saxpy_Saxpy()                      16977915      484.3      484.3      484.3   3.22%
FabArray::Saxpy_Xpay()                       16702692        454        454        454   3.02%
FabArray::Saypy_Saxpy()                      16798365      449.6      449.6      449.6   2.99%
Calculate_Landau()                              45750      319.3      319.3      319.3   2.12%
ComputeEfromPhi()                               91500      176.7      176.7      176.7   1.17%
Calculate_Grad()                                45750      163.6      163.6      163.6   1.09%
MLCellLinOp::applyBC()                       34143248      158.9      158.9      158.9   1.06%
main()                                              1      135.3      135.3      135.3   0.90%
MLCGSolver::bicgstab                           275223      80.01      80.01      80.01   0.53%
FabArray::setVal()                            1696910      42.81      42.81      42.81   0.28%
amrex::Copy()                                 1514345       37.2       37.2       37.2   0.25%
MLCGSolver::ParallelAllReduce                84805698      25.22      25.22      25.22   0.17%
MLCellLinOp::apply()                         34143248      18.88      18.88      18.88   0.13%
FabArray::FillBoundary()                     34509546      15.69      15.69      15.69   0.10%
MLMG::solve()                                   91745      4.353      4.353      4.353   0.03%
MLMG::actualBottomSolve()                      275223     0.8384     0.8384     0.8384   0.01%
MLMG::oneIter()                                275223     0.3685     0.3685     0.3685   0.00%
MLCellLinOp::solutionResidual()                366968     0.2869     0.2869     0.2869   0.00%
MLMG::computeResidual()                        275223     0.2106     0.2106     0.2106   0.00%
MLMG::mgVcycle_bottom                          275223     0.1901     0.1901     0.1901   0.00%
MLMG::mgVcycle()                               275223     0.1098     0.1098     0.1098   0.00%
Other                                        71542211      93.68      93.68      93.68   0.62%
----------------------------------------------------------------------------------------------

----------------------------------------------------------------------------------------------
Name                                           NCalls  Incl. Min  Incl. Avg  Incl. Max   Max %
----------------------------------------------------------------------------------------------
main()                                              1  1.504e+04  1.504e+04  1.504e+04 100.00%
ComputePhi_Rho()                                45796  1.419e+04  1.419e+04  1.419e+04  94.34%
MLMG::solve()                                   91745  1.333e+04  1.333e+04  1.333e+04  88.59%
MLMG::oneIter()                                275223  1.324e+04  1.324e+04  1.324e+04  88.00%
MLMG::mgVcycle()                               275223  1.323e+04  1.323e+04  1.323e+04  87.96%
MLMG::mgVcycle_bottom                          275223  1.323e+04  1.323e+04  1.323e+04  87.96%
MLMG::actualBottomSolve()                      275223  1.323e+04  1.323e+04  1.323e+04  87.96%
MLCGSolver::bicgstab                           275223  1.323e+04  1.323e+04  1.323e+04  87.92%
amrex::Dot()                                 67552560       3924       3924       3924  26.09%
MLCellLinOp::apply()                         34143248       3833       3833       3833  25.48%
MLABecLaplacian::Fapply()                    34143248       2941       2941       2941  19.55%
MLABecLaplacian::normalize()                 34051503       2175       2175       2175  14.46%
MLCGSolver::ParallelAllReduce                84805698       2045       2045       2045  13.59%
FabArray::norminf()                          34601716       1837       1837       1837  12.21%
MLCellLinOp::applyBC()                       34143248      873.6      873.6      873.6   5.81%
FabArray::FillBoundary()                     34509546      723.5      723.5      723.5   4.81%
FillBoundary_nowait()                        34509546      702.5      702.5      702.5   4.67%
FabArray::Saxpy_Saxpy()                      16977915      484.3      484.3      484.3   3.22%
FabArray::Saxpy_Xpay()                       16702692        454        454        454   3.02%
FabArray::Saypy_Saxpy()                      16798365      449.6      449.6      449.6   2.99%
Calculate_Landau()                              45750      319.3      319.3      319.3   2.12%
ComputeEfromPhi()                               91500      176.7      176.7      176.7   1.17%
Calculate_Grad()                                45750      163.6      163.6      163.6   1.09%
MLCellLinOp::solutionResidual()                366968      53.68      53.68      53.68   0.36%
FabArray::setVal()                            1696910      42.81      42.81      42.81   0.28%
MLMG::computeResidual()                        275223      41.29      41.29      41.29   0.27%
amrex::Copy()                                 1514345       37.2       37.2       37.2   0.25%
Other                                        71542211      145.7      145.7      145.7   0.97%
----------------------------------------------------------------------------------------------

Device Memory Usage:
-------------------------------------------------------------------------
Name                                           Nalloc    AvgMem    MaxMem
-------------------------------------------------------------------------
The_Arena::Initialize()                             1     1   B    16 GiB
main()                                           1360   118 MiB   122 MiB
WritePlotfile()                                   752  4022   B    33 MiB
ResizeRandomSeed                                    2    16 MiB    16 MiB
MLCGSolver::bicgstab                         22017840  9312 KiB    10 MiB
MLMG::prepareForSolve()                            64  8135 KiB  8136 KiB
MLABecLaplacian::define()                          64  7823 KiB  7824 KiB
ComputePhi_Rho()                             10277888   202 KiB  7552 KiB
MultiFab::OverlapMask()                       1562266  2523   B  1889 KiB
BndryData::define()                               192  1735 KiB  1736 KiB
MLCellLinOp::defineAuxData()                      192   815 KiB   816 KiB
FillBoundary_nowait()                          642200   176 KiB   180 KiB
VisMF::Write(FabArray)                          13536     5   B   174 KiB
MultiFab::max()                                 45798  2058   B    89 KiB
MultiFab::norm1                                 91898    25   B    87 KiB
FabArray::norminf()                          34601716    10 KiB    87 KiB
amrex::Dot()                                 67552560    22 KiB    87 KiB
FabArray::setVal()                             917462    74 KiB    74 KiB
amrex::Copy()                                  458928    29 KiB    29 KiB
MLCellLinOp::applyBC()                       34235000    25 KiB    26 KiB
MLCellLinOp::prepareForSolve()                      1     0   B    15 KiB
FabArray::LinComb()                             91746  2048   B  4096   B
MLABecLaplacian::Fapply()                      550446  3557   B  4096   B
FabArray::setVal(val, thecmd, scomp, ncomp)         8     0   B  3328   B
MultiFab::Divide()                              91898     1   B  2048   B
MLCellLinOp::defineBC()                             1  1791   B  1792   B
-------------------------------------------------------------------------

Managed Memory Usage:
---------------------------------------------------------
Name                             Nalloc  AvgMem    MaxMem
---------------------------------------------------------
The_Managed_Arena::Initialize()       1   0   B  8192 KiB
main()                                1   0   B    31 KiB
---------------------------------------------------------

Pinned Memory Usage:
-------------------------------------------------------------------------
Name                                           Nalloc    AvgMem    MaxMem
-------------------------------------------------------------------------
The_Pinned_Arena::Initialize()                      1     0   B  8192 KiB
VisMF::Write(FabArray)                          14288   144   B  2124 KiB
FillBoundary_nowait()                          642200   176 KiB   180 KiB
FabArray::setVal()                             917462    74 KiB    74 KiB
amrex::Copy()                                  458928    29 KiB    29 KiB
MLCellLinOp::applyBC()                          91752    25 KiB    25 KiB
MLCellLinOp::prepareForSolve()                      1     0   B    15 KiB
FabArray::LinComb()                             91746  2048   B  4096   B
MLABecLaplacian::Fapply()                      550446  3557   B  4096   B
FabArray::setVal(val, thecmd, scomp, ncomp)         8     0   B  3328   B
MultiFab::max()                                 45798  2048   B  2304   B
MultiFab::Divide()                              91898     1   B  2048   B
MLCellLinOp::setLevelBC()                          47     0   B  1792   B
MultiFab::OverlapMask()                         91898     0   B  1792   B
amrex::Dot()                                 67552560    66   B   256   B
Unprofiled                                         15     0   B   256   B
MultiFab::norm1                                 91898     0   B   256   B
FabArray::norminf()                          34601716    30   B   256   B
-------------------------------------------------------------------------

Total GPU global memory (MB) spread across MPI: [22491 ... 22491]
Free  GPU global memory (MB) spread across MPI: [5299 ... 5299]
[The         Arena] max space (MB) allocated spread across MPI: [16868 ... 16868]
[The         Arena] max space (MB) used      spread across MPI: [186 ... 186]
[The Managed Arena] max space (MB) allocated spread across MPI: [8 ... 8]
[The Managed Arena] max space (MB) used      spread across MPI: [0 ... 0]
[The  Pinned Arena] max space (MB) allocated spread across MPI: [8 ... 8]
[The  Pinned Arena] max space (MB) used      spread across MPI: [2 ... 2]
AMReX (26.05-39-gbe2cc437644f) finalized

EXIT_CODE=0
Fri Aug 07 22:48:42 UTC 2026
