MLMG: Initial rhs               = 591673808.7
MLMG: Initial residual (resid0) = 8836392422
MLMG: Final Iter. 3 resid, resid/resid0 = 0.001738362014, 1.967275706e-13
MLMG: Timers: Solve = 0.125210925 Iter = 0.125009145 Bottom = 0.124656884
2 iterations :: err = 9.269231823e-11
Steady state check : (phi(t) - phi(t-1)).norm0() = 1.012118551e-07
Advanced step 73701 in 0.255330139 seconds
 
MLMG: Initial rhs               = 591673809.8
MLMG: Initial residual (resid0) = 8836392422
MLMG: Final Iter. 3 resid, resid/resid0 = 0.0008517930764, 9.639602178e-14
MLMG: Timers: Solve = 0.123276251 Iter = 0.123054423 Bottom = 0.122698991
1 iterations :: err = 1
MLMG: Initial rhs               = 591673809.8
MLMG: Initial residual (resid0) = 8836392422
MLMG: Final Iter. 3 resid, resid/resid0 = 0.004481762648, 5.071937091e-13
MLMG: Timers: Solve = 0.102329373 Iter = 0.102125437 Bottom = 0.101771379
2 iterations :: err = 1.68959488e-10
Steady state check : (phi(t) - phi(t-1)).norm0() = 1.005347926e-07
Advanced step 73702 in 0.271998931 seconds
 
MLMG: Initial rhs               = 591673811
MLMG: Initial residual (resid0) = 8836392423
MLMG: Final Iter. 3 resid, resid/resid0 = 0.002956323326, 3.345622494e-13
MLMG: Timers: Solve = 0.129434878 Iter = 0.129198668 Bottom = 0.128845892
1 iterations :: err = 1
MLMG: Initial rhs               = 591673811
MLMG: Initial residual (resid0) = 8836392423
MLMG: Final Iter. 3 resid, resid/resid0 = 0.002020895481, 2.287014185e-13
MLMG: Timers: Solve = 0.110172108 Iter = 0.109969739 Bottom = 0.109618641
2 iterations :: err = 2.030344899e-10
Steady state check : (phi(t) - phi(t-1)).norm0() = 9.99083246e-08
Advanced step 73703 in 0.271780691 seconds
 
step = 73703, Phi_Bc_hi = -4, num_Vapp = 46, sign = -1
MLMG: Initial rhs               = 591673812.2
MLMG: Initial residual (resid0) = 7858720489
MLMG: Final Iter. 3 resid, resid/resid0 = 0.002644529879, 3.365089626e-13
MLMG: Timers: Solve = 0.118344669 Iter = 0.118101893 Bottom = 0.117740632
1 iterations :: err = 1
MLMG: Initial rhs               = 591673812.3
MLMG: Initial residual (resid0) = 7858720489
MLMG: Final Iter. 3 resid, resid/resid0 = 0.001779331604, 2.264149242e-13
MLMG: Timers: Solve = 0.105713992 Iter = 0.105483266 Bottom = 0.105133344
2 iterations :: err = 2.812668044e-05
MLMG: Initial rhs               = 591673812.3
MLMG: Initial residual (resid0) = 7858720489
MLMG: Final Iter. 3 resid, resid/resid0 = 0.003095692653, 3.939181521e-13
MLMG: Timers: Solve = 0.116133324 Iter = 0.11592435 Bottom = 0.115568972
3 iterations :: err = 1.031631243e-08
voltage_sweep == 1 && num_Vapp == num_Vapp_max!
High-water FAB megabyte spread across MPI nodes: [171 ... 171]
Current     FAB megabyte spread across MPI nodes: [136 ... 136]
Total run time 23764.02013 seconds


TinyProfiler total time across processes [min...avg...max]: 2.376e+04 ... 2.376e+04 ... 2.376e+04

-----------------------------------------------------------------------------------------------
Name                                            NCalls  Excl. Min  Excl. Avg  Excl. Max   Max %
-----------------------------------------------------------------------------------------------
amrex::Dot()                                 106438692       6209       6209       6209  26.13%
MLABecLaplacian::Fapply()                     53810002       4615       4615       4615  19.42%
MLABecLaplacian::normalize()                  53662338       3382       3382       3382  14.23%
FabArray::norminf()                           54548064       2941       2941       2941  12.38%
ComputePhi_Rho()                                 73749       1344       1344       1344   5.66%
FillBoundary_nowait()                         54399937       1082       1082       1082   4.55%
FabArray::Saxpy_Saxpy()                       26736516      746.3      746.3      746.3   3.14%
FabArray::Saypy_Saxpy()                       26482830      726.5      726.5      726.5   3.06%
FabArray::Saxpy_Xpay()                        26293524      690.4      690.4      690.4   2.91%
Calculate_Landau()                               73703      514.3      514.3      514.3   2.16%
ComputeEfromPhi()                               147406      273.4      273.4      273.4   1.15%
Calculate_Grad()                                 73703      261.3      261.3      261.3   1.10%
MLCellLinOp::applyBC()                        53810002      258.4      258.4      258.4   1.09%
main()                                               1      231.7      231.7      231.7   0.97%
MLCGSolver::bicgstab                            442992      112.5      112.5      112.5   0.47%
FabArray::setVal()                             2731428       68.9       68.9       68.9   0.29%
amrex::Copy()                                  2437038      58.62      58.62      58.62   0.25%
MLCGSolver::ParallelAllReduce                133618200      38.58      38.58      38.58   0.16%
MLCellLinOp::apply()                          53810002      29.55      29.55      29.55   0.12%
FabArray::FillBoundary()                      54399937      23.74      23.74      23.74   0.10%
MLMG::solve()                                   147664      6.438      6.438      6.438   0.03%
MLMG::actualBottomSolve()                       442992      1.357      1.357      1.357   0.01%
MLMG::oneIter()                                 442992     0.5077     0.5077     0.5077   0.00%
MLMG::computeResidual()                         442992     0.4265     0.4265     0.4265   0.00%
MLCellLinOp::solutionResidual()                 590656     0.3848     0.3848     0.3848   0.00%
MLMG::mgVcycle_bottom                           442992     0.2432     0.2432     0.2432   0.00%
MLMG::mgVcycle()                                442992     0.2399     0.2399     0.2399   0.00%
Other                                        112860820      147.6      147.6      147.6   0.62%
-----------------------------------------------------------------------------------------------

-----------------------------------------------------------------------------------------------
Name                                            NCalls  Incl. Min  Incl. Avg  Incl. Max   Max %
-----------------------------------------------------------------------------------------------
main()                                               1  2.376e+04  2.376e+04  2.376e+04 100.00%
ComputePhi_Rho()                                 73749   2.24e+04   2.24e+04   2.24e+04  94.24%
MLMG::solve()                                   147664  2.096e+04  2.096e+04  2.096e+04  88.21%
MLMG::oneIter()                                 442992  2.083e+04  2.083e+04  2.083e+04  87.63%
MLMG::mgVcycle()                                442992  2.081e+04  2.081e+04  2.081e+04  87.59%
MLMG::mgVcycle_bottom                           442992  2.081e+04  2.081e+04  2.081e+04  87.59%
MLMG::actualBottomSolve()                       442992  2.081e+04  2.081e+04  2.081e+04  87.59%
MLCGSolver::bicgstab                            442992   2.08e+04   2.08e+04   2.08e+04  87.54%
amrex::Dot()                                 106438692       6209       6209       6209  26.13%
MLCellLinOp::apply()                          53810002       6014       6014       6014  25.31%
MLABecLaplacian::Fapply()                     53810002       4615       4615       4615  19.42%
MLABecLaplacian::normalize()                  53662338       3382       3382       3382  14.23%
MLCGSolver::ParallelAllReduce                133618200       3223       3223       3223  13.56%
FabArray::norminf()                           54548064       2941       2941       2941  12.38%
MLCellLinOp::applyBC()                        53810002       1369       1369       1369   5.76%
FabArray::FillBoundary()                      54399937       1123       1123       1123   4.73%
FillBoundary_nowait()                         54399937       1092       1092       1092   4.59%
FabArray::Saxpy_Saxpy()                       26736516      746.3      746.3      746.3   3.14%
FabArray::Saypy_Saxpy()                       26482830      726.5      726.5      726.5   3.06%
FabArray::Saxpy_Xpay()                        26293524      690.4      690.4      690.4   2.91%
Calculate_Landau()                               73703      514.3      514.3      514.3   2.16%
ComputeEfromPhi()                               147406      273.4      273.4      273.4   1.15%
Calculate_Grad()                                 73703      261.3      261.3      261.3   1.10%
MLCellLinOp::solutionResidual()                 590656      84.04      84.04      84.04   0.35%
FabArray::setVal()                             2731428       68.9       68.9       68.9   0.29%
MLMG::computeResidual()                         442992      64.76      64.76      64.76   0.27%
amrex::Copy()                                  2437038      58.62      58.62      58.62   0.25%
Other                                        112860820      226.7      226.7      226.7   0.95%
-----------------------------------------------------------------------------------------------

Device Memory Usage:
--------------------------------------------------------------------------
Name                                            Nalloc    AvgMem    MaxMem
--------------------------------------------------------------------------
The_Arena::Initialize()                              1     0   B    16 GiB
main()                                            1360   118 MiB   122 MiB
WritePlotfile()                                    752  2469   B    33 MiB
ResizeRandomSeed                                     2    16 MiB    16 MiB
MLCGSolver::bicgstab                          35439360  9272 KiB    10 MiB
MLMG::prepareForSolve()                             64  8135 KiB  8136 KiB
MLABecLaplacian::define()                           64  7823 KiB  7824 KiB
ComputePhi_Rho()                              16541024   213 KiB  7552 KiB
MultiFab::OverlapMask()                        2513110  2583   B  1889 KiB
BndryData::define()                                192  1735 KiB  1736 KiB
MLCellLinOp::defineAuxData()                       192   815 KiB   816 KiB
FillBoundary_nowait()                          1033657   175 KiB   180 KiB
VisMF::Write(FabArray)                           13536     2   B   174 KiB
MultiFab::max()                                  73751  2059   B    89 KiB
MultiFab::norm1                                 147830    24   B    87 KiB
FabArray::norminf()                           54548064    10 KiB    87 KiB
amrex::Dot()                                 106438692    22 KiB    87 KiB
FabArray::setVal()                             1476676    74 KiB    74 KiB
amrex::Copy()                                   738548    29 KiB    29 KiB
MLCellLinOp::applyBC()                        53957673    25 KiB    26 KiB
MLCellLinOp::prepareForSolve()                       1     0   B    15 KiB
FabArray::LinComb()                             147665  2048   B  4096   B
MLABecLaplacian::Fapply()                       885984  3543   B  4096   B
FabArray::setVal(val, thecmd, scomp, ncomp)          8     0   B  3328   B
MultiFab::Divide()                              147830     1   B  2048   B
MLCellLinOp::defineBC()                              1  1791   B  1792   B
--------------------------------------------------------------------------

Managed Memory Usage:
---------------------------------------------------------
Name                             Nalloc  AvgMem    MaxMem
---------------------------------------------------------
The_Managed_Arena::Initialize()       1   0   B  8192 KiB
main()                                1   0   B    31 KiB
---------------------------------------------------------

Pinned Memory Usage:
--------------------------------------------------------------------------
Name                                            Nalloc    AvgMem    MaxMem
--------------------------------------------------------------------------
The_Pinned_Arena::Initialize()                       1     0   B  8192 KiB
VisMF::Write(FabArray)                           14288    97   B  2124 KiB
FillBoundary_nowait()                          1033657   175 KiB   180 KiB
FabArray::setVal()                             1476676    74 KiB    74 KiB
amrex::Copy()                                   738548    29 KiB    29 KiB
MLCellLinOp::applyBC()                          147671    25 KiB    25 KiB
MLCellLinOp::prepareForSolve()                       1     0   B    15 KiB
FabArray::LinComb()                             147665  2048   B  4096   B
MLABecLaplacian::Fapply()                       885984  3543   B  4096   B
FabArray::setVal(val, thecmd, scomp, ncomp)          8     0   B  3328   B
MultiFab::max()                                  73751  2048   B  2304   B
MultiFab::Divide()                              147830     1   B  2048   B
MLCellLinOp::setLevelBC()                           47     0   B  1792   B
MultiFab::OverlapMask()                         147830     0   B  1792   B
amrex::Dot()                                 106438692    66   B   256   B
Unprofiled                                          15     0   B   256   B
MultiFab::norm1                                 147830     0   B   256   B
FabArray::norminf()                           54548064    31   B   256   B
--------------------------------------------------------------------------

Total GPU global memory (MB) spread across MPI: [22491 ... 22491]
Free  GPU global memory (MB) spread across MPI: [5299 ... 5299]
[The         Arena] max space (MB) allocated spread across MPI: [16868 ... 16868]
[The         Arena] max space (MB) used      spread across MPI: [186 ... 186]
[The Managed Arena] max space (MB) allocated spread across MPI: [8 ... 8]
[The Managed Arena] max space (MB) used      spread across MPI: [0 ... 0]
[The  Pinned Arena] max space (MB) allocated spread across MPI: [8 ... 8]
[The  Pinned Arena] max space (MB) used      spread across MPI: [2 ... 2]
AMReX (26.05-39-gbe2cc437644f) finalized

EXIT_CODE=0
Thu Jul 23 15:22:49 UTC 2026
