MLMG: Initial residual (resid0) = 8178186123
MLMG: Final Iter. 3 resid, resid/resid0 = 0.002483094111, 3.036240645e-13
MLMG: Timers: Solve = 0.099332834 Iter = 0.09911822 Bottom = 0.098760359
2 iterations :: err = 2.715540072e-11
Steady state check : (phi(t) - phi(t-1)).norm0() = 1.664031619e-06
Advanced step 12763 in 0.241330466 seconds
 
MLMG: Initial rhs               = 302247267.3
MLMG: Initial residual (resid0) = 8178186117
MLMG: Final Iter. 3 resid, resid/resid0 = 0.001008572852, 1.233247615e-13
MLMG: Timers: Solve = 0.110390559 Iter = 0.110163104 Bottom = 0.109788947
1 iterations :: err = 1
MLMG: Initial rhs               = 302247450.5
MLMG: Initial residual (resid0) = 8178186117
MLMG: Final Iter. 3 resid, resid/resid0 = 0.0007694315362, 9.408339761e-14
MLMG: Timers: Solve = 0.109109227 Iter = 0.108898622 Bottom = 0.108536245
2 iterations :: err = 4.214384292e-11
Steady state check : (phi(t) - phi(t-1)).norm0() = 1.023923268e-06
Advanced step 12764 in 0.251280565 seconds
 
MLMG: Initial rhs               = 302247450.5
MLMG: Initial residual (resid0) = 8178186112
MLMG: Final Iter. 3 resid, resid/resid0 = 0.003378024912, 4.130530739e-13
MLMG: Timers: Solve = 0.104253493 Iter = 0.104022595 Bottom = 0.103658524
1 iterations :: err = 1
MLMG: Initial rhs               = 302247563
MLMG: Initial residual (resid0) = 8178186112
MLMG: Final Iter. 3 resid, resid/resid0 = 0.003051367479, 3.731105452e-13
MLMG: Timers: Solve = 0.106740306 Iter = 0.106536331 Bottom = 0.106175467
2 iterations :: err = 1.420203674e-10
Steady state check : (phi(t) - phi(t-1)).norm0() = 6.283333333e-07
Advanced step 12765 in 0.241724411 seconds
 
step = 12765, Phi_Bc_hi = -4, num_Vapp = 46, sign = -1
MLMG: Initial rhs               = 302247563
MLMG: Initial residual (resid0) = 7267919072
MLMG: Final Iter. 3 resid, resid/resid0 = 0.000453786644, 6.243694233e-14
MLMG: Timers: Solve = 0.095808725 Iter = 0.09556046 Bottom = 0.09519253
1 iterations :: err = 1
MLMG: Initial rhs               = 291463126.1
MLMG: Initial residual (resid0) = 7267919072
MLMG: Final Iter. 3 resid, resid/resid0 = 0.001110436447, 1.527860225e-13
MLMG: Timers: Solve = 0.112389923 Iter = 0.112178293 Bottom = 0.111813227
2 iterations :: err = 2.501838239e-05
MLMG: Initial rhs               = 291353922.1
MLMG: Initial residual (resid0) = 7267919072
MLMG: Final Iter. 3 resid, resid/resid0 = 0.002261762485, 3.111980833e-13
MLMG: Timers: Solve = 0.090255867 Iter = 0.090043703 Bottom = 0.08967808
3 iterations :: err = 8.84123305e-09
voltage_sweep == 1 && num_Vapp == num_Vapp_max!
High-water FAB megabyte spread across MPI nodes: [171 ... 171]
Current     FAB megabyte spread across MPI nodes: [136 ... 136]
Total run time 4097.543353 seconds


TinyProfiler total time across processes [min...avg...max]: 4098 ... 4098 ... 4098

----------------------------------------------------------------------------------------------
Name                                           NCalls  Excl. Min  Excl. Avg  Excl. Max   Max %
----------------------------------------------------------------------------------------------
amrex::Dot()                                 17908042       1047       1047       1047  25.56%
MLABecLaplacian::Fapply()                     9056960        798        798        798  19.48%
MLABecLaplacian::normalize()                  9031225      581.3      581.3      581.3  14.19%
FabArray::norminf()                           9185429      501.4      501.4      501.4  12.24%
ComputePhi_Rho()                                12811      227.5      227.5      227.5   5.55%
FillBoundary_nowait()                         9159338      202.1      202.1      202.1   4.93%
FabArray::Saxpy_Saxpy()                       4500720        131        131        131   3.20%
FabArray::Saypy_Saxpy()                       4453301      126.1      126.1      126.1   3.08%
FabArray::Saxpy_Xpay()                        4423516      121.3      121.3      121.3   2.96%
Calculate_Landau()                              12765      88.66      88.66      88.66   2.16%
MLCellLinOp::applyBC()                        9056960      52.84      52.84      52.84   1.29%
ComputeEfromPhi()                               25530      49.68      49.68      49.68   1.21%
Calculate_Grad()                                12765      45.97      45.97      45.97   1.12%
main()                                              1      34.23      34.23      34.23   0.84%
MLCGSolver::bicgstab                            77204      19.25      19.25      19.25   0.47%
FabArray::setVal()                             475818      12.77      12.77      12.77   0.31%
amrex::Copy()                                  425233      11.02      11.02      11.02   0.27%
CalculateTDGL_RHS()                             12765      6.895      6.895      6.895   0.17%
MLCGSolver::ParallelAllReduce                22485966      6.355      6.355      6.355   0.16%
MLCellLinOp::apply()                          9056960       4.71       4.71       4.71   0.11%
FabArray::FillBoundary()                      9159338      4.388      4.388      4.388   0.11%
MLMG::solve()                                   25735      1.314      1.314      1.314   0.03%
MLMG::actualBottomSolve()                       77204     0.1803     0.1803     0.1803   0.00%
MLMG::oneIter()                                 77204    0.08844    0.08844    0.08844   0.00%
MLCellLinOp::solutionResidual()                102939    0.06817    0.06817    0.06817   0.00%
MLMG::mgVcycle_bottom                           77204    0.04499    0.04499    0.04499   0.00%
MLMG::computeResidual()                         77204    0.04203    0.04203    0.04203   0.00%
MLMG::mgVcycle()                                77204    0.03724    0.03724    0.03724   0.00%
Other                                        19013779      23.13      23.13      23.13   0.56%
----------------------------------------------------------------------------------------------

----------------------------------------------------------------------------------------------
Name                                           NCalls  Incl. Min  Incl. Avg  Incl. Max   Max %
----------------------------------------------------------------------------------------------
main()                                              1       4098       4098       4098 100.00%
ComputePhi_Rho()                                12811       3861       3861       3861  94.22%
MLMG::solve()                                   25735       3616       3616       3616  88.26%
MLMG::oneIter()                                 77204       3592       3592       3592  87.65%
MLMG::mgVcycle()                                77204       3590       3590       3590  87.60%
MLMG::mgVcycle_bottom                           77204       3589       3589       3589  87.60%
MLMG::actualBottomSolve()                       77204       3589       3589       3589  87.60%
MLCGSolver::bicgstab                            77204       3588       3588       3588  87.56%
MLCellLinOp::apply()                          9056960       1063       1063       1063  25.94%
amrex::Dot()                                 17908042       1047       1047       1047  25.56%
MLABecLaplacian::Fapply()                     9056960        798        798        798  19.48%
MLABecLaplacian::normalize()                  9031225      581.3      581.3      581.3  14.19%
MLCGSolver::ParallelAllReduce                22485966      533.2      533.2      533.2  13.01%
FabArray::norminf()                           9185429      501.4      501.4      501.4  12.24%
MLCellLinOp::applyBC()                        9056960        260        260        260   6.35%
FabArray::FillBoundary()                      9159338      209.6      209.6      209.6   5.11%
FillBoundary_nowait()                         9159338      203.9      203.9      203.9   4.98%
FabArray::Saxpy_Saxpy()                       4500720        131        131        131   3.20%
FabArray::Saypy_Saxpy()                       4453301      126.1      126.1      126.1   3.08%
FabArray::Saxpy_Xpay()                        4423516      121.3      121.3      121.3   2.96%
Calculate_Landau()                              12765      88.66      88.66      88.66   2.16%
ComputeEfromPhi()                               25530      49.68      49.68      49.68   1.21%
Calculate_Grad()                                12765      45.97      45.97      45.97   1.12%
MLCellLinOp::solutionResidual()                102939      15.17      15.17      15.17   0.37%
FabArray::setVal()                             475818      12.77      12.77      12.77   0.31%
MLMG::computeResidual()                         77204      11.43      11.43      11.43   0.28%
amrex::Copy()                                  425233      11.02      11.02      11.02   0.27%
CalculateTDGL_RHS()                             12765      7.941      7.941      7.941   0.19%
Other                                        19013779      40.44      40.44      40.44   0.99%
----------------------------------------------------------------------------------------------

Device Memory Usage:
-------------------------------------------------------------------------
Name                                           Nalloc    AvgMem    MaxMem
-------------------------------------------------------------------------
The_Arena::Initialize()                             1     5   B    16 GiB
main()                                           1360   118 MiB   122 MiB
WritePlotfile()                                   752    18 KiB    33 MiB
ResizeRandomSeed                                    2    16 MiB    16 MiB
MLCGSolver::bicgstab                          6176320  9273 KiB    10 MiB
MLMG::prepareForSolve()                            64  8135 KiB  8136 KiB
MLABecLaplacian::define()                          64  7823 KiB  7824 KiB
ComputePhi_Rho()                              2884128   208 KiB  7552 KiB
MultiFab::OverlapMask()                        439416  3038   B  1889 KiB
BndryData::define()                               192  1735 KiB  1736 KiB
MLCellLinOp::defineAuxData()                      192   815 KiB   816 KiB
FillBoundary_nowait()                          180152   175 KiB   180 KiB
VisMF::Write(FabArray)                          13536    11   B   174 KiB
MultiFab::max()                                 12813  2060   B    89 KiB
MultiFab::norm1                                 25848    27   B    87 KiB
FabArray::norminf()                           9185429    10 KiB    87 KiB
amrex::Dot()                                 17908042    21 KiB    87 KiB
FabArray::setVal()                             257384    74 KiB    74 KiB
amrex::Copy()                                  128849    29 KiB    29 KiB
MLCellLinOp::applyBC()                        9082702    25 KiB    26 KiB
MLCellLinOp::prepareForSolve()                      1     0   B    15 KiB
FabArray::LinComb()                             25736  2048   B  4096   B
MLABecLaplacian::Fapply()                      154408  3540   B  4096   B
FabArray::setVal(val, thecmd, scomp, ncomp)         8     0   B  3328   B
MultiFab::Divide()                              25848     1   B  2048   B
MLCellLinOp::defineBC()                             1  1791   B  1792   B
-------------------------------------------------------------------------

Managed Memory Usage:
---------------------------------------------------------
Name                             Nalloc  AvgMem    MaxMem
---------------------------------------------------------
The_Managed_Arena::Initialize()       1   0   B  8192 KiB
main()                                1   0   B    31 KiB
---------------------------------------------------------

Pinned Memory Usage:
-------------------------------------------------------------------------
Name                                           Nalloc    AvgMem    MaxMem
-------------------------------------------------------------------------
The_Pinned_Arena::Initialize()                      1     0   B  8192 KiB
VisMF::Write(FabArray)                          14288   873   B  2124 KiB
FillBoundary_nowait()                          180152   175 KiB   180 KiB
FabArray::setVal()                             257384    74 KiB    74 KiB
amrex::Copy()                                  128849    29 KiB    29 KiB
MLCellLinOp::applyBC()                          25742    25 KiB    25 KiB
MLCellLinOp::prepareForSolve()                      1     0   B    15 KiB
FabArray::LinComb()                             25736  2048   B  4096   B
MLABecLaplacian::Fapply()                      154408  3540   B  4096   B
FabArray::setVal(val, thecmd, scomp, ncomp)         8     0   B  3328   B
MultiFab::max()                                 12813  2048   B  2304   B
MultiFab::Divide()                              25848     1   B  2048   B
MLCellLinOp::setLevelBC()                          47     0   B  1792   B
MultiFab::OverlapMask()                         25848     0   B  1792   B
amrex::Dot()                                 17908042    64   B   256   B
Unprofiled                                         15     0   B   256   B
MultiFab::norm1                                 25848     0   B   256   B
FabArray::norminf()                           9185429    30   B   256   B
-------------------------------------------------------------------------

Total GPU global memory (MB) spread across MPI: [22491 ... 22491]
Free  GPU global memory (MB) spread across MPI: [5299 ... 5299]
[The         Arena] max space (MB) allocated spread across MPI: [16868 ... 16868]
[The         Arena] max space (MB) used      spread across MPI: [186 ... 186]
[The Managed Arena] max space (MB) allocated spread across MPI: [8 ... 8]
[The Managed Arena] max space (MB) used      spread across MPI: [0 ... 0]
[The  Pinned Arena] max space (MB) allocated spread across MPI: [8 ... 8]
[The  Pinned Arena] max space (MB) used      spread across MPI: [2 ... 2]
AMReX (26.05-39-gbe2cc437644f) finalized
EXIT_CODE=0
Wed Jul  1 03:55:44 UTC 2026
