1 iterations :: err = 1
MLMG: Initial rhs               = 617733522.4
MLMG: Initial residual (resid0) = 7688733884
MLMG: Final Iter. 3 resid, resid/resid0 = 0.005255031399, 6.834716195e-13
MLMG: Timers: Solve = 0.060809193 Iter = 0.060634718 Bottom = 0.060337563
2 iterations :: err = 1.097969681e-10
Steady state check : (phi(t) - phi(t-1)).norm0() = 1.005193216e-07
Advanced step 72887 in 0.135704401 seconds
 
MLMG: Initial rhs               = 617733518.8
MLMG: Initial residual (resid0) = 7688733884
MLMG: Final Iter. 3 resid, resid/resid0 = 0.001894011494, 2.463359407e-13
MLMG: Timers: Solve = 0.059566839 Iter = 0.059391982 Bottom = 0.059093098
1 iterations :: err = 1
MLMG: Initial rhs               = 617733518.8
MLMG: Initial residual (resid0) = 7688733884
MLMG: Final Iter. 3 resid, resid/resid0 = 0.001639078865, 2.131792945e-13
MLMG: Timers: Solve = 0.059328616 Iter = 0.059154631 Bottom = 0.05885945
2 iterations :: err = 3.735935627e-11
Steady state check : (phi(t) - phi(t-1)).norm0() = 1.002096786e-07
Advanced step 72888 in 0.134261691 seconds
 
MLMG: Initial rhs               = 617733514.5
MLMG: Initial residual (resid0) = 7688733884
MLMG: Final Iter. 3 resid, resid/resid0 = 0.006337761879, 8.242920062e-13
MLMG: Timers: Solve = 0.055319995 Iter = 0.055146972 Bottom = 0.054849437
1 iterations :: err = 1
MLMG: Initial rhs               = 617733514.5
MLMG: Initial residual (resid0) = 7688733884
MLMG: Final Iter. 3 resid, resid/resid0 = 0.001988076218, 2.585700387e-13
MLMG: Timers: Solve = 0.058057128 Iter = 0.057882111 Bottom = 0.057586371
2 iterations :: err = 7.486447488e-11
Steady state check : (phi(t) - phi(t-1)).norm0() = 9.990390209e-08
Advanced step 72889 in 0.1287841 seconds
 
step = 72889, Phi_Bc_hi = -4, num_Vapp = 46, sign = -1
MLMG: Initial rhs               = 617733510.1
MLMG: Initial residual (resid0) = 6839133884
MLMG: Final Iter. 3 resid, resid/resid0 = 0.002294102164, 3.35437528e-13
MLMG: Timers: Solve = 0.057941371 Iter = 0.057752944 Bottom = 0.057453116
1 iterations :: err = 1
MLMG: Initial rhs               = 617733510.1
MLMG: Initial residual (resid0) = 6839133884
MLMG: Final Iter. 3 resid, resid/resid0 = 0.002228465278, 3.258402768e-13
MLMG: Timers: Solve = 0.058877118 Iter = 0.058701761 Bottom = 0.058409845
2 iterations :: err = 2.24716413e-05
MLMG: Initial rhs               = 617733510.1
MLMG: Initial residual (resid0) = 6839133884
MLMG: Final Iter. 3 resid, resid/resid0 = 0.000967756062, 1.415027222e-13
MLMG: Timers: Solve = 0.05761922 Iter = 0.057449922 Bottom = 0.057160221
3 iterations :: err = 6.963451561e-09
voltage_sweep == 1 && num_Vapp == num_Vapp_max!
High-water FAB megabyte spread across MPI nodes: [171 ... 171]
Current     FAB megabyte spread across MPI nodes: [136 ... 136]
Total run time 11008.58874 seconds


TinyProfiler total time across processes [min...avg...max]: 1.101e+04 ... 1.101e+04 ... 1.101e+04

-----------------------------------------------------------------------------------------------
Name                                            NCalls  Excl. Min  Excl. Avg  Excl. Max   Max %
-----------------------------------------------------------------------------------------------
amrex::Dot()                                 106590072       2912       2912       2912  26.45%
MLABecLaplacian::Fapply()                     53879324       2404       2404       2404  21.84%
MLABecLaplacian::normalize()                  53733252       1725       1725       1725  15.67%
FabArray::norminf()                           54609390       1245       1245       1245  11.31%
ComputePhi_Rho()                                 72935        503        503        503   4.57%
FillBoundary_nowait()                         54462783      441.1      441.1      441.1   4.01%
FabArray::Saxpy_Saxpy()                       26768058        350        350        350   3.18%
FabArray::Saypy_Saxpy()                       26526978      326.2      326.2      326.2   2.96%
FabArray::Saxpy_Xpay()                        26329842      299.8      299.8      299.8   2.72%
Calculate_Landau()                               72889      274.9      274.9      274.9   2.50%
Calculate_Grad()                                 72889      144.9      144.9      144.9   1.32%
ComputeEfromPhi()                               145778      129.8      129.8      129.8   1.18%
MLCellLinOp::applyBC()                        53879324      85.25      85.25      85.25   0.77%
FabArray::setVal()                             2701922      32.01      32.01      32.01   0.29%
amrex::Copy()                                  2410752      26.09      26.09      26.09   0.24%
MLCGSolver::bicgstab                            438216      23.06      23.06      23.06   0.21%
MLCGSolver::ParallelAllReduce                133796346      12.15      12.15      12.15   0.11%
main()                                               1      9.873      9.873      9.873   0.09%
MLCellLinOp::apply()                          53879324      7.052      7.052      7.052   0.06%
FabArray::FillBoundary()                      54462783       6.15       6.15       6.15   0.06%
MLMG::solve()                                   146072     0.9018     0.9018     0.9018   0.01%
MLMG::actualBottomSolve()                       438216     0.1647     0.1647     0.1647   0.00%
MLCellLinOp::solutionResidual()                 584288    0.08486    0.08486    0.08486   0.00%
MLMG::oneIter()                                 438216    0.07334    0.07334    0.07334   0.00%
MLMG::computeResidual()                         438216    0.05301    0.05301    0.05301   0.00%
MLMG::mgVcycle_bottom                           438216    0.04709    0.04709    0.04709   0.00%
MLMG::mgVcycle()                                438216    0.04357    0.04357    0.04357   0.00%
Other                                        112942750      50.48      50.48      50.48   0.46%
-----------------------------------------------------------------------------------------------

-----------------------------------------------------------------------------------------------
Name                                            NCalls  Incl. Min  Incl. Avg  Incl. Max   Max %
-----------------------------------------------------------------------------------------------
main()                                               1  1.101e+04  1.101e+04  1.101e+04 100.00%
ComputePhi_Rho()                                 72935  1.042e+04  1.042e+04  1.042e+04  94.66%
MLMG::solve()                                   146072       9881       9881       9881  89.76%
MLMG::oneIter()                                 438216       9817       9817       9817  89.17%
MLMG::mgVcycle()                                438216       9812       9812       9812  89.13%
MLMG::mgVcycle_bottom                           438216       9812       9812       9812  89.13%
MLMG::actualBottomSolve()                       438216       9812       9812       9812  89.13%
MLCGSolver::bicgstab                            438216       9808       9808       9808  89.09%
MLCellLinOp::apply()                          53879324       2945       2945       2945  26.75%
amrex::Dot()                                 106590072       2912       2912       2912  26.45%
MLABecLaplacian::Fapply()                     53879324       2404       2404       2404  21.84%
MLABecLaplacian::normalize()                  53733252       1725       1725       1725  15.67%
MLCGSolver::ParallelAllReduce                133796346       1477       1477       1477  13.41%
FabArray::norminf()                           54609390       1245       1245       1245  11.31%
MLCellLinOp::applyBC()                        53879324      533.2      533.2      533.2   4.84%
FabArray::FillBoundary()                      54462783      453.3      453.3      453.3   4.12%
FillBoundary_nowait()                         54462783        444        444        444   4.03%
FabArray::Saxpy_Saxpy()                       26768058        350        350        350   3.18%
FabArray::Saypy_Saxpy()                       26526978      326.2      326.2      326.2   2.96%
FabArray::Saxpy_Xpay()                        26329842      299.8      299.8      299.8   2.72%
Calculate_Landau()                               72889      274.9      274.9      274.9   2.50%
Calculate_Grad()                                 72889      144.9      144.9      144.9   1.32%
ComputeEfromPhi()                               145778      129.8      129.8      129.8   1.18%
MLCellLinOp::solutionResidual()                 584288      39.73      39.73      39.73   0.36%
FabArray::setVal()                             2701922      32.01      32.01      32.01   0.29%
MLMG::computeResidual()                         438216      28.15      28.15      28.15   0.26%
amrex::Copy()                                  2410752      26.09      26.09      26.09   0.24%
Other                                        112942750       92.5       92.5       92.5   0.84%
-----------------------------------------------------------------------------------------------

Device Memory Usage:
--------------------------------------------------------------------------
Name                                            Nalloc    AvgMem    MaxMem
--------------------------------------------------------------------------
The_Arena::Initialize()                              1     2   B    14 GiB
main()                                            1360   118 MiB   122 MiB
WritePlotfile()                                    752  1721   B    33 MiB
ResizeRandomSeed                                     2    13 MiB    13 MiB
MLCGSolver::bicgstab                          35057280  9441 KiB    10 MiB
MLMG::prepareForSolve()                             64  8135 KiB  8136 KiB
MLABecLaplacian::define()                           64  7823 KiB  7824 KiB
ComputePhi_Rho()                              16363296   180 KiB  7552 KiB
MultiFab::OverlapMask()                        2486658  2118   B  1889 KiB
BndryData::define()                                192  1735 KiB  1736 KiB
MLCellLinOp::defineAuxData()                       192   815 KiB   816 KiB
FillBoundary_nowait()                          1022513   176 KiB   180 KiB
VisMF::Write(FabArray)                           13536     1   B   144 KiB
FabArray::setVal()                             1460756    74 KiB    74 KiB
MultiFab::max()                                  72937  2059   B    74 KiB
MultiFab::norm1                                 146274    19   B    72 KiB
FabArray::norminf()                           54609390  8263   B    72 KiB
amrex::Dot()                                 106590072    18 KiB    72 KiB
amrex::Copy()                                   730624    29 KiB    29 KiB
MLCellLinOp::applyBC()                        54025403    25 KiB    26 KiB
MLCellLinOp::prepareForSolve()                       1     0   B    15 KiB
FabArray::LinComb()                             146073  2048   B  4096   B
MLABecLaplacian::Fapply()                       876432  3608   B  4096   B
FabArray::setVal(val, thecmd, scomp, ncomp)          8     0   B  3328   B
MultiFab::Divide()                              146274     1   B  2048   B
MLCellLinOp::defineBC()                              1  1791   B  1792   B
--------------------------------------------------------------------------

Managed Memory Usage:
---------------------------------------------------------
Name                             Nalloc  AvgMem    MaxMem
---------------------------------------------------------
The_Managed_Arena::Initialize()       1   0   B  8192 KiB
main()                                1   0   B    31 KiB
---------------------------------------------------------

Pinned Memory Usage:
--------------------------------------------------------------------------
Name                                            Nalloc    AvgMem    MaxMem
--------------------------------------------------------------------------
The_Pinned_Arena::Initialize()                       1     0   B  8192 KiB
VisMF::Write(FabArray)                           14288    65   B  2124 KiB
FillBoundary_nowait()                          1022513   176 KiB   180 KiB
FabArray::setVal()                             1460756    74 KiB    74 KiB
amrex::Copy()                                   730624    29 KiB    29 KiB
MLCellLinOp::applyBC()                          146079    25 KiB    25 KiB
MLCellLinOp::prepareForSolve()                       1     0   B    15 KiB
FabArray::LinComb()                             146073  2048   B  4096   B
MLABecLaplacian::Fapply()                       876432  3608   B  4096   B
FabArray::setVal(val, thecmd, scomp, ncomp)          8     0   B  3328   B
MultiFab::max()                                  72937  2048   B  2304   B
MultiFab::Divide()                              146274     1   B  2048   B
MLCellLinOp::setLevelBC()                           47     0   B  1792   B
MultiFab::OverlapMask()                         146274     0   B  1792   B
amrex::Dot()                                 106590072    67   B   256   B
Unprofiled                                          15     0   B   256   B
MultiFab::norm1                                 146274     0   B   256   B
FabArray::norminf()                           54609390    28   B   256   B
--------------------------------------------------------------------------

Total GPU global memory (MB) spread across MPI: [20019 ... 20019]
Free  GPU global memory (MB) spread across MPI: [4648 ... 4648]
[The         Arena] max space (MB) allocated spread across MPI: [15014 ... 15014]
[The         Arena] max space (MB) used      spread across MPI: [183 ... 183]
[The Managed Arena] max space (MB) allocated spread across MPI: [8 ... 8]
[The Managed Arena] max space (MB) used      spread across MPI: [0 ... 0]
[The  Pinned Arena] max space (MB) allocated spread across MPI: [8 ... 8]
[The  Pinned Arena] max space (MB) used      spread across MPI: [2 ... 2]
AMReX (26.05-39-gbe2cc437644f) finalized
EXIT_CODE=0
Mon Jun 29 21:13:55 CST 2026
