MLMG: Initial rhs               = 743920841.8
MLMG: Initial residual (resid0) = 7700869837
MLMG: Final Iter. 3 resid, resid/resid0 = 0.002062745285, 2.678587392e-13
MLMG: Timers: Solve = 0.068766293 Iter = 0.068571621 Bottom = 0.068237244
2 iterations :: err = 2.044609802e-11
Steady state check : (phi(t) - phi(t-1)).norm0() = 1.009557768e-07
Advanced step 35648 in 0.150044181 seconds
 
MLMG: Initial rhs               = 743920841.1
MLMG: Initial residual (resid0) = 7700869836
MLMG: Final Iter. 3 resid, resid/resid0 = 0.001282301756, 1.665138853e-13
MLMG: Timers: Solve = 0.071419425 Iter = 0.071214457 Bottom = 0.070878084
1 iterations :: err = 1
MLMG: Initial rhs               = 743920841.1
MLMG: Initial residual (resid0) = 7700869836
MLMG: Final Iter. 3 resid, resid/resid0 = 0.00468891114, 6.08880716e-13
MLMG: Timers: Solve = 0.068930704 Iter = 0.068735233 Bottom = 0.06839673
2 iterations :: err = 9.819066666e-11
Steady state check : (phi(t) - phi(t-1)).norm0() = 1.002775817e-07
Advanced step 35649 in 0.155913128 seconds
 
MLMG: Initial rhs               = 743920840.1
MLMG: Initial residual (resid0) = 7700869836
MLMG: Final Iter. 3 resid, resid/resid0 = 0.00499145221, 6.48167326e-13
MLMG: Timers: Solve = 0.064296994 Iter = 0.064090519 Bottom = 0.063750929
1 iterations :: err = 1
MLMG: Initial rhs               = 743920840.1
MLMG: Initial residual (resid0) = 7700869836
MLMG: Final Iter. 3 resid, resid/resid0 = 0.002667911351, 3.464428574e-13
MLMG: Timers: Solve = 0.067636412 Iter = 0.067443355 Bottom = 0.067105554
2 iterations :: err = 3.581990566e-11
Steady state check : (phi(t) - phi(t-1)).norm0() = 9.955308703e-08
Advanced step 35650 in 0.147488073 seconds
 
step = 35650, Phi_Bc_hi = -4, num_Vapp = 46, sign = -1
MLMG: Initial rhs               = 743920840
MLMG: Initial residual (resid0) = 6851269836
MLMG: Final Iter. 3 resid, resid/resid0 = 0.003764715046, 5.49491574e-13
MLMG: Timers: Solve = 0.067502551 Iter = 0.067272311 Bottom = 0.066927628
1 iterations :: err = 1
MLMG: Initial rhs               = 743920840
MLMG: Initial residual (resid0) = 6851269836
MLMG: Final Iter. 3 resid, resid/resid0 = 0.001433491707, 2.092300758e-13
MLMG: Timers: Solve = 0.068044796 Iter = 0.067846725 Bottom = 0.067511428
2 iterations :: err = 2.56367089e-05
MLMG: Initial rhs               = 743920840
MLMG: Initial residual (resid0) = 6851269836
MLMG: Final Iter. 3 resid, resid/resid0 = 0.004993140697, 7.287905479e-13
MLMG: Timers: Solve = 0.066081209 Iter = 0.065884243 Bottom = 0.065545019
3 iterations :: err = 1.165799134e-08
voltage_sweep == 1 && num_Vapp == num_Vapp_max!
High-water FAB megabyte spread across MPI nodes: [171 ... 171]
Current     FAB megabyte spread across MPI nodes: [136 ... 136]
Total run time 7606.842525 seconds


TinyProfiler total time across processes [min...avg...max]: 7607 ... 7607 ... 7607

----------------------------------------------------------------------------------------------
Name                                           NCalls  Excl. Min  Excl. Avg  Excl. Max   Max %
----------------------------------------------------------------------------------------------
amrex::Dot()                                 54718286       2020       2020       2020  26.56%
MLABecLaplacian::Fapply()                    27645467       1581       1581       1581  20.78%
MLABecLaplacian::normalize()                 27573886       1122       1122       1122  14.75%
FabArray::norminf()                          28003091      949.4      949.4      949.4  12.48%
FillBoundary_nowait()                        27931001      345.6      345.6      345.6   4.54%
ComputePhi_Rho()                                35696      320.9      320.9      320.9   4.22%
FabArray::Saxpy_Saxpy()                      13742281      244.2      244.2      244.2   3.21%
FabArray::Saypy_Saxpy()                      13616862      235.8      235.8      235.8   3.10%
FabArray::Saxpy_Xpay()                       13527538      216.8      216.8      216.8   2.85%
Calculate_Landau()                              35650      162.6      162.6      162.6   2.14%
Calculate_Grad()                                35650      85.13      85.13      85.13   1.12%
ComputeEfromPhi()                               71300      83.81      83.81      83.81   1.10%
MLCellLinOp::applyBC()                       27645467      79.23      79.23      79.23   1.04%
MLCGSolver::bicgstab                           214743       36.9       36.9       36.9   0.49%
FabArray::setVal()                            1323858      23.06      23.06      23.06   0.30%
amrex::Copy()                                 1181657      18.96      18.96      18.96   0.25%
MLCGSolver::ParallelAllReduce                68675310      12.44      12.44      12.44   0.16%
MLCellLinOp::apply()                         27645467      8.997      8.997      8.997   0.12%
FabArray::FillBoundary()                     27931001      8.355      8.355      8.355   0.11%
main()                                              1      5.953      5.953      5.953   0.08%
MLMG::solve()                                   71581      1.879      1.879      1.879   0.02%
MLMG::actualBottomSolve()                      214743     0.4344     0.4344     0.4344   0.01%
MLCellLinOp::solutionResidual()                286324     0.1188     0.1188     0.1188   0.00%
MLMG::oneIter()                                214743     0.1137     0.1137     0.1137   0.00%
MLMG::computeResidual()                        214743     0.1056     0.1056     0.1056   0.00%
MLMG::mgVcycle_bottom                          214743    0.09396    0.09396    0.09396   0.00%
MLMG::mgVcycle()                               214743    0.04708    0.04708    0.04708   0.00%
Other                                        57830677      43.12      43.12      43.12   0.57%
----------------------------------------------------------------------------------------------

----------------------------------------------------------------------------------------------
Name                                           NCalls  Incl. Min  Incl. Avg  Incl. Max   Max %
----------------------------------------------------------------------------------------------
main()                                              1       7607       7607       7607 100.00%
ComputePhi_Rho()                                35696       7246       7246       7246  95.25%
MLMG::solve()                                   71581       6897       6897       6897  90.66%
MLMG::oneIter()                                214743       6850       6850       6850  90.04%
MLMG::mgVcycle()                               214743       6846       6846       6846  90.00%
MLMG::mgVcycle_bottom                          214743       6846       6846       6846  90.00%
MLMG::actualBottomSolve()                      214743       6846       6846       6846  90.00%
MLCGSolver::bicgstab                           214743       6843       6843       6843  89.96%
MLCellLinOp::apply()                         27645467       2026       2026       2026  26.63%
amrex::Dot()                                 54718286       2020       2020       2020  26.56%
MLABecLaplacian::Fapply()                    27645467       1581       1581       1581  20.78%
MLABecLaplacian::normalize()                 27573886       1122       1122       1122  14.75%
MLCGSolver::ParallelAllReduce                68675310       1026       1026       1026  13.49%
FabArray::norminf()                          28003091      949.4      949.4      949.4  12.48%
MLCellLinOp::applyBC()                       27645467      435.5      435.5      435.5   5.72%
FabArray::FillBoundary()                     27931001      360.3      360.3      360.3   4.74%
FillBoundary_nowait()                        27931001      349.3      349.3      349.3   4.59%
FabArray::Saxpy_Saxpy()                      13742281      244.2      244.2      244.2   3.21%
FabArray::Saypy_Saxpy()                      13616862      235.8      235.8      235.8   3.10%
FabArray::Saxpy_Xpay()                       13527538      216.8      216.8      216.8   2.85%
Calculate_Landau()                              35650      162.6      162.6      162.6   2.14%
Calculate_Grad()                                35650      85.13      85.13      85.13   1.12%
ComputeEfromPhi()                               71300      83.81      83.81      83.81   1.10%
MLCellLinOp::solutionResidual()                286324      28.25      28.25      28.25   0.37%
FabArray::setVal()                            1323858      23.06      23.06      23.06   0.30%
MLMG::computeResidual()                        214743      20.02      20.02      20.02   0.26%
amrex::Copy()                                 1181657      18.96      18.96      18.96   0.25%
Other                                        57830677      74.63      74.63      74.63   0.98%
----------------------------------------------------------------------------------------------

Device Memory Usage:
-------------------------------------------------------------------------
Name                                           Nalloc    AvgMem    MaxMem
-------------------------------------------------------------------------
The_Arena::Initialize()                             1     2   B    16 GiB
main()                                           1360   118 MiB   122 MiB
WritePlotfile()                                   752  6330   B    33 MiB
ResizeRandomSeed                                    2    16 MiB    16 MiB
MLCGSolver::bicgstab                         17179440  9528 KiB    10 MiB
MLMG::prepareForSolve()                            64  8135 KiB  8136 KiB
MLABecLaplacian::define()                          64  7823 KiB  7824 KiB
ComputePhi_Rho()                              8020096   163 KiB  7552 KiB
MultiFab::OverlapMask()                       1220090  2382   B  1889 KiB
BndryData::define()                               192  1735 KiB  1736 KiB
MLCellLinOp::defineAuxData()                      192   815 KiB   816 KiB
FillBoundary_nowait()                          501076   176 KiB   180 KiB
VisMF::Write(FabArray)                          13536     4   B   174 KiB
MultiFab::max()                                 35698  2062   B    89 KiB
MultiFab::norm1                                 71770    25   B    87 KiB
FabArray::norminf()                          28003091    10 KiB    87 KiB
amrex::Dot()                                 54718286    22 KiB    87 KiB
FabArray::setVal()                             715846    74 KiB    74 KiB
amrex::Copy()                                  358156    29 KiB    29 KiB
MLCellLinOp::applyBC()                       27717055    25 KiB    26 KiB
MLCellLinOp::prepareForSolve()                      1     0   B    15 KiB
FabArray::LinComb()                             71582  2048   B  4096   B
MLABecLaplacian::Fapply()                      429486  3640   B  4096   B
FabArray::setVal(val, thecmd, scomp, ncomp)         8     0   B  3328   B
MultiFab::Divide()                              71770     1   B  2048   B
MLCellLinOp::defineBC()                             1  1791   B  1792   B
-------------------------------------------------------------------------

Managed Memory Usage:
---------------------------------------------------------
Name                             Nalloc  AvgMem    MaxMem
---------------------------------------------------------
The_Managed_Arena::Initialize()       1   0   B  8192 KiB
main()                                1   0   B    31 KiB
---------------------------------------------------------

Pinned Memory Usage:
-------------------------------------------------------------------------
Name                                           Nalloc    AvgMem    MaxMem
-------------------------------------------------------------------------
The_Pinned_Arena::Initialize()                      1     0   B  8192 KiB
VisMF::Write(FabArray)                          14288   282   B  2124 KiB
FillBoundary_nowait()                          501076   176 KiB   180 KiB
FabArray::setVal()                             715846    74 KiB    74 KiB
amrex::Copy()                                  358156    29 KiB    29 KiB
MLCellLinOp::applyBC()                          71588    25 KiB    25 KiB
MLCellLinOp::prepareForSolve()                      1     0   B    15 KiB
FabArray::LinComb()                             71582  2048   B  4096   B
MLABecLaplacian::Fapply()                      429486  3640   B  4096   B
FabArray::setVal(val, thecmd, scomp, ncomp)         8     0   B  3328   B
MultiFab::max()                                 35698  2048   B  2304   B
MultiFab::Divide()                              71770     1   B  2048   B
MLCellLinOp::setLevelBC()                          47     0   B  1792   B
MultiFab::OverlapMask()                         71770     0   B  1792   B
amrex::Dot()                                 54718286    67   B   256   B
Unprofiled                                         15     0   B   256   B
MultiFab::norm1                                 71770     0   B   256   B
FabArray::norminf()                          28003091    31   B   256   B
-------------------------------------------------------------------------

Total GPU global memory (MB) spread across MPI: [22491 ... 22491]
Free  GPU global memory (MB) spread across MPI: [5299 ... 5299]
[The         Arena] max space (MB) allocated spread across MPI: [16868 ... 16868]
[The         Arena] max space (MB) used      spread across MPI: [186 ... 186]
[The Managed Arena] max space (MB) allocated spread across MPI: [8 ... 8]
[The Managed Arena] max space (MB) used      spread across MPI: [0 ... 0]
[The  Pinned Arena] max space (MB) allocated spread across MPI: [8 ... 8]
[The  Pinned Arena] max space (MB) used      spread across MPI: [2 ... 2]
AMReX (26.05-39-gbe2cc437644f) finalized

EXIT_CODE=0
Thu Jul 16 20:42:42 UTC 2026
