MLMG: Final Iter. 3 resid, resid/resid0 = 0.001625281156, 1.982214882e-13
MLMG: Timers: Solve = 0.117589837 Iter = 0.11739209 Bottom = 0.107505907
2 iterations :: err = 8.504423015e-11
Steady state check : (phi(t) - phi(t-1)).norm0() = 1.004008258e-07
Advanced step 65344 in 0.278116663 seconds
 
MLMG: Initial rhs               = 329216255
MLMG: Initial residual (resid0) = 8199318705
MLMG: Final Iter. 3 resid, resid/resid0 = 0.0009190370234, 1.120869985e-13
MLMG: Timers: Solve = 0.120349362 Iter = 0.120139487 Bottom = 0.119790638
1 iterations :: err = 1
MLMG: Initial rhs               = 329216255
MLMG: Initial residual (resid0) = 8199318705
MLMG: Final Iter. 3 resid, resid/resid0 = 0.0006148798602, 7.499157946e-14
MLMG: Timers: Solve = 0.130065891 Iter = 0.12986989 Bottom = 0.129521521
2 iterations :: err = 8.257015231e-11
Steady state check : (phi(t) - phi(t-1)).norm0() = 1.000072273e-07
Advanced step 65345 in 0.266048328 seconds
 
MLMG: Initial rhs               = 329216255
MLMG: Initial residual (resid0) = 8199318706
MLMG: Final Iter. 3 resid, resid/resid0 = 0.001253982396, 1.529373891e-13
MLMG: Timers: Solve = 0.093418825 Iter = 0.09320385 Bottom = 0.092854787
1 iterations :: err = 1
MLMG: Initial rhs               = 329216255
MLMG: Initial residual (resid0) = 8199318706
MLMG: Final Iter. 3 resid, resid/resid0 = 0.0002982833812, 3.637904464e-14
MLMG: Timers: Solve = 0.135739862 Iter = 0.135544373 Bottom = 0.135202473
2 iterations :: err = 6.577210464e-11
Steady state check : (phi(t) - phi(t-1)).norm0() = 9.960852374e-08
Advanced step 65346 in 0.270550417 seconds
 
step = 65346, Phi_Bc_hi = -4, num_Vapp = 46, sign = -1
MLMG: Initial rhs               = 329216254.6
MLMG: Initial residual (resid0) = 7289051672
MLMG: Final Iter. 3 resid, resid/resid0 = 0.0005249812302, 7.202325541e-14
MLMG: Timers: Solve = 0.12400004 Iter = 0.123772671 Bottom = 0.123418107
1 iterations :: err = 1
MLMG: Initial rhs               = 329216254.6
MLMG: Initial residual (resid0) = 7289051672
MLMG: Final Iter. 3 resid, resid/resid0 = 0.001814214186, 2.488957779e-13
MLMG: Timers: Solve = 0.113163961 Iter = 0.112958655 Bottom = 0.112610211
2 iterations :: err = 3.024478972e-05
MLMG: Initial rhs               = 329216254.6
MLMG: Initial residual (resid0) = 7289051672
MLMG: Final Iter. 3 resid, resid/resid0 = 0.002221066162, 3.047126378e-13
MLMG: Timers: Solve = 0.111187249 Iter = 0.11098776 Bottom = 0.110641772
3 iterations :: err = 1.366713093e-08
voltage_sweep == 1 && num_Vapp == num_Vapp_max!
High-water FAB megabyte spread across MPI nodes: [171 ... 171]
Current     FAB megabyte spread across MPI nodes: [136 ... 136]
Total run time 19765.12613 seconds


TinyProfiler total time across processes [min...avg...max]: 1.977e+04 ... 1.977e+04 ... 1.977e+04

-----------------------------------------------------------------------------------------------
Name                                            NCalls  Excl. Min  Excl. Avg  Excl. Max   Max %
-----------------------------------------------------------------------------------------------
amrex::Dot()                                  90302874       5233       5233       5233  26.48%
MLABecLaplacian::Fapply()                     45675124       4035       4035       4035  20.41%
MLABecLaplacian::normalize()                  45544202       2922       2922       2922  14.78%
FabArray::norminf()                           46329503       2428       2428       2428  12.28%
ComputePhi_Rho()                                 65392      916.9      916.9      916.9   4.64%
FillBoundary_nowait()                         46198175      877.1      877.1      877.1   4.44%
FabArray::Saypy_Saxpy()                       22448431      612.6      612.6      612.6   3.10%
FabArray::Saxpy_Saxpy()                       22703006        591        591        591   2.99%
FabArray::Saxpy_Xpay()                        22310241      557.9      557.9      557.9   2.82%
Calculate_Landau()                               65346      451.7      451.7      451.7   2.29%
ComputeEfromPhi()                               130692      238.5      238.5      238.5   1.21%
Calculate_Grad()                                 65346      236.9      236.9      236.9   1.20%
MLCellLinOp::applyBC()                        45675124      195.9      195.9      195.9   0.99%
MLCGSolver::bicgstab                            392765      104.9      104.9      104.9   0.53%
FabArray::setVal()                             2421740      65.96      65.96      65.96   0.33%
amrex::Copy()                                  2160806      54.43      54.43      54.43   0.28%
MLCGSolver::ParallelAllReduce                113398645      34.47      34.47      34.47   0.17%
main()                                               1       29.2       29.2       29.2   0.15%
MLCellLinOp::apply()                          45675124      25.38      25.38      25.38   0.13%
FabArray::FillBoundary()                      46198175      22.68      22.68      22.68   0.11%
MLMG::solve()                                   130922      6.155      6.155      6.155   0.03%
MLMG::actualBottomSolve()                       392765      1.332      1.332      1.332   0.01%
MLMG::oneIter()                                 392765     0.4438     0.4438     0.4438   0.00%
MLCellLinOp::solutionResidual()                 523687     0.3301     0.3301     0.3301   0.00%
MLMG::ResNormInf()                              523687     0.3219     0.3219     0.3219   0.00%
MLMG::mgVcycle_bottom                           392765     0.2187     0.2187     0.2187   0.00%
MLMG::computeResidual()                         392765     0.2112     0.2112     0.2112   0.00%
MLMG::mgVcycle()                                392765     0.1514     0.1514     0.1514   0.00%
Other                                         95473186        122        122        122   0.62%
-----------------------------------------------------------------------------------------------

-----------------------------------------------------------------------------------------------
Name                                            NCalls  Incl. Min  Incl. Avg  Incl. Max   Max %
-----------------------------------------------------------------------------------------------
main()                                               1  1.977e+04  1.977e+04  1.977e+04 100.00%
ComputePhi_Rho()                                 65392  1.874e+04  1.874e+04  1.874e+04  94.82%
MLMG::solve()                                   130922  1.774e+04  1.774e+04  1.774e+04  89.77%
MLMG::oneIter()                                 392765  1.761e+04  1.761e+04  1.761e+04  89.08%
MLMG::mgVcycle()                                392765   1.76e+04   1.76e+04   1.76e+04  89.03%
MLMG::mgVcycle_bottom                           392765   1.76e+04   1.76e+04   1.76e+04  89.03%
MLMG::actualBottomSolve()                       392765   1.76e+04   1.76e+04   1.76e+04  89.03%
MLCGSolver::bicgstab                            392765  1.759e+04  1.759e+04  1.759e+04  88.98%
amrex::Dot()                                  90302874       5233       5233       5233  26.48%
MLCellLinOp::apply()                          45675124       5162       5162       5162  26.11%
MLABecLaplacian::Fapply()                     45675124       4035       4035       4035  20.41%
MLABecLaplacian::normalize()                  45544202       2922       2922       2922  14.78%
MLCGSolver::ParallelAllReduce                113398645       2734       2734       2734  13.83%
FabArray::norminf()                           46329503       2428       2428       2428  12.28%
MLCellLinOp::applyBC()                        45675124       1101       1101       1101   5.57%
FabArray::FillBoundary()                      46198175      917.6      917.6      917.6   4.64%
FillBoundary_nowait()                         46198175      886.3      886.3      886.3   4.48%
FabArray::Saypy_Saxpy()                       22448431      612.6      612.6      612.6   3.10%
FabArray::Saxpy_Saxpy()                       22703006        591        591        591   2.99%
FabArray::Saxpy_Xpay()                        22310241      557.9      557.9      557.9   2.82%
Calculate_Landau()                               65346      451.7      451.7      451.7   2.29%
ComputeEfromPhi()                               130692      238.5      238.5      238.5   1.21%
Calculate_Grad()                                 65346      236.9      236.9      236.9   1.20%
MLCellLinOp::solutionResidual()                 523687      82.24      82.24      82.24   0.42%
FabArray::setVal()                             2421740      65.96      65.96      65.96   0.33%
MLMG::computeResidual()                         392765      58.68      58.68      58.68   0.30%
amrex::Copy()                                  2160806      54.43      54.43      54.43   0.28%
MLMG::ResNormInf()                              523687      27.07      27.07      27.07   0.14%
Other                                         95473186      179.6      179.6      179.6   0.91%
-----------------------------------------------------------------------------------------------

Device Memory Usage:
-------------------------------------------------------------------------
Name                                           Nalloc    AvgMem    MaxMem
-------------------------------------------------------------------------
The_Arena::Initialize()                             1     0   B    16 GiB
main()                                           1360   118 MiB   122 MiB
WritePlotfile()                                   752  2911   B    33 MiB
ResizeRandomSeed                                    2    16 MiB    16 MiB
MLCGSolver::bicgstab                         31421200  9423 KiB    10 MiB
MLMG::prepareForSolve()                            64  8135 KiB  8136 KiB
MLABecLaplacian::define()                          64  7823 KiB  7824 KiB
ComputePhi_Rho()                             14665472   180 KiB  7552 KiB
MultiFab::OverlapMask()                       2228020  2576   B  1889 KiB
BndryData::define()                               192  1735 KiB  1736 KiB
MLCellLinOp::defineAuxData()                      192   815 KiB   816 KiB
FillBoundary_nowait()                          916461   176 KiB   180 KiB
VisMF::Write(FabArray)                          13536     2   B   174 KiB
MultiFab::max()                                 65394  2065   B    89 KiB
MultiFab::norm1                                131060    26   B    87 KiB
FabArray::norminf()                          46329503    10 KiB    87 KiB
amrex::Dot()                                 90302874    22 KiB    87 KiB
FabArray::setVal()                            1309254    74 KiB    74 KiB
amrex::Copy()                                  654809    29 KiB    29 KiB
MLCellLinOp::applyBC()                       45806053    25 KiB    26 KiB
MLCellLinOp::prepareForSolve()                      1     0   B    15 KiB
FabArray::LinComb()                            130923  2048   B  4096   B
MLABecLaplacian::Fapply()                      785530  3596   B  4096   B
FabArray::setVal(val, thecmd, scomp, ncomp)         8     0   B  3328   B
MultiFab::Divide()                             131060     1   B  2048   B
MLCellLinOp::defineBC()                             1  1791   B  1792   B
-------------------------------------------------------------------------

Managed Memory Usage:
---------------------------------------------------------
Name                             Nalloc  AvgMem    MaxMem
---------------------------------------------------------
The_Managed_Arena::Initialize()       1   0   B  8192 KiB
main()                                1   0   B    31 KiB
---------------------------------------------------------

Pinned Memory Usage:
-------------------------------------------------------------------------
Name                                           Nalloc    AvgMem    MaxMem
-------------------------------------------------------------------------
The_Pinned_Arena::Initialize()                      1     0   B  8192 KiB
VisMF::Write(FabArray)                          14288   113   B  2124 KiB
FillBoundary_nowait()                          916461   176 KiB   180 KiB
FabArray::setVal()                            1309254    74 KiB    74 KiB
amrex::Copy()                                  654809    29 KiB    29 KiB
MLCellLinOp::applyBC()                         130929    25 KiB    25 KiB
MLCellLinOp::prepareForSolve()                      1     0   B    15 KiB
FabArray::LinComb()                            130923  2048   B  4096   B
MLABecLaplacian::Fapply()                      785530  3596   B  4096   B
FabArray::setVal(val, thecmd, scomp, ncomp)         8     0   B  3328   B
MultiFab::max()                                 65394  2048   B  2304   B
MultiFab::Divide()                             131060     1   B  2048   B
MLCellLinOp::setLevelBC()                          47     0   B  1792   B
MultiFab::OverlapMask()                        131060     0   B  1792   B
amrex::Dot()                                 90302874    66   B   256   B
Unprofiled                                         15     0   B   256   B
MultiFab::norm1                                131060     0   B   256   B
FabArray::norminf()                          46329503    31   B   256   B
-------------------------------------------------------------------------

Total GPU global memory (MB) spread across MPI: [22491 ... 22491]
Free  GPU global memory (MB) spread across MPI: [5299 ... 5299]
[The         Arena] max space (MB) allocated spread across MPI: [16868 ... 16868]
[The         Arena] max space (MB) used      spread across MPI: [186 ... 186]
[The Managed Arena] max space (MB) allocated spread across MPI: [8 ... 8]
[The Managed Arena] max space (MB) used      spread across MPI: [0 ... 0]
[The  Pinned Arena] max space (MB) allocated spread across MPI: [8 ... 8]
[The  Pinned Arena] max space (MB) used      spread across MPI: [2 ... 2]
AMReX (26.05-39-gbe2cc437644f) finalized

EXIT_CODE=0
Wed Jul 22 22:56:36 UTC 2026
