MLMG: Initial rhs               = 319148495.2
MLMG: Initial residual (resid0) = 8783385483
MLMG: Final Iter. 3 resid, resid/resid0 = 0.0008565485477, 9.751917976e-14
MLMG: Timers: Solve = 0.050146544 Iter = 0.049971437 Bottom = 0.049674235
2 iterations :: err = 9.374781072e-11
Steady state check : (phi(t) - phi(t-1)).norm0() = 1.573501046e-07
Advanced step 24590 in 0.113300307 seconds
 
MLMG: Initial rhs               = 319148495.2
MLMG: Initial residual (resid0) = 8783385479
MLMG: Final Iter. 3 resid, resid/resid0 = 0.001030832529, 1.173616405e-13
MLMG: Timers: Solve = 0.046460365 Iter = 0.046283836 Bottom = 0.045987965
1 iterations :: err = 1
MLMG: Initial rhs               = 319148515.4
MLMG: Initial residual (resid0) = 8783385479
MLMG: Final Iter. 3 resid, resid/resid0 = 0.002998943397, 3.414336538e-13
MLMG: Timers: Solve = 0.045303131 Iter = 0.045126211 Bottom = 0.04482994
2 iterations :: err = 1.742630153e-10
Steady state check : (phi(t) - phi(t-1)).norm0() = 1.006204943e-07
Advanced step 24591 in 0.107434595 seconds
 
MLMG: Initial rhs               = 319148515.5
MLMG: Initial residual (resid0) = 8783385477
MLMG: Final Iter. 3 resid, resid/resid0 = 0.002224202284, 2.532283582e-13
MLMG: Timers: Solve = 0.048332509 Iter = 0.04815579 Bottom = 0.047859639
1 iterations :: err = 1
MLMG: Initial rhs               = 319148528.4
MLMG: Initial residual (resid0) = 8783385477
MLMG: Final Iter. 3 resid, resid/resid0 = 0.001025357367, 1.167382861e-13
MLMG: Timers: Solve = 0.049204719 Iter = 0.049028881 Bottom = 0.048730925
2 iterations :: err = 2.001972617e-10
Steady state check : (phi(t) - phi(t-1)).norm0() = 6.4273271e-08
Advanced step 24592 in 0.113095435 seconds
 
step = 24592, Phi_Bc_hi = -4, num_Vapp = 46, sign = -1
MLMG: Initial rhs               = 319148528.4
MLMG: Initial residual (resid0) = 7805713542
MLMG: Final Iter. 3 resid, resid/resid0 = 0.001392658938, 1.784153275e-13
MLMG: Timers: Solve = 0.047962986 Iter = 0.047778414 Bottom = 0.047478859
1 iterations :: err = 1
MLMG: Initial rhs               = 305713716.3
MLMG: Initial residual (resid0) = 7805713542
MLMG: Final Iter. 3 resid, resid/resid0 = 0.002613492403, 3.348178727e-13
MLMG: Timers: Solve = 0.048492222 Iter = 0.048313981 Bottom = 0.048015165
2 iterations :: err = 4.158896645e-05
MLMG: Initial rhs               = 305557558.1
MLMG: Initial residual (resid0) = 7805713542
MLMG: Final Iter. 3 resid, resid/resid0 = 0.0008479224362, 1.086284337e-13
MLMG: Timers: Solve = 0.047937988 Iter = 0.047765335 Bottom = 0.047467541
3 iterations :: err = 2.051598336e-08
voltage_sweep == 1 && num_Vapp == num_Vapp_max!
High-water FAB megabyte spread across MPI nodes: [171 ... 171]
Current     FAB megabyte spread across MPI nodes: [136 ... 136]
Total run time 3836.986326 seconds


TinyProfiler total time across processes [min...avg...max]: 3837 ... 3837 ... 3837

----------------------------------------------------------------------------------------------
Name                                           NCalls  Excl. Min  Excl. Avg  Excl. Max   Max %
----------------------------------------------------------------------------------------------
amrex::Dot()                                 37123684       1018       1018       1018  26.53%
MLABecLaplacian::Fapply()                    18759817      839.5      839.5      839.5  21.88%
MLABecLaplacian::normalize()                 18710322      603.5      603.5      603.5  15.73%
FabArray::norminf()                          19006976      435.1      435.1      435.1  11.34%
ComputePhi_Rho()                                24638      174.9      174.9      174.9   4.56%
FillBoundary_nowait()                        18956917        155        155        155   4.04%
FabArray::Saxpy_Saxpy()                       9329101      122.6      122.6      122.6   3.19%
FabArray::Saypy_Saxpy()                       9232741      113.3      113.3      113.3   2.95%
FabArray::Saxpy_Xpay()                        9180621      104.4      104.4      104.4   2.72%
Calculate_Landau()                              24592      93.17      93.17      93.17   2.43%
Calculate_Grad()                                24592      48.19      48.19      48.19   1.26%
ComputeEfromPhi()                               49184      43.73      43.73      43.73   1.14%
MLCellLinOp::applyBC()                       18759817      29.56      29.56      29.56   0.77%
FabArray::setVal()                             915207      10.87      10.87      10.87   0.28%
amrex::Copy()                                  817208      8.923      8.923      8.923   0.23%
MLCGSolver::bicgstab                           148480      7.632      7.632      7.632   0.20%
MLCGSolver::ParallelAllReduce                46601265      3.481      3.481      3.481   0.09%
main()                                              1      3.234      3.234      3.234   0.08%
MLCellLinOp::apply()                         18759817      2.134      2.134      2.134   0.06%
FabArray::FillBoundary()                     18956917      2.113      2.113      2.113   0.06%
MLMG::solve()                                   49495     0.3486     0.3486     0.3486   0.01%
MLMG::actualBottomSolve()                      148480    0.05115    0.05115    0.05115   0.00%
MLCellLinOp::solutionResidual()                197975    0.02421    0.02421    0.02421   0.00%
MLMG::oneIter()                                148480    0.02201    0.02201    0.02201   0.00%
MLMG::computeResidual()                        148480    0.01506    0.01506    0.01506   0.00%
MLMG::mgVcycle_bottom                          148480     0.0149     0.0149     0.0149   0.00%
MLMG::mgVcycle()                               148480    0.01317    0.01317    0.01317   0.00%
Other                                        39275139      17.25      17.25      17.25   0.45%
----------------------------------------------------------------------------------------------

----------------------------------------------------------------------------------------------
Name                                           NCalls  Incl. Min  Incl. Avg  Incl. Max   Max %
----------------------------------------------------------------------------------------------
main()                                              1       3837       3837       3837 100.00%
ComputePhi_Rho()                                24638       3639       3639       3639  94.83%
MLMG::solve()                                   49495       3451       3451       3451  89.95%
MLMG::oneIter()                                148480       3429       3429       3429  89.38%
MLMG::mgVcycle()                               148480       3428       3428       3428  89.34%
MLMG::mgVcycle_bottom                          148480       3428       3428       3428  89.34%
MLMG::actualBottomSolve()                      148480       3428       3428       3428  89.34%
MLCGSolver::bicgstab                           148480       3426       3426       3426  89.30%
MLCellLinOp::apply()                         18759817       1028       1028       1028  26.80%
amrex::Dot()                                 37123684       1018       1018       1018  26.53%
MLABecLaplacian::Fapply()                    18759817      839.5      839.5      839.5  21.88%
MLABecLaplacian::normalize()                 18710322      603.5      603.5      603.5  15.73%
MLCGSolver::ParallelAllReduce                46601265        516        516        516  13.45%
FabArray::norminf()                          19006976      435.1      435.1      435.1  11.34%
MLCellLinOp::applyBC()                       18759817      186.7      186.7      186.7   4.87%
FabArray::FillBoundary()                     18956917        159        159        159   4.14%
FillBoundary_nowait()                        18956917        156        156        156   4.07%
FabArray::Saxpy_Saxpy()                       9329101      122.6      122.6      122.6   3.19%
FabArray::Saypy_Saxpy()                       9232741      113.3      113.3      113.3   2.95%
FabArray::Saxpy_Xpay()                        9180621      104.4      104.4      104.4   2.72%
Calculate_Landau()                              24592      93.17      93.17      93.17   2.43%
Calculate_Grad()                                24592      48.19      48.19      48.19   1.26%
ComputeEfromPhi()                               49184      43.73      43.73      43.73   1.14%
MLCellLinOp::solutionResidual()                197975      13.55      13.55      13.55   0.35%
FabArray::setVal()                             915207      10.87      10.87      10.87   0.28%
MLMG::computeResidual()                        148480      9.562      9.562      9.562   0.25%
amrex::Copy()                                  817208      8.923      8.923      8.923   0.23%
Other                                        39275139       32.2       32.2       32.2   0.84%
----------------------------------------------------------------------------------------------

Device Memory Usage:
-------------------------------------------------------------------------
Name                                           Nalloc    AvgMem    MaxMem
-------------------------------------------------------------------------
The_Arena::Initialize()                             1     6   B    14 GiB
main()                                           1360   118 MiB   122 MiB
WritePlotfile()                                   752  4713   B    33 MiB
ResizeRandomSeed                                    2    13 MiB    13 MiB
MLCGSolver::bicgstab                         11878400  9463 KiB    10 MiB
MLMG::prepareForSolve()                            64  8135 KiB  8136 KiB
MLABecLaplacian::define()                          64  7823 KiB  7824 KiB
ComputePhi_Rho()                              5546944   183 KiB  7552 KiB
MultiFab::OverlapMask()                        845138  2073   B  1889 KiB
BndryData::define()                               192  1735 KiB  1736 KiB
MLCellLinOp::defineAuxData()                      192   815 KiB   816 KiB
FillBoundary_nowait()                          346464   176 KiB   180 KiB
VisMF::Write(FabArray)                          13536     5   B   144 KiB
FabArray::setVal()                             494976    74 KiB    74 KiB
MultiFab::max()                                 24640  2059   B    74 KiB
MultiFab::norm1                                 49714    19   B    72 KiB
FabArray::norminf()                          19006976  8293   B    72 KiB
amrex::Dot()                                 37123684    18 KiB    72 KiB
amrex::Copy()                                  247751    29 KiB    29 KiB
MLCellLinOp::applyBC()                       18809319    25 KiB    26 KiB
MLCellLinOp::prepareForSolve()                      1     0   B    15 KiB
FabArray::LinComb()                             49496  2048   B  4096   B
MLABecLaplacian::Fapply()                      296960  3617   B  4096   B
FabArray::setVal(val, thecmd, scomp, ncomp)         8     0   B  3328   B
MultiFab::Divide()                              49714     1   B  2048   B
MLCellLinOp::defineBC()                             1  1791   B  1792   B
-------------------------------------------------------------------------

Managed Memory Usage:
---------------------------------------------------------
Name                             Nalloc  AvgMem    MaxMem
---------------------------------------------------------
The_Managed_Arena::Initialize()       1   0   B  8192 KiB
main()                                1   0   B    31 KiB
---------------------------------------------------------

Pinned Memory Usage:
-------------------------------------------------------------------------
Name                                           Nalloc    AvgMem    MaxMem
-------------------------------------------------------------------------
The_Pinned_Arena::Initialize()                      1     0   B  8192 KiB
VisMF::Write(FabArray)                          14288   179   B  2124 KiB
FillBoundary_nowait()                          346464   176 KiB   180 KiB
FabArray::setVal()                             494976    74 KiB    74 KiB
amrex::Copy()                                  247751    29 KiB    29 KiB
MLCellLinOp::applyBC()                          49502    25 KiB    25 KiB
MLCellLinOp::prepareForSolve()                      1     0   B    15 KiB
FabArray::LinComb()                             49496  2048   B  4096   B
MLABecLaplacian::Fapply()                      296960  3617   B  4096   B
FabArray::setVal(val, thecmd, scomp, ncomp)         8     0   B  3328   B
MultiFab::max()                                 24640  2048   B  2304   B
MultiFab::Divide()                              49714     1   B  2048   B
MLCellLinOp::setLevelBC()                          47     0   B  1792   B
MultiFab::OverlapMask()                         49714     0   B  1792   B
amrex::Dot()                                 37123684    67   B   256   B
Unprofiled                                         15     0   B   256   B
MultiFab::norm1                                 49714     0   B   256   B
FabArray::norminf()                          19006976    28   B   256   B
-------------------------------------------------------------------------

Total GPU global memory (MB) spread across MPI: [20019 ... 20019]
Free  GPU global memory (MB) spread across MPI: [4636 ... 4636]
[The         Arena] max space (MB) allocated spread across MPI: [15014 ... 15014]
[The         Arena] max space (MB) used      spread across MPI: [183 ... 183]
[The Managed Arena] max space (MB) allocated spread across MPI: [8 ... 8]
[The Managed Arena] max space (MB) used      spread across MPI: [0 ... 0]
[The  Pinned Arena] max space (MB) allocated spread across MPI: [8 ... 8]
[The  Pinned Arena] max space (MB) used      spread across MPI: [2 ... 2]
AMReX (26.05-39-gbe2cc437644f) finalized

EXIT_CODE=0
Sat Jul 18 15:48:55 CST 2026
