MLMG: Final Iter. 3 resid, resid/resid0 = 0.001659974456, 2.168701454e-13
MLMG: Timers: Solve = 0.114435953 Iter = 0.114229563 Bottom = 0.113876626
2 iterations :: err = 1.310470052e-10
Steady state check : (phi(t) - phi(t-1)).norm0() = 1.006532794e-07
Advanced step 62431 in 0.283990569 seconds
 
MLMG: Initial rhs               = 351568478.9
MLMG: Initial residual (resid0) = 7654232228
MLMG: Final Iter. 3 resid, resid/resid0 = 0.004252495244, 5.555743695e-13
MLMG: Timers: Solve = 0.116738902 Iter = 0.116522766 Bottom = 0.116167914
1 iterations :: err = 1
MLMG: Initial rhs               = 351568483.3
MLMG: Initial residual (resid0) = 7654232228
MLMG: Final Iter. 3 resid, resid/resid0 = 0.002502181094, 3.269016434e-13
MLMG: Timers: Solve = 0.129727117 Iter = 0.129523917 Bottom = 0.129168991
2 iterations :: err = 8.034152895e-11
Steady state check : (phi(t) - phi(t-1)).norm0() = 1.003113673e-07
Advanced step 62432 in 0.262794807 seconds
 
MLMG: Initial rhs               = 351568483.3
MLMG: Initial residual (resid0) = 7654232228
MLMG: Final Iter. 3 resid, resid/resid0 = 0.0009400639683, 1.228162329e-13
MLMG: Timers: Solve = 0.117270972 Iter = 0.117053341 Bottom = 0.11670092
1 iterations :: err = 1
MLMG: Initial rhs               = 351568487.8
MLMG: Initial residual (resid0) = 7654232228
MLMG: Final Iter. 3 resid, resid/resid0 = 0.002988182008, 3.903960475e-13
MLMG: Timers: Solve = 0.12287479 Iter = 0.122665137 Bottom = 0.122308105
2 iterations :: err = 9.702165664e-11
Steady state check : (phi(t) - phi(t-1)).norm0() = 9.99526878e-08
Advanced step 62433 in 0.290504445 seconds
 
step = 62433, Phi_Bc_hi = -4, num_Vapp = 46, sign = -1
MLMG: Initial rhs               = 351568487.9
MLMG: Initial residual (resid0) = 6804632228
MLMG: Final Iter. 3 resid, resid/resid0 = 0.002991903573, 4.396863009e-13
MLMG: Timers: Solve = 0.139331021 Iter = 0.139100229 Bottom = 0.138745287
1 iterations :: err = 1
MLMG: Initial rhs               = 344008667.8
MLMG: Initial residual (resid0) = 6804632228
MLMG: Final Iter. 3 resid, resid/resid0 = 0.002517765388, 3.70007563e-13
MLMG: Timers: Solve = 0.127493215 Iter = 0.127290005 Bottom = 0.126934882
2 iterations :: err = 2.233584692e-05
MLMG: Initial rhs               = 344008667.8
MLMG: Initial residual (resid0) = 6804632228
MLMG: Final Iter. 3 resid, resid/resid0 = 0.002671476454, 3.925967435e-13
MLMG: Timers: Solve = 0.132371759 Iter = 0.132167613 Bottom = 0.131812389
3 iterations :: err = 6.040895016e-09
voltage_sweep == 1 && num_Vapp == num_Vapp_max!
High-water FAB megabyte spread across MPI nodes: [171 ... 171]
Current     FAB megabyte spread across MPI nodes: [136 ... 136]
Total run time 19568.63111 seconds


TinyProfiler total time across processes [min...avg...max]: 1.957e+04 ... 1.957e+04 ... 1.957e+04

-----------------------------------------------------------------------------------------------
Name                                            NCalls  Excl. Min  Excl. Avg  Excl. Max   Max %
-----------------------------------------------------------------------------------------------
amrex::Dot()                                  87390084       5116       5116       5116  26.14%
MLABecLaplacian::Fapply()                     44195690       3913       3913       3913  19.99%
MLABecLaplacian::normalize()                  44070528       2899       2899       2899  14.82%
FabArray::norminf()                           44821204       2432       2432       2432  12.43%
ComputePhi_Rho()                                 62479      927.3      927.3      927.3   4.74%
FillBoundary_nowait()                         44695503      908.5      908.5      908.5   4.64%
FabArray::Saxpy_Saxpy()                       21971155      636.5      636.5      636.5   3.25%
FabArray::Saypy_Saxpy()                       21723887      586.2      586.2      586.2   3.00%
FabArray::Saxpy_Xpay()                        21595669      570.2      570.2      570.2   2.91%
Calculate_Landau()                               62433      430.8      430.8      430.8   2.20%
ComputeEfromPhi()                               124866      252.5      252.5      252.5   1.29%
Calculate_Grad()                                 62433      225.5      225.5      225.5   1.15%
MLCellLinOp::applyBC()                        44195690      209.9      209.9      209.9   1.07%
MLCGSolver::bicgstab                            375486      108.2      108.2      108.2   0.55%
FabArray::setVal()                             2315084       67.1       67.1       67.1   0.34%
amrex::Copy()                                  2065736      55.56      55.56      55.56   0.28%
CalculateTDGL_RHS()                              62433      33.57      33.57      33.57   0.17%
MLCGSolver::ParallelAllReduce                109736725      31.42      31.42      31.42   0.16%
MLCellLinOp::apply()                          44195690      22.52      22.52      22.52   0.12%
FabArray::FillBoundary()                      44695503       20.6       20.6       20.6   0.11%
main()                                               1      13.73      13.73      13.73   0.07%
MLMG::solve()                                   125162      6.219      6.219      6.219   0.03%
MLMG::actualBottomSolve()                       375486      1.189      1.189      1.189   0.01%
MLMG::oneIter()                                 375486     0.4169     0.4169     0.4169   0.00%
MLCellLinOp::solutionResidual()                 500648     0.3793     0.3793     0.3793   0.00%
MLMG::computeResidual()                         375486     0.3002     0.3002     0.3002   0.00%
MLMG::mgVcycle()                                375486     0.2777     0.2777     0.2777   0.00%
MLMG::mgVcycle_bottom                           375486     0.2677     0.2677     0.2677   0.00%
Other                                         92770733      99.23      99.23      99.23   0.51%
-----------------------------------------------------------------------------------------------

-----------------------------------------------------------------------------------------------
Name                                            NCalls  Incl. Min  Incl. Avg  Incl. Max   Max %
-----------------------------------------------------------------------------------------------
main()                                               1  1.957e+04  1.957e+04  1.957e+04 100.00%
ComputePhi_Rho()                                 62479  1.857e+04  1.857e+04  1.857e+04  94.88%
MLMG::solve()                                   125162  1.756e+04  1.756e+04  1.756e+04  89.72%
MLMG::oneIter()                                 375486  1.742e+04  1.742e+04  1.742e+04  89.04%
MLMG::mgVcycle()                                375486  1.742e+04  1.742e+04  1.742e+04  88.99%
MLMG::mgVcycle_bottom                           375486  1.741e+04  1.741e+04  1.741e+04  88.99%
MLMG::actualBottomSolve()                       375486  1.741e+04  1.741e+04  1.741e+04  88.99%
MLCGSolver::bicgstab                            375486  1.741e+04  1.741e+04  1.741e+04  88.95%
amrex::Dot()                                  87390084       5116       5116       5116  26.14%
MLCellLinOp::apply()                          44195690       5077       5077       5077  25.94%
MLABecLaplacian::Fapply()                     44195690       3913       3913       3913  19.99%
MLABecLaplacian::normalize()                  44070528       2899       2899       2899  14.82%
MLCGSolver::ParallelAllReduce                109736725       2661       2661       2661  13.60%
FabArray::norminf()                           44821204       2432       2432       2432  12.43%
MLCellLinOp::applyBC()                        44195690       1141       1141       1141   5.83%
FabArray::FillBoundary()                      44695503        944        944        944   4.82%
FillBoundary_nowait()                         44695503      916.7      916.7      916.7   4.68%
FabArray::Saxpy_Saxpy()                       21971155      636.5      636.5      636.5   3.25%
FabArray::Saypy_Saxpy()                       21723887      586.2      586.2      586.2   3.00%
FabArray::Saxpy_Xpay()                        21595669      570.2      570.2      570.2   2.91%
Calculate_Landau()                               62433      430.8      430.8      430.8   2.20%
ComputeEfromPhi()                               124866      252.5      252.5      252.5   1.29%
Calculate_Grad()                                 62433      225.5      225.5      225.5   1.15%
MLCellLinOp::solutionResidual()                 500648      77.99      77.99      77.99   0.40%
FabArray::setVal()                             2315084       67.1       67.1       67.1   0.34%
amrex::Copy()                                  2065736      55.56      55.56      55.56   0.28%
MLMG::computeResidual()                         375486       55.3       55.3       55.3   0.28%
CalculateTDGL_RHS()                              62433      38.51      38.51      38.51   0.20%
Other                                         92770733      178.7      178.7      178.7   0.91%
-----------------------------------------------------------------------------------------------

Device Memory Usage:
-------------------------------------------------------------------------
Name                                           Nalloc    AvgMem    MaxMem
-------------------------------------------------------------------------
The_Arena::Initialize()                             1     1   B    16 GiB
main()                                           1360   118 MiB   122 MiB
WritePlotfile()                                   752  3995   B    33 MiB
ResizeRandomSeed                                    2    16 MiB    16 MiB
MLCGSolver::bicgstab                         30038880  9419 KiB    10 MiB
MLMG::prepareForSolve()                            64  8135 KiB  8136 KiB
MLABecLaplacian::define()                          64  7823 KiB  7824 KiB
ComputePhi_Rho()                             14021408   180 KiB  7552 KiB
MultiFab::OverlapMask()                       2131222  2680   B  1889 KiB
BndryData::define()                               192  1735 KiB  1736 KiB
MLCellLinOp::defineAuxData()                      192   815 KiB   816 KiB
FillBoundary_nowait()                          876143   176 KiB   180 KiB
VisMF::Write(FabArray)                          13536     3   B   174 KiB
MultiFab::max()                                 62481  2065   B    89 KiB
MultiFab::norm1                                125366    24   B    87 KiB
FabArray::norminf()                          44821204    10 KiB    87 KiB
amrex::Dot()                                 87390084    22 KiB    87 KiB
FabArray::setVal()                            1251656    74 KiB    74 KiB
amrex::Copy()                                  626076    29 KiB    29 KiB
MLCellLinOp::applyBC()                       44320859    25 KiB    26 KiB
MLCellLinOp::prepareForSolve()                      1     0   B    15 KiB
FabArray::LinComb()                            125163  2048   B  4096   B
MLABecLaplacian::Fapply()                      750972  3594   B  4096   B
FabArray::setVal(val, thecmd, scomp, ncomp)         8     0   B  3328   B
MultiFab::Divide()                             125366     1   B  2048   B
MLCellLinOp::defineBC()                             1  1791   B  1792   B
-------------------------------------------------------------------------

Managed Memory Usage:
---------------------------------------------------------
Name                             Nalloc  AvgMem    MaxMem
---------------------------------------------------------
The_Managed_Arena::Initialize()       1   0   B  8192 KiB
main()                                1   0   B    31 KiB
---------------------------------------------------------

Pinned Memory Usage:
-------------------------------------------------------------------------
Name                                           Nalloc    AvgMem    MaxMem
-------------------------------------------------------------------------
The_Pinned_Arena::Initialize()                      1     0   B  8192 KiB
VisMF::Write(FabArray)                          14288   166   B  2124 KiB
FillBoundary_nowait()                          876143   176 KiB   180 KiB
FabArray::setVal()                            1251656    74 KiB    74 KiB
amrex::Copy()                                  626076    29 KiB    29 KiB
MLCellLinOp::applyBC()                         125169    25 KiB    25 KiB
MLCellLinOp::prepareForSolve()                      1     0   B    15 KiB
FabArray::LinComb()                            125163  2048   B  4096   B
MLABecLaplacian::Fapply()                      750972  3594   B  4096   B
FabArray::setVal(val, thecmd, scomp, ncomp)         8     0   B  3328   B
MultiFab::max()                                 62481  2048   B  2304   B
MultiFab::Divide()                             125366     1   B  2048   B
MLCellLinOp::setLevelBC()                          47     0   B  1792   B
MultiFab::OverlapMask()                        125366     0   B  1792   B
amrex::Dot()                                 87390084    66   B   256   B
Unprofiled                                         15     0   B   256   B
MultiFab::norm1                                125366     0   B   256   B
FabArray::norminf()                          44821204    31   B   256   B
-------------------------------------------------------------------------

Total GPU global memory (MB) spread across MPI: [22491 ... 22491]
Free  GPU global memory (MB) spread across MPI: [5299 ... 5299]
[The         Arena] max space (MB) allocated spread across MPI: [16868 ... 16868]
[The         Arena] max space (MB) used      spread across MPI: [186 ... 186]
[The Managed Arena] max space (MB) allocated spread across MPI: [8 ... 8]
[The Managed Arena] max space (MB) used      spread across MPI: [0 ... 0]
[The  Pinned Arena] max space (MB) allocated spread across MPI: [8 ... 8]
[The  Pinned Arena] max space (MB) used      spread across MPI: [2 ... 2]
AMReX (26.05-39-gbe2cc437644f) finalized

EXIT_CODE=0
Fri Jul 17 20:42:32 UTC 2026
