MLMG: Final Iter. 3 resid, resid/resid0 = 0.002293258905, 2.409634775e-13
MLMG: Timers: Solve = 0.065043584 Iter = 0.064819381 Bottom = 0.064414424
2 iterations :: err = 3.565116462e-10
Steady state check : (phi(t) - phi(t-1)).norm0() = 1.02903826e-07
Advanced step 41381 in 0.146675117 seconds
 
MLMG: Initial rhs               = 649388764.5
MLMG: Initial residual (resid0) = 9517039382
MLMG: Final Iter. 3 resid, resid/resid0 = 0.004661440849, 4.897994704e-13
MLMG: Timers: Solve = 0.066832223 Iter = 0.066579507 Bottom = 0.066195502
1 iterations :: err = 1
MLMG: Initial rhs               = 649388764.5
MLMG: Initial residual (resid0) = 9517039382
MLMG: Final Iter. 3 resid, resid/resid0 = 0.003262877196, 3.428458226e-13
MLMG: Timers: Solve = 0.069144221 Iter = 0.068915482 Bottom = 0.068517275
2 iterations :: err = 2.869657492e-10
Steady state check : (phi(t) - phi(t-1)).norm0() = 1.010733303e-07
Advanced step 41382 in 0.152502549 seconds
 
MLMG: Initial rhs               = 649388765.3
MLMG: Initial residual (resid0) = 9517039382
MLMG: Final Iter. 3 resid, resid/resid0 = 0.003492442761, 3.669673541e-13
MLMG: Timers: Solve = 0.067252945 Iter = 0.067022954 Bottom = 0.066635943
1 iterations :: err = 1
MLMG: Initial rhs               = 649388765.3
MLMG: Initial residual (resid0) = 9517039382
MLMG: Final Iter. 3 resid, resid/resid0 = 0.003610847796, 3.794087269e-13
MLMG: Timers: Solve = 0.065740758 Iter = 0.065522124 Bottom = 0.065129956
2 iterations :: err = 9.930547458e-12
Steady state check : (phi(t) - phi(t-1)).norm0() = 9.927094126e-08
Advanced step 41383 in 0.149359243 seconds
 
step = 41383, Phi_Bc_hi = -4, num_Vapp = 46, sign = -1
MLMG: Initial rhs               = 649388765.3
MLMG: Initial residual (resid0) = 8464188688
MLMG: Final Iter. 3 resid, resid/resid0 = 0.002914396391, 3.443208201e-13
MLMG: Timers: Solve = 0.069606556 Iter = 0.069358458 Bottom = 0.068949052
1 iterations :: err = 1
MLMG: Initial rhs               = 649388765.2
MLMG: Initial residual (resid0) = 8464188688
MLMG: Final Iter. 3 resid, resid/resid0 = 0.005878120661, 6.944694734e-13
MLMG: Timers: Solve = 0.071283905 Iter = 0.071045171 Bottom = 0.070627084
2 iterations :: err = 3.772572087e-05
MLMG: Initial rhs               = 649388765.2
MLMG: Initial residual (resid0) = 8464188688
MLMG: Final Iter. 3 resid, resid/resid0 = 0.001858551098, 2.195781742e-13
MLMG: Timers: Solve = 0.06481814 Iter = 0.064525123 Bottom = 0.064109239
3 iterations :: err = 1.589218845e-08
voltage_sweep == 1 && num_Vapp == num_Vapp_max!
High-water FAB megabyte spread across MPI nodes: [171 ... 171]
Current     FAB megabyte spread across MPI nodes: [136 ... 136]
Total run time 7353.31154 seconds


TinyProfiler total time across processes [min...avg...max]: 7353 ... 7353 ... 7353

----------------------------------------------------------------------------------------------
Name                                           NCalls  Excl. Min  Excl. Avg  Excl. Max   Max %
----------------------------------------------------------------------------------------------
amrex::Dot()                                 62353636       1928       1928       1928  26.22%
MLABecLaplacian::Fapply()                    31509006       1449       1449       1449  19.70%
MLABecLaplacian::normalize()                 31425959       1103       1103       1103  15.00%
FabArray::norminf()                          31923960      842.9      842.9      842.9  11.46%
FillBoundary_nowait()                        31840404      354.6      354.6      354.6   4.82%
ComputePhi_Rho()                                41429        346        346        346   4.71%
FabArray::Saxpy_Saxpy()                      15657479      250.3      250.3      250.3   3.40%
FabArray::Saypy_Saxpy()                      15519339      236.2      236.2      236.2   3.21%
FabArray::Saxpy_Xpay()                       15408338      219.5      219.5      219.5   2.99%
Calculate_Landau()                              41383      158.7      158.7      158.7   2.16%
ComputeEfromPhi()                               82766       98.2       98.2       98.2   1.34%
MLCellLinOp::applyBC()                       31509006      97.44      97.44      97.44   1.33%
Calculate_Grad()                                41383      79.55      79.55      79.55   1.08%
MLCGSolver::bicgstab                           249141      38.91      38.91      38.91   0.53%
FabArray::setVal()                            1535979      28.22      28.22      28.22   0.38%
amrex::Copy()                                 1370846      21.87      21.87      21.87   0.30%
CalculateTDGL_RHS()                             41383      16.06      16.06      16.06   0.22%
MLCGSolver::ParallelAllReduce                78260256      12.34      12.34      12.34   0.17%
main()                                              1      9.444      9.444      9.444   0.13%
MLCellLinOp::apply()                         31509006      7.562      7.562      7.562   0.10%
FabArray::FillBoundary()                     31840404      7.272      7.272      7.272   0.10%
MLMG::solve()                                   83047      4.923      4.923      4.923   0.07%
MLMG::actualBottomSolve()                      249141      1.006      1.006      1.006   0.01%
MLMG::oneIter()                                249141     0.4026     0.4026     0.4026   0.01%
MLCellLinOp::solutionResidual()                332188      0.321      0.321      0.321   0.00%
MLMG::computeResidual()                        249141     0.2856     0.2856     0.2856   0.00%
MLMG::mgVcycle_bottom                          249141     0.2745     0.2745     0.2745   0.00%
MLMG::mgVcycle()                               249141     0.1364     0.1364     0.1364   0.00%
Other                                        65923415      41.03      41.03      41.03   0.56%
----------------------------------------------------------------------------------------------

----------------------------------------------------------------------------------------------
Name                                           NCalls  Incl. Min  Incl. Avg  Incl. Max   Max %
----------------------------------------------------------------------------------------------
main()                                              1       7353       7353       7353 100.00%
ComputePhi_Rho()                                41429       6974       6974       6974  94.85%
MLMG::solve()                                   83047       6595       6595       6595  89.68%
MLMG::oneIter()                                249141       6543       6543       6543  88.98%
MLMG::mgVcycle()                               249141       6539       6539       6539  88.92%
MLMG::mgVcycle_bottom                          249141       6539       6539       6539  88.92%
MLMG::actualBottomSolve()                      249141       6538       6538       6538  88.92%
MLCGSolver::bicgstab                           249141       6534       6534       6534  88.85%
amrex::Dot()                                 62353636       1928       1928       1928  26.22%
MLCellLinOp::apply()                         31509006       1918       1918       1918  26.08%
MLABecLaplacian::Fapply()                    31509006       1449       1449       1449  19.70%
MLABecLaplacian::normalize()                 31425959       1103       1103       1103  15.00%
MLCGSolver::ParallelAllReduce                78260256      981.7      981.7      981.7  13.35%
FabArray::norminf()                          31923960      842.9      842.9      842.9  11.46%
MLCellLinOp::applyBC()                       31509006      461.4      461.4      461.4   6.28%
FabArray::FillBoundary()                     31840404      368.4      368.4      368.4   5.01%
FillBoundary_nowait()                        31840404      358.1      358.1      358.1   4.87%
FabArray::Saxpy_Saxpy()                      15657479      250.3      250.3      250.3   3.40%
FabArray::Saypy_Saxpy()                      15519339      236.2      236.2      236.2   3.21%
FabArray::Saxpy_Xpay()                       15408338      219.5      219.5      219.5   2.99%
Calculate_Landau()                              41383      158.7      158.7      158.7   2.16%
ComputeEfromPhi()                               82766       98.2       98.2       98.2   1.34%
Calculate_Grad()                                41383      79.55      79.55      79.55   1.08%
MLCellLinOp::solutionResidual()                332188      28.75      28.75      28.75   0.39%
FabArray::setVal()                            1535979      28.22      28.22      28.22   0.38%
amrex::Copy()                                 1370846      21.87      21.87      21.87   0.30%
MLMG::computeResidual()                        249141      19.49      19.49      19.49   0.27%
CalculateTDGL_RHS()                             41383      17.95      17.95      17.95   0.24%
Other                                        65923415      70.95      70.95      70.95   0.96%
----------------------------------------------------------------------------------------------

Device Memory Usage:
-------------------------------------------------------------------------
Name                                           Nalloc    AvgMem    MaxMem
-------------------------------------------------------------------------
The_Arena::Initialize()                             1     4   B    14 GiB
main()                                           1360   118 MiB   122 MiB
WritePlotfile()                                   752  4180   B    33 MiB
ResizeRandomSeed                                    2    13 MiB    13 MiB
MLCGSolver::bicgstab                         19931280  9404 KiB    10 MiB
MLMG::prepareForSolve()                            64  8135 KiB  8136 KiB
MLABecLaplacian::define()                          64  7823 KiB  7824 KiB
ComputePhi_Rho()                              9304288   181 KiB  7552 KiB
MultiFab::OverlapMask()                       1415012  3014   B  1889 KiB
BndryData::define()                               192  1735 KiB  1736 KiB
MLCellLinOp::defineAuxData()                      192   815 KiB   816 KiB
FillBoundary_nowait()                          581338   176 KiB   180 KiB
VisMF::Write(FabArray)                          13536     3   B   144 KiB
FabArray::setVal()                             830506    74 KiB    74 KiB
MultiFab::max()                                 41431  2060   B    74 KiB
MultiFab::norm1                                 83236    20   B    72 KiB
FabArray::norminf()                          31923960  8320   B    72 KiB
amrex::Dot()                                 62353636    18 KiB    72 KiB
amrex::Copy()                                  415486    29 KiB    29 KiB
MLCellLinOp::applyBC()                       31592060    25 KiB    26 KiB
MLCellLinOp::prepareForSolve()                      1     0   B    15 KiB
FabArray::LinComb()                             83048  2048   B  4096   B
MLABecLaplacian::Fapply()                      498282  3588   B  4096   B
FabArray::setVal(val, thecmd, scomp, ncomp)         8     0   B  3328   B
MultiFab::Divide()                              83236     1   B  2048   B
MLCellLinOp::defineBC()                             1  1791   B  1792   B
-------------------------------------------------------------------------

Managed Memory Usage:
---------------------------------------------------------
Name                             Nalloc  AvgMem    MaxMem
---------------------------------------------------------
The_Managed_Arena::Initialize()       1   0   B  8192 KiB
main()                                1   0   B    31 KiB
---------------------------------------------------------

Pinned Memory Usage:
-------------------------------------------------------------------------
Name                                           Nalloc    AvgMem    MaxMem
-------------------------------------------------------------------------
The_Pinned_Arena::Initialize()                      1     0   B  8192 KiB
VisMF::Write(FabArray)                          14288   166   B  2124 KiB
FillBoundary_nowait()                          581338   176 KiB   180 KiB
FabArray::setVal()                             830506    74 KiB    74 KiB
amrex::Copy()                                  415486    29 KiB    29 KiB
MLCellLinOp::applyBC()                          83054    25 KiB    25 KiB
MLCellLinOp::prepareForSolve()                      1     0   B    15 KiB
FabArray::LinComb()                             83048  2048   B  4096   B
MLABecLaplacian::Fapply()                      498282  3588   B  4096   B
FabArray::setVal(val, thecmd, scomp, ncomp)         8     0   B  3328   B
MultiFab::max()                                 41431  2048   B  2304   B
MultiFab::Divide()                              83236     1   B  2048   B
MLCellLinOp::setLevelBC()                          47     0   B  1792   B
MultiFab::OverlapMask()                         83236     0   B  1792   B
amrex::Dot()                                 62353636    66   B   256   B
Unprofiled                                         15     0   B   256   B
MultiFab::norm1                                 83236     0   B   256   B
FabArray::norminf()                          31923960    28   B   256   B
-------------------------------------------------------------------------

Total GPU global memory (MB) spread across MPI: [20019 ... 20019]
Free  GPU global memory (MB) spread across MPI: [4698 ... 4698]
[The         Arena] max space (MB) allocated spread across MPI: [15014 ... 15014]
[The         Arena] max space (MB) used      spread across MPI: [183 ... 183]
[The Managed Arena] max space (MB) allocated spread across MPI: [8 ... 8]
[The Managed Arena] max space (MB) used      spread across MPI: [0 ... 0]
[The  Pinned Arena] max space (MB) allocated spread across MPI: [8 ... 8]
[The  Pinned Arena] max space (MB) used      spread across MPI: [2 ... 2]
AMReX (26.05-39-gbe2cc437644f) finalized

EXIT_CODE=0
Thu Jul 23 15:59:32 CST 2026
