MLMG: Timers: Solve = 0.048429329 Iter = 0.048253752 Bottom = 0.047958602
1 iterations :: err = 1
MLMG: Initial rhs               = 289230925
MLMG: Initial residual (resid0) = 8779016480
MLMG: Final Iter. 3 resid, resid/resid0 = 0.0003912476823, 4.456623167e-14
MLMG: Timers: Solve = 0.049550348 Iter = 0.049374951 Bottom = 0.04907828
2 iterations :: err = 9.909277089e-11
Steady state check : (phi(t) - phi(t-1)).norm0() = 2.826307087e-07
Advanced step 13752 in 0.113563485 seconds
 
MLMG: Initial rhs               = 289230925
MLMG: Initial residual (resid0) = 8779016473
MLMG: Final Iter. 3 resid, resid/resid0 = 0.001189920872, 1.355414784e-13
MLMG: Timers: Solve = 0.046066858 Iter = 0.045891641 Bottom = 0.04559592
1 iterations :: err = 1
MLMG: Initial rhs               = 289230954.1
MLMG: Initial residual (resid0) = 8779016473
MLMG: Final Iter. 3 resid, resid/resid0 = 0.001184011192, 1.348683187e-13
MLMG: Timers: Solve = 0.050667091 Iter = 0.05048936 Bottom = 0.050192909
2 iterations :: err = 8.636691618e-11
Steady state check : (phi(t) - phi(t-1)).norm0() = 1.355765615e-07
Advanced step 13753 in 0.112396086 seconds
 
MLMG: Initial rhs               = 289230954.1
MLMG: Initial residual (resid0) = 8779016470
MLMG: Final Iter. 3 resid, resid/resid0 = 0.002344912418, 2.671042281e-13
MLMG: Timers: Solve = 0.046978508 Iter = 0.046804012 Bottom = 0.046506489
1 iterations :: err = 1
MLMG: Initial rhs               = 289230968.1
MLMG: Initial residual (resid0) = 8779016470
MLMG: Final Iter. 3 resid, resid/resid0 = 0.003994072089, 4.549566689e-13
MLMG: Timers: Solve = 0.04865934 Iter = 0.048483572 Bottom = 0.048188031
2 iterations :: err = 1.766037152e-10
Steady state check : (phi(t) - phi(t-1)).norm0() = 6.501517103e-08
Advanced step 13754 in 0.111240484 seconds
 
step = 13754, Phi_Bc_hi = -4, num_Vapp = 46, sign = -1
MLMG: Initial rhs               = 289230968.1
MLMG: Initial residual (resid0) = 7801344534
MLMG: Final Iter. 3 resid, resid/resid0 = 0.001132234116, 1.451332025e-13
MLMG: Timers: Solve = 0.050503011 Iter = 0.050320993 Bottom = 0.050022497
1 iterations :: err = 1
MLMG: Initial rhs               = 274789691.1
MLMG: Initial residual (resid0) = 7801344534
MLMG: Final Iter. 3 resid, resid/resid0 = 0.002231320716, 2.860174558e-13
MLMG: Timers: Solve = 0.048465745 Iter = 0.048288715 Bottom = 0.047991962
2 iterations :: err = 6.245929743e-05
MLMG: Initial rhs               = 274583925
MLMG: Initial residual (resid0) = 7801344534
MLMG: Final Iter. 3 resid, resid/resid0 = 0.001349701006, 1.73008768e-13
MLMG: Timers: Solve = 0.048429921 Iter = 0.048256767 Bottom = 0.047960135
3 iterations :: err = 4.870202149e-08
voltage_sweep == 1 && num_Vapp == num_Vapp_max!
High-water FAB megabyte spread across MPI nodes: [171 ... 171]
Current     FAB megabyte spread across MPI nodes: [136 ... 136]
Total run time 2447.580332 seconds


TinyProfiler total time across processes [min...avg...max]: 2448 ... 2448 ... 2448

----------------------------------------------------------------------------------------------
Name                                           NCalls  Excl. Min  Excl. Avg  Excl. Max   Max %
----------------------------------------------------------------------------------------------
amrex::Dot()                                 24061276      659.1      659.1      659.1  26.93%
MLABecLaplacian::Fapply()                    12141732      542.4      542.4      542.4  22.16%
MLABecLaplacian::normalize()                 12113958      390.4      390.4      390.4  15.95%
FabArray::norminf()                          12280334      280.7      280.7      280.7  11.47%
FillBoundary_nowait()                        12252083      99.82      99.82      99.82   4.08%
ComputePhi_Rho()                                13800      98.36      98.36      98.36   4.02%
FabArray::Saxpy_Saxpy()                       6041654      79.26      79.26      79.26   3.24%
FabArray::Saypy_Saxpy()                       5988984      73.39      73.39      73.39   3.00%
FabArray::Saxpy_Xpay()                        5958334      67.66      67.66      67.66   2.76%
Calculate_Landau()                              13754      52.12      52.12      52.12   2.13%
Calculate_Grad()                                13754      26.95      26.95      26.95   1.10%
ComputeEfromPhi()                               27508      24.67      24.67      24.67   1.01%
MLCellLinOp::applyBC()                       12141732      19.24      19.24      19.24   0.79%
FabArray::setVal()                             513445      6.101      6.101      6.101   0.25%
MLCGSolver::bicgstab                            83320       4.81       4.81       4.81   0.20%
MLCGSolver::ParallelAllReduce                30186250      2.316      2.316      2.316   0.09%
main()                                              1      1.883      1.883      1.883   0.08%
FabArray::FillBoundary()                     12252083      1.538      1.538      1.538   0.06%
MLCellLinOp::apply()                         12141732      1.391      1.391      1.391   0.06%
MLMG::solve()                                   27774     0.1859     0.1859     0.1859   0.01%
MLMG::actualBottomSolve()                       83320    0.03118    0.03118    0.03118   0.00%
MLCellLinOp::solutionResidual()                111094    0.01406    0.01406    0.01406   0.00%
MLMG::oneIter()                                 83320    0.01302    0.01302    0.01302   0.00%
MLMG::mgVcycle_bottom                           83320   0.009632   0.009632   0.009632   0.00%
MLMG::computeResidual()                         83320   0.008593   0.008593   0.008593   0.00%
MLMG::mgVcycle()                                83320   0.007433   0.007433   0.007433   0.00%
Other                                        25726976      15.12      15.12      15.12   0.62%
----------------------------------------------------------------------------------------------

----------------------------------------------------------------------------------------------
Name                                           NCalls  Incl. Min  Incl. Avg  Incl. Max   Max %
----------------------------------------------------------------------------------------------
main()                                              1       2448       2448       2448 100.00%
ComputePhi_Rho()                                13800       2336       2336       2336  95.45%
MLMG::solve()                                   27774       2231       2231       2231  91.14%
MLMG::oneIter()                                 83320       2218       2218       2218  90.64%
MLMG::mgVcycle()                                83320       2218       2218       2218  90.60%
MLMG::mgVcycle_bottom                           83320       2218       2218       2218  90.60%
MLMG::actualBottomSolve()                       83320       2218       2218       2218  90.60%
MLCGSolver::bicgstab                            83320       2217       2217       2217  90.57%
MLCellLinOp::apply()                         12141732      664.7      664.7      664.7  27.16%
amrex::Dot()                                 24061276      659.1      659.1      659.1  26.93%
MLABecLaplacian::Fapply()                    12141732      542.4      542.4      542.4  22.16%
MLABecLaplacian::normalize()                 12113958      390.4      390.4      390.4  15.95%
MLCGSolver::ParallelAllReduce                30186250      333.9      333.9      333.9  13.64%
FabArray::norminf()                          12280334      280.7      280.7      280.7  11.47%
MLCellLinOp::applyBC()                       12141732      120.8      120.8      120.8   4.94%
FabArray::FillBoundary()                     12252083      102.6      102.6      102.6   4.19%
FillBoundary_nowait()                        12252083      100.5      100.5      100.5   4.11%
FabArray::Saxpy_Saxpy()                       6041654      79.26      79.26      79.26   3.24%
FabArray::Saypy_Saxpy()                       5988984      73.39      73.39      73.39   3.00%
FabArray::Saxpy_Xpay()                        5958334      67.66      67.66      67.66   2.76%
Calculate_Landau()                              13754      52.12      52.12      52.12   2.13%
Calculate_Grad()                                13754      26.95      26.95      26.95   1.10%
ComputeEfromPhi()                               27508      24.67      24.67      24.67   1.01%
MLCellLinOp::solutionResidual()                111094      7.605      7.605      7.605   0.31%
FabArray::setVal()                             513445      6.101      6.101      6.101   0.25%
MLMG::computeResidual()                         83320      5.366      5.366      5.366   0.22%
Other                                        25726976      23.92      23.92      23.92   0.98%
----------------------------------------------------------------------------------------------

Device Memory Usage:
-------------------------------------------------------------------------
Name                                           Nalloc    AvgMem    MaxMem
-------------------------------------------------------------------------
The_Arena::Initialize()                             1     7   B    14 GiB
main()                                           1360   118 MiB   122 MiB
WritePlotfile()                                   752  7288   B    33 MiB
ResizeRandomSeed                                    2    13 MiB    13 MiB
MLCGSolver::bicgstab                          6665600  9599 KiB    10 MiB
MLMG::prepareForSolve()                            64  8135 KiB  8136 KiB
MLABecLaplacian::define()                          64  7823 KiB  7824 KiB
ComputePhi_Rho()                              3113472   161 KiB  7552 KiB
MultiFab::OverlapMask()                        475116  1830   B  1889 KiB
BndryData::define()                               192  1735 KiB  1736 KiB
MLCellLinOp::defineAuxData()                      192   815 KiB   816 KiB
FillBoundary_nowait()                          194423   176 KiB   180 KiB
VisMF::Write(FabArray)                          13536     8   B   144 KiB
FabArray::setVal()                             277772    74 KiB    74 KiB
MultiFab::max()                                 13802  2057   B    74 KiB
MultiFab::norm1                                 27948    17   B    72 KiB
FabArray::norminf()                          12280334  8385   B    72 KiB
amrex::Dot()                                 24061276    19 KiB    72 KiB
amrex::Copy()                                  139104    29 KiB    29 KiB
MLCellLinOp::applyBC()                       12169513    25 KiB    26 KiB
MLCellLinOp::prepareForSolve()                      1     0   B    15 KiB
FabArray::LinComb()                             27775  2048   B  4096   B
MLABecLaplacian::Fapply()                      166640  3674   B  4096   B
FabArray::setVal(val, thecmd, scomp, ncomp)         8     0   B  3328   B
MultiFab::Divide()                              27948     0   B  2048   B
MLCellLinOp::defineBC()                             1  1791   B  1792   B
-------------------------------------------------------------------------

Managed Memory Usage:
---------------------------------------------------------
Name                             Nalloc  AvgMem    MaxMem
---------------------------------------------------------
The_Managed_Arena::Initialize()       1   0   B  8192 KiB
main()                                1   0   B    31 KiB
---------------------------------------------------------

Pinned Memory Usage:
-------------------------------------------------------------------------
Name                                           Nalloc    AvgMem    MaxMem
-------------------------------------------------------------------------
The_Pinned_Arena::Initialize()                      1     0   B  8192 KiB
VisMF::Write(FabArray)                          14288   274   B  2124 KiB
FillBoundary_nowait()                          194423   176 KiB   180 KiB
FabArray::setVal()                             277772    74 KiB    74 KiB
amrex::Copy()                                  139104    29 KiB    29 KiB
MLCellLinOp::applyBC()                          27781    25 KiB    25 KiB
MLCellLinOp::prepareForSolve()                      1     0   B    15 KiB
FabArray::LinComb()                             27775  2048   B  4096   B
MLABecLaplacian::Fapply()                      166640  3674   B  4096   B
FabArray::setVal(val, thecmd, scomp, ncomp)         8     0   B  3328   B
MultiFab::max()                                 13802  2048   B  2304   B
MultiFab::Divide()                              27948     0   B  2048   B
MLCellLinOp::setLevelBC()                          47     0   B  1792   B
MultiFab::OverlapMask()                         27948     0   B  1792   B
amrex::Dot()                                 24061276    68   B   256   B
Unprofiled                                         15     0   B   256   B
MultiFab::norm1                                 27948     0   B   256   B
FabArray::norminf()                          12280334    29   B   256   B
-------------------------------------------------------------------------

Total GPU global memory (MB) spread across MPI: [20019 ... 20019]
Free  GPU global memory (MB) spread across MPI: [4636 ... 4636]
[The         Arena] max space (MB) allocated spread across MPI: [15014 ... 15014]
[The         Arena] max space (MB) used      spread across MPI: [183 ... 183]
[The Managed Arena] max space (MB) allocated spread across MPI: [8 ... 8]
[The Managed Arena] max space (MB) used      spread across MPI: [0 ... 0]
[The  Pinned Arena] max space (MB) allocated spread across MPI: [8 ... 8]
[The  Pinned Arena] max space (MB) used      spread across MPI: [2 ... 2]
AMReX (26.05-39-gbe2cc437644f) finalized

EXIT_CODE=0
Sat Jul 18 23:40:52 CST 2026
