2 iterations :: err = 2.888330562e-10
Steady state check : (phi(t) - phi(t-1)).norm0() = 1.143229973e-07
Advanced step 7424 in 0.234564955 seconds
 
MLMG: Initial rhs               = 320027618
MLMG: Initial residual (resid0) = 8785265518
MLMG: Final Iter. 3 resid, resid/resid0 = 0.001464247704, 1.666708537e-13
MLMG: Timers: Solve = 0.115295106 Iter = 0.115075331 Bottom = 0.114725466
1 iterations :: err = 1
MLMG: Initial rhs               = 320027639.5
MLMG: Initial residual (resid0) = 8785265518
MLMG: Final Iter. 3 resid, resid/resid0 = 0.004705145955, 5.355724247e-13
MLMG: Timers: Solve = 0.093362013 Iter = 0.093161604 Bottom = 0.092810477
2 iterations :: err = 1.401174362e-10
Steady state check : (phi(t) - phi(t-1)).norm0() = 1.066541897e-07
Advanced step 7425 in 0.252475121 seconds
 
MLMG: Initial rhs               = 320027639.5
MLMG: Initial residual (resid0) = 8785265517
MLMG: Final Iter. 3 resid, resid/resid0 = 0.001304749805, 1.48515694e-13
MLMG: Timers: Solve = 0.107738528 Iter = 0.107518127 Bottom = 0.107158467
1 iterations :: err = 1
MLMG: Initial rhs               = 320027659.5
MLMG: Initial residual (resid0) = 8785265517
MLMG: Final Iter. 3 resid, resid/resid0 = 0.001811326249, 2.061777467e-13
MLMG: Timers: Solve = 0.085129399 Iter = 0.084919128 Bottom = 0.084562109
2 iterations :: err = 1.406115689e-10
Steady state check : (phi(t) - phi(t-1)).norm0() = 9.962325726e-08
Advanced step 7426 in 0.238373896 seconds
 
step = 7426, Phi_Bc_hi = -4, num_Vapp = 46, sign = -1
MLMG: Initial rhs               = 320027659.5
MLMG: Initial residual (resid0) = 7807593582
MLMG: Final Iter. 3 resid, resid/resid0 = 0.001268437612, 1.62462044e-13
MLMG: Timers: Solve = 0.114343767 Iter = 0.114112228 Bottom = 0.113760431
1 iterations :: err = 1
MLMG: Initial rhs               = 306620213.2
MLMG: Initial residual (resid0) = 7807593582
MLMG: Final Iter. 3 resid, resid/resid0 = 0.0006837131177, 8.757027508e-14
MLMG: Timers: Solve = 0.108394412 Iter = 0.108191619 Bottom = 0.107832626
2 iterations :: err = 4.098535263e-05
MLMG: Initial rhs               = 306465248.1
MLMG: Initial residual (resid0) = 7807593582
MLMG: Final Iter. 3 resid, resid/resid0 = 0.00195362707, 2.502214094e-13
MLMG: Timers: Solve = 0.093525392 Iter = 0.09331029 Bottom = 0.092957671
3 iterations :: err = 1.983810734e-08
voltage_sweep == 1 && num_Vapp == num_Vapp_max!
High-water FAB megabyte spread across MPI nodes: [171 ... 171]
Current     FAB megabyte spread across MPI nodes: [136 ... 136]
Total run time 2007.786518 seconds


TinyProfiler total time across processes [min...avg...max]: 2008 ... 2008 ... 2008

----------------------------------------------------------------------------------------------
Name                                           NCalls  Excl. Min  Excl. Avg  Excl. Max   Max %
----------------------------------------------------------------------------------------------
amrex::Dot()                                  8776690      502.2      502.2      502.2  25.01%
MLABecLaplacian::Fapply()                     4448612      382.5      382.5      382.5  19.05%
MLABecLaplacian::normalize()                  4433544      278.4      278.4      278.4  13.87%
FabArray::norminf()                           4523731      243.7      243.7      243.7  12.14%
ComputePhi_Rho()                                 7472      134.5      134.5      134.5   6.70%
FillBoundary_nowait()                         4508289      90.49      90.49      90.49   4.51%
FabArray::Saxpy_Saxpy()                       2208392      60.95      60.95      60.95   3.04%
FabArray::Saypy_Saxpy()                       2179953      58.69      58.69      58.69   2.92%
FabArray::Saxpy_Xpay()                        2163193      58.11      58.11      58.11   2.89%
Calculate_Landau()                               7426         52         52         52   2.59%
ComputeEfromPhi()                               14852      27.89      27.89      27.89   1.39%
Calculate_Grad()                                 7426      25.95      25.95      25.95   1.29%
main()                                              1      22.84      22.84      22.84   1.14%
MLCellLinOp::applyBC()                        4448612       20.4       20.4       20.4   1.02%
MLCGSolver::bicgstab                            45199      10.69      10.69      10.69   0.53%
FabArray::setVal()                             278450       7.19       7.19       7.19   0.36%
amrex::Copy()                                  249210      5.808      5.808      5.808   0.29%
CalculateTDGL_RHS()                              7426      4.061      4.061      4.061   0.20%
MLCGSolver::ParallelAllReduce                11030281      3.237      3.237      3.237   0.16%
MLCellLinOp::apply()                          4448612      2.555      2.555      2.555   0.13%
FabArray::FillBoundary()                      4508289      2.322      2.322      2.322   0.12%
MLMG::solve()                                   15068     0.6893     0.6893     0.6893   0.03%
MLMG::actualBottomSolve()                       45199     0.1251     0.1251     0.1251   0.01%
MLMG::ResNormInf()                              60267    0.08166    0.08166    0.08166   0.00%
MLCellLinOp::solutionResidual()                 60267     0.0534     0.0534     0.0534   0.00%
MLMG::computeResidual()                         45199    0.05079    0.05079    0.05079   0.00%
MLMG::oneIter()                                 45199    0.04637    0.04637    0.04637   0.00%
MLMG::mgVcycle()                                45199    0.03079    0.03079    0.03079   0.00%
MLMG::mgVcycle_bottom                           45199    0.01476    0.01476    0.01476   0.00%
Other                                         9363400      12.16      12.16      12.16   0.61%
----------------------------------------------------------------------------------------------

----------------------------------------------------------------------------------------------
Name                                           NCalls  Incl. Min  Incl. Avg  Incl. Max   Max %
----------------------------------------------------------------------------------------------
main()                                              1       2008       2008       2008 100.00%
ComputePhi_Rho()                                 7472       1868       1868       1868  93.05%
MLMG::solve()                                   15068       1725       1725       1725  85.90%
MLMG::oneIter()                                 45199       1711       1711       1711  85.20%
MLMG::mgVcycle()                                45199       1709       1709       1709  85.14%
MLMG::mgVcycle_bottom                           45199       1709       1709       1709  85.14%
MLMG::actualBottomSolve()                       45199       1709       1709       1709  85.14%
MLCGSolver::bicgstab                            45199       1709       1709       1709  85.09%
amrex::Dot()                                  8776690      502.2      502.2      502.2  25.01%
MLCellLinOp::apply()                          4448612      498.3      498.3      498.3  24.82%
MLABecLaplacian::Fapply()                     4448612      382.5      382.5      382.5  19.05%
MLABecLaplacian::normalize()                  4433544      278.4      278.4      278.4  13.87%
MLCGSolver::ParallelAllReduce                11030281      261.7      261.7      261.7  13.03%
FabArray::norminf()                           4523731      243.7      243.7      243.7  12.14%
MLCellLinOp::applyBC()                        4448612      113.2      113.2      113.2   5.64%
FabArray::FillBoundary()                      4508289      94.46      94.46      94.46   4.70%
FillBoundary_nowait()                         4508289      91.43      91.43      91.43   4.55%
FabArray::Saxpy_Saxpy()                       2208392      60.95      60.95      60.95   3.04%
FabArray::Saypy_Saxpy()                       2179953      58.69      58.69      58.69   2.92%
FabArray::Saxpy_Xpay()                        2163193      58.11      58.11      58.11   2.89%
Calculate_Landau()                               7426         52         52         52   2.59%
ComputeEfromPhi()                               14852      27.89      27.89      27.89   1.39%
Calculate_Grad()                                 7426      25.95      25.95      25.95   1.29%
MLCellLinOp::solutionResidual()                 60267      8.695      8.695      8.695   0.43%
FabArray::setVal()                             278450       7.19       7.19       7.19   0.36%
MLMG::computeResidual()                         45199      6.634      6.634      6.634   0.33%
amrex::Copy()                                  249210      5.808      5.808      5.808   0.29%
CalculateTDGL_RHS()                              7426      4.653      4.653      4.653   0.23%
MLMG::ResNormInf()                              60267      2.975      2.975      2.975   0.15%
Other                                         9363400      19.95      19.95      19.95   0.99%
----------------------------------------------------------------------------------------------

Device Memory Usage:
------------------------------------------------------------------------
Name                                          Nalloc    AvgMem    MaxMem
------------------------------------------------------------------------
The_Arena::Initialize()                            1     8   B    16 GiB
main()                                          1360   118 MiB   122 MiB
WritePlotfile()                                  752    29 KiB    33 MiB
ResizeRandomSeed                                   2    16 MiB    16 MiB
MLCGSolver::bicgstab                         3615920  9009 KiB    10 MiB
MLMG::prepareForSolve()                           64  8135 KiB  8136 KiB
MLABecLaplacian::define()                         64  7823 KiB  7824 KiB
ComputePhi_Rho()                             1689600   252 KiB  7552 KiB
MultiFab::OverlapMask()                       258264  2886   B  1889 KiB
BndryData::define()                              192  1735 KiB  1736 KiB
MLCellLinOp::defineAuxData()                     192   815 KiB   816 KiB
FillBoundary_nowait()                         105475   175 KiB   180 KiB
VisMF::Write(FabArray)                         13536    37   B   174 KiB
MultiFab::max()                                 7474  2059   B    89 KiB
MultiFab::norm1                                15192    33   B    87 KiB
FabArray::norminf()                          4523731    10 KiB    87 KiB
amrex::Dot()                                 8776690    21 KiB    87 KiB
FabArray::setVal()                            150706    73 KiB    74 KiB
amrex::Copy()                                  75521    29 KiB    29 KiB
MLCellLinOp::applyBC()                       4463687    25 KiB    26 KiB
MLCellLinOp::prepareForSolve()                     1     0   B    15 KiB
FabArray::LinComb()                            15069  2048   B  4096   B
MLABecLaplacian::Fapply()                      90398  3435   B  4096   B
FabArray::setVal(val, thecmd, scomp, ncomp)        8     0   B  3328   B
MultiFab::Divide()                             15192     1   B  2048   B
MLCellLinOp::defineBC()                            1  1791   B  1792   B
------------------------------------------------------------------------

Managed Memory Usage:
---------------------------------------------------------
Name                             Nalloc  AvgMem    MaxMem
---------------------------------------------------------
The_Managed_Arena::Initialize()       1   0   B  8192 KiB
main()                                1   0   B    31 KiB
---------------------------------------------------------

Pinned Memory Usage:
------------------------------------------------------------------------
Name                                          Nalloc    AvgMem    MaxMem
------------------------------------------------------------------------
The_Pinned_Arena::Initialize()                     1     0   B  8192 KiB
VisMF::Write(FabArray)                         14288  1240   B  2124 KiB
FillBoundary_nowait()                         105475   175 KiB   180 KiB
FabArray::setVal()                            150706    73 KiB    74 KiB
amrex::Copy()                                  75521    29 KiB    29 KiB
MLCellLinOp::applyBC()                         15075    25 KiB    25 KiB
MLCellLinOp::prepareForSolve()                     1     0   B    15 KiB
FabArray::LinComb()                            15069  2048   B  4096   B
MLABecLaplacian::Fapply()                      90398  3435   B  4096   B
FabArray::setVal(val, thecmd, scomp, ncomp)        8     0   B  3328   B
MultiFab::max()                                 7474  2048   B  2304   B
MultiFab::Divide()                             15192     1   B  2048   B
MLCellLinOp::setLevelBC()                         47     0   B  1792   B
MultiFab::OverlapMask()                        15192     0   B  1792   B
amrex::Dot()                                 8776690    63   B   256   B
Unprofiled                                        15     0   B   256   B
MultiFab::norm1                                15192     0   B   256   B
FabArray::norminf()                          4523731    30   B   256   B
------------------------------------------------------------------------

Total GPU global memory (MB) spread across MPI: [22491 ... 22491]
Free  GPU global memory (MB) spread across MPI: [5299 ... 5299]
[The         Arena] max space (MB) allocated spread across MPI: [16868 ... 16868]
[The         Arena] max space (MB) used      spread across MPI: [186 ... 186]
[The Managed Arena] max space (MB) allocated spread across MPI: [8 ... 8]
[The Managed Arena] max space (MB) used      spread across MPI: [0 ... 0]
[The  Pinned Arena] max space (MB) allocated spread across MPI: [8 ... 8]
[The  Pinned Arena] max space (MB) used      spread across MPI: [2 ... 2]
AMReX (26.05-39-gbe2cc437644f) finalized

EXIT_CODE=0
Sun Aug 02 06:11:42 UTC 2026
