MLMG: Final Iter. 3 resid, resid/resid0 = 0.001699700952, 2.220476978e-13
MLMG: Timers: Solve = 0.121092367 Iter = 0.120893738 Bottom = 0.120546412
2 iterations :: err = 1.097489201e-10
Steady state check : (phi(t) - phi(t-1)).norm0() = 1.006348165e-07
Advanced step 61642 in 0.280188078 seconds
 
MLMG: Initial rhs               = 351322038.2
MLMG: Initial residual (resid0) = 7654665950
MLMG: Final Iter. 3 resid, resid/resid0 = 0.002272532065, 2.968819384e-13
MLMG: Timers: Solve = 0.119029276 Iter = 0.118817567 Bottom = 0.118470001
1 iterations :: err = 1
MLMG: Initial rhs               = 351322043.1
MLMG: Initial residual (resid0) = 7654665950
MLMG: Final Iter. 3 resid, resid/resid0 = 0.001907136477, 2.491469242e-13
MLMG: Timers: Solve = 0.12934039 Iter = 0.129143324 Bottom = 0.128792677
2 iterations :: err = 3.231546186e-11
Steady state check : (phi(t) - phi(t-1)).norm0() = 1.002579675e-07
Advanced step 61643 in 0.279879535 seconds
 
MLMG: Initial rhs               = 351322043
MLMG: Initial residual (resid0) = 7654665950
MLMG: Final Iter. 3 resid, resid/resid0 = 0.002418417484, 3.159403035e-13
MLMG: Timers: Solve = 0.115529533 Iter = 0.115320942 Bottom = 0.114971361
1 iterations :: err = 1
MLMG: Initial rhs               = 351322047.8
MLMG: Initial residual (resid0) = 7654665950
MLMG: Final Iter. 3 resid, resid/resid0 = 0.0009260240003, 1.209751028e-13
MLMG: Timers: Solve = 0.118477949 Iter = 0.118276319 Bottom = 0.117925784
2 iterations :: err = 3.979952109e-11
Steady state check : (phi(t) - phi(t-1)).norm0() = 9.989458398e-08
Advanced step 61644 in 0.263273552 seconds
 
step = 61644, Phi_Bc_hi = -4, num_Vapp = 46, sign = -1
MLMG: Initial rhs               = 351322047.7
MLMG: Initial residual (resid0) = 6805065950
MLMG: Final Iter. 3 resid, resid/resid0 = 0.002414461204, 3.548034981e-13
MLMG: Timers: Solve = 0.114803743 Iter = 0.114576862 Bottom = 0.114225174
1 iterations :: err = 1
MLMG: Initial rhs               = 340996011.7
MLMG: Initial residual (resid0) = 6805065950
MLMG: Final Iter. 3 resid, resid/resid0 = 0.00211370426, 3.106074615e-13
MLMG: Timers: Solve = 0.124488065 Iter = 0.124285581 Bottom = 0.123933692
2 iterations :: err = 2.222252947e-05
MLMG: Initial rhs               = 340912016.5
MLMG: Initial residual (resid0) = 6805065950
MLMG: Final Iter. 3 resid, resid/resid0 = 0.002162171708, 3.177297213e-13
MLMG: Timers: Solve = 0.11868788 Iter = 0.118482372 Bottom = 0.118126345
3 iterations :: err = 5.967373218e-09
voltage_sweep == 1 && num_Vapp == num_Vapp_max!
High-water FAB megabyte spread across MPI nodes: [171 ... 171]
Current     FAB megabyte spread across MPI nodes: [136 ... 136]
Total run time 18824.10512 seconds


TinyProfiler total time across processes [min...avg...max]: 1.882e+04 ... 1.882e+04 ... 1.882e+04

-----------------------------------------------------------------------------------------------
Name                                            NCalls  Excl. Min  Excl. Avg  Excl. Max   Max %
-----------------------------------------------------------------------------------------------
amrex::Dot()                                  85777332       4946       4946       4946  26.28%
MLABecLaplacian::Fapply()                     43382898       3880       3880       3880  20.61%
MLABecLaplacian::normalize()                  43259340       2721       2721       2721  14.46%
FabArray::norminf()                           44000418       2351       2351       2351  12.49%
ComputePhi_Rho()                                 61690      865.6      865.6      865.6   4.60%
FillBoundary_nowait()                         43876373      851.5      851.5      851.5   4.52%
FabArray::Saypy_Saxpy()                       21324153        584        584        584   3.10%
FabArray::Saxpy_Saxpy()                       21564513      580.7      580.7      580.7   3.08%
FabArray::Saxpy_Xpay()                        21193839      542.1      542.1      542.1   2.88%
Calculate_Landau()                               61644      426.8      426.8      426.8   2.27%
Calculate_Grad()                                 61644      226.9      226.9      226.9   1.21%
ComputeEfromPhi()                               123288      225.3      225.3      225.3   1.20%
MLCellLinOp::applyBC()                        43382898      194.3      194.3      194.3   1.03%
MLCGSolver::bicgstab                            370674      95.19      95.19      95.19   0.51%
FabArray::setVal()                             2285449      62.61      62.61      62.61   0.33%
amrex::Copy()                                  2039283      51.32      51.32      51.32   0.27%
MLCGSolver::ParallelAllReduce                107712519      29.13      29.13      29.13   0.15%
main()                                               1      23.42      23.42      23.42   0.12%
MLCellLinOp::apply()                          43382898      23.15      23.15      23.15   0.12%
FabArray::FillBoundary()                      43876373      20.23      20.23      20.23   0.11%
MLMG::solve()                                   123558      6.469      6.469      6.469   0.03%
MLMG::actualBottomSolve()                       370674      1.317      1.317      1.317   0.01%
MLMG::oneIter()                                 370674     0.5024     0.5024     0.5024   0.00%
MLCellLinOp::solutionResidual()                 494232     0.4933     0.4933     0.4933   0.00%
MLMG::ResNormInf()                              494232     0.2803     0.2803     0.2803   0.00%
MLMG::computeResidual()                         370674     0.2431     0.2431     0.2431   0.00%
MLMG::mgVcycle_bottom                           370674     0.2194     0.2194     0.2194   0.00%
MLMG::mgVcycle()                                370674     0.2186     0.2186     0.2186   0.00%
Other                                         90656551      113.7      113.7      113.7   0.60%
-----------------------------------------------------------------------------------------------

-----------------------------------------------------------------------------------------------
Name                                            NCalls  Incl. Min  Incl. Avg  Incl. Max   Max %
-----------------------------------------------------------------------------------------------
main()                                               1  1.882e+04  1.882e+04  1.882e+04 100.00%
ComputePhi_Rho()                                 61690  1.786e+04  1.786e+04  1.786e+04  94.87%
MLMG::solve()                                   123558  1.692e+04  1.692e+04  1.692e+04  89.87%
MLMG::oneIter()                                 370674  1.679e+04  1.679e+04  1.679e+04  89.19%
MLMG::mgVcycle()                                370674  1.678e+04  1.678e+04  1.678e+04  89.14%
MLMG::mgVcycle_bottom                           370674  1.678e+04  1.678e+04  1.678e+04  89.14%
MLMG::actualBottomSolve()                       370674  1.678e+04  1.678e+04  1.678e+04  89.14%
MLCGSolver::bicgstab                            370674  1.677e+04  1.677e+04  1.677e+04  89.09%
MLCellLinOp::apply()                          43382898       4973       4973       4973  26.42%
amrex::Dot()                                  85777332       4946       4946       4946  26.28%
MLABecLaplacian::Fapply()                     43382898       3880       3880       3880  20.61%
MLABecLaplacian::normalize()                  43259340       2721       2721       2721  14.46%
MLCGSolver::ParallelAllReduce                107712519       2493       2493       2493  13.25%
FabArray::norminf()                           44000418       2351       2351       2351  12.49%
MLCellLinOp::applyBC()                        43382898       1070       1070       1070   5.69%
FabArray::FillBoundary()                      43876373      887.5      887.5      887.5   4.71%
FillBoundary_nowait()                         43876373      860.8      860.8      860.8   4.57%
FabArray::Saypy_Saxpy()                       21324153        584        584        584   3.10%
FabArray::Saxpy_Saxpy()                       21564513      580.7      580.7      580.7   3.08%
FabArray::Saxpy_Xpay()                        21193839      542.1      542.1      542.1   2.88%
Calculate_Landau()                               61644      426.8      426.8      426.8   2.27%
Calculate_Grad()                                 61644      226.9      226.9      226.9   1.21%
ComputeEfromPhi()                               123288      225.3      225.3      225.3   1.20%
MLCellLinOp::solutionResidual()                 494232      76.21      76.21      76.21   0.40%
FabArray::setVal()                             2285449      62.61      62.61      62.61   0.33%
MLMG::computeResidual()                         370674      53.94      53.94      53.94   0.29%
amrex::Copy()                                  2039283      51.32      51.32      51.32   0.27%
MLMG::ResNormInf()                              494232      26.11      26.11      26.11   0.14%
Other                                         90656551      168.9      168.9      168.9   0.90%
-----------------------------------------------------------------------------------------------

Device Memory Usage:
-------------------------------------------------------------------------
Name                                           Nalloc    AvgMem    MaxMem
-------------------------------------------------------------------------
The_Arena::Initialize()                             1     0   B    16 GiB
main()                                           1360   118 MiB   122 MiB
WritePlotfile()                                   752  3710   B    33 MiB
ResizeRandomSeed                                    2    16 MiB    16 MiB
MLCGSolver::bicgstab                         29653920  9434 KiB    10 MiB
MLMG::prepareForSolve()                            64  8135 KiB  8136 KiB
MLABecLaplacian::define()                          64  7823 KiB  7824 KiB
ComputePhi_Rho()                             13841344   179 KiB  7552 KiB
MultiFab::OverlapMask()                       2103512  2587   B  1889 KiB
BndryData::define()                               192  1735 KiB  1736 KiB
MLCellLinOp::defineAuxData()                      192   815 KiB   816 KiB
FillBoundary_nowait()                          864915   176 KiB   180 KiB
VisMF::Write(FabArray)                          13536     2   B   174 KiB
MultiFab::max()                                 61692  2062   B    89 KiB
MultiFab::norm1                                123736    26   B    87 KiB
FabArray::norminf()                          44000418    10 KiB    87 KiB
amrex::Dot()                                 85777332    22 KiB    87 KiB
FabArray::setVal()                            1235616    74 KiB    74 KiB
amrex::Copy()                                  618030    29 KiB    29 KiB
MLCellLinOp::applyBC()                       43506463    25 KiB    26 KiB
MLCellLinOp::prepareForSolve()                      1     0   B    15 KiB
FabArray::LinComb()                            123559  2048   B  4096   B
MLABecLaplacian::Fapply()                      741348  3600   B  4096   B
FabArray::setVal(val, thecmd, scomp, ncomp)         8     0   B  3328   B
MultiFab::Divide()                             123736     1   B  2048   B
MLCellLinOp::defineBC()                             1  1791   B  1792   B
-------------------------------------------------------------------------

Managed Memory Usage:
---------------------------------------------------------
Name                             Nalloc  AvgMem    MaxMem
---------------------------------------------------------
The_Managed_Arena::Initialize()       1   0   B  8192 KiB
main()                                1   0   B    31 KiB
---------------------------------------------------------

Pinned Memory Usage:
-------------------------------------------------------------------------
Name                                           Nalloc    AvgMem    MaxMem
-------------------------------------------------------------------------
The_Pinned_Arena::Initialize()                      1     0   B  8192 KiB
VisMF::Write(FabArray)                          14288   164   B  2124 KiB
FillBoundary_nowait()                          864915   176 KiB   180 KiB
FabArray::setVal()                            1235616    74 KiB    74 KiB
amrex::Copy()                                  618030    29 KiB    29 KiB
MLCellLinOp::applyBC()                         123565    25 KiB    25 KiB
MLCellLinOp::prepareForSolve()                      1     0   B    15 KiB
FabArray::LinComb()                            123559  2048   B  4096   B
MLABecLaplacian::Fapply()                      741348  3600   B  4096   B
FabArray::setVal(val, thecmd, scomp, ncomp)         8     0   B  3328   B
MultiFab::max()                                 61692  2048   B  2304   B
MultiFab::Divide()                             123736     1   B  2048   B
MLCellLinOp::setLevelBC()                          47     0   B  1792   B
MultiFab::OverlapMask()                        123736     0   B  1792   B
amrex::Dot()                                 85777332    66   B   256   B
Unprofiled                                         15     0   B   256   B
MultiFab::norm1                                123736     0   B   256   B
FabArray::norminf()                          44000418    31   B   256   B
-------------------------------------------------------------------------

Total GPU global memory (MB) spread across MPI: [22491 ... 22491]
Free  GPU global memory (MB) spread across MPI: [5299 ... 5299]
[The         Arena] max space (MB) allocated spread across MPI: [16868 ... 16868]
[The         Arena] max space (MB) used      spread across MPI: [186 ... 186]
[The Managed Arena] max space (MB) allocated spread across MPI: [8 ... 8]
[The Managed Arena] max space (MB) used      spread across MPI: [0 ... 0]
[The  Pinned Arena] max space (MB) allocated spread across MPI: [8 ... 8]
[The  Pinned Arena] max space (MB) used      spread across MPI: [2 ... 2]
AMReX (26.05-39-gbe2cc437644f) finalized

EXIT_CODE=0
Fri Jul 17 21:24:02 UTC 2026
