2 iterations :: err = 1.135631104e-10
Steady state check : (phi(t) - phi(t-1)).norm0() = 1.125527593e-07
Advanced step 10337 in 0.112273483 seconds
 
MLMG: Initial rhs               = 280152508.9
MLMG: Initial residual (resid0) = 8175879999
MLMG: Final Iter. 3 resid, resid/resid0 = 0.001861068651, 2.276291545e-13
MLMG: Timers: Solve = 0.053509997 Iter = 0.053302725 Bottom = 0.05296661
1 iterations :: err = 1
MLMG: Initial rhs               = 280152526.5
MLMG: Initial residual (resid0) = 8175879999
MLMG: Final Iter. 3 resid, resid/resid0 = 0.001560056221, 1.908120253e-13
MLMG: Timers: Solve = 0.050656568 Iter = 0.050453943 Bottom = 0.050122609
2 iterations :: err = 9.737505498e-11
Steady state check : (phi(t) - phi(t-1)).norm0() = 1.054444406e-07
Advanced step 10338 in 0.119817457 seconds
 
MLMG: Initial rhs               = 280152526.6
MLMG: Initial residual (resid0) = 8175879998
MLMG: Final Iter. 3 resid, resid/resid0 = 0.002139660222, 2.617039662e-13
MLMG: Timers: Solve = 0.049284735 Iter = 0.049074593 Bottom = 0.048739526
1 iterations :: err = 1
MLMG: Initial rhs               = 280152543.1
MLMG: Initial residual (resid0) = 8175879998
MLMG: Final Iter. 3 resid, resid/resid0 = 0.0009805635672, 1.199337035e-13
MLMG: Timers: Solve = 0.050630415 Iter = 0.050438089 Bottom = 0.050104423
2 iterations :: err = 9.740009891e-11
Steady state check : (phi(t) - phi(t-1)).norm0() = 9.878714582e-08
Advanced step 10339 in 0.115518816 seconds
 
step = 10339, Phi_Bc_hi = -4, num_Vapp = 46, sign = -1
MLMG: Initial rhs               = 280152543.1
MLMG: Initial residual (resid0) = 7265612960
MLMG: Final Iter. 3 resid, resid/resid0 = 0.0008017761599, 1.103521705e-13
MLMG: Timers: Solve = 0.053590386 Iter = 0.053365486 Bottom = 0.053025068
1 iterations :: err = 1
MLMG: Initial rhs               = 268755444
MLMG: Initial residual (resid0) = 7265612960
MLMG: Final Iter. 3 resid, resid/resid0 = 0.001982052401, 2.727990621e-13
MLMG: Timers: Solve = 0.05269166 Iter = 0.052495326 Bottom = 0.052159497
2 iterations :: err = 3.459692573e-05
MLMG: Initial rhs               = 268620206.7
MLMG: Initial residual (resid0) = 7265612960
MLMG: Final Iter. 3 resid, resid/resid0 = 0.003227218986, 4.441771125e-13
MLMG: Timers: Solve = 0.051145363 Iter = 0.050949711 Bottom = 0.050618291
3 iterations :: err = 1.777741329e-08
voltage_sweep == 1 && num_Vapp == num_Vapp_max!
High-water FAB megabyte spread across MPI nodes: [171 ... 171]
Current     FAB megabyte spread across MPI nodes: [136 ... 136]
Total run time 2270.068105 seconds


TinyProfiler total time across processes [min...avg...max]: 2270 ... 2270 ... 2270

----------------------------------------------------------------------------------------------
Name                                           NCalls  Excl. Min  Excl. Avg  Excl. Max   Max %
----------------------------------------------------------------------------------------------
amrex::Dot()                                 12784176      575.9      575.9      575.9  25.37%
MLABecLaplacian::Fapply()                     6475650      448.2      448.2      448.2  19.75%
MLABecLaplacian::normalize()                  6454757        327        327        327  14.40%
FabArray::norminf()                           6579890      272.7      272.7      272.7  12.01%
ComputePhi_Rho()                                10385      132.3      132.3      132.3   5.83%
FillBoundary_nowait()                         6558630       99.1       99.1       99.1   4.37%
FabArray::Saxpy_Saxpy()                       3216275      69.94      69.94      69.94   3.08%
FabArray::Saypy_Saxpy()                       3175813      66.04      66.04      66.04   2.91%
FabArray::Saxpy_Xpay()                        3153606      61.69      61.69      61.69   2.72%
Calculate_Landau()                              10339       56.6       56.6       56.6   2.49%
Calculate_Grad()                                10339      30.84      30.84      30.84   1.36%
ComputeEfromPhi()                               20678      27.91      27.91      27.91   1.23%
main()                                              1      27.77      27.77      27.77   1.22%
MLCellLinOp::applyBC()                        6475650       22.6       22.6       22.6   1.00%
MLCGSolver::bicgstab                            62669      12.51      12.51      12.51   0.55%
FabArray::setVal()                             386199      7.423      7.423      7.423   0.33%
amrex::Copy()                                  345308      6.296      6.296      6.296   0.28%
MLCGSolver::ParallelAllReduce                16063120      3.601      3.601      3.601   0.16%
MLCellLinOp::apply()                          6475650      2.759      2.759      2.759   0.12%
CalculateTDGL_RHS()                             10339       2.51       2.51       2.51   0.11%
FabArray::FillBoundary()                      6558630      2.393      2.393      2.393   0.11%
MLMG::solve()                                   20893     0.8537     0.8537     0.8537   0.04%
MLMG::actualBottomSolve()                       62669      0.175      0.175      0.175   0.01%
MLMG::oneIter()                                 62669    0.08093    0.08093    0.08093   0.00%
MLMG::computeResidual()                         62669    0.03473    0.03473    0.03473   0.00%
MLMG::ResNormInf()                              83562    0.03041    0.03041    0.03041   0.00%
MLCellLinOp::solutionResidual()                 83562    0.02887    0.02887    0.02887   0.00%
MLMG::mgVcycle_bottom                           62669    0.01633    0.01633    0.01633   0.00%
MLMG::mgVcycle()                                62669    0.01517    0.01517    0.01517   0.00%
Other                                        13598041      12.74      12.74      12.74   0.56%
----------------------------------------------------------------------------------------------

----------------------------------------------------------------------------------------------
Name                                           NCalls  Incl. Min  Incl. Avg  Incl. Max   Max %
----------------------------------------------------------------------------------------------
main()                                              1       2270       2270       2270 100.00%
ComputePhi_Rho()                                10385       2118       2118       2118  93.31%
MLMG::solve()                                   20893       1977       1977       1977  87.07%
MLMG::oneIter()                                 62669       1961       1961       1961  86.37%
MLMG::mgVcycle()                                62669       1959       1959       1959  86.32%
MLMG::mgVcycle_bottom                           62669       1959       1959       1959  86.32%
MLMG::actualBottomSolve()                       62669       1959       1959       1959  86.32%
MLCGSolver::bicgstab                            62669       1958       1958       1958  86.26%
amrex::Dot()                                 12784176      575.9      575.9      575.9  25.37%
MLCellLinOp::apply()                          6475650      575.6      575.6      575.6  25.36%
MLABecLaplacian::Fapply()                     6475650      448.2      448.2      448.2  19.75%
MLABecLaplacian::normalize()                  6454757        327        327        327  14.40%
MLCGSolver::ParallelAllReduce                16063120      290.6      290.6      290.6  12.80%
FabArray::norminf()                           6579890      272.7      272.7      272.7  12.01%
MLCellLinOp::applyBC()                        6475650      124.6      124.6      124.6   5.49%
FabArray::FillBoundary()                      6558630      103.4      103.4      103.4   4.55%
FillBoundary_nowait()                         6558630      100.1      100.1      100.1   4.41%
FabArray::Saxpy_Saxpy()                       3216275      69.94      69.94      69.94   3.08%
FabArray::Saypy_Saxpy()                       3175813      66.04      66.04      66.04   2.91%
FabArray::Saxpy_Xpay()                        3153606      61.69      61.69      61.69   2.72%
Calculate_Landau()                              10339       56.6       56.6       56.6   2.49%
Calculate_Grad()                                10339      30.84      30.84      30.84   1.36%
ComputeEfromPhi()                               20678      27.91      27.91      27.91   1.23%
MLCellLinOp::solutionResidual()                 83562      9.926      9.926      9.926   0.44%
MLMG::computeResidual()                         62669      7.471      7.471      7.471   0.33%
FabArray::setVal()                             386199      7.423      7.423      7.423   0.33%
amrex::Copy()                                  345308      6.296      6.296      6.296   0.28%
CalculateTDGL_RHS()                             10339      3.227      3.227      3.227   0.14%
MLMG::ResNormInf()                              83562      3.065      3.065      3.065   0.14%
Other                                        13598041      20.03      20.03      20.03   0.88%
----------------------------------------------------------------------------------------------

Device Memory Usage:
-------------------------------------------------------------------------
Name                                           Nalloc    AvgMem    MaxMem
-------------------------------------------------------------------------
The_Arena::Initialize()                             1     7   B    16 GiB
main()                                           1360   118 MiB   122 MiB
WritePlotfile()                                   752    17 KiB    33 MiB
ResizeRandomSeed                                    2    16 MiB    16 MiB
MLCGSolver::bicgstab                          5013520  9135 KiB    10 MiB
MLMG::prepareForSolve()                            64  8135 KiB  8136 KiB
MLABecLaplacian::define()                          64  7823 KiB  7824 KiB
ComputePhi_Rho()                              2341984   225 KiB  7552 KiB
MultiFab::OverlapMask()                        357272  2680   B  1889 KiB
BndryData::define()                               192  1735 KiB  1736 KiB
MLCellLinOp::defineAuxData()                      192   815 KiB   816 KiB
FillBoundary_nowait()                          146240   175 KiB   180 KiB
VisMF::Write(FabArray)                          13536    27   B   174 KiB
MultiFab::max()                                 10387  2062   B    89 KiB
MultiFab::norm1                                 21016    29   B    87 KiB
FabArray::norminf()                           6579890    10 KiB    87 KiB
amrex::Dot()                                 12784176    21 KiB    87 KiB
FabArray::setVal()                             208946    74 KiB    74 KiB
amrex::Copy()                                  104640    29 KiB    29 KiB
MLCellLinOp::applyBC()                        6496550    25 KiB    26 KiB
MLCellLinOp::prepareForSolve()                      1     0   B    15 KiB
FabArray::LinComb()                             20894  2048   B  4096   B
MLABecLaplacian::Fapply()                      125338  3484   B  4096   B
FabArray::setVal(val, thecmd, scomp, ncomp)         8     0   B  3328   B
MultiFab::Divide()                              21016     1   B  2048   B
MLCellLinOp::defineBC()                             1  1791   B  1792   B
-------------------------------------------------------------------------

Managed Memory Usage:
---------------------------------------------------------
Name                             Nalloc  AvgMem    MaxMem
---------------------------------------------------------
The_Managed_Arena::Initialize()       1   0   B  8192 KiB
main()                                1   0   B    31 KiB
---------------------------------------------------------

Pinned Memory Usage:
-------------------------------------------------------------------------
Name                                           Nalloc    AvgMem    MaxMem
-------------------------------------------------------------------------
The_Pinned_Arena::Initialize()                      1     0   B  8192 KiB
VisMF::Write(FabArray)                          14288   663   B  2124 KiB
FillBoundary_nowait()                          146240   175 KiB   180 KiB
FabArray::setVal()                             208946    74 KiB    74 KiB
amrex::Copy()                                  104640    29 KiB    29 KiB
MLCellLinOp::applyBC()                          20900    25 KiB    25 KiB
MLCellLinOp::prepareForSolve()                      1     0   B    15 KiB
FabArray::LinComb()                             20894  2048   B  4096   B
MLABecLaplacian::Fapply()                      125338  3484   B  4096   B
FabArray::setVal(val, thecmd, scomp, ncomp)         8     0   B  3328   B
MultiFab::max()                                 10387  2048   B  2304   B
MultiFab::Divide()                              21016     1   B  2048   B
MLCellLinOp::setLevelBC()                          47     0   B  1792   B
MultiFab::OverlapMask()                         21016     0   B  1792   B
amrex::Dot()                                 12784176    64   B   256   B
Unprofiled                                         15     0   B   256   B
MultiFab::norm1                                 21016     0   B   256   B
FabArray::norminf()                           6579890    30   B   256   B
-------------------------------------------------------------------------

Total GPU global memory (MB) spread across MPI: [22491 ... 22491]
Free  GPU global memory (MB) spread across MPI: [5299 ... 5299]
[The         Arena] max space (MB) allocated spread across MPI: [16868 ... 16868]
[The         Arena] max space (MB) used      spread across MPI: [186 ... 186]
[The Managed Arena] max space (MB) allocated spread across MPI: [8 ... 8]
[The Managed Arena] max space (MB) used      spread across MPI: [0 ... 0]
[The  Pinned Arena] max space (MB) allocated spread across MPI: [8 ... 8]
[The  Pinned Arena] max space (MB) used      spread across MPI: [2 ... 2]
AMReX (26.05-39-gbe2cc437644f) finalized

EXIT_CODE=0
Sat Aug 08 07:45:58 UTC 2026
